=================================================================
  plot_cologne_results.py
  C3 dir : ./results_cologne3_real
  C8 dir : ./results_cologne8_real
  Output : ./figures/
=================================================================

Du lieu: C3=93 rows | C8=93 rows

===============================================================================================
  Cologne3
===============================================================================================
  Algo   Reward        N       Queue±std    Wait/veh±std    TrvlTime    Speed    Thru   vsFixed  vsWebster
  ------------------------------------------------------------------------------------------
  dqn    queue        10       5.24±5.59     37.10±76.09   58.98±3.50    7.888    2766    +63.2%     +84.3%
  dqn    pressure     10       5.31±5.32     35.91±74.17   58.23±0.91    7.941    2769    +62.7%     +84.1%
  dqn    wait-clip    10     20.06±18.75   183.69±161.05   55.94±2.26    5.975    2425    -40.8%     +39.9%
  ddqn   queue        10       5.24±5.38     36.38±73.34   57.05±1.48    8.036    2759    +63.2%     +84.3%
  ddqn   pressure     10     20.08±15.05   201.08±164.51   57.06±2.16    5.695    2464    -40.9%     +39.8%
  ddqn   wait-clip    10       3.20±3.58     18.05±54.75   55.94±0.88    8.586    2795    +77.5%     +90.4%
  ppo    queue        10       4.09±6.58     26.67±82.08   56.09±1.04    8.528    2787    +71.3%     +87.7%
  ppo    pressure     10     34.43±26.57   307.57±237.34   53.78±1.56    5.142    2033   -141.7%      -3.2%
  ppo    wait-clip    10       6.89±8.28    64.71±104.50   55.58±0.97    7.828    2727    +51.6%     +79.4%
  ------------------------------------------------------------------------------------------
  fixed  —             1           14.25            6.41       75.48    6.426    2797
  webster —             1           33.38            6.18      133.45    3.783    2743

===============================================================================================
  Cologne8
===============================================================================================
  Algo   Reward        N       Queue±std    Wait/veh±std    TrvlTime    Speed    Thru   vsFixed  vsWebster
  ------------------------------------------------------------------------------------------
  dqn    queue        10       2.58±1.08       0.28±0.46   89.03±1.52    8.452    2014    +84.9%     +94.4%
  dqn    pressure     10       2.21±0.24       0.12±0.02   88.58±1.51    8.501    2015    +87.1%     +95.2%
  dqn    wait-clip    10       3.05±3.10     26.59±83.76   89.40±1.05    8.300    2014    +82.2%     +93.4%
  ddqn   queue        10       2.57±0.70       0.24±0.22   89.99±2.44    8.380    2014    +85.0%     +94.4%
  ddqn   pressure     10       2.18±0.22       0.12±0.02   89.13±0.70    8.462    2016    +87.3%     +95.2%
  ddqn   wait-clip    10       4.08±4.07    53.66±112.79   89.78±0.90    8.141    2011    +76.2%     +91.1%
  ppo    queue        10       2.00±0.07       0.10±0.01   89.02±0.76    8.462    2014    +88.3%     +95.6%
  ppo    pressure     10       1.97±0.04       0.10±0.01   88.33±0.32    8.500    2013    +88.5%     +95.7%
  ppo    wait-clip    10       2.00±0.05       0.11±0.01   88.71±0.65    8.490    2014    +88.3%     +95.6%
  ------------------------------------------------------------------------------------------
  fixed  —             1           17.13            4.44      115.00    6.566    2001
  webster —             1           45.85            4.32      223.44    3.634    1934

=== Generating figures ===
  Saved: fig1a_queue.png
  Saved: fig1b_wait.png
  Saved: fig2_scalability.png
  Saved: fig3_ablation.png
  Saved: fig4_boxplot.png
  Saved: improvement_vs_baselines.csv  (reproducibility)

Hoan tat. Bieu do luu tai: figures/
  fig1a_queue.png
  fig1b_wait.png
  fig2_scalability.png
  fig3_ablation.png
  fig4_boxplot.png
  fig6_per_junction_c8.png
  fig_training_cologne3.png
  fig_training_cologne8.png
  fig_training_grid.png
