Using libsumo as traci as requested by environment variable.
[cologne8-PPO] 8 agents | reward=queue | seed=1234
  obs=(7,) | act=Discrete(4)
Using cpu device
-----------------------------
| time/              |      |
|    fps             | 1723 |
|    iterations      | 1    |
|    time_elapsed    | 2    |
|    total_timesteps | 4096 |
-----------------------------
  step    5000/500000 (  1.0%)  mean_rew=-0.002
------------------------------------------
| time/                   |              |
|    fps                  | 1334         |
|    iterations           | 2            |
|    time_elapsed         | 6            |
|    total_timesteps      | 8192         |
| train/                  |              |
|    approx_kl            | 0.0054038367 |
|    clip_fraction        | 0.00525      |
|    clip_range           | 0.2          |
|    entropy_loss         | -1.38        |
|    explained_variance   | -0.821       |
|    learning_rate        | 0.0003       |
|    loss                 | -0.00226     |
|    n_updates            | 10           |
|    policy_gradient_loss | -0.00111     |
|    value_loss           | 0.0105       |
------------------------------------------
  step   10000/500000 (  2.0%)  mean_rew=-0.005
-----------------------------------------
| time/                   |             |
|    fps                  | 1290        |
|    iterations           | 3           |
|    time_elapsed         | 9           |
|    total_timesteps      | 12288       |
| train/                  |             |
|    approx_kl            | 0.009645492 |
|    clip_fraction        | 0.065       |
|    clip_range           | 0.2         |
|    entropy_loss         | -1.38       |
|    explained_variance   | 0.586       |
|    learning_rate        | 0.0003      |
|    loss                 | 0.0131      |
|    n_updates            | 20          |
|    policy_gradient_loss | -0.00714    |
|    value_loss           | 0.0178      |
-----------------------------------------
  step   15000/500000 (  3.0%)  mean_rew=-0.002
-----------------------------------------
| time/                   |             |
|    fps                  | 1261        |
|    iterations           | 4           |
|    time_elapsed         | 12          |
|    total_timesteps      | 16384       |
| train/                  |             |
|    approx_kl            | 0.010167364 |
|    clip_fraction        | 0.0594      |
|    clip_range           | 0.2         |
|    entropy_loss         | -1.35       |
|    explained_variance   | 0.757       |
|    learning_rate        | 0.0003      |
|    loss                 | -0.0107     |
|    n_updates            | 30          |
|    policy_gradient_loss | -0.00634    |
|    value_loss           | 0.00585     |
-----------------------------------------
  step   20000/500000 (  4.0%)  mean_rew=-0.003
-----------------------------------------
| time/                   |             |
|    fps                  | 1248        |
|    iterations           | 5           |
|    time_elapsed         | 16          |
|    total_timesteps      | 20480       |
| train/                  |             |
|    approx_kl            | 0.008949628 |
|    clip_fraction        | 0.0679      |
|    clip_range           | 0.2         |
|    entropy_loss         | -1.3        |
|    explained_variance   | 0.833       |
|    learning_rate        | 0.0003      |
|    loss                 | -0.0307     |
|    n_updates            | 40          |
|    policy_gradient_loss | -0.00654    |
|    value_loss           | 0.00429     |
-----------------------------------------
-----------------------------------------
| time/                   |             |
|    fps                  | 1248        |
|    iterations           | 6           |
|    time_elapsed         | 19          |
|    total_timesteps      | 24576       |
| train/                  |             |
|    approx_kl            | 0.009068528 |
|    clip_fraction        | 0.0247      |
|    clip_range           | 0.2         |
|    entropy_loss         | -1.27       |
|    explained_variance   | 0.812       |
|    learning_rate        | 0.0003      |
|    loss                 | 0.0115      |
|    n_updates            | 50          |
|    policy_gradient_loss | -0.00352    |
|    value_loss           | 0.00346     |
-----------------------------------------
  step   25000/500000 (  5.0%)  mean_rew=-0.002
-----------------------------------------
| time/                   |             |
|    fps                  | 1245        |
|    iterations           | 7           |
|    time_elapsed         | 23          |
|    total_timesteps      | 28672       |
| train/                  |             |
|    approx_kl            | 0.011516573 |
|    clip_fraction        | 0.105       |
|    clip_range           | 0.2         |
|    entropy_loss         | -1.22       |
|    explained_variance   | 0.807       |
|    learning_rate        | 0.0003      |
|    loss                 | -0.000912   |
|    n_updates            | 60          |
|    policy_gradient_loss | -0.0103     |
|    value_loss           | 0.00406     |
-----------------------------------------
  step   30000/500000 (  6.0%)  mean_rew=-0.001
-----------------------------------------
| time/                   |             |
|    fps                  | 1241        |
|    iterations           | 8           |
|    time_elapsed         | 26          |
|    total_timesteps      | 32768       |
| train/                  |             |
|    approx_kl            | 0.007933812 |
|    clip_fraction        | 0.0714      |
|    clip_range           | 0.2         |
|    entropy_loss         | -1.16       |
|    explained_variance   | 0.905       |
|    learning_rate        | 0.0003      |
|    loss                 | -0.00798    |
|    n_updates            | 70          |
|    policy_gradient_loss | -0.00628    |
|    value_loss           | 0.00169     |
-----------------------------------------
  step   35000/500000 (  7.0%)  mean_rew=+0.001
-----------------------------------------
| time/                   |             |
|    fps                  | 1241        |
|    iterations           | 9           |
|    time_elapsed         | 29          |
|    total_timesteps      | 36864       |
| train/                  |             |
|    approx_kl            | 0.008193958 |
|    clip_fraction        | 0.0585      |
|    clip_range           | 0.2         |
|    entropy_loss         | -1.09       |
|    explained_variance   | 0.872       |
|    learning_rate        | 0.0003      |
|    loss                 | -0.00725    |
|    n_updates            | 80          |
|    policy_gradient_loss | -0.00356    |
|    value_loss           | 0.00178     |
-----------------------------------------
  step   40000/500000 (  8.0%)  mean_rew=-0.002
-----------------------------------------
| time/                   |             |
|    fps                  | 1243        |
|    iterations           | 10          |
|    time_elapsed         | 32          |
|    total_timesteps      | 40960       |
| train/                  |             |
|    approx_kl            | 0.008039076 |
|    clip_fraction        | 0.0726      |
|    clip_range           | 0.2         |
|    entropy_loss         | -1          |
|    explained_variance   | 0.868       |
|    learning_rate        | 0.0003      |
|    loss                 | -0.000898   |
|    n_updates            | 90          |
|    policy_gradient_loss | -0.00524    |
|    value_loss           | 0.00153     |
-----------------------------------------
  step   45000/500000 (  9.0%)  mean_rew=-0.001
------------------------------------------
| time/                   |              |
|    fps                  | 1243         |
|    iterations           | 11           |
|    time_elapsed         | 36           |
|    total_timesteps      | 45056        |
| train/                  |              |
|    approx_kl            | 0.0096090445 |
|    clip_fraction        | 0.0697       |
|    clip_range           | 0.2          |
|    entropy_loss         | -0.922       |
|    explained_variance   | 0.886        |
|    learning_rate        | 0.0003       |
|    loss                 | 1.97e-05     |
|    n_updates            | 100          |
|    policy_gradient_loss | -0.00427     |
|    value_loss           | 0.000858     |
------------------------------------------
-----------------------------------------
| time/                   |             |
|    fps                  | 1241        |
|    iterations           | 12          |
|    time_elapsed         | 39          |
|    total_timesteps      | 49152       |
| train/                  |             |
|    approx_kl            | 0.006086198 |
|    clip_fraction        | 0.0509      |
|    clip_range           | 0.2         |
|    entropy_loss         | -0.828      |
|    explained_variance   | 0.944       |
|    learning_rate        | 0.0003      |
|    loss                 | -0.0155     |
|    n_updates            | 110         |
|    policy_gradient_loss | -0.00419    |
|    value_loss           | 0.00036     |
-----------------------------------------
  step   50000/500000 ( 10.0%)  mean_rew=-0.000
-----------------------------------------
| time/                   |             |
|    fps                  | 1242        |
|    iterations           | 13          |
|    time_elapsed         | 42          |
|    total_timesteps      | 53248       |
| train/                  |             |
|    approx_kl            | 0.006997291 |
|    clip_fraction        | 0.113       |
|    clip_range           | 0.2         |
|    entropy_loss         | -0.767      |
|    explained_variance   | 0.877       |
|    learning_rate        | 0.0003      |
|    loss                 | -0.00586    |
|    n_updates            | 120         |
|    policy_gradient_loss | -0.00537    |
|    value_loss           | 0.000709    |
-----------------------------------------
  step   55000/500000 ( 11.0%)  mean_rew=-0.003
-----------------------------------------
| time/                   |             |
|    fps                  | 1243        |
|    iterations           | 14          |
|    time_elapsed         | 46          |
|    total_timesteps      | 57344       |
| train/                  |             |
|    approx_kl            | 0.004190562 |
|    clip_fraction        | 0.0384      |
|    clip_range           | 0.2         |
|    entropy_loss         | -0.709      |
|    explained_variance   | 0.89        |
|    learning_rate        | 0.0003      |
|    loss                 | -0.00808    |
|    n_updates            | 130         |
|    policy_gradient_loss | -0.00287    |
|    value_loss           | 0.000491    |
-----------------------------------------
  step   60000/500000 ( 12.0%)  mean_rew=+0.001
----------------------------------------
| time/                   |            |
|    fps                  | 1242       |
|    iterations           | 15         |
|    time_elapsed         | 49         |
|    total_timesteps      | 61440      |
| train/                  |            |
|    approx_kl            | 0.00574426 |
|    clip_fraction        | 0.0752     |
|    clip_range           | 0.2        |
|    entropy_loss         | -0.636     |
|    explained_variance   | 0.954      |
|    learning_rate        | 0.0003     |
|    loss                 | 0.00301    |
|    n_updates            | 140        |
|    policy_gradient_loss | -0.00427   |
|    value_loss           | 0.000181   |
----------------------------------------
  step   65000/500000 ( 13.0%)  mean_rew=-0.004
------------------------------------------
| time/                   |              |
|    fps                  | 1241         |
|    iterations           | 16           |
|    time_elapsed         | 52           |
|    total_timesteps      | 65536        |
| train/                  |              |
|    approx_kl            | 0.0044970764 |
|    clip_fraction        | 0.0484       |
|    clip_range           | 0.2          |
|    entropy_loss         | -0.575       |
|    explained_variance   | 0.883        |
|    learning_rate        | 0.0003       |
|    loss                 | -0.00407     |
|    n_updates            | 150          |
|    policy_gradient_loss | -0.00353     |
|    value_loss           | 0.000425     |
------------------------------------------
-----------------------------------------
| time/                   |             |
|    fps                  | 1244        |
|    iterations           | 17          |
|    time_elapsed         | 55          |
|    total_timesteps      | 69632       |
| train/                  |             |
|    approx_kl            | 0.002996903 |
|    clip_fraction        | 0.0176      |
|    clip_range           | 0.2         |
|    entropy_loss         | -0.54       |
|    explained_variance   | 0.886       |
|    learning_rate        | 0.0003      |
|    loss                 | -0.0102     |
|    n_updates            | 160         |
|    policy_gradient_loss | -0.00122    |
|    value_loss           | 0.000355    |
-----------------------------------------
  step   70000/500000 ( 14.0%)  mean_rew=-0.002
-----------------------------------------
| time/                   |             |
|    fps                  | 1243        |
|    iterations           | 18          |
|    time_elapsed         | 59          |
|    total_timesteps      | 73728       |
| train/                  |             |
|    approx_kl            | 0.002938341 |
|    clip_fraction        | 0.0253      |
|    clip_range           | 0.2         |
|    entropy_loss         | -0.52       |
|    explained_variance   | 0.897       |
|    learning_rate        | 0.0003      |
|    loss                 | 0.00324     |
|    n_updates            | 170         |
|    policy_gradient_loss | -0.0014     |
|    value_loss           | 0.00023     |
-----------------------------------------
  step   75000/500000 ( 15.0%)  mean_rew=-0.005
------------------------------------------
| time/                   |              |
|    fps                  | 1242         |
|    iterations           | 19           |
|    time_elapsed         | 62           |
|    total_timesteps      | 77824        |
| train/                  |              |
|    approx_kl            | 0.0025364296 |
|    clip_fraction        | 0.0289       |
|    clip_range           | 0.2          |
|    entropy_loss         | -0.459       |
|    explained_variance   | 0.956        |
|    learning_rate        | 0.0003       |
|    loss                 | 0.00354      |
|    n_updates            | 180          |
|    policy_gradient_loss | -0.00233     |
|    value_loss           | 9.79e-05     |
------------------------------------------
  step   80000/500000 ( 16.0%)  mean_rew=-0.001
-----------------------------------------
| time/                   |             |
|    fps                  | 1244        |
|    iterations           | 20          |
|    time_elapsed         | 65          |
|    total_timesteps      | 81920       |
| train/                  |             |
|    approx_kl            | 0.002424512 |
|    clip_fraction        | 0.0222      |
|    clip_range           | 0.2         |
|    entropy_loss         | -0.425      |
|    explained_variance   | 0.89        |
|    learning_rate        | 0.0003      |
|    loss                 | -0.00339    |
|    n_updates            | 190         |
|    policy_gradient_loss | -0.00117    |
|    value_loss           | 0.000236    |
-----------------------------------------
  step   85000/500000 ( 17.0%)  mean_rew=-0.000
------------------------------------------
| time/                   |              |
|    fps                  | 1242         |
|    iterations           | 21           |
|    time_elapsed         | 69           |
|    total_timesteps      | 86016        |
| train/                  |              |
|    approx_kl            | 0.0021775698 |
|    clip_fraction        | 0.022        |
|    clip_range           | 0.2          |
|    entropy_loss         | -0.404       |
|    explained_variance   | 0.901        |
|    learning_rate        | 0.0003       |
|    loss                 | -0.00428     |
|    n_updates            | 200          |
|    policy_gradient_loss | -0.00198     |
|    value_loss           | 0.000167     |
------------------------------------------
  step   90000/500000 ( 18.0%)  mean_rew=-0.000
------------------------------------------
| time/                   |              |
|    fps                  | 1241         |
|    iterations           | 22           |
|    time_elapsed         | 72           |
|    total_timesteps      | 90112        |
| train/                  |              |
|    approx_kl            | 0.0024796308 |
|    clip_fraction        | 0.0278       |
|    clip_range           | 0.2          |
|    entropy_loss         | -0.387       |
|    explained_variance   | 0.947        |
|    learning_rate        | 0.0003       |
|    loss                 | -0.00129     |
|    n_updates            | 210          |
|    policy_gradient_loss | -0.0021      |
|    value_loss           | 9.1e-05      |
------------------------------------------
------------------------------------------
| time/                   |              |
|    fps                  | 1241         |
|    iterations           | 23           |
|    time_elapsed         | 75           |
|    total_timesteps      | 94208        |
| train/                  |              |
|    approx_kl            | 0.0029959767 |
|    clip_fraction        | 0.0242       |
|    clip_range           | 0.2          |
|    entropy_loss         | -0.36        |
|    explained_variance   | 0.89         |
|    learning_rate        | 0.0003       |
|    loss                 | 0.00347      |
|    n_updates            | 220          |
|    policy_gradient_loss | -0.00148     |
|    value_loss           | 0.000176     |
------------------------------------------
  step   95000/500000 ( 19.0%)  mean_rew=-0.001
------------------------------------------
| time/                   |              |
|    fps                  | 1243         |
|    iterations           | 24           |
|    time_elapsed         | 79           |
|    total_timesteps      | 98304        |
| train/                  |              |
|    approx_kl            | 0.0031861414 |
|    clip_fraction        | 0.0323       |
|    clip_range           | 0.2          |
|    entropy_loss         | -0.321       |
|    explained_variance   | 0.889        |
|    learning_rate        | 0.0003       |
|    loss                 | -0.000236    |
|    n_updates            | 230          |
|    policy_gradient_loss | -0.00199     |
|    value_loss           | 0.000173     |
------------------------------------------
  step  100000/500000 ( 20.0%)  mean_rew=+0.001
-----------------------------------------
| time/                   |             |
|    fps                  | 1243        |
|    iterations           | 25          |
|    time_elapsed         | 82          |
|    total_timesteps      | 102400      |
| train/                  |             |
|    approx_kl            | 0.000770061 |
|    clip_fraction        | 0.0082      |
|    clip_range           | 0.2         |
|    entropy_loss         | -0.296      |
|    explained_variance   | 0.9         |
|    learning_rate        | 0.0003      |
|    loss                 | -0.000201   |
|    n_updates            | 240         |
|    policy_gradient_loss | -0.000241   |
|    value_loss           | 0.000126    |
-----------------------------------------
  step  105000/500000 ( 21.0%)  mean_rew=+0.000
------------------------------------------
| time/                   |              |
|    fps                  | 1242         |
|    iterations           | 26           |
|    time_elapsed         | 85           |
|    total_timesteps      | 106496       |
| train/                  |              |
|    approx_kl            | 0.0012126155 |
|    clip_fraction        | 0.0149       |
|    clip_range           | 0.2          |
|    entropy_loss         | -0.28        |
|    explained_variance   | 0.944        |
|    learning_rate        | 0.0003       |
|    loss                 | 0.000504     |
|    n_updates            | 250          |
|    policy_gradient_loss | -0.000705    |
|    value_loss           | 7.33e-05     |
------------------------------------------
  step  110000/500000 ( 22.0%)  mean_rew=-0.000
------------------------------------------
| time/                   |              |
|    fps                  | 1244         |
|    iterations           | 27           |
|    time_elapsed         | 88           |
|    total_timesteps      | 110592       |
| train/                  |              |
|    approx_kl            | 0.0021594642 |
|    clip_fraction        | 0.0175       |
|    clip_range           | 0.2          |
|    entropy_loss         | -0.248       |
|    explained_variance   | 0.88         |
|    learning_rate        | 0.0003       |
|    loss                 | 0.00313      |
|    n_updates            | 260          |
|    policy_gradient_loss | -0.00104     |
|    value_loss           | 0.000158     |
------------------------------------------
------------------------------------------
| time/                   |              |
|    fps                  | 1244         |
|    iterations           | 28           |
|    time_elapsed         | 92           |
|    total_timesteps      | 114688       |
| train/                  |              |
|    approx_kl            | 0.0014427259 |
|    clip_fraction        | 0.0122       |
|    clip_range           | 0.2          |
|    entropy_loss         | -0.242       |
|    explained_variance   | 0.893        |
|    learning_rate        | 0.0003       |
|    loss                 | -0.00286     |
|    n_updates            | 270          |
|    policy_gradient_loss | -0.00105     |
|    value_loss           | 0.000124     |
------------------------------------------
  step  115000/500000 ( 23.0%)  mean_rew=+0.001
------------------------------------------
| time/                   |              |
|    fps                  | 1243         |
|    iterations           | 29           |
|    time_elapsed         | 95           |
|    total_timesteps      | 118784       |
| train/                  |              |
|    approx_kl            | 0.0012497404 |
|    clip_fraction        | 0.0139       |
|    clip_range           | 0.2          |
|    entropy_loss         | -0.237       |
|    explained_variance   | 0.926        |
|    learning_rate        | 0.0003       |
|    loss                 | -0.00282     |
|    n_updates            | 280          |
|    policy_gradient_loss | -0.000697    |
|    value_loss           | 8.8e-05      |
------------------------------------------
  step  120000/500000 ( 24.0%)  mean_rew=-0.001
------------------------------------------
| time/                   |              |
|    fps                  | 1243         |
|    iterations           | 30           |
|    time_elapsed         | 98           |
|    total_timesteps      | 122880       |
| train/                  |              |
|    approx_kl            | 0.0009710284 |
|    clip_fraction        | 0.0188       |
|    clip_range           | 0.2          |
|    entropy_loss         | -0.228       |
|    explained_variance   | 0.884        |
|    learning_rate        | 0.0003       |
|    loss                 | -0.000704    |
|    n_updates            | 290          |
|    policy_gradient_loss | -0.00104     |
|    value_loss           | 0.000145     |
------------------------------------------
  step  125000/500000 ( 25.0%)  mean_rew=+0.001
------------------------------------------
| time/                   |              |
|    fps                  | 1244         |
|    iterations           | 31           |
|    time_elapsed         | 102          |
|    total_timesteps      | 126976       |
| train/                  |              |
|    approx_kl            | 0.0007657816 |
|    clip_fraction        | 0.0107       |
|    clip_range           | 0.2          |
|    entropy_loss         | -0.235       |
|    explained_variance   | 0.88         |
|    learning_rate        | 0.0003       |
|    loss                 | 0.00239      |
|    n_updates            | 300          |
|    policy_gradient_loss | -0.000369    |
|    value_loss           | 0.000148     |
------------------------------------------
  step  130000/500000 ( 26.0%)  mean_rew=-0.001
------------------------------------------
| time/                   |              |
|    fps                  | 1243         |
|    iterations           | 32           |
|    time_elapsed         | 105          |
|    total_timesteps      | 131072       |
| train/                  |              |
|    approx_kl            | 0.0014731055 |
|    clip_fraction        | 0.0162       |
|    clip_range           | 0.2          |
|    entropy_loss         | -0.212       |
|    explained_variance   | 0.903        |
|    learning_rate        | 0.0003       |
|    loss                 | 0.000498     |
|    n_updates            | 310          |
|    policy_gradient_loss | -0.00109     |
|    value_loss           | 9.38e-05     |
------------------------------------------
  step  135000/500000 ( 27.0%)  mean_rew=+0.000
------------------------------------------
| time/                   |              |
|    fps                  | 1243         |
|    iterations           | 33           |
|    time_elapsed         | 108          |
|    total_timesteps      | 135168       |
| train/                  |              |
|    approx_kl            | 0.0018110457 |
|    clip_fraction        | 0.015        |
|    clip_range           | 0.2          |
|    entropy_loss         | -0.19        |
|    explained_variance   | 0.935        |
|    learning_rate        | 0.0003       |
|    loss                 | -0.00208     |
|    n_updates            | 320          |
|    policy_gradient_loss | -0.000999    |
|    value_loss           | 6.79e-05     |
------------------------------------------
------------------------------------------
| time/                   |              |
|    fps                  | 1244         |
|    iterations           | 34           |
|    time_elapsed         | 111          |
|    total_timesteps      | 139264       |
| train/                  |              |
|    approx_kl            | 0.0004200199 |
|    clip_fraction        | 0.00537      |
|    clip_range           | 0.2          |
|    entropy_loss         | -0.182       |
|    explained_variance   | 0.884        |
|    learning_rate        | 0.0003       |
|    loss                 | 0.000238     |
|    n_updates            | 330          |
|    policy_gradient_loss | 0.000116     |
|    value_loss           | 0.000124     |
------------------------------------------
  step  140000/500000 ( 28.0%)  mean_rew=-0.003
------------------------------------------
| time/                   |              |
|    fps                  | 1243         |
|    iterations           | 35           |
|    time_elapsed         | 115          |
|    total_timesteps      | 143360       |
| train/                  |              |
|    approx_kl            | 0.0011368501 |
|    clip_fraction        | 0.0116       |
|    clip_range           | 0.2          |
|    entropy_loss         | -0.171       |
|    explained_variance   | 0.902        |
|    learning_rate        | 0.0003       |
|    loss                 | -0.00113     |
|    n_updates            | 340          |
|    policy_gradient_loss | -0.000629    |
|    value_loss           | 8.97e-05     |
------------------------------------------
  step  145000/500000 ( 29.0%)  mean_rew=-0.001
-------------------------------------------
| time/                   |               |
|    fps                  | 1243          |
|    iterations           | 36            |
|    time_elapsed         | 118           |
|    total_timesteps      | 147456        |
| train/                  |               |
|    approx_kl            | 0.00043495843 |
|    clip_fraction        | 0.00564       |
|    clip_range           | 0.2           |
|    entropy_loss         | -0.17         |
|    explained_variance   | 0.935         |
|    learning_rate        | 0.0003        |
|    loss                 | -0.00434      |
|    n_updates            | 350           |
|    policy_gradient_loss | -0.000437     |
|    value_loss           | 6.29e-05      |
-------------------------------------------
  step  150000/500000 ( 30.0%)  mean_rew=-0.001
------------------------------------------
| time/                   |              |
|    fps                  | 1242         |
|    iterations           | 37           |
|    time_elapsed         | 121          |
|    total_timesteps      | 151552       |
| train/                  |              |
|    approx_kl            | 0.0013015543 |
|    clip_fraction        | 0.00959      |
|    clip_range           | 0.2          |
|    entropy_loss         | -0.172       |
|    explained_variance   | 0.891        |
|    learning_rate        | 0.0003       |
|    loss                 | 0.00347      |
|    n_updates            | 360          |
|    policy_gradient_loss | -0.000459    |
|    value_loss           | 0.000109     |
------------------------------------------
  step  155000/500000 ( 31.0%)  mean_rew=+0.000
------------------------------------------
| time/                   |              |
|    fps                  | 1242         |
|    iterations           | 38           |
|    time_elapsed         | 125          |
|    total_timesteps      | 155648       |
| train/                  |              |
|    approx_kl            | 0.0028332272 |
|    clip_fraction        | 0.0201       |
|    clip_range           | 0.2          |
|    entropy_loss         | -0.182       |
|    explained_variance   | 0.883        |
|    learning_rate        | 0.0003       |
|    loss                 | -0.000292    |
|    n_updates            | 370          |
|    policy_gradient_loss | -0.00118     |
|    value_loss           | 0.00012      |
------------------------------------------
------------------------------------------
| time/                   |              |
|    fps                  | 1243         |
|    iterations           | 39           |
|    time_elapsed         | 128          |
|    total_timesteps      | 159744       |
| train/                  |              |
|    approx_kl            | 0.0010871295 |
|    clip_fraction        | 0.00942      |
|    clip_range           | 0.2          |
|    entropy_loss         | -0.178       |
|    explained_variance   | 0.894        |
|    learning_rate        | 0.0003       |
|    loss                 | -0.00274     |
|    n_updates            | 380          |
|    policy_gradient_loss | -0.000572    |
|    value_loss           | 9.44e-05     |
------------------------------------------
  step  160000/500000 ( 32.0%)  mean_rew=-0.000
------------------------------------------
| time/                   |              |
|    fps                  | 1242         |
|    iterations           | 40           |
|    time_elapsed         | 131          |
|    total_timesteps      | 163840       |
| train/                  |              |
|    approx_kl            | 0.0012804319 |
|    clip_fraction        | 0.0117       |
|    clip_range           | 0.2          |
|    entropy_loss         | -0.178       |
|    explained_variance   | 0.933        |
|    learning_rate        | 0.0003       |
|    loss                 | 0.000469     |
|    n_updates            | 390          |
|    policy_gradient_loss | -0.000544    |
|    value_loss           | 6.08e-05     |
------------------------------------------
  step  165000/500000 ( 33.0%)  mean_rew=+0.001
------------------------------------------
| time/                   |              |
|    fps                  | 1243         |
|    iterations           | 41           |
|    time_elapsed         | 135          |
|    total_timesteps      | 167936       |
| train/                  |              |
|    approx_kl            | 0.0010060607 |
|    clip_fraction        | 0.012        |
|    clip_range           | 0.2          |
|    entropy_loss         | -0.167       |
|    explained_variance   | 0.885        |
|    learning_rate        | 0.0003       |
|    loss                 | 0.00517      |
|    n_updates            | 400          |
|    policy_gradient_loss | -0.000773    |
|    value_loss           | 0.000111     |
------------------------------------------
  step  170000/500000 ( 34.0%)  mean_rew=-0.000
------------------------------------------
| time/                   |              |
|    fps                  | 1243         |
|    iterations           | 42           |
|    time_elapsed         | 138          |
|    total_timesteps      | 172032       |
| train/                  |              |
|    approx_kl            | 0.0025941902 |
|    clip_fraction        | 0.0138       |
|    clip_range           | 0.2          |
|    entropy_loss         | -0.174       |
|    explained_variance   | 0.89         |
|    learning_rate        | 0.0003       |
|    loss                 | -0.00534     |
|    n_updates            | 410          |
|    policy_gradient_loss | -0.000839    |
|    value_loss           | 8.01e-05     |
------------------------------------------
  step  175000/500000 ( 35.0%)  mean_rew=-0.001
------------------------------------------
| time/                   |              |
|    fps                  | 1242         |
|    iterations           | 43           |
|    time_elapsed         | 141          |
|    total_timesteps      | 176128       |
| train/                  |              |
|    approx_kl            | 0.0009283201 |
|    clip_fraction        | 0.0107       |
|    clip_range           | 0.2          |
|    entropy_loss         | -0.179       |
|    explained_variance   | 0.924        |
|    learning_rate        | 0.0003       |
|    loss                 | 0.00296      |
|    n_updates            | 420          |
|    policy_gradient_loss | -0.000513    |
|    value_loss           | 6.54e-05     |
------------------------------------------
  step  180000/500000 ( 36.0%)  mean_rew=-0.002
------------------------------------------
| time/                   |              |
|    fps                  | 1242         |
|    iterations           | 44           |
|    time_elapsed         | 145          |
|    total_timesteps      | 180224       |
| train/                  |              |
|    approx_kl            | 0.0007707293 |
|    clip_fraction        | 0.0142       |
|    clip_range           | 0.2          |
|    entropy_loss         | -0.182       |
|    explained_variance   | 0.87         |
|    learning_rate        | 0.0003       |
|    loss                 | -0.000929    |
|    n_updates            | 430          |
|    policy_gradient_loss | -0.000474    |
|    value_loss           | 0.000128     |
------------------------------------------
------------------------------------------
| time/                   |              |
|    fps                  | 1243         |
|    iterations           | 45           |
|    time_elapsed         | 148          |
|    total_timesteps      | 184320       |
| train/                  |              |
|    approx_kl            | 0.0021597291 |
|    clip_fraction        | 0.0251       |
|    clip_range           | 0.2          |
|    entropy_loss         | -0.176       |
|    explained_variance   | 0.877        |
|    learning_rate        | 0.0003       |
|    loss                 | 0.000744     |
|    n_updates            | 440          |
|    policy_gradient_loss | -0.00103     |
|    value_loss           | 0.000121     |
------------------------------------------
  step  185000/500000 ( 37.0%)  mean_rew=-0.002
------------------------------------------
| time/                   |              |
|    fps                  | 1243         |
|    iterations           | 46           |
|    time_elapsed         | 151          |
|    total_timesteps      | 188416       |
| train/                  |              |
|    approx_kl            | 0.0018976564 |
|    clip_fraction        | 0.0148       |
|    clip_range           | 0.2          |
|    entropy_loss         | -0.172       |
|    explained_variance   | 0.89         |
|    learning_rate        | 0.0003       |
|    loss                 | 0.00706      |
|    n_updates            | 450          |
|    policy_gradient_loss | -0.000645    |
|    value_loss           | 9.8e-05      |
------------------------------------------
  step  190000/500000 ( 38.0%)  mean_rew=+0.000
------------------------------------------
| time/                   |              |
|    fps                  | 1242         |
|    iterations           | 47           |
|    time_elapsed         | 154          |
|    total_timesteps      | 192512       |
| train/                  |              |
|    approx_kl            | 0.0009939853 |
|    clip_fraction        | 0.0171       |
|    clip_range           | 0.2          |
|    entropy_loss         | -0.171       |
|    explained_variance   | 0.919        |
|    learning_rate        | 0.0003       |
|    loss                 | -0.00209     |
|    n_updates            | 460          |
|    policy_gradient_loss | -0.000287    |
|    value_loss           | 7.5e-05      |
------------------------------------------
  step  195000/500000 ( 39.0%)  mean_rew=+0.000
------------------------------------------
| time/                   |              |
|    fps                  | 1243         |
|    iterations           | 48           |
|    time_elapsed         | 158          |
|    total_timesteps      | 196608       |
| train/                  |              |
|    approx_kl            | 0.0011191915 |
|    clip_fraction        | 0.0138       |
|    clip_range           | 0.2          |
|    entropy_loss         | -0.167       |
|    explained_variance   | 0.88         |
|    learning_rate        | 0.0003       |
|    loss                 | -0.000908    |
|    n_updates            | 470          |
|    policy_gradient_loss | -0.000489    |
|    value_loss           | 0.000116     |
------------------------------------------
  step  200000/500000 ( 40.0%)  mean_rew=+0.000
------------------------------------------
| time/                   |              |
|    fps                  | 1243         |
|    iterations           | 49           |
|    time_elapsed         | 161          |
|    total_timesteps      | 200704       |
| train/                  |              |
|    approx_kl            | 0.0015097555 |
|    clip_fraction        | 0.0152       |
|    clip_range           | 0.2          |
|    entropy_loss         | -0.16        |
|    explained_variance   | 0.892        |
|    learning_rate        | 0.0003       |
|    loss                 | 0.00046      |
|    n_updates            | 480          |
|    policy_gradient_loss | -0.000581    |
|    value_loss           | 9.14e-05     |
------------------------------------------
------------------------------------------
| time/                   |              |
|    fps                  | 1242         |
|    iterations           | 50           |
|    time_elapsed         | 164          |
|    total_timesteps      | 204800       |
| train/                  |              |
|    approx_kl            | 0.0011926055 |
|    clip_fraction        | 0.0116       |
|    clip_range           | 0.2          |
|    entropy_loss         | -0.159       |
|    explained_variance   | 0.924        |
|    learning_rate        | 0.0003       |
|    loss                 | 0.00126      |
|    n_updates            | 490          |
|    policy_gradient_loss | -0.000459    |
|    value_loss           | 6.49e-05     |
------------------------------------------
  step  205000/500000 ( 41.0%)  mean_rew=-0.000
------------------------------------------
| time/                   |              |
|    fps                  | 1243         |
|    iterations           | 51           |
|    time_elapsed         | 168          |
|    total_timesteps      | 208896       |
| train/                  |              |
|    approx_kl            | 0.0018767293 |
|    clip_fraction        | 0.0191       |
|    clip_range           | 0.2          |
|    entropy_loss         | -0.148       |
|    explained_variance   | 0.871        |
|    learning_rate        | 0.0003       |
|    loss                 | -0.00159     |
|    n_updates            | 500          |
|    policy_gradient_loss | -0.000708    |
|    value_loss           | 0.000124     |
------------------------------------------
  step  210000/500000 ( 42.0%)  mean_rew=-0.001
------------------------------------------
| time/                   |              |
|    fps                  | 1243         |
|    iterations           | 52           |
|    time_elapsed         | 171          |
|    total_timesteps      | 212992       |
| train/                  |              |
|    approx_kl            | 0.0012459675 |
|    clip_fraction        | 0.0101       |
|    clip_range           | 0.2          |
|    entropy_loss         | -0.151       |
|    explained_variance   | 0.888        |
|    learning_rate        | 0.0003       |
|    loss                 | 0.00201      |
|    n_updates            | 510          |
|    policy_gradient_loss | -0.000647    |
|    value_loss           | 0.000102     |
------------------------------------------
  step  215000/500000 ( 43.0%)  mean_rew=+0.002
------------------------------------------
| time/                   |              |
|    fps                  | 1242         |
|    iterations           | 53           |
|    time_elapsed         | 174          |
|    total_timesteps      | 217088       |
| train/                  |              |
|    approx_kl            | 0.0015116092 |
|    clip_fraction        | 0.017        |
|    clip_range           | 0.2          |
|    entropy_loss         | -0.14        |
|    explained_variance   | 0.937        |
|    learning_rate        | 0.0003       |
|    loss                 | 0.00254      |
|    n_updates            | 520          |
|    policy_gradient_loss | -0.000858    |
|    value_loss           | 5.68e-05     |
------------------------------------------
  step  220000/500000 ( 44.0%)  mean_rew=-0.000
------------------------------------------
| time/                   |              |
|    fps                  | 1242         |
|    iterations           | 54           |
|    time_elapsed         | 177          |
|    total_timesteps      | 221184       |
| train/                  |              |
|    approx_kl            | 0.0010640344 |
|    clip_fraction        | 0.00684      |
|    clip_range           | 0.2          |
|    entropy_loss         | -0.142       |
|    explained_variance   | 0.891        |
|    learning_rate        | 0.0003       |
|    loss                 | -0.00606     |
|    n_updates            | 530          |
|    policy_gradient_loss | -5.33e-05    |
|    value_loss           | 0.000108     |
------------------------------------------
  step  225000/500000 ( 45.0%)  mean_rew=-0.000
-------------------------------------------
| time/                   |               |
|    fps                  | 1243          |
|    iterations           | 55            |
|    time_elapsed         | 181           |
|    total_timesteps      | 225280        |
| train/                  |               |
|    approx_kl            | 0.00053795293 |
|    clip_fraction        | 0.00671       |
|    clip_range           | 0.2           |
|    entropy_loss         | -0.153        |
|    explained_variance   | 0.885         |
|    learning_rate        | 0.0003        |
|    loss                 | -0.00301      |
|    n_updates            | 540           |
|    policy_gradient_loss | -0.000446     |
|    value_loss           | 0.000114      |
-------------------------------------------
-----------------------------------------
| time/                   |             |
|    fps                  | 1243        |
|    iterations           | 56          |
|    time_elapsed         | 184         |
|    total_timesteps      | 229376      |
| train/                  |             |
|    approx_kl            | 0.001822103 |
|    clip_fraction        | 0.0249      |
|    clip_range           | 0.2         |
|    entropy_loss         | -0.146      |
|    explained_variance   | 0.908       |
|    learning_rate        | 0.0003      |
|    loss                 | -0.00085    |
|    n_updates            | 550         |
|    policy_gradient_loss | -0.00141    |
|    value_loss           | 6.8e-05     |
-----------------------------------------
  step  230000/500000 ( 46.0%)  mean_rew=-0.001
------------------------------------------
| time/                   |              |
|    fps                  | 1243         |
|    iterations           | 57           |
|    time_elapsed         | 187          |
|    total_timesteps      | 233472       |
| train/                  |              |
|    approx_kl            | 0.0011569592 |
|    clip_fraction        | 0.00681      |
|    clip_range           | 0.2          |
|    entropy_loss         | -0.143       |
|    explained_variance   | 0.92         |
|    learning_rate        | 0.0003       |
|    loss                 | 0.000865     |
|    n_updates            | 560          |
|    policy_gradient_loss | -0.000206    |
|    value_loss           | 7.19e-05     |
------------------------------------------
  step  235000/500000 ( 47.0%)  mean_rew=-0.001
-------------------------------------------
| time/                   |               |
|    fps                  | 1243          |
|    iterations           | 58            |
|    time_elapsed         | 191           |
|    total_timesteps      | 237568        |
| train/                  |               |
|    approx_kl            | 0.00085027714 |
|    clip_fraction        | 0.00869       |
|    clip_range           | 0.2           |
|    entropy_loss         | -0.142        |
|    explained_variance   | 0.881         |
|    learning_rate        | 0.0003        |
|    loss                 | -0.000583     |
|    n_updates            | 570           |
|    policy_gradient_loss | -0.000233     |
|    value_loss           | 0.000117      |
-------------------------------------------
  step  240000/500000 ( 48.0%)  mean_rew=-0.002
------------------------------------------
| time/                   |              |
|    fps                  | 1243         |
|    iterations           | 59           |
|    time_elapsed         | 194          |
|    total_timesteps      | 241664       |
| train/                  |              |
|    approx_kl            | 0.0005825155 |
|    clip_fraction        | 0.0095       |
|    clip_range           | 0.2          |
|    entropy_loss         | -0.145       |
|    explained_variance   | 0.895        |
|    learning_rate        | 0.0003       |
|    loss                 | -0.000951    |
|    n_updates            | 580          |
|    policy_gradient_loss | -0.000151    |
|    value_loss           | 9.63e-05     |
------------------------------------------
  step  245000/500000 ( 49.0%)  mean_rew=-0.000
------------------------------------------
| time/                   |              |
|    fps                  | 1243         |
|    iterations           | 60           |
|    time_elapsed         | 197          |
|    total_timesteps      | 245760       |
| train/                  |              |
|    approx_kl            | 0.0011695798 |
|    clip_fraction        | 0.00999      |
|    clip_range           | 0.2          |
|    entropy_loss         | -0.133       |
|    explained_variance   | 0.937        |
|    learning_rate        | 0.0003       |
|    loss                 | 0.00123      |
|    n_updates            | 590          |
|    policy_gradient_loss | -0.000338    |
|    value_loss           | 5.8e-05      |
------------------------------------------
-------------------------------------------
| time/                   |               |
|    fps                  | 1242          |
|    iterations           | 61            |
|    time_elapsed         | 201           |
|    total_timesteps      | 249856        |
| train/                  |               |
|    approx_kl            | 0.00094539777 |
|    clip_fraction        | 0.00823       |
|    clip_range           | 0.2           |
|    entropy_loss         | -0.132        |
|    explained_variance   | 0.885         |
|    learning_rate        | 0.0003        |
|    loss                 | 0.000799      |
|    n_updates            | 600           |
|    policy_gradient_loss | -0.000257     |
|    value_loss           | 0.000108      |
-------------------------------------------
  step  250000/500000 ( 50.0%)  mean_rew=+0.001
-----------------------------------------
| time/                   |             |
|    fps                  | 1243        |
|    iterations           | 62          |
|    time_elapsed         | 204         |
|    total_timesteps      | 253952      |
| train/                  |             |
|    approx_kl            | 0.001720834 |
|    clip_fraction        | 0.0163      |
|    clip_range           | 0.2         |
|    entropy_loss         | -0.123      |
|    explained_variance   | 0.887       |
|    learning_rate        | 0.0003      |
|    loss                 | 0.000621    |
|    n_updates            | 610         |
|    policy_gradient_loss | -0.000727   |
|    value_loss           | 0.0001      |
-----------------------------------------
  step  255000/500000 ( 51.0%)  mean_rew=-0.001
------------------------------------------
| time/                   |              |
|    fps                  | 1242         |
|    iterations           | 63           |
|    time_elapsed         | 207          |
|    total_timesteps      | 258048       |
| train/                  |              |
|    approx_kl            | 0.0019076585 |
|    clip_fraction        | 0.0152       |
|    clip_range           | 0.2          |
|    entropy_loss         | -0.131       |
|    explained_variance   | 0.896        |
|    learning_rate        | 0.0003       |
|    loss                 | -0.00449     |
|    n_updates            | 620          |
|    policy_gradient_loss | -0.000577    |
|    value_loss           | 7.9e-05      |
------------------------------------------
  step  260000/500000 ( 52.0%)  mean_rew=-0.001
------------------------------------------
| time/                   |              |
|    fps                  | 1242         |
|    iterations           | 64           |
|    time_elapsed         | 210          |
|    total_timesteps      | 262144       |
| train/                  |              |
|    approx_kl            | 0.0014598788 |
|    clip_fraction        | 0.017        |
|    clip_range           | 0.2          |
|    entropy_loss         | -0.127       |
|    explained_variance   | 0.92         |
|    learning_rate        | 0.0003       |
|    loss                 | -0.00253     |
|    n_updates            | 630          |
|    policy_gradient_loss | -0.00076     |
|    value_loss           | 6.69e-05     |
------------------------------------------
  step  265000/500000 ( 53.0%)  mean_rew=-0.000
------------------------------------------
| time/                   |              |
|    fps                  | 1243         |
|    iterations           | 65           |
|    time_elapsed         | 214          |
|    total_timesteps      | 266240       |
| train/                  |              |
|    approx_kl            | 0.0012082688 |
|    clip_fraction        | 0.0157       |
|    clip_range           | 0.2          |
|    entropy_loss         | -0.133       |
|    explained_variance   | 0.889        |
|    learning_rate        | 0.0003       |
|    loss                 | 0.000628     |
|    n_updates            | 640          |
|    policy_gradient_loss | -0.000776    |
|    value_loss           | 9.92e-05     |
------------------------------------------
  step  270000/500000 ( 54.0%)  mean_rew=-0.001
------------------------------------------
| time/                   |              |
|    fps                  | 1243         |
|    iterations           | 66           |
|    time_elapsed         | 217          |
|    total_timesteps      | 270336       |
| train/                  |              |
|    approx_kl            | 0.0031052674 |
|    clip_fraction        | 0.0104       |
|    clip_range           | 0.2          |
|    entropy_loss         | -0.141       |
|    explained_variance   | 0.909        |
|    learning_rate        | 0.0003       |
|    loss                 | 0.000355     |
|    n_updates            | 650          |
|    policy_gradient_loss | -0.000539    |
|    value_loss           | 7.63e-05     |
------------------------------------------
------------------------------------------
| time/                   |              |
|    fps                  | 1242         |
|    iterations           | 67           |
|    time_elapsed         | 220          |
|    total_timesteps      | 274432       |
| train/                  |              |
|    approx_kl            | 0.0013520243 |
|    clip_fraction        | 0.0134       |
|    clip_range           | 0.2          |
|    entropy_loss         | -0.148       |
|    explained_variance   | 0.925        |
|    learning_rate        | 0.0003       |
|    loss                 | -0.000876    |
|    n_updates            | 660          |
|    policy_gradient_loss | -0.00051     |
|    value_loss           | 6.42e-05     |
------------------------------------------
  step  275000/500000 ( 55.0%)  mean_rew=+0.000
------------------------------------------
| time/                   |              |
|    fps                  | 1242         |
|    iterations           | 68           |
|    time_elapsed         | 224          |
|    total_timesteps      | 278528       |
| train/                  |              |
|    approx_kl            | 0.0012440193 |
|    clip_fraction        | 0.0124       |
|    clip_range           | 0.2          |
|    entropy_loss         | -0.141       |
|    explained_variance   | 0.884        |
|    learning_rate        | 0.0003       |
|    loss                 | -0.000216    |
|    n_updates            | 670          |
|    policy_gradient_loss | -0.000536    |
|    value_loss           | 0.000107     |
------------------------------------------
  step  280000/500000 ( 56.0%)  mean_rew=+0.000
------------------------------------------
| time/                   |              |
|    fps                  | 1242         |
|    iterations           | 69           |
|    time_elapsed         | 227          |
|    total_timesteps      | 282624       |
| train/                  |              |
|    approx_kl            | 0.0009135751 |
|    clip_fraction        | 0.0129       |
|    clip_range           | 0.2          |
|    entropy_loss         | -0.138       |
|    explained_variance   | 0.893        |
|    learning_rate        | 0.0003       |
|    loss                 | -0.000669    |
|    n_updates            | 680          |
|    policy_gradient_loss | -0.000386    |
|    value_loss           | 0.0001       |
------------------------------------------
  step  285000/500000 ( 57.0%)  mean_rew=-0.002
-------------------------------------------
| time/                   |               |
|    fps                  | 1242          |
|    iterations           | 70            |
|    time_elapsed         | 230           |
|    total_timesteps      | 286720        |
| train/                  |               |
|    approx_kl            | 0.00023179525 |
|    clip_fraction        | 0.00549       |
|    clip_range           | 0.2           |
|    entropy_loss         | -0.138        |
|    explained_variance   | 0.908         |
|    learning_rate        | 0.0003        |
|    loss                 | -0.000156     |
|    n_updates            | 690           |
|    policy_gradient_loss | -0.000231     |
|    value_loss           | 7.36e-05      |
-------------------------------------------
  step  290000/500000 ( 58.0%)  mean_rew=+0.001
-------------------------------------------
| time/                   |               |
|    fps                  | 1242          |
|    iterations           | 71            |
|    time_elapsed         | 234           |
|    total_timesteps      | 290816        |
| train/                  |               |
|    approx_kl            | 0.00025487517 |
|    clip_fraction        | 0.00317       |
|    clip_range           | 0.2           |
|    entropy_loss         | -0.138        |
|    explained_variance   | 0.916         |
|    learning_rate        | 0.0003        |
|    loss                 | -0.000793     |
|    n_updates            | 700           |
|    policy_gradient_loss | -8.43e-05     |
|    value_loss           | 7.69e-05      |
-------------------------------------------
------------------------------------------
| time/                   |              |
|    fps                  | 1242         |
|    iterations           | 72           |
|    time_elapsed         | 237          |
|    total_timesteps      | 294912       |
| train/                  |              |
|    approx_kl            | 0.0012750148 |
|    clip_fraction        | 0.011        |
|    clip_range           | 0.2          |
|    entropy_loss         | -0.14        |
|    explained_variance   | 0.875        |
|    learning_rate        | 0.0003       |
|    loss                 | 0.00129      |
|    n_updates            | 710          |
|    policy_gradient_loss | -0.000382    |
|    value_loss           | 0.000115     |
------------------------------------------
  step  295000/500000 ( 59.0%)  mean_rew=-0.002
------------------------------------------
| time/                   |              |
|    fps                  | 1242         |
|    iterations           | 73           |
|    time_elapsed         | 240          |
|    total_timesteps      | 299008       |
| train/                  |              |
|    approx_kl            | 0.0012009662 |
|    clip_fraction        | 0.0205       |
|    clip_range           | 0.2          |
|    entropy_loss         | -0.153       |
|    explained_variance   | 0.899        |
|    learning_rate        | 0.0003       |
|    loss                 | -0.000218    |
|    n_updates            | 720          |
|    policy_gradient_loss | -0.000611    |
|    value_loss           | 8.17e-05     |
------------------------------------------
  step  300000/500000 ( 60.0%)  mean_rew=-0.001
------------------------------------------
| time/                   |              |
|    fps                  | 1242         |
|    iterations           | 74           |
|    time_elapsed         | 243          |
|    total_timesteps      | 303104       |
| train/                  |              |
|    approx_kl            | 0.0010745493 |
|    clip_fraction        | 0.0105       |
|    clip_range           | 0.2          |
|    entropy_loss         | -0.158       |
|    explained_variance   | 0.918        |
|    learning_rate        | 0.0003       |
|    loss                 | 0.000431     |
|    n_updates            | 730          |
|    policy_gradient_loss | -0.000641    |
|    value_loss           | 7.24e-05     |
------------------------------------------
  step  305000/500000 ( 61.0%)  mean_rew=-0.000
------------------------------------------
| time/                   |              |
|    fps                  | 1242         |
|    iterations           | 75           |
|    time_elapsed         | 247          |
|    total_timesteps      | 307200       |
| train/                  |              |
|    approx_kl            | 0.0018349356 |
|    clip_fraction        | 0.022        |
|    clip_range           | 0.2          |
|    entropy_loss         | -0.163       |
|    explained_variance   | 0.89         |
|    learning_rate        | 0.0003       |
|    loss                 | 0.00179      |
|    n_updates            | 740          |
|    policy_gradient_loss | -0.00113     |
|    value_loss           | 0.000101     |
------------------------------------------
  step  310000/500000 ( 62.0%)  mean_rew=-0.000
------------------------------------------
| time/                   |              |
|    fps                  | 1242         |
|    iterations           | 76           |
|    time_elapsed         | 250          |
|    total_timesteps      | 311296       |
| train/                  |              |
|    approx_kl            | 0.0018538646 |
|    clip_fraction        | 0.0241       |
|    clip_range           | 0.2          |
|    entropy_loss         | -0.174       |
|    explained_variance   | 0.884        |
|    learning_rate        | 0.0003       |
|    loss                 | -0.000793    |
|    n_updates            | 750          |
|    policy_gradient_loss | -0.000385    |
|    value_loss           | 0.000113     |
------------------------------------------
  step  315000/500000 ( 63.0%)  mean_rew=-0.000
------------------------------------------
| time/                   |              |
|    fps                  | 1242         |
|    iterations           | 77           |
|    time_elapsed         | 253          |
|    total_timesteps      | 315392       |
| train/                  |              |
|    approx_kl            | 0.0012465897 |
|    clip_fraction        | 0.0102       |
|    clip_range           | 0.2          |
|    entropy_loss         | -0.161       |
|    explained_variance   | 0.901        |
|    learning_rate        | 0.0003       |
|    loss                 | -0.000967    |
|    n_updates            | 760          |
|    policy_gradient_loss | -0.000286    |
|    value_loss           | 7.83e-05     |
------------------------------------------
------------------------------------------
| time/                   |              |
|    fps                  | 1242         |
|    iterations           | 78           |
|    time_elapsed         | 257          |
|    total_timesteps      | 319488       |
| train/                  |              |
|    approx_kl            | 0.0012190369 |
|    clip_fraction        | 0.00615      |
|    clip_range           | 0.2          |
|    entropy_loss         | -0.158       |
|    explained_variance   | 0.912        |
|    learning_rate        | 0.0003       |
|    loss                 | 7.39e-05     |
|    n_updates            | 770          |
|    policy_gradient_loss | -0.000228    |
|    value_loss           | 7.93e-05     |
------------------------------------------
  step  320000/500000 ( 64.0%)  mean_rew=-0.001
------------------------------------------
| time/                   |              |
|    fps                  | 1242         |
|    iterations           | 79           |
|    time_elapsed         | 260          |
|    total_timesteps      | 323584       |
| train/                  |              |
|    approx_kl            | 0.0010453657 |
|    clip_fraction        | 0.0149       |
|    clip_range           | 0.2          |
|    entropy_loss         | -0.158       |
|    explained_variance   | 0.883        |
|    learning_rate        | 0.0003       |
|    loss                 | -0.000514    |
|    n_updates            | 780          |
|    policy_gradient_loss | -0.000442    |
|    value_loss           | 0.000112     |
------------------------------------------
  step  325000/500000 ( 65.0%)  mean_rew=+0.001
------------------------------------------
| time/                   |              |
|    fps                  | 1242         |
|    iterations           | 80           |
|    time_elapsed         | 263          |
|    total_timesteps      | 327680       |
| train/                  |              |
|    approx_kl            | 0.0021232194 |
|    clip_fraction        | 0.0116       |
|    clip_range           | 0.2          |
|    entropy_loss         | -0.155       |
|    explained_variance   | 0.901        |
|    learning_rate        | 0.0003       |
|    loss                 | 0.0027       |
|    n_updates            | 790          |
|    policy_gradient_loss | -0.000177    |
|    value_loss           | 8.24e-05     |
------------------------------------------
  step  330000/500000 ( 66.0%)  mean_rew=-0.002
------------------------------------------
| time/                   |              |
|    fps                  | 1242         |
|    iterations           | 81           |
|    time_elapsed         | 267          |
|    total_timesteps      | 331776       |
| train/                  |              |
|    approx_kl            | 0.0013474771 |
|    clip_fraction        | 0.00742      |
|    clip_range           | 0.2          |
|    entropy_loss         | -0.157       |
|    explained_variance   | 0.921        |
|    learning_rate        | 0.0003       |
|    loss                 | 0.001        |
|    n_updates            | 800          |
|    policy_gradient_loss | -0.000153    |
|    value_loss           | 7.07e-05     |
------------------------------------------
  step  335000/500000 ( 67.0%)  mean_rew=-0.000
------------------------------------------
| time/                   |              |
|    fps                  | 1242         |
|    iterations           | 82           |
|    time_elapsed         | 270          |
|    total_timesteps      | 335872       |
| train/                  |              |
|    approx_kl            | 0.0025898188 |
|    clip_fraction        | 0.0198       |
|    clip_range           | 0.2          |
|    entropy_loss         | -0.159       |
|    explained_variance   | 0.896        |
|    learning_rate        | 0.0003       |
|    loss                 | -0.000951    |
|    n_updates            | 810          |
|    policy_gradient_loss | -0.000269    |
|    value_loss           | 9.82e-05     |
------------------------------------------
------------------------------------------
| time/                   |              |
|    fps                  | 1243         |
|    iterations           | 83           |
|    time_elapsed         | 273          |
|    total_timesteps      | 339968       |
| train/                  |              |
|    approx_kl            | 0.0021366873 |
|    clip_fraction        | 0.0357       |
|    clip_range           | 0.2          |
|    entropy_loss         | -0.157       |
|    explained_variance   | 0.893        |
|    learning_rate        | 0.0003       |
|    loss                 | -0.00332     |
|    n_updates            | 820          |
|    policy_gradient_loss | -0.000942    |
|    value_loss           | 0.000102     |
------------------------------------------
  step  340000/500000 ( 68.0%)  mean_rew=+0.000
------------------------------------------
| time/                   |              |
|    fps                  | 1243         |
|    iterations           | 84           |
|    time_elapsed         | 276          |
|    total_timesteps      | 344064       |
| train/                  |              |
|    approx_kl            | 0.0020015002 |
|    clip_fraction        | 0.0172       |
|    clip_range           | 0.2          |
|    entropy_loss         | -0.151       |
|    explained_variance   | 0.904        |
|    learning_rate        | 0.0003       |
|    loss                 | 0.000761     |
|    n_updates            | 830          |
|    policy_gradient_loss | -0.000677    |
|    value_loss           | 7.76e-05     |
------------------------------------------
  step  345000/500000 ( 69.0%)  mean_rew=-0.001
------------------------------------------
| time/                   |              |
|    fps                  | 1244         |
|    iterations           | 85           |
|    time_elapsed         | 279          |
|    total_timesteps      | 348160       |
| train/                  |              |
|    approx_kl            | 0.0020136544 |
|    clip_fraction        | 0.0115       |
|    clip_range           | 0.2          |
|    entropy_loss         | -0.139       |
|    explained_variance   | 0.921        |
|    learning_rate        | 0.0003       |
|    loss                 | 0.00203      |
|    n_updates            | 840          |
|    policy_gradient_loss | -0.000375    |
|    value_loss           | 6.92e-05     |
------------------------------------------
  step  350000/500000 ( 70.0%)  mean_rew=+0.000
------------------------------------------
| time/                   |              |
|    fps                  | 1245         |
|    iterations           | 86           |
|    time_elapsed         | 282          |
|    total_timesteps      | 352256       |
| train/                  |              |
|    approx_kl            | 0.0004605298 |
|    clip_fraction        | 0.00737      |
|    clip_range           | 0.2          |
|    entropy_loss         | -0.134       |
|    explained_variance   | 0.896        |
|    learning_rate        | 0.0003       |
|    loss                 | 0.00164      |
|    n_updates            | 850          |
|    policy_gradient_loss | -0.000224    |
|    value_loss           | 9.42e-05     |
------------------------------------------
  step  355000/500000 ( 71.0%)  mean_rew=-0.000
------------------------------------------
| time/                   |              |
|    fps                  | 1245         |
|    iterations           | 87           |
|    time_elapsed         | 286          |
|    total_timesteps      | 356352       |
| train/                  |              |
|    approx_kl            | 0.0013622825 |
|    clip_fraction        | 0.0158       |
|    clip_range           | 0.2          |
|    entropy_loss         | -0.129       |
|    explained_variance   | 0.909        |
|    learning_rate        | 0.0003       |
|    loss                 | 0.000384     |
|    n_updates            | 860          |
|    policy_gradient_loss | -0.000696    |
|    value_loss           | 6.82e-05     |
------------------------------------------
  step  360000/500000 ( 72.0%)  mean_rew=-0.001
------------------------------------------
| time/                   |              |
|    fps                  | 1245         |
|    iterations           | 88           |
|    time_elapsed         | 289          |
|    total_timesteps      | 360448       |
| train/                  |              |
|    approx_kl            | 0.0014136226 |
|    clip_fraction        | 0.00984      |
|    clip_range           | 0.2          |
|    entropy_loss         | -0.116       |
|    explained_variance   | 0.922        |
|    learning_rate        | 0.0003       |
|    loss                 | -0.00117     |
|    n_updates            | 870          |
|    policy_gradient_loss | -0.000321    |
|    value_loss           | 6.74e-05     |
------------------------------------------
------------------------------------------
| time/                   |              |
|    fps                  | 1245         |
|    iterations           | 89           |
|    time_elapsed         | 292          |
|    total_timesteps      | 364544       |
| train/                  |              |
|    approx_kl            | 0.0006896707 |
|    clip_fraction        | 0.00601      |
|    clip_range           | 0.2          |
|    entropy_loss         | -0.117       |
|    explained_variance   | 0.889        |
|    learning_rate        | 0.0003       |
|    loss                 | -0.00359     |
|    n_updates            | 880          |
|    policy_gradient_loss | -0.000211    |
|    value_loss           | 0.000102     |
------------------------------------------
  step  365000/500000 ( 73.0%)  mean_rew=-0.001
-------------------------------------------
| time/                   |               |
|    fps                  | 1246          |
|    iterations           | 90            |
|    time_elapsed         | 295           |
|    total_timesteps      | 368640        |
| train/                  |               |
|    approx_kl            | 0.00079268776 |
|    clip_fraction        | 0.0082        |
|    clip_range           | 0.2           |
|    entropy_loss         | -0.108        |
|    explained_variance   | 0.902         |
|    learning_rate        | 0.0003        |
|    loss                 | 0.000589      |
|    n_updates            | 890           |
|    policy_gradient_loss | -0.000298     |
|    value_loss           | 8.68e-05      |
-------------------------------------------
  step  370000/500000 ( 74.0%)  mean_rew=+0.002
------------------------------------------
| time/                   |              |
|    fps                  | 1246         |
|    iterations           | 91           |
|    time_elapsed         | 298          |
|    total_timesteps      | 372736       |
| train/                  |              |
|    approx_kl            | 0.0007200927 |
|    clip_fraction        | 0.00784      |
|    clip_range           | 0.2          |
|    entropy_loss         | -0.105       |
|    explained_variance   | 0.894        |
|    learning_rate        | 0.0003       |
|    loss                 | 0.00708      |
|    n_updates            | 900          |
|    policy_gradient_loss | 2.77e-05     |
|    value_loss           | 8.38e-05     |
------------------------------------------
  step  375000/500000 ( 75.0%)  mean_rew=-0.000
-----------------------------------------
| time/                   |             |
|    fps                  | 1247        |
|    iterations           | 92          |
|    time_elapsed         | 302         |
|    total_timesteps      | 376832      |
| train/                  |             |
|    approx_kl            | 0.007022826 |
|    clip_fraction        | 0.00356     |
|    clip_range           | 0.2         |
|    entropy_loss         | -0.119      |
|    explained_variance   | 0.926       |
|    learning_rate        | 0.0003      |
|    loss                 | 0.00449     |
|    n_updates            | 910         |
|    policy_gradient_loss | -0.000329   |
|    value_loss           | 6.44e-05    |
-----------------------------------------
  step  380000/500000 ( 76.0%)  mean_rew=+0.000
------------------------------------------
| time/                   |              |
|    fps                  | 1248         |
|    iterations           | 93           |
|    time_elapsed         | 305          |
|    total_timesteps      | 380928       |
| train/                  |              |
|    approx_kl            | 0.0011559629 |
|    clip_fraction        | 0.00911      |
|    clip_range           | 0.2          |
|    entropy_loss         | -0.135       |
|    explained_variance   | 0.879        |
|    learning_rate        | 0.0003       |
|    loss                 | 0.0073       |
|    n_updates            | 920          |
|    policy_gradient_loss | -8.93e-06    |
|    value_loss           | 0.00011      |
------------------------------------------
  step  385000/500000 ( 77.0%)  mean_rew=-0.000
------------------------------------------
| time/                   |              |
|    fps                  | 1248         |
|    iterations           | 94           |
|    time_elapsed         | 308          |
|    total_timesteps      | 385024       |
| train/                  |              |
|    approx_kl            | 0.0017307926 |
|    clip_fraction        | 0.0131       |
|    clip_range           | 0.2          |
|    entropy_loss         | -0.136       |
|    explained_variance   | 0.898        |
|    learning_rate        | 0.0003       |
|    loss                 | -0.000993    |
|    n_updates            | 930          |
|    policy_gradient_loss | -0.000253    |
|    value_loss           | 8.15e-05     |
------------------------------------------
------------------------------------------
| time/                   |              |
|    fps                  | 1249         |
|    iterations           | 95           |
|    time_elapsed         | 311          |
|    total_timesteps      | 389120       |
| train/                  |              |
|    approx_kl            | 0.0005716401 |
|    clip_fraction        | 0.0173       |
|    clip_range           | 0.2          |
|    entropy_loss         | -0.117       |
|    explained_variance   | 0.915        |
|    learning_rate        | 0.0003       |
|    loss                 | 0.000526     |
|    n_updates            | 940          |
|    policy_gradient_loss | -0.000293    |
|    value_loss           | 7.39e-05     |
------------------------------------------
  step  390000/500000 ( 78.0%)  mean_rew=-0.000
-----------------------------------------
| time/                   |             |
|    fps                  | 1250        |
|    iterations           | 96          |
|    time_elapsed         | 314         |
|    total_timesteps      | 393216      |
| train/                  |             |
|    approx_kl            | 0.001135868 |
|    clip_fraction        | 0.0132      |
|    clip_range           | 0.2         |
|    entropy_loss         | -0.12       |
|    explained_variance   | 0.882       |
|    learning_rate        | 0.0003      |
|    loss                 | 0.000934    |
|    n_updates            | 950         |
|    policy_gradient_loss | -0.000368   |
|    value_loss           | 0.000117    |
-----------------------------------------
  step  395000/500000 ( 79.0%)  mean_rew=-0.000
------------------------------------------
| time/                   |              |
|    fps                  | 1250         |
|    iterations           | 97           |
|    time_elapsed         | 317          |
|    total_timesteps      | 397312       |
| train/                  |              |
|    approx_kl            | 0.0011641395 |
|    clip_fraction        | 0.0094       |
|    clip_range           | 0.2          |
|    entropy_loss         | -0.115       |
|    explained_variance   | 0.89         |
|    learning_rate        | 0.0003       |
|    loss                 | 0.000335     |
|    n_updates            | 960          |
|    policy_gradient_loss | -0.00023     |
|    value_loss           | 0.000105     |
------------------------------------------
  step  400000/500000 ( 80.0%)  mean_rew=+0.000
-------------------------------------------
| time/                   |               |
|    fps                  | 1251          |
|    iterations           | 98            |
|    time_elapsed         | 320           |
|    total_timesteps      | 401408        |
| train/                  |               |
|    approx_kl            | 0.00095474045 |
|    clip_fraction        | 0.0122        |
|    clip_range           | 0.2           |
|    entropy_loss         | -0.0997       |
|    explained_variance   | 0.941         |
|    learning_rate        | 0.0003        |
|    loss                 | -0.0018       |
|    n_updates            | 970           |
|    policy_gradient_loss | -0.000276     |
|    value_loss           | 5.31e-05      |
-------------------------------------------
  step  405000/500000 ( 81.0%)  mean_rew=-0.001
-------------------------------------------
| time/                   |               |
|    fps                  | 1251          |
|    iterations           | 99            |
|    time_elapsed         | 323           |
|    total_timesteps      | 405504        |
| train/                  |               |
|    approx_kl            | 0.00044251996 |
|    clip_fraction        | 0.00569       |
|    clip_range           | 0.2           |
|    entropy_loss         | -0.1          |
|    explained_variance   | 0.892         |
|    learning_rate        | 0.0003        |
|    loss                 | -6.29e-05     |
|    n_updates            | 980           |
|    policy_gradient_loss | -8.65e-05     |
|    value_loss           | 0.000112      |
-------------------------------------------
------------------------------------------
| time/                   |              |
|    fps                  | 1253         |
|    iterations           | 100          |
|    time_elapsed         | 326          |
|    total_timesteps      | 409600       |
| train/                  |              |
|    approx_kl            | 0.0004886057 |
|    clip_fraction        | 0.0083       |
|    clip_range           | 0.2          |
|    entropy_loss         | -0.109       |
|    explained_variance   | 0.885        |
|    learning_rate        | 0.0003       |
|    loss                 | -0.000367    |
|    n_updates            | 990          |
|    policy_gradient_loss | -2.74e-06    |
|    value_loss           | 0.000114     |
------------------------------------------
  step  410000/500000 ( 82.0%)  mean_rew=-0.001
-------------------------------------------
| time/                   |               |
|    fps                  | 1253          |
|    iterations           | 101           |
|    time_elapsed         | 330           |
|    total_timesteps      | 413696        |
| train/                  |               |
|    approx_kl            | 0.00083032623 |
|    clip_fraction        | 0.0094        |
|    clip_range           | 0.2           |
|    entropy_loss         | -0.109        |
|    explained_variance   | 0.904         |
|    learning_rate        | 0.0003        |
|    loss                 | -0.00139      |
|    n_updates            | 1000          |
|    policy_gradient_loss | -0.000286     |
|    value_loss           | 7.58e-05      |
-------------------------------------------
  step  415000/500000 ( 83.0%)  mean_rew=-0.001
-------------------------------------------
| time/                   |               |
|    fps                  | 1253          |
|    iterations           | 102           |
|    time_elapsed         | 333           |
|    total_timesteps      | 417792        |
| train/                  |               |
|    approx_kl            | 0.00078944874 |
|    clip_fraction        | 0.00654       |
|    clip_range           | 0.2           |
|    entropy_loss         | -0.104        |
|    explained_variance   | 0.911         |
|    learning_rate        | 0.0003        |
|    loss                 | -0.0137       |
|    n_updates            | 1010          |
|    policy_gradient_loss | -0.00057      |
|    value_loss           | 8.09e-05      |
-------------------------------------------
  step  420000/500000 ( 84.0%)  mean_rew=-0.001
-------------------------------------------
| time/                   |               |
|    fps                  | 1254          |
|    iterations           | 103           |
|    time_elapsed         | 336           |
|    total_timesteps      | 421888        |
| train/                  |               |
|    approx_kl            | 0.00053150987 |
|    clip_fraction        | 0.00767       |
|    clip_range           | 0.2           |
|    entropy_loss         | -0.101        |
|    explained_variance   | 0.891         |
|    learning_rate        | 0.0003        |
|    loss                 | -0.00161      |
|    n_updates            | 1020          |
|    policy_gradient_loss | -0.000182     |
|    value_loss           | 0.000105      |
-------------------------------------------
  step  425000/500000 ( 85.0%)  mean_rew=-0.001
------------------------------------------
| time/                   |              |
|    fps                  | 1255         |
|    iterations           | 104          |
|    time_elapsed         | 339          |
|    total_timesteps      | 425984       |
| train/                  |              |
|    approx_kl            | 0.0011526663 |
|    clip_fraction        | 0.0114       |
|    clip_range           | 0.2          |
|    entropy_loss         | -0.0975      |
|    explained_variance   | 0.892        |
|    learning_rate        | 0.0003       |
|    loss                 | -0.000247    |
|    n_updates            | 1030         |
|    policy_gradient_loss | -0.000418    |
|    value_loss           | 9.94e-05     |
------------------------------------------
  step  430000/500000 ( 86.0%)  mean_rew=+0.000
------------------------------------------
| time/                   |              |
|    fps                  | 1255         |
|    iterations           | 105          |
|    time_elapsed         | 342          |
|    total_timesteps      | 430080       |
| train/                  |              |
|    approx_kl            | 0.0004480435 |
|    clip_fraction        | 0.00642      |
|    clip_range           | 0.2          |
|    entropy_loss         | -0.0999      |
|    explained_variance   | 0.93         |
|    learning_rate        | 0.0003       |
|    loss                 | -0.000868    |
|    n_updates            | 1040         |
|    policy_gradient_loss | -2.94e-05    |
|    value_loss           | 6.61e-05     |
------------------------------------------
-------------------------------------------
| time/                   |               |
|    fps                  | 1256          |
|    iterations           | 106           |
|    time_elapsed         | 345           |
|    total_timesteps      | 434176        |
| train/                  |               |
|    approx_kl            | 0.00063247024 |
|    clip_fraction        | 0.00461       |
|    clip_range           | 0.2           |
|    entropy_loss         | -0.092        |
|    explained_variance   | 0.893         |
|    learning_rate        | 0.0003        |
|    loss                 | -0.000107     |
|    n_updates            | 1050          |
|    policy_gradient_loss | -5.52e-05     |
|    value_loss           | 0.000102      |
-------------------------------------------
  step  435000/500000 ( 87.0%)  mean_rew=+0.001
------------------------------------------
| time/                   |              |
|    fps                  | 1257         |
|    iterations           | 107          |
|    time_elapsed         | 348          |
|    total_timesteps      | 438272       |
| train/                  |              |
|    approx_kl            | 0.0005996665 |
|    clip_fraction        | 0.0149       |
|    clip_range           | 0.2          |
|    entropy_loss         | -0.0942      |
|    explained_variance   | 0.893        |
|    learning_rate        | 0.0003       |
|    loss                 | -0.00062     |
|    n_updates            | 1060         |
|    policy_gradient_loss | -0.000435    |
|    value_loss           | 0.0001       |
------------------------------------------
  step  440000/500000 ( 88.0%)  mean_rew=+0.000
------------------------------------------
| time/                   |              |
|    fps                  | 1257         |
|    iterations           | 108          |
|    time_elapsed         | 351          |
|    total_timesteps      | 442368       |
| train/                  |              |
|    approx_kl            | 0.0055460697 |
|    clip_fraction        | 0.0329       |
|    clip_range           | 0.2          |
|    entropy_loss         | -0.114       |
|    explained_variance   | 0.904        |
|    learning_rate        | 0.0003       |
|    loss                 | -0.00227     |
|    n_updates            | 1070         |
|    policy_gradient_loss | -0.000597    |
|    value_loss           | 7.81e-05     |
------------------------------------------
  step  445000/500000 ( 89.0%)  mean_rew=-0.000
------------------------------------------
| time/                   |              |
|    fps                  | 1258         |
|    iterations           | 109          |
|    time_elapsed         | 354          |
|    total_timesteps      | 446464       |
| train/                  |              |
|    approx_kl            | 0.0007086387 |
|    clip_fraction        | 0.00823      |
|    clip_range           | 0.2          |
|    entropy_loss         | -0.106       |
|    explained_variance   | 0.922        |
|    learning_rate        | 0.0003       |
|    loss                 | -0.000931    |
|    n_updates            | 1080         |
|    policy_gradient_loss | -0.000749    |
|    value_loss           | 7.03e-05     |
------------------------------------------
  step  450000/500000 ( 90.0%)  mean_rew=-0.001
------------------------------------------
| time/                   |              |
|    fps                  | 1258         |
|    iterations           | 110          |
|    time_elapsed         | 357          |
|    total_timesteps      | 450560       |
| train/                  |              |
|    approx_kl            | 0.0024724547 |
|    clip_fraction        | 0.0304       |
|    clip_range           | 0.2          |
|    entropy_loss         | -0.118       |
|    explained_variance   | 0.887        |
|    learning_rate        | 0.0003       |
|    loss                 | -0.00201     |
|    n_updates            | 1090         |
|    policy_gradient_loss | -0.000475    |
|    value_loss           | 0.000111     |
------------------------------------------
------------------------------------------
| time/                   |              |
|    fps                  | 1259         |
|    iterations           | 111          |
|    time_elapsed         | 360          |
|    total_timesteps      | 454656       |
| train/                  |              |
|    approx_kl            | 0.0021514553 |
|    clip_fraction        | 0.0171       |
|    clip_range           | 0.2          |
|    entropy_loss         | -0.125       |
|    explained_variance   | 0.908        |
|    learning_rate        | 0.0003       |
|    loss                 | 0.00604      |
|    n_updates            | 1100         |
|    policy_gradient_loss | -4.63e-05    |
|    value_loss           | 8.22e-05     |
------------------------------------------
  step  455000/500000 ( 91.0%)  mean_rew=-0.001
----------------------------------------
| time/                   |            |
|    fps                  | 1259       |
|    iterations           | 112        |
|    time_elapsed         | 364        |
|    total_timesteps      | 458752     |
| train/                  |            |
|    approx_kl            | 0.00223568 |
|    clip_fraction        | 0.0093     |
|    clip_range           | 0.2        |
|    entropy_loss         | -0.123     |
|    explained_variance   | 0.938      |
|    learning_rate        | 0.0003     |
|    loss                 | -0.00253   |
|    n_updates            | 1110       |
|    policy_gradient_loss | -0.000156  |
|    value_loss           | 5.48e-05   |
----------------------------------------
  step  460000/500000 ( 92.0%)  mean_rew=-0.001
------------------------------------------
| time/                   |              |
|    fps                  | 1260         |
|    iterations           | 113          |
|    time_elapsed         | 367          |
|    total_timesteps      | 462848       |
| train/                  |              |
|    approx_kl            | 0.0015955322 |
|    clip_fraction        | 0.0222       |
|    clip_range           | 0.2          |
|    entropy_loss         | -0.12        |
|    explained_variance   | 0.894        |
|    learning_rate        | 0.0003       |
|    loss                 | -0.000618    |
|    n_updates            | 1120         |
|    policy_gradient_loss | -0.000718    |
|    value_loss           | 9.83e-05     |
------------------------------------------
  step  465000/500000 ( 93.0%)  mean_rew=-0.001
-------------------------------------------
| time/                   |               |
|    fps                  | 1260          |
|    iterations           | 114           |
|    time_elapsed         | 370           |
|    total_timesteps      | 466944        |
| train/                  |               |
|    approx_kl            | 0.00087490806 |
|    clip_fraction        | 0.00981       |
|    clip_range           | 0.2           |
|    entropy_loss         | -0.124        |
|    explained_variance   | 0.893         |
|    learning_rate        | 0.0003        |
|    loss                 | -2.23e-06     |
|    n_updates            | 1130          |
|    policy_gradient_loss | -1.69e-05     |
|    value_loss           | 9.99e-05      |
-------------------------------------------
  step  470000/500000 ( 94.0%)  mean_rew=+0.001
-------------------------------------------
| time/                   |               |
|    fps                  | 1261          |
|    iterations           | 115           |
|    time_elapsed         | 373           |
|    total_timesteps      | 471040        |
| train/                  |               |
|    approx_kl            | 0.00055282074 |
|    clip_fraction        | 0.00549       |
|    clip_range           | 0.2           |
|    entropy_loss         | -0.124        |
|    explained_variance   | 0.906         |
|    learning_rate        | 0.0003        |
|    loss                 | 0.00348       |
|    n_updates            | 1140          |
|    policy_gradient_loss | 0.000146      |
|    value_loss           | 7.78e-05      |
-------------------------------------------
  step  475000/500000 ( 95.0%)  mean_rew=+0.000
------------------------------------------
| time/                   |              |
|    fps                  | 1261         |
|    iterations           | 116          |
|    time_elapsed         | 376          |
|    total_timesteps      | 475136       |
| train/                  |              |
|    approx_kl            | 0.0031897349 |
|    clip_fraction        | 0.0267       |
|    clip_range           | 0.2          |
|    entropy_loss         | -0.112       |
|    explained_variance   | 0.929        |
|    learning_rate        | 0.0003       |
|    loss                 | -0.000394    |
|    n_updates            | 1150         |
|    policy_gradient_loss | -0.000225    |
|    value_loss           | 6.17e-05     |
------------------------------------------
------------------------------------------
| time/                   |              |
|    fps                  | 1262         |
|    iterations           | 117          |
|    time_elapsed         | 379          |
|    total_timesteps      | 479232       |
| train/                  |              |
|    approx_kl            | 0.0005476245 |
|    clip_fraction        | 0.00449      |
|    clip_range           | 0.2          |
|    entropy_loss         | -0.107       |
|    explained_variance   | 0.879        |
|    learning_rate        | 0.0003       |
|    loss                 | 0.000117     |
|    n_updates            | 1160         |
|    policy_gradient_loss | -0.000146    |
|    value_loss           | 0.000113     |
------------------------------------------
  step  480000/500000 ( 96.0%)  mean_rew=-0.001
-----------------------------------------
| time/                   |             |
|    fps                  | 1262        |
|    iterations           | 118         |
|    time_elapsed         | 382         |
|    total_timesteps      | 483328      |
| train/                  |             |
|    approx_kl            | 0.025680976 |
|    clip_fraction        | 0.0182      |
|    clip_range           | 0.2         |
|    entropy_loss         | -0.126      |
|    explained_variance   | 0.896       |
|    learning_rate        | 0.0003      |
|    loss                 | -0.00554    |
|    n_updates            | 1170        |
|    policy_gradient_loss | -0.000778   |
|    value_loss           | 8.16e-05    |
-----------------------------------------
  step  485000/500000 ( 97.0%)  mean_rew=-0.001
-----------------------------------------
| time/                   |             |
|    fps                  | 1263        |
|    iterations           | 119         |
|    time_elapsed         | 385         |
|    total_timesteps      | 487424      |
| train/                  |             |
|    approx_kl            | 0.001414271 |
|    clip_fraction        | 0.0178      |
|    clip_range           | 0.2         |
|    entropy_loss         | -0.178      |
|    explained_variance   | 0.923       |
|    learning_rate        | 0.0003      |
|    loss                 | -0.000851   |
|    n_updates            | 1180        |
|    policy_gradient_loss | -0.000247   |
|    value_loss           | 6.42e-05    |
-----------------------------------------
  step  490000/500000 ( 98.0%)  mean_rew=+0.001
------------------------------------------
| time/                   |              |
|    fps                  | 1263         |
|    iterations           | 120          |
|    time_elapsed         | 389          |
|    total_timesteps      | 491520       |
| train/                  |              |
|    approx_kl            | 0.0010255089 |
|    clip_fraction        | 0.0135       |
|    clip_range           | 0.2          |
|    entropy_loss         | -0.178       |
|    explained_variance   | 0.879        |
|    learning_rate        | 0.0003       |
|    loss                 | 0.000963     |
|    n_updates            | 1190         |
|    policy_gradient_loss | -0.000225    |
|    value_loss           | 0.000102     |
------------------------------------------
  step  495000/500000 ( 99.0%)  mean_rew=-0.000
------------------------------------------
| time/                   |              |
|    fps                  | 1264         |
|    iterations           | 121          |
|    time_elapsed         | 392          |
|    total_timesteps      | 495616       |
| train/                  |              |
|    approx_kl            | 0.0004958532 |
|    clip_fraction        | 0.00354      |
|    clip_range           | 0.2          |
|    entropy_loss         | -0.172       |
|    explained_variance   | 0.877        |
|    learning_rate        | 0.0003       |
|    loss                 | -0.00116     |
|    n_updates            | 1200         |
|    policy_gradient_loss | 6.48e-05     |
|    value_loss           | 0.000107     |
------------------------------------------
------------------------------------------
| time/                   |              |
|    fps                  | 1264         |
|    iterations           | 122          |
|    time_elapsed         | 395          |
|    total_timesteps      | 499712       |
| train/                  |              |
|    approx_kl            | 0.0013117776 |
|    clip_fraction        | 0.00913      |
|    clip_range           | 0.2          |
|    entropy_loss         | -0.174       |
|    explained_variance   | 0.892        |
|    learning_rate        | 0.0003       |
|    loss                 | -0.00318     |
|    n_updates            | 1210         |
|    policy_gradient_loss | 2.29e-05     |
|    value_loss           | 8.18e-05     |
------------------------------------------
  step  500000/500000 (100.0%)  mean_rew=-0.000
------------------------------------------
| time/                   |              |
|    fps                  | 1264         |
|    iterations           | 123          |
|    time_elapsed         | 398          |
|    total_timesteps      | 503808       |
| train/                  |              |
|    approx_kl            | 0.0013370096 |
|    clip_fraction        | 0.0199       |
|    clip_range           | 0.2          |
|    entropy_loss         | -0.166       |
|    explained_variance   | 0.925        |
|    learning_rate        | 0.0003       |
|    loss                 | -0.00217     |
|    n_updates            | 1220         |
|    policy_gradient_loss | -0.000649    |
|    value_loss           | 5.82e-05     |
------------------------------------------
[cologne8-PPO] Done. Saved -> exp_cologne8_real/ppo_queue_s1234
