Using libsumo as traci as requested by environment variable.
[cologne8-PPO] 8 agents | reward=pressure | seed=42
  obs=(7,) | act=Discrete(4)
Using cpu device
-----------------------------
| time/              |      |
|    fps             | 1539 |
|    iterations      | 1    |
|    time_elapsed    | 2    |
|    total_timesteps | 4096 |
-----------------------------
  step    5000/500000 (  1.0%)  mean_rew=-0.005
-----------------------------------------
| time/                   |             |
|    fps                  | 1215        |
|    iterations           | 2           |
|    time_elapsed         | 6           |
|    total_timesteps      | 8192        |
| train/                  |             |
|    approx_kl            | 0.007926729 |
|    clip_fraction        | 0.0859      |
|    clip_range           | 0.2         |
|    entropy_loss         | -1.38       |
|    explained_variance   | -0.186      |
|    learning_rate        | 0.0003      |
|    loss                 | -0.000417   |
|    n_updates            | 10          |
|    policy_gradient_loss | -0.00605    |
|    value_loss           | 0.0368      |
-----------------------------------------
  step   10000/500000 (  2.0%)  mean_rew=-0.002
-----------------------------------------
| time/                   |             |
|    fps                  | 1198        |
|    iterations           | 3           |
|    time_elapsed         | 10          |
|    total_timesteps      | 12288       |
| train/                  |             |
|    approx_kl            | 0.013114456 |
|    clip_fraction        | 0.0697      |
|    clip_range           | 0.2         |
|    entropy_loss         | -1.36       |
|    explained_variance   | 0.531       |
|    learning_rate        | 0.0003      |
|    loss                 | 0.0151      |
|    n_updates            | 20          |
|    policy_gradient_loss | -0.0084     |
|    value_loss           | 0.0294      |
-----------------------------------------
  step   15000/500000 (  3.0%)  mean_rew=-0.005
-----------------------------------------
| time/                   |             |
|    fps                  | 1175        |
|    iterations           | 4           |
|    time_elapsed         | 13          |
|    total_timesteps      | 16384       |
| train/                  |             |
|    approx_kl            | 0.009765416 |
|    clip_fraction        | 0.0807      |
|    clip_range           | 0.2         |
|    entropy_loss         | -1.33       |
|    explained_variance   | 0.623       |
|    learning_rate        | 0.0003      |
|    loss                 | 0.00158     |
|    n_updates            | 30          |
|    policy_gradient_loss | -0.00646    |
|    value_loss           | 0.0144      |
-----------------------------------------
  step   20000/500000 (  4.0%)  mean_rew=-0.002
------------------------------------------
| time/                   |              |
|    fps                  | 1161         |
|    iterations           | 5            |
|    time_elapsed         | 17           |
|    total_timesteps      | 20480        |
| train/                  |              |
|    approx_kl            | 0.0101502985 |
|    clip_fraction        | 0.107        |
|    clip_range           | 0.2          |
|    entropy_loss         | -1.28        |
|    explained_variance   | 0.704        |
|    learning_rate        | 0.0003       |
|    loss                 | -0.00836     |
|    n_updates            | 40           |
|    policy_gradient_loss | -0.00957     |
|    value_loss           | 0.0141       |
------------------------------------------
-----------------------------------------
| time/                   |             |
|    fps                  | 1161        |
|    iterations           | 6           |
|    time_elapsed         | 21          |
|    total_timesteps      | 24576       |
| train/                  |             |
|    approx_kl            | 0.012352243 |
|    clip_fraction        | 0.0655      |
|    clip_range           | 0.2         |
|    entropy_loss         | -1.25       |
|    explained_variance   | 0.743       |
|    learning_rate        | 0.0003      |
|    loss                 | -0.0179     |
|    n_updates            | 50          |
|    policy_gradient_loss | -0.00582    |
|    value_loss           | 0.0134      |
-----------------------------------------
  step   25000/500000 (  5.0%)  mean_rew=-0.005
-----------------------------------------
| time/                   |             |
|    fps                  | 1161        |
|    iterations           | 7           |
|    time_elapsed         | 24          |
|    total_timesteps      | 28672       |
| train/                  |             |
|    approx_kl            | 0.010530328 |
|    clip_fraction        | 0.116       |
|    clip_range           | 0.2         |
|    entropy_loss         | -1.24       |
|    explained_variance   | 0.728       |
|    learning_rate        | 0.0003      |
|    loss                 | -0.0265     |
|    n_updates            | 60          |
|    policy_gradient_loss | -0.00908    |
|    value_loss           | 0.0139      |
-----------------------------------------
  step   30000/500000 (  6.0%)  mean_rew=-0.003
-----------------------------------------
| time/                   |             |
|    fps                  | 1156        |
|    iterations           | 8           |
|    time_elapsed         | 28          |
|    total_timesteps      | 32768       |
| train/                  |             |
|    approx_kl            | 0.009983079 |
|    clip_fraction        | 0.0957      |
|    clip_range           | 0.2         |
|    entropy_loss         | -1.19       |
|    explained_variance   | 0.871       |
|    learning_rate        | 0.0003      |
|    loss                 | -0.0242     |
|    n_updates            | 70          |
|    policy_gradient_loss | -0.00787    |
|    value_loss           | 0.00411     |
-----------------------------------------
  step   35000/500000 (  7.0%)  mean_rew=-0.001
-----------------------------------------
| time/                   |             |
|    fps                  | 1153        |
|    iterations           | 9           |
|    time_elapsed         | 31          |
|    total_timesteps      | 36864       |
| train/                  |             |
|    approx_kl            | 0.010170358 |
|    clip_fraction        | 0.05        |
|    clip_range           | 0.2         |
|    entropy_loss         | -1.15       |
|    explained_variance   | 0.837       |
|    learning_rate        | 0.0003      |
|    loss                 | 0.00723     |
|    n_updates            | 80          |
|    policy_gradient_loss | -0.00209    |
|    value_loss           | 0.00595     |
-----------------------------------------
  step   40000/500000 (  8.0%)  mean_rew=-0.002
-----------------------------------------
| time/                   |             |
|    fps                  | 1158        |
|    iterations           | 10          |
|    time_elapsed         | 35          |
|    total_timesteps      | 40960       |
| train/                  |             |
|    approx_kl            | 0.012142809 |
|    clip_fraction        | 0.106       |
|    clip_range           | 0.2         |
|    entropy_loss         | -1.11       |
|    explained_variance   | 0.837       |
|    learning_rate        | 0.0003      |
|    loss                 | -0.0395     |
|    n_updates            | 90          |
|    policy_gradient_loss | -0.00797    |
|    value_loss           | 0.00513     |
-----------------------------------------
  step   45000/500000 (  9.0%)  mean_rew=-0.001
-----------------------------------------
| time/                   |             |
|    fps                  | 1157        |
|    iterations           | 11          |
|    time_elapsed         | 38          |
|    total_timesteps      | 45056       |
| train/                  |             |
|    approx_kl            | 0.010013647 |
|    clip_fraction        | 0.0646      |
|    clip_range           | 0.2         |
|    entropy_loss         | -1.06       |
|    explained_variance   | 0.872       |
|    learning_rate        | 0.0003      |
|    loss                 | 0.0078      |
|    n_updates            | 100         |
|    policy_gradient_loss | -0.00357    |
|    value_loss           | 0.00278     |
-----------------------------------------
-----------------------------------------
| time/                   |             |
|    fps                  | 1154        |
|    iterations           | 12          |
|    time_elapsed         | 42          |
|    total_timesteps      | 49152       |
| train/                  |             |
|    approx_kl            | 0.011430832 |
|    clip_fraction        | 0.102       |
|    clip_range           | 0.2         |
|    entropy_loss         | -1.01       |
|    explained_variance   | 0.914       |
|    learning_rate        | 0.0003      |
|    loss                 | -0.0111     |
|    n_updates            | 110         |
|    policy_gradient_loss | -0.00689    |
|    value_loss           | 0.00188     |
-----------------------------------------
  step   50000/500000 ( 10.0%)  mean_rew=-0.001
-----------------------------------------
| time/                   |             |
|    fps                  | 1156        |
|    iterations           | 13          |
|    time_elapsed         | 46          |
|    total_timesteps      | 53248       |
| train/                  |             |
|    approx_kl            | 0.009950312 |
|    clip_fraction        | 0.0566      |
|    clip_range           | 0.2         |
|    entropy_loss         | -0.975      |
|    explained_variance   | 0.869       |
|    learning_rate        | 0.0003      |
|    loss                 | -0.0153     |
|    n_updates            | 120         |
|    policy_gradient_loss | -0.00406    |
|    value_loss           | 0.00275     |
-----------------------------------------
  step   55000/500000 ( 11.0%)  mean_rew=-0.004
-----------------------------------------
| time/                   |             |
|    fps                  | 1156        |
|    iterations           | 14          |
|    time_elapsed         | 49          |
|    total_timesteps      | 57344       |
| train/                  |             |
|    approx_kl            | 0.008144416 |
|    clip_fraction        | 0.085       |
|    clip_range           | 0.2         |
|    entropy_loss         | -0.904      |
|    explained_variance   | 0.887       |
|    learning_rate        | 0.0003      |
|    loss                 | -0.00709    |
|    n_updates            | 130         |
|    policy_gradient_loss | -0.00455    |
|    value_loss           | 0.00164     |
-----------------------------------------
  step   60000/500000 ( 12.0%)  mean_rew=-0.001
------------------------------------------
| time/                   |              |
|    fps                  | 1155         |
|    iterations           | 15           |
|    time_elapsed         | 53           |
|    total_timesteps      | 61440        |
| train/                  |              |
|    approx_kl            | 0.0076951273 |
|    clip_fraction        | 0.0943       |
|    clip_range           | 0.2          |
|    entropy_loss         | -0.858       |
|    explained_variance   | 0.918        |
|    learning_rate        | 0.0003       |
|    loss                 | -0.00997     |
|    n_updates            | 140          |
|    policy_gradient_loss | -0.0071      |
|    value_loss           | 0.0012       |
------------------------------------------
  step   65000/500000 ( 13.0%)  mean_rew=-0.002
------------------------------------------
| time/                   |              |
|    fps                  | 1156         |
|    iterations           | 16           |
|    time_elapsed         | 56           |
|    total_timesteps      | 65536        |
| train/                  |              |
|    approx_kl            | 0.0045709526 |
|    clip_fraction        | 0.0369       |
|    clip_range           | 0.2          |
|    entropy_loss         | -0.824       |
|    explained_variance   | 0.872        |
|    learning_rate        | 0.0003       |
|    loss                 | -0.00445     |
|    n_updates            | 150          |
|    policy_gradient_loss | -0.00425     |
|    value_loss           | 0.00164      |
------------------------------------------
----------------------------------------
| time/                   |            |
|    fps                  | 1158       |
|    iterations           | 17         |
|    time_elapsed         | 60         |
|    total_timesteps      | 69632      |
| train/                  |            |
|    approx_kl            | 0.00428467 |
|    clip_fraction        | 0.032      |
|    clip_range           | 0.2        |
|    entropy_loss         | -0.784     |
|    explained_variance   | 0.875      |
|    learning_rate        | 0.0003     |
|    loss                 | -0.00795   |
|    n_updates            | 160        |
|    policy_gradient_loss | -0.00274   |
|    value_loss           | 0.00139    |
----------------------------------------
  step   70000/500000 ( 14.0%)  mean_rew=-0.001
-----------------------------------------
| time/                   |             |
|    fps                  | 1157        |
|    iterations           | 18          |
|    time_elapsed         | 63          |
|    total_timesteps      | 73728       |
| train/                  |             |
|    approx_kl            | 0.006641969 |
|    clip_fraction        | 0.0654      |
|    clip_range           | 0.2         |
|    entropy_loss         | -0.717      |
|    explained_variance   | 0.894       |
|    learning_rate        | 0.0003      |
|    loss                 | -0.00429    |
|    n_updates            | 170         |
|    policy_gradient_loss | -0.00456    |
|    value_loss           | 0.000945    |
-----------------------------------------
  step   75000/500000 ( 15.0%)  mean_rew=-0.002
------------------------------------------
| time/                   |              |
|    fps                  | 1156         |
|    iterations           | 19           |
|    time_elapsed         | 67           |
|    total_timesteps      | 77824        |
| train/                  |              |
|    approx_kl            | 0.0054960744 |
|    clip_fraction        | 0.0522       |
|    clip_range           | 0.2          |
|    entropy_loss         | -0.676       |
|    explained_variance   | 0.927        |
|    learning_rate        | 0.0003       |
|    loss                 | -0.0169      |
|    n_updates            | 180          |
|    policy_gradient_loss | -0.0036      |
|    value_loss           | 0.000639     |
------------------------------------------
  step   80000/500000 ( 16.0%)  mean_rew=-0.001
------------------------------------------
| time/                   |              |
|    fps                  | 1158         |
|    iterations           | 20           |
|    time_elapsed         | 70           |
|    total_timesteps      | 81920        |
| train/                  |              |
|    approx_kl            | 0.0028189465 |
|    clip_fraction        | 0.0305       |
|    clip_range           | 0.2          |
|    entropy_loss         | -0.643       |
|    explained_variance   | 0.836        |
|    learning_rate        | 0.0003       |
|    loss                 | -0.00919     |
|    n_updates            | 190          |
|    policy_gradient_loss | -0.00229     |
|    value_loss           | 0.00162      |
------------------------------------------
  step   85000/500000 ( 17.0%)  mean_rew=-0.000
-----------------------------------------
| time/                   |             |
|    fps                  | 1158        |
|    iterations           | 21          |
|    time_elapsed         | 74          |
|    total_timesteps      | 86016       |
| train/                  |             |
|    approx_kl            | 0.004119073 |
|    clip_fraction        | 0.0387      |
|    clip_range           | 0.2         |
|    entropy_loss         | -0.62       |
|    explained_variance   | 0.883       |
|    learning_rate        | 0.0003      |
|    loss                 | -0.00856    |
|    n_updates            | 200         |
|    policy_gradient_loss | -0.0023     |
|    value_loss           | 0.000843    |
-----------------------------------------
  step   90000/500000 ( 18.0%)  mean_rew=+0.000
-----------------------------------------
| time/                   |             |
|    fps                  | 1158        |
|    iterations           | 22          |
|    time_elapsed         | 77          |
|    total_timesteps      | 90112       |
| train/                  |             |
|    approx_kl            | 0.004935229 |
|    clip_fraction        | 0.0451      |
|    clip_range           | 0.2         |
|    entropy_loss         | -0.574      |
|    explained_variance   | 0.924       |
|    learning_rate        | 0.0003      |
|    loss                 | -0.00276    |
|    n_updates            | 210         |
|    policy_gradient_loss | -0.00354    |
|    value_loss           | 0.000545    |
-----------------------------------------
------------------------------------------
| time/                   |              |
|    fps                  | 1158         |
|    iterations           | 23           |
|    time_elapsed         | 81           |
|    total_timesteps      | 94208        |
| train/                  |              |
|    approx_kl            | 0.0034719314 |
|    clip_fraction        | 0.0517       |
|    clip_range           | 0.2          |
|    entropy_loss         | -0.526       |
|    explained_variance   | 0.885        |
|    learning_rate        | 0.0003       |
|    loss                 | -0.00752     |
|    n_updates            | 220          |
|    policy_gradient_loss | -0.00339     |
|    value_loss           | 0.000768     |
------------------------------------------
  step   95000/500000 ( 19.0%)  mean_rew=-0.001
------------------------------------------
| time/                   |              |
|    fps                  | 1158         |
|    iterations           | 24           |
|    time_elapsed         | 84           |
|    total_timesteps      | 98304        |
| train/                  |              |
|    approx_kl            | 0.0036435712 |
|    clip_fraction        | 0.0449       |
|    clip_range           | 0.2          |
|    entropy_loss         | -0.465       |
|    explained_variance   | 0.878        |
|    learning_rate        | 0.0003       |
|    loss                 | -0.00888     |
|    n_updates            | 230          |
|    policy_gradient_loss | -0.00411     |
|    value_loss           | 0.000806     |
------------------------------------------
  step  100000/500000 ( 20.0%)  mean_rew=-0.000
-----------------------------------------
| time/                   |             |
|    fps                  | 1158        |
|    iterations           | 25          |
|    time_elapsed         | 88          |
|    total_timesteps      | 102400      |
| train/                  |             |
|    approx_kl            | 0.002397403 |
|    clip_fraction        | 0.0141      |
|    clip_range           | 0.2         |
|    entropy_loss         | -0.471      |
|    explained_variance   | 0.894       |
|    learning_rate        | 0.0003      |
|    loss                 | -0.00453    |
|    n_updates            | 240         |
|    policy_gradient_loss | -0.000578   |
|    value_loss           | 0.000482    |
-----------------------------------------
  step  105000/500000 ( 21.0%)  mean_rew=-0.002
------------------------------------------
| time/                   |              |
|    fps                  | 1157         |
|    iterations           | 26           |
|    time_elapsed         | 91           |
|    total_timesteps      | 106496       |
| train/                  |              |
|    approx_kl            | 0.0041644117 |
|    clip_fraction        | 0.0492       |
|    clip_range           | 0.2          |
|    entropy_loss         | -0.448       |
|    explained_variance   | 0.906        |
|    learning_rate        | 0.0003       |
|    loss                 | -0.0214      |
|    n_updates            | 250          |
|    policy_gradient_loss | -0.00443     |
|    value_loss           | 0.000518     |
------------------------------------------
  step  110000/500000 ( 22.0%)  mean_rew=+0.000
-----------------------------------------
| time/                   |             |
|    fps                  | 1159        |
|    iterations           | 27          |
|    time_elapsed         | 95          |
|    total_timesteps      | 110592      |
| train/                  |             |
|    approx_kl            | 0.002652539 |
|    clip_fraction        | 0.042       |
|    clip_range           | 0.2         |
|    entropy_loss         | -0.394      |
|    explained_variance   | 0.851       |
|    learning_rate        | 0.0003      |
|    loss                 | 0.00161     |
|    n_updates            | 260         |
|    policy_gradient_loss | -0.0041     |
|    value_loss           | 0.000889    |
-----------------------------------------
------------------------------------------
| time/                   |              |
|    fps                  | 1159         |
|    iterations           | 28           |
|    time_elapsed         | 98           |
|    total_timesteps      | 114688       |
| train/                  |              |
|    approx_kl            | 0.0026288577 |
|    clip_fraction        | 0.0356       |
|    clip_range           | 0.2          |
|    entropy_loss         | -0.384       |
|    explained_variance   | 0.892        |
|    learning_rate        | 0.0003       |
|    loss                 | -0.0113      |
|    n_updates            | 270          |
|    policy_gradient_loss | -0.00295     |
|    value_loss           | 0.000495     |
------------------------------------------
  step  115000/500000 ( 23.0%)  mean_rew=-0.001
------------------------------------------
| time/                   |              |
|    fps                  | 1158         |
|    iterations           | 29           |
|    time_elapsed         | 102          |
|    total_timesteps      | 118784       |
| train/                  |              |
|    approx_kl            | 0.0030308226 |
|    clip_fraction        | 0.0321       |
|    clip_range           | 0.2          |
|    entropy_loss         | -0.346       |
|    explained_variance   | 0.927        |
|    learning_rate        | 0.0003       |
|    loss                 | 0.00425      |
|    n_updates            | 280          |
|    policy_gradient_loss | -0.00262     |
|    value_loss           | 0.000332     |
------------------------------------------
  step  120000/500000 ( 24.0%)  mean_rew=-0.001
------------------------------------------
| time/                   |              |
|    fps                  | 1159         |
|    iterations           | 30           |
|    time_elapsed         | 106          |
|    total_timesteps      | 122880       |
| train/                  |              |
|    approx_kl            | 0.0014600393 |
|    clip_fraction        | 0.0267       |
|    clip_range           | 0.2          |
|    entropy_loss         | -0.315       |
|    explained_variance   | 0.875        |
|    learning_rate        | 0.0003       |
|    loss                 | 0.0061       |
|    n_updates            | 290          |
|    policy_gradient_loss | -0.00212     |
|    value_loss           | 0.00058      |
------------------------------------------
  step  125000/500000 ( 25.0%)  mean_rew=+0.000
-----------------------------------------
| time/                   |             |
|    fps                  | 1159        |
|    iterations           | 31          |
|    time_elapsed         | 109         |
|    total_timesteps      | 126976      |
| train/                  |             |
|    approx_kl            | 0.001384842 |
|    clip_fraction        | 0.0137      |
|    clip_range           | 0.2         |
|    entropy_loss         | -0.299      |
|    explained_variance   | 0.876       |
|    learning_rate        | 0.0003      |
|    loss                 | 0.00213     |
|    n_updates            | 300         |
|    policy_gradient_loss | -0.00064    |
|    value_loss           | 0.000507    |
-----------------------------------------
  step  130000/500000 ( 26.0%)  mean_rew=-0.001
-----------------------------------------
| time/                   |             |
|    fps                  | 1158        |
|    iterations           | 32          |
|    time_elapsed         | 113         |
|    total_timesteps      | 131072      |
| train/                  |             |
|    approx_kl            | 0.002325493 |
|    clip_fraction        | 0.0293      |
|    clip_range           | 0.2         |
|    entropy_loss         | -0.277      |
|    explained_variance   | 0.892       |
|    learning_rate        | 0.0003      |
|    loss                 | 0.00332     |
|    n_updates            | 310         |
|    policy_gradient_loss | -0.00178    |
|    value_loss           | 0.000335    |
-----------------------------------------
  step  135000/500000 ( 27.0%)  mean_rew=-0.001
------------------------------------------
| time/                   |              |
|    fps                  | 1158         |
|    iterations           | 33           |
|    time_elapsed         | 116          |
|    total_timesteps      | 135168       |
| train/                  |              |
|    approx_kl            | 0.0017143107 |
|    clip_fraction        | 0.0125       |
|    clip_range           | 0.2          |
|    entropy_loss         | -0.245       |
|    explained_variance   | 0.914        |
|    learning_rate        | 0.0003       |
|    loss                 | -0.00396     |
|    n_updates            | 320          |
|    policy_gradient_loss | -0.000615    |
|    value_loss           | 0.00031      |
------------------------------------------
------------------------------------------
| time/                   |              |
|    fps                  | 1160         |
|    iterations           | 34           |
|    time_elapsed         | 120          |
|    total_timesteps      | 139264       |
| train/                  |              |
|    approx_kl            | 0.0014337894 |
|    clip_fraction        | 0.0119       |
|    clip_range           | 0.2          |
|    entropy_loss         | -0.233       |
|    explained_variance   | 0.886        |
|    learning_rate        | 0.0003       |
|    loss                 | 0.000189     |
|    n_updates            | 330          |
|    policy_gradient_loss | -0.000616    |
|    value_loss           | 0.000371     |
------------------------------------------
  step  140000/500000 ( 28.0%)  mean_rew=-0.001
-----------------------------------------
| time/                   |             |
|    fps                  | 1159        |
|    iterations           | 35          |
|    time_elapsed         | 123         |
|    total_timesteps      | 143360      |
| train/                  |             |
|    approx_kl            | 0.001704493 |
|    clip_fraction        | 0.0222      |
|    clip_range           | 0.2         |
|    entropy_loss         | -0.203      |
|    explained_variance   | 0.889       |
|    learning_rate        | 0.0003      |
|    loss                 | 0.00829     |
|    n_updates            | 340         |
|    policy_gradient_loss | -0.00202    |
|    value_loss           | 0.000303    |
-----------------------------------------
  step  145000/500000 ( 29.0%)  mean_rew=-0.000
------------------------------------------
| time/                   |              |
|    fps                  | 1158         |
|    iterations           | 36           |
|    time_elapsed         | 127          |
|    total_timesteps      | 147456       |
| train/                  |              |
|    approx_kl            | 0.0008205836 |
|    clip_fraction        | 0.00862      |
|    clip_range           | 0.2          |
|    entropy_loss         | -0.199       |
|    explained_variance   | 0.892        |
|    learning_rate        | 0.0003       |
|    loss                 | 0.00286      |
|    n_updates            | 350          |
|    policy_gradient_loss | -0.000349    |
|    value_loss           | 0.000353     |
------------------------------------------
  step  150000/500000 ( 30.0%)  mean_rew=-0.001
-------------------------------------------
| time/                   |               |
|    fps                  | 1158          |
|    iterations           | 37            |
|    time_elapsed         | 130           |
|    total_timesteps      | 151552        |
| train/                  |               |
|    approx_kl            | 0.00081380433 |
|    clip_fraction        | 0.0157        |
|    clip_range           | 0.2           |
|    entropy_loss         | -0.192        |
|    explained_variance   | 0.871         |
|    learning_rate        | 0.0003        |
|    loss                 | 0.000571      |
|    n_updates            | 360           |
|    policy_gradient_loss | -0.000948     |
|    value_loss           | 0.000407      |
-------------------------------------------
  step  155000/500000 ( 31.0%)  mean_rew=-0.001
------------------------------------------
| time/                   |              |
|    fps                  | 1159         |
|    iterations           | 38           |
|    time_elapsed         | 134          |
|    total_timesteps      | 155648       |
| train/                  |              |
|    approx_kl            | 0.0035046157 |
|    clip_fraction        | 0.0197       |
|    clip_range           | 0.2          |
|    entropy_loss         | -0.171       |
|    explained_variance   | 0.883        |
|    learning_rate        | 0.0003       |
|    loss                 | -0.0068      |
|    n_updates            | 370          |
|    policy_gradient_loss | -0.000862    |
|    value_loss           | 0.000347     |
------------------------------------------
-------------------------------------------
| time/                   |               |
|    fps                  | 1159          |
|    iterations           | 39            |
|    time_elapsed         | 137           |
|    total_timesteps      | 159744        |
| train/                  |               |
|    approx_kl            | 0.00051661703 |
|    clip_fraction        | 0.0102        |
|    clip_range           | 0.2           |
|    entropy_loss         | -0.159        |
|    explained_variance   | 0.861         |
|    learning_rate        | 0.0003        |
|    loss                 | -0.0017       |
|    n_updates            | 380           |
|    policy_gradient_loss | -0.000528     |
|    value_loss           | 0.000383      |
-------------------------------------------
  step  160000/500000 ( 32.0%)  mean_rew=-0.001
------------------------------------------
| time/                   |              |
|    fps                  | 1159         |
|    iterations           | 40           |
|    time_elapsed         | 141          |
|    total_timesteps      | 163840       |
| train/                  |              |
|    approx_kl            | 0.0008757941 |
|    clip_fraction        | 0.0145       |
|    clip_range           | 0.2          |
|    entropy_loss         | -0.155       |
|    explained_variance   | 0.93         |
|    learning_rate        | 0.0003       |
|    loss                 | -0.0025      |
|    n_updates            | 390          |
|    policy_gradient_loss | -0.00111     |
|    value_loss           | 0.00019      |
------------------------------------------
  step  165000/500000 ( 33.0%)  mean_rew=-0.001
------------------------------------------
| time/                   |              |
|    fps                  | 1160         |
|    iterations           | 41           |
|    time_elapsed         | 144          |
|    total_timesteps      | 167936       |
| train/                  |              |
|    approx_kl            | 0.0009247893 |
|    clip_fraction        | 0.0147       |
|    clip_range           | 0.2          |
|    entropy_loss         | -0.135       |
|    explained_variance   | 0.883        |
|    learning_rate        | 0.0003       |
|    loss                 | -0.0133      |
|    n_updates            | 400          |
|    policy_gradient_loss | -0.0012      |
|    value_loss           | 0.000312     |
------------------------------------------
  step  170000/500000 ( 34.0%)  mean_rew=-0.000
------------------------------------------
| time/                   |              |
|    fps                  | 1159         |
|    iterations           | 42           |
|    time_elapsed         | 148          |
|    total_timesteps      | 172032       |
| train/                  |              |
|    approx_kl            | 0.0006001369 |
|    clip_fraction        | 0.0113       |
|    clip_range           | 0.2          |
|    entropy_loss         | -0.125       |
|    explained_variance   | 0.897        |
|    learning_rate        | 0.0003       |
|    loss                 | 0.00233      |
|    n_updates            | 410          |
|    policy_gradient_loss | -0.000873    |
|    value_loss           | 0.000227     |
------------------------------------------
  step  175000/500000 ( 35.0%)  mean_rew=-0.001
------------------------------------------
| time/                   |              |
|    fps                  | 1159         |
|    iterations           | 43           |
|    time_elapsed         | 151          |
|    total_timesteps      | 176128       |
| train/                  |              |
|    approx_kl            | 0.0006090752 |
|    clip_fraction        | 0.00872      |
|    clip_range           | 0.2          |
|    entropy_loss         | -0.133       |
|    explained_variance   | 0.9          |
|    learning_rate        | 0.0003       |
|    loss                 | -0.00139     |
|    n_updates            | 420          |
|    policy_gradient_loss | -0.00028     |
|    value_loss           | 0.000249     |
------------------------------------------
  step  180000/500000 ( 36.0%)  mean_rew=-0.000
------------------------------------------
| time/                   |              |
|    fps                  | 1159         |
|    iterations           | 44           |
|    time_elapsed         | 155          |
|    total_timesteps      | 180224       |
| train/                  |              |
|    approx_kl            | 0.0006074975 |
|    clip_fraction        | 0.0062       |
|    clip_range           | 0.2          |
|    entropy_loss         | -0.127       |
|    explained_variance   | 0.867        |
|    learning_rate        | 0.0003       |
|    loss                 | 0.000963     |
|    n_updates            | 430          |
|    policy_gradient_loss | -0.000373    |
|    value_loss           | 0.000346     |
------------------------------------------
-------------------------------------------
| time/                   |               |
|    fps                  | 1159          |
|    iterations           | 45            |
|    time_elapsed         | 158           |
|    total_timesteps      | 184320        |
| train/                  |               |
|    approx_kl            | 0.00025035834 |
|    clip_fraction        | 0.00547       |
|    clip_range           | 0.2           |
|    entropy_loss         | -0.129        |
|    explained_variance   | 0.873         |
|    learning_rate        | 0.0003        |
|    loss                 | -0.000417     |
|    n_updates            | 440           |
|    policy_gradient_loss | -0.000351     |
|    value_loss           | 0.000321      |
-------------------------------------------
  step  185000/500000 ( 37.0%)  mean_rew=-0.002
-------------------------------------------
| time/                   |               |
|    fps                  | 1159          |
|    iterations           | 46            |
|    time_elapsed         | 162           |
|    total_timesteps      | 188416        |
| train/                  |               |
|    approx_kl            | 0.00061677967 |
|    clip_fraction        | 0.0106        |
|    clip_range           | 0.2           |
|    entropy_loss         | -0.123        |
|    explained_variance   | 0.871         |
|    learning_rate        | 0.0003        |
|    loss                 | 0.000941      |
|    n_updates            | 450           |
|    policy_gradient_loss | -0.000143     |
|    value_loss           | 0.000306      |
-------------------------------------------
  step  190000/500000 ( 38.0%)  mean_rew=+0.000
-------------------------------------------
| time/                   |               |
|    fps                  | 1159          |
|    iterations           | 47            |
|    time_elapsed         | 166           |
|    total_timesteps      | 192512        |
| train/                  |               |
|    approx_kl            | 0.00062154245 |
|    clip_fraction        | 0.0106        |
|    clip_range           | 0.2           |
|    entropy_loss         | -0.118        |
|    explained_variance   | 0.905         |
|    learning_rate        | 0.0003        |
|    loss                 | 0.00098       |
|    n_updates            | 460           |
|    policy_gradient_loss | -0.000431     |
|    value_loss           | 0.000245      |
-------------------------------------------
  step  195000/500000 ( 39.0%)  mean_rew=+0.000
------------------------------------------
| time/                   |              |
|    fps                  | 1160         |
|    iterations           | 48           |
|    time_elapsed         | 169          |
|    total_timesteps      | 196608       |
| train/                  |              |
|    approx_kl            | 0.0004901752 |
|    clip_fraction        | 0.0072       |
|    clip_range           | 0.2          |
|    entropy_loss         | -0.118       |
|    explained_variance   | 0.875        |
|    learning_rate        | 0.0003       |
|    loss                 | -0.000535    |
|    n_updates            | 470          |
|    policy_gradient_loss | -0.000255    |
|    value_loss           | 0.000315     |
------------------------------------------
  step  200000/500000 ( 40.0%)  mean_rew=+0.000
-----------------------------------------
| time/                   |             |
|    fps                  | 1159        |
|    iterations           | 49          |
|    time_elapsed         | 173         |
|    total_timesteps      | 200704      |
| train/                  |             |
|    approx_kl            | 0.009292418 |
|    clip_fraction        | 0.0198      |
|    clip_range           | 0.2         |
|    entropy_loss         | -0.136      |
|    explained_variance   | 0.895       |
|    learning_rate        | 0.0003      |
|    loss                 | -0.00485    |
|    n_updates            | 480         |
|    policy_gradient_loss | -0.00174    |
|    value_loss           | 0.000221    |
-----------------------------------------
------------------------------------------
| time/                   |              |
|    fps                  | 1159         |
|    iterations           | 50           |
|    time_elapsed         | 176          |
|    total_timesteps      | 204800       |
| train/                  |              |
|    approx_kl            | 0.0011318362 |
|    clip_fraction        | 0.0182       |
|    clip_range           | 0.2          |
|    entropy_loss         | -0.162       |
|    explained_variance   | 0.903        |
|    learning_rate        | 0.0003       |
|    loss                 | -0.00174     |
|    n_updates            | 490          |
|    policy_gradient_loss | -0.00102     |
|    value_loss           | 0.000219     |
------------------------------------------
  step  205000/500000 ( 41.0%)  mean_rew=-0.001
------------------------------------------
| time/                   |              |
|    fps                  | 1159         |
|    iterations           | 51           |
|    time_elapsed         | 180          |
|    total_timesteps      | 208896       |
| train/                  |              |
|    approx_kl            | 0.0007385722 |
|    clip_fraction        | 0.0108       |
|    clip_range           | 0.2          |
|    entropy_loss         | -0.164       |
|    explained_variance   | 0.84         |
|    learning_rate        | 0.0003       |
|    loss                 | -0.000736    |
|    n_updates            | 500          |
|    policy_gradient_loss | -0.000428    |
|    value_loss           | 0.000404     |
------------------------------------------
  step  210000/500000 ( 42.0%)  mean_rew=-0.001
------------------------------------------
| time/                   |              |
|    fps                  | 1160         |
|    iterations           | 52           |
|    time_elapsed         | 183          |
|    total_timesteps      | 212992       |
| train/                  |              |
|    approx_kl            | 0.0009358793 |
|    clip_fraction        | 0.015        |
|    clip_range           | 0.2          |
|    entropy_loss         | -0.16        |
|    explained_variance   | 0.864        |
|    learning_rate        | 0.0003       |
|    loss                 | -0.000272    |
|    n_updates            | 510          |
|    policy_gradient_loss | -0.000852    |
|    value_loss           | 0.000322     |
------------------------------------------
  step  215000/500000 ( 43.0%)  mean_rew=+0.000
-------------------------------------------
| time/                   |               |
|    fps                  | 1159          |
|    iterations           | 53            |
|    time_elapsed         | 187           |
|    total_timesteps      | 217088        |
| train/                  |               |
|    approx_kl            | 0.00086469227 |
|    clip_fraction        | 0.012         |
|    clip_range           | 0.2           |
|    entropy_loss         | -0.158        |
|    explained_variance   | 0.913         |
|    learning_rate        | 0.0003        |
|    loss                 | -0.000533     |
|    n_updates            | 520           |
|    policy_gradient_loss | -0.000449     |
|    value_loss           | 0.000195      |
-------------------------------------------
  step  220000/500000 ( 44.0%)  mean_rew=-0.001
------------------------------------------
| time/                   |              |
|    fps                  | 1159         |
|    iterations           | 54           |
|    time_elapsed         | 190          |
|    total_timesteps      | 221184       |
| train/                  |              |
|    approx_kl            | 0.0013036518 |
|    clip_fraction        | 0.0184       |
|    clip_range           | 0.2          |
|    entropy_loss         | -0.146       |
|    explained_variance   | 0.841        |
|    learning_rate        | 0.0003       |
|    loss                 | -0.00856     |
|    n_updates            | 530          |
|    policy_gradient_loss | -0.000614    |
|    value_loss           | 0.000435     |
------------------------------------------
  step  225000/500000 ( 45.0%)  mean_rew=-0.001
-------------------------------------------
| time/                   |               |
|    fps                  | 1159          |
|    iterations           | 55            |
|    time_elapsed         | 194           |
|    total_timesteps      | 225280        |
| train/                  |               |
|    approx_kl            | 0.00058742345 |
|    clip_fraction        | 0.00684       |
|    clip_range           | 0.2           |
|    entropy_loss         | -0.149        |
|    explained_variance   | 0.859         |
|    learning_rate        | 0.0003        |
|    loss                 | 0.000757      |
|    n_updates            | 540           |
|    policy_gradient_loss | -0.000127     |
|    value_loss           | 0.000354      |
-------------------------------------------
------------------------------------------
| time/                   |              |
|    fps                  | 1159         |
|    iterations           | 56           |
|    time_elapsed         | 197          |
|    total_timesteps      | 229376       |
| train/                  |              |
|    approx_kl            | 0.0005814109 |
|    clip_fraction        | 0.00977      |
|    clip_range           | 0.2          |
|    entropy_loss         | -0.154       |
|    explained_variance   | 0.887        |
|    learning_rate        | 0.0003       |
|    loss                 | -0.00306     |
|    n_updates            | 550          |
|    policy_gradient_loss | -0.000247    |
|    value_loss           | 0.000241     |
------------------------------------------
  step  230000/500000 ( 46.0%)  mean_rew=-0.001
-----------------------------------------
| time/                   |             |
|    fps                  | 1159        |
|    iterations           | 57          |
|    time_elapsed         | 201         |
|    total_timesteps      | 233472      |
| train/                  |             |
|    approx_kl            | 0.003976277 |
|    clip_fraction        | 0.0124      |
|    clip_range           | 0.2         |
|    entropy_loss         | -0.155      |
|    explained_variance   | 0.905       |
|    learning_rate        | 0.0003      |
|    loss                 | 0.000152    |
|    n_updates            | 560         |
|    policy_gradient_loss | -0.000634   |
|    value_loss           | 0.000219    |
-----------------------------------------
  step  235000/500000 ( 47.0%)  mean_rew=+0.000
------------------------------------------
| time/                   |              |
|    fps                  | 1160         |
|    iterations           | 58           |
|    time_elapsed         | 204          |
|    total_timesteps      | 237568       |
| train/                  |              |
|    approx_kl            | 0.0008757609 |
|    clip_fraction        | 0.00886      |
|    clip_range           | 0.2          |
|    entropy_loss         | -0.162       |
|    explained_variance   | 0.852        |
|    learning_rate        | 0.0003       |
|    loss                 | -0.000436    |
|    n_updates            | 570          |
|    policy_gradient_loss | -8.18e-05    |
|    value_loss           | 0.000386     |
------------------------------------------
  step  240000/500000 ( 48.0%)  mean_rew=-0.000
------------------------------------------
| time/                   |              |
|    fps                  | 1160         |
|    iterations           | 59           |
|    time_elapsed         | 208          |
|    total_timesteps      | 241664       |
| train/                  |              |
|    approx_kl            | 0.0010655851 |
|    clip_fraction        | 0.011        |
|    clip_range           | 0.2          |
|    entropy_loss         | -0.151       |
|    explained_variance   | 0.876        |
|    learning_rate        | 0.0003       |
|    loss                 | 0.000985     |
|    n_updates            | 580          |
|    policy_gradient_loss | -0.000397    |
|    value_loss           | 0.000296     |
------------------------------------------
  step  245000/500000 ( 49.0%)  mean_rew=-0.000
------------------------------------------
| time/                   |              |
|    fps                  | 1159         |
|    iterations           | 60           |
|    time_elapsed         | 211          |
|    total_timesteps      | 245760       |
| train/                  |              |
|    approx_kl            | 0.0010629524 |
|    clip_fraction        | 0.0129       |
|    clip_range           | 0.2          |
|    entropy_loss         | -0.132       |
|    explained_variance   | 0.92         |
|    learning_rate        | 0.0003       |
|    loss                 | 0.00157      |
|    n_updates            | 590          |
|    policy_gradient_loss | -0.000519    |
|    value_loss           | 0.000196     |
------------------------------------------
-------------------------------------------
| time/                   |               |
|    fps                  | 1159          |
|    iterations           | 61            |
|    time_elapsed         | 215           |
|    total_timesteps      | 249856        |
| train/                  |               |
|    approx_kl            | 0.00085026014 |
|    clip_fraction        | 0.0127        |
|    clip_range           | 0.2           |
|    entropy_loss         | -0.121        |
|    explained_variance   | 0.871         |
|    learning_rate        | 0.0003        |
|    loss                 | 0.00106       |
|    n_updates            | 600           |
|    policy_gradient_loss | -0.000333     |
|    value_loss           | 0.000343      |
-------------------------------------------
  step  250000/500000 ( 50.0%)  mean_rew=+0.000
------------------------------------------
| time/                   |              |
|    fps                  | 1159         |
|    iterations           | 62           |
|    time_elapsed         | 219          |
|    total_timesteps      | 253952       |
| train/                  |              |
|    approx_kl            | 0.0012330709 |
|    clip_fraction        | 0.0113       |
|    clip_range           | 0.2          |
|    entropy_loss         | -0.12        |
|    explained_variance   | 0.868        |
|    learning_rate        | 0.0003       |
|    loss                 | 0.000543     |
|    n_updates            | 610          |
|    policy_gradient_loss | -0.000462    |
|    value_loss           | 0.000339     |
------------------------------------------
  step  255000/500000 ( 51.0%)  mean_rew=-0.002
-------------------------------------------
| time/                   |               |
|    fps                  | 1159          |
|    iterations           | 63            |
|    time_elapsed         | 222           |
|    total_timesteps      | 258048        |
| train/                  |               |
|    approx_kl            | 0.00077695516 |
|    clip_fraction        | 0.00996       |
|    clip_range           | 0.2           |
|    entropy_loss         | -0.109        |
|    explained_variance   | 0.888         |
|    learning_rate        | 0.0003        |
|    loss                 | 0.00735       |
|    n_updates            | 620           |
|    policy_gradient_loss | -0.000473     |
|    value_loss           | 0.000225      |
-------------------------------------------
  step  260000/500000 ( 52.0%)  mean_rew=-0.002
-------------------------------------------
| time/                   |               |
|    fps                  | 1159          |
|    iterations           | 64            |
|    time_elapsed         | 226           |
|    total_timesteps      | 262144        |
| train/                  |               |
|    approx_kl            | 0.00043636237 |
|    clip_fraction        | 0.00796       |
|    clip_range           | 0.2           |
|    entropy_loss         | -0.113        |
|    explained_variance   | 0.894         |
|    learning_rate        | 0.0003        |
|    loss                 | -0.00136      |
|    n_updates            | 630           |
|    policy_gradient_loss | -0.000359     |
|    value_loss           | 0.000253      |
-------------------------------------------
  step  265000/500000 ( 53.0%)  mean_rew=+0.000
-------------------------------------------
| time/                   |               |
|    fps                  | 1159          |
|    iterations           | 65            |
|    time_elapsed         | 229           |
|    total_timesteps      | 266240        |
| train/                  |               |
|    approx_kl            | 0.00059435726 |
|    clip_fraction        | 0.00933       |
|    clip_range           | 0.2           |
|    entropy_loss         | -0.108        |
|    explained_variance   | 0.864         |
|    learning_rate        | 0.0003        |
|    loss                 | -0.00136      |
|    n_updates            | 640           |
|    policy_gradient_loss | -0.000561     |
|    value_loss           | 0.00033       |
-------------------------------------------
  step  270000/500000 ( 54.0%)  mean_rew=-0.001
------------------------------------------
| time/                   |              |
|    fps                  | 1159         |
|    iterations           | 66           |
|    time_elapsed         | 233          |
|    total_timesteps      | 270336       |
| train/                  |              |
|    approx_kl            | 0.0007480816 |
|    clip_fraction        | 0.00806      |
|    clip_range           | 0.2          |
|    entropy_loss         | -0.0999      |
|    explained_variance   | 0.886        |
|    learning_rate        | 0.0003       |
|    loss                 | 0.000541     |
|    n_updates            | 650          |
|    policy_gradient_loss | -0.000205    |
|    value_loss           | 0.000246     |
------------------------------------------
-------------------------------------------
| time/                   |               |
|    fps                  | 1159          |
|    iterations           | 67            |
|    time_elapsed         | 236           |
|    total_timesteps      | 274432        |
| train/                  |               |
|    approx_kl            | 0.00035585248 |
|    clip_fraction        | 0.00896       |
|    clip_range           | 0.2           |
|    entropy_loss         | -0.0911       |
|    explained_variance   | 0.913         |
|    learning_rate        | 0.0003        |
|    loss                 | -0.000991     |
|    n_updates            | 660           |
|    policy_gradient_loss | -0.000439     |
|    value_loss           | 0.000202      |
-------------------------------------------
  step  275000/500000 ( 55.0%)  mean_rew=+0.000
------------------------------------------
| time/                   |              |
|    fps                  | 1158         |
|    iterations           | 68           |
|    time_elapsed         | 240          |
|    total_timesteps      | 278528       |
| train/                  |              |
|    approx_kl            | 0.0004426891 |
|    clip_fraction        | 0.00747      |
|    clip_range           | 0.2          |
|    entropy_loss         | -0.0846      |
|    explained_variance   | 0.872        |
|    learning_rate        | 0.0003       |
|    loss                 | 0.00039      |
|    n_updates            | 670          |
|    policy_gradient_loss | -0.000275    |
|    value_loss           | 0.000311     |
------------------------------------------
  step  280000/500000 ( 56.0%)  mean_rew=-0.002
------------------------------------------
| time/                   |              |
|    fps                  | 1159         |
|    iterations           | 69           |
|    time_elapsed         | 243          |
|    total_timesteps      | 282624       |
| train/                  |              |
|    approx_kl            | 0.0010951807 |
|    clip_fraction        | 0.0189       |
|    clip_range           | 0.2          |
|    entropy_loss         | -0.0773      |
|    explained_variance   | 0.86         |
|    learning_rate        | 0.0003       |
|    loss                 | -0.000974    |
|    n_updates            | 680          |
|    policy_gradient_loss | -0.00156     |
|    value_loss           | 0.000356     |
------------------------------------------
  step  285000/500000 ( 57.0%)  mean_rew=-0.000
---------------------------------------
| time/                   |           |
|    fps                  | 1159      |
|    iterations           | 70        |
|    time_elapsed         | 247       |
|    total_timesteps      | 286720    |
| train/                  |           |
|    approx_kl            | 0.0168175 |
|    clip_fraction        | 0.0299    |
|    clip_range           | 0.2       |
|    entropy_loss         | -0.108    |
|    explained_variance   | 0.886     |
|    learning_rate        | 0.0003    |
|    loss                 | -0.00904  |
|    n_updates            | 690       |
|    policy_gradient_loss | -0.00189  |
|    value_loss           | 0.000242  |
---------------------------------------
  step  290000/500000 ( 58.0%)  mean_rew=-0.000
------------------------------------------
| time/                   |              |
|    fps                  | 1159         |
|    iterations           | 71           |
|    time_elapsed         | 250          |
|    total_timesteps      | 290816       |
| train/                  |              |
|    approx_kl            | 0.0011089743 |
|    clip_fraction        | 0.017        |
|    clip_range           | 0.2          |
|    entropy_loss         | -0.126       |
|    explained_variance   | 0.903        |
|    learning_rate        | 0.0003       |
|    loss                 | -0.000343    |
|    n_updates            | 700          |
|    policy_gradient_loss | -0.000171    |
|    value_loss           | 0.00023      |
------------------------------------------
-------------------------------------------
| time/                   |               |
|    fps                  | 1159          |
|    iterations           | 72            |
|    time_elapsed         | 254           |
|    total_timesteps      | 294912        |
| train/                  |               |
|    approx_kl            | 0.00042411714 |
|    clip_fraction        | 0.00933       |
|    clip_range           | 0.2           |
|    entropy_loss         | -0.131        |
|    explained_variance   | 0.851         |
|    learning_rate        | 0.0003        |
|    loss                 | 0.00367       |
|    n_updates            | 710           |
|    policy_gradient_loss | 0.000178      |
|    value_loss           | 0.000391      |
-------------------------------------------
  step  295000/500000 ( 59.0%)  mean_rew=-0.001
-------------------------------------------
| time/                   |               |
|    fps                  | 1159          |
|    iterations           | 73            |
|    time_elapsed         | 257           |
|    total_timesteps      | 299008        |
| train/                  |               |
|    approx_kl            | 0.00074832625 |
|    clip_fraction        | 0.00945       |
|    clip_range           | 0.2           |
|    entropy_loss         | -0.13         |
|    explained_variance   | 0.88          |
|    learning_rate        | 0.0003        |
|    loss                 | 0.000105      |
|    n_updates            | 720           |
|    policy_gradient_loss | 0.000103      |
|    value_loss           | 0.000262      |
-------------------------------------------
  step  300000/500000 ( 60.0%)  mean_rew=-0.001
-------------------------------------------
| time/                   |               |
|    fps                  | 1158          |
|    iterations           | 74            |
|    time_elapsed         | 261           |
|    total_timesteps      | 303104        |
| train/                  |               |
|    approx_kl            | 0.00074283284 |
|    clip_fraction        | 0.0153        |
|    clip_range           | 0.2           |
|    entropy_loss         | -0.139        |
|    explained_variance   | 0.925         |
|    learning_rate        | 0.0003        |
|    loss                 | -0.00192      |
|    n_updates            | 730           |
|    policy_gradient_loss | -0.000634     |
|    value_loss           | 0.000179      |
-------------------------------------------
  step  305000/500000 ( 61.0%)  mean_rew=-0.002
------------------------------------------
| time/                   |              |
|    fps                  | 1158         |
|    iterations           | 75           |
|    time_elapsed         | 265          |
|    total_timesteps      | 307200       |
| train/                  |              |
|    approx_kl            | 0.0005897628 |
|    clip_fraction        | 0.0116       |
|    clip_range           | 0.2          |
|    entropy_loss         | -0.147       |
|    explained_variance   | 0.866        |
|    learning_rate        | 0.0003       |
|    loss                 | 0.000815     |
|    n_updates            | 740          |
|    policy_gradient_loss | -0.000689    |
|    value_loss           | 0.000348     |
------------------------------------------
  step  310000/500000 ( 62.0%)  mean_rew=-0.001
------------------------------------------
| time/                   |              |
|    fps                  | 1158         |
|    iterations           | 76           |
|    time_elapsed         | 268          |
|    total_timesteps      | 311296       |
| train/                  |              |
|    approx_kl            | 0.0015519746 |
|    clip_fraction        | 0.0234       |
|    clip_range           | 0.2          |
|    entropy_loss         | -0.148       |
|    explained_variance   | 0.879        |
|    learning_rate        | 0.0003       |
|    loss                 | 0.000343     |
|    n_updates            | 750          |
|    policy_gradient_loss | -0.00108     |
|    value_loss           | 0.0003       |
------------------------------------------
  step  315000/500000 ( 63.0%)  mean_rew=-0.002
------------------------------------------
| time/                   |              |
|    fps                  | 1158         |
|    iterations           | 77           |
|    time_elapsed         | 272          |
|    total_timesteps      | 315392       |
| train/                  |              |
|    approx_kl            | 0.0008959584 |
|    clip_fraction        | 0.0173       |
|    clip_range           | 0.2          |
|    entropy_loss         | -0.158       |
|    explained_variance   | 0.89         |
|    learning_rate        | 0.0003       |
|    loss                 | -0.00224     |
|    n_updates            | 760          |
|    policy_gradient_loss | -0.000627    |
|    value_loss           | 0.000233     |
------------------------------------------
------------------------------------------
| time/                   |              |
|    fps                  | 1158         |
|    iterations           | 78           |
|    time_elapsed         | 275          |
|    total_timesteps      | 319488       |
| train/                  |              |
|    approx_kl            | 0.0015451568 |
|    clip_fraction        | 0.0163       |
|    clip_range           | 0.2          |
|    entropy_loss         | -0.169       |
|    explained_variance   | 0.916        |
|    learning_rate        | 0.0003       |
|    loss                 | -0.000214    |
|    n_updates            | 770          |
|    policy_gradient_loss | -0.000537    |
|    value_loss           | 0.000194     |
------------------------------------------
  step  320000/500000 ( 64.0%)  mean_rew=-0.000
------------------------------------------
| time/                   |              |
|    fps                  | 1158         |
|    iterations           | 79           |
|    time_elapsed         | 279          |
|    total_timesteps      | 323584       |
| train/                  |              |
|    approx_kl            | 0.0017789111 |
|    clip_fraction        | 0.0197       |
|    clip_range           | 0.2          |
|    entropy_loss         | -0.158       |
|    explained_variance   | 0.873        |
|    learning_rate        | 0.0003       |
|    loss                 | -0.00444     |
|    n_updates            | 780          |
|    policy_gradient_loss | -0.00102     |
|    value_loss           | 0.00032      |
------------------------------------------
  step  325000/500000 ( 65.0%)  mean_rew=-0.001
------------------------------------------
| time/                   |              |
|    fps                  | 1158         |
|    iterations           | 80           |
|    time_elapsed         | 282          |
|    total_timesteps      | 327680       |
| train/                  |              |
|    approx_kl            | 0.0060917987 |
|    clip_fraction        | 0.034        |
|    clip_range           | 0.2          |
|    entropy_loss         | -0.164       |
|    explained_variance   | 0.893        |
|    learning_rate        | 0.0003       |
|    loss                 | -0.00096     |
|    n_updates            | 790          |
|    policy_gradient_loss | -0.00082     |
|    value_loss           | 0.00022      |
------------------------------------------
  step  330000/500000 ( 66.0%)  mean_rew=-0.001
-----------------------------------------
| time/                   |             |
|    fps                  | 1158        |
|    iterations           | 81          |
|    time_elapsed         | 286         |
|    total_timesteps      | 331776      |
| train/                  |             |
|    approx_kl            | 0.002182831 |
|    clip_fraction        | 0.0145      |
|    clip_range           | 0.2         |
|    entropy_loss         | -0.16       |
|    explained_variance   | 0.905       |
|    learning_rate        | 0.0003      |
|    loss                 | 0.00169     |
|    n_updates            | 800         |
|    policy_gradient_loss | -0.00027    |
|    value_loss           | 0.000223    |
-----------------------------------------
  step  335000/500000 ( 67.0%)  mean_rew=-0.001
------------------------------------------
| time/                   |              |
|    fps                  | 1159         |
|    iterations           | 82           |
|    time_elapsed         | 289          |
|    total_timesteps      | 335872       |
| train/                  |              |
|    approx_kl            | 0.0010379127 |
|    clip_fraction        | 0.0127       |
|    clip_range           | 0.2          |
|    entropy_loss         | -0.169       |
|    explained_variance   | 0.876        |
|    learning_rate        | 0.0003       |
|    loss                 | 0.0014       |
|    n_updates            | 810          |
|    policy_gradient_loss | -0.000276    |
|    value_loss           | 0.000283     |
------------------------------------------
------------------------------------------
| time/                   |              |
|    fps                  | 1160         |
|    iterations           | 83           |
|    time_elapsed         | 292          |
|    total_timesteps      | 339968       |
| train/                  |              |
|    approx_kl            | 0.0018583238 |
|    clip_fraction        | 0.0202       |
|    clip_range           | 0.2          |
|    entropy_loss         | -0.163       |
|    explained_variance   | 0.859        |
|    learning_rate        | 0.0003       |
|    loss                 | 0.00262      |
|    n_updates            | 820          |
|    policy_gradient_loss | -0.000648    |
|    value_loss           | 0.000345     |
------------------------------------------
  step  340000/500000 ( 68.0%)  mean_rew=+0.000
------------------------------------------
| time/                   |              |
|    fps                  | 1162         |
|    iterations           | 84           |
|    time_elapsed         | 296          |
|    total_timesteps      | 344064       |
| train/                  |              |
|    approx_kl            | 0.0014549127 |
|    clip_fraction        | 0.0117       |
|    clip_range           | 0.2          |
|    entropy_loss         | -0.155       |
|    explained_variance   | 0.881        |
|    learning_rate        | 0.0003       |
|    loss                 | -0.000818    |
|    n_updates            | 830          |
|    policy_gradient_loss | -0.000189    |
|    value_loss           | 0.000252     |
------------------------------------------
  step  345000/500000 ( 69.0%)  mean_rew=-0.000
------------------------------------------
| time/                   |              |
|    fps                  | 1163         |
|    iterations           | 85           |
|    time_elapsed         | 299          |
|    total_timesteps      | 348160       |
| train/                  |              |
|    approx_kl            | 0.0026329015 |
|    clip_fraction        | 0.0365       |
|    clip_range           | 0.2          |
|    entropy_loss         | -0.147       |
|    explained_variance   | 0.918        |
|    learning_rate        | 0.0003       |
|    loss                 | 0.000767     |
|    n_updates            | 840          |
|    policy_gradient_loss | -0.000754    |
|    value_loss           | 0.000184     |
------------------------------------------
  step  350000/500000 ( 70.0%)  mean_rew=-0.001
------------------------------------------
| time/                   |              |
|    fps                  | 1165         |
|    iterations           | 86           |
|    time_elapsed         | 302          |
|    total_timesteps      | 352256       |
| train/                  |              |
|    approx_kl            | 0.0012857121 |
|    clip_fraction        | 0.014        |
|    clip_range           | 0.2          |
|    entropy_loss         | -0.141       |
|    explained_variance   | 0.869        |
|    learning_rate        | 0.0003       |
|    loss                 | -0.000609    |
|    n_updates            | 850          |
|    policy_gradient_loss | -0.000404    |
|    value_loss           | 0.000328     |
------------------------------------------
  step  355000/500000 ( 71.0%)  mean_rew=-0.001
-------------------------------------------
| time/                   |               |
|    fps                  | 1166          |
|    iterations           | 87            |
|    time_elapsed         | 305           |
|    total_timesteps      | 356352        |
| train/                  |               |
|    approx_kl            | 0.00049719797 |
|    clip_fraction        | 0.0084        |
|    clip_range           | 0.2           |
|    entropy_loss         | -0.132        |
|    explained_variance   | 0.871         |
|    learning_rate        | 0.0003        |
|    loss                 | 1.55e-05      |
|    n_updates            | 860           |
|    policy_gradient_loss | -0.000529     |
|    value_loss           | 0.000263      |
-------------------------------------------
  step  360000/500000 ( 72.0%)  mean_rew=-0.001
------------------------------------------
| time/                   |              |
|    fps                  | 1168         |
|    iterations           | 88           |
|    time_elapsed         | 308          |
|    total_timesteps      | 360448       |
| train/                  |              |
|    approx_kl            | 0.0011989244 |
|    clip_fraction        | 0.0126       |
|    clip_range           | 0.2          |
|    entropy_loss         | -0.124       |
|    explained_variance   | 0.905        |
|    learning_rate        | 0.0003       |
|    loss                 | 0.0021       |
|    n_updates            | 870          |
|    policy_gradient_loss | -0.000475    |
|    value_loss           | 0.000213     |
------------------------------------------
------------------------------------------
| time/                   |              |
|    fps                  | 1170         |
|    iterations           | 89           |
|    time_elapsed         | 311          |
|    total_timesteps      | 364544       |
| train/                  |              |
|    approx_kl            | 0.0012488938 |
|    clip_fraction        | 0.0225       |
|    clip_range           | 0.2          |
|    entropy_loss         | -0.0986      |
|    explained_variance   | 0.857        |
|    learning_rate        | 0.0003       |
|    loss                 | 3.33e-05     |
|    n_updates            | 880          |
|    policy_gradient_loss | -0.000753    |
|    value_loss           | 0.000348     |
------------------------------------------
  step  365000/500000 ( 73.0%)  mean_rew=+0.000
-------------------------------------------
| time/                   |               |
|    fps                  | 1172          |
|    iterations           | 90            |
|    time_elapsed         | 314           |
|    total_timesteps      | 368640        |
| train/                  |               |
|    approx_kl            | 0.00036109722 |
|    clip_fraction        | 0.0053        |
|    clip_range           | 0.2           |
|    entropy_loss         | -0.0897       |
|    explained_variance   | 0.868         |
|    learning_rate        | 0.0003        |
|    loss                 | -0.000497     |
|    n_updates            | 890           |
|    policy_gradient_loss | -0.000165     |
|    value_loss           | 0.00033       |
-------------------------------------------
  step  370000/500000 ( 74.0%)  mean_rew=-0.001
------------------------------------------
| time/                   |              |
|    fps                  | 1174         |
|    iterations           | 91           |
|    time_elapsed         | 317          |
|    total_timesteps      | 372736       |
| train/                  |              |
|    approx_kl            | 0.0006580687 |
|    clip_fraction        | 0.00862      |
|    clip_range           | 0.2          |
|    entropy_loss         | -0.0861      |
|    explained_variance   | 0.883        |
|    learning_rate        | 0.0003       |
|    loss                 | 2.03e-05     |
|    n_updates            | 900          |
|    policy_gradient_loss | -0.000567    |
|    value_loss           | 0.000266     |
------------------------------------------
  step  375000/500000 ( 75.0%)  mean_rew=-0.003
-------------------------------------------
| time/                   |               |
|    fps                  | 1175          |
|    iterations           | 92            |
|    time_elapsed         | 320           |
|    total_timesteps      | 376832        |
| train/                  |               |
|    approx_kl            | 0.00073917594 |
|    clip_fraction        | 0.0119        |
|    clip_range           | 0.2           |
|    entropy_loss         | -0.076        |
|    explained_variance   | 0.924         |
|    learning_rate        | 0.0003        |
|    loss                 | -0.00206      |
|    n_updates            | 910           |
|    policy_gradient_loss | -0.000343     |
|    value_loss           | 0.000175      |
-------------------------------------------
  step  380000/500000 ( 76.0%)  mean_rew=-0.001
-------------------------------------------
| time/                   |               |
|    fps                  | 1178          |
|    iterations           | 93            |
|    time_elapsed         | 323           |
|    total_timesteps      | 380928        |
| train/                  |               |
|    approx_kl            | 0.00045870122 |
|    clip_fraction        | 0.00583       |
|    clip_range           | 0.2           |
|    entropy_loss         | -0.0771       |
|    explained_variance   | 0.854         |
|    learning_rate        | 0.0003        |
|    loss                 | 0.000435      |
|    n_updates            | 920           |
|    policy_gradient_loss | -0.000253     |
|    value_loss           | 0.000368      |
-------------------------------------------
  step  385000/500000 ( 77.0%)  mean_rew=+0.000
-------------------------------------------
| time/                   |               |
|    fps                  | 1179          |
|    iterations           | 94            |
|    time_elapsed         | 326           |
|    total_timesteps      | 385024        |
| train/                  |               |
|    approx_kl            | 0.00025124598 |
|    clip_fraction        | 0.00352       |
|    clip_range           | 0.2           |
|    entropy_loss         | -0.0697       |
|    explained_variance   | 0.89          |
|    learning_rate        | 0.0003        |
|    loss                 | -0.000519     |
|    n_updates            | 930           |
|    policy_gradient_loss | -2.33e-05     |
|    value_loss           | 0.000225      |
-------------------------------------------
------------------------------------------
| time/                   |              |
|    fps                  | 1181         |
|    iterations           | 95           |
|    time_elapsed         | 329          |
|    total_timesteps      | 389120       |
| train/                  |              |
|    approx_kl            | 0.0067314277 |
|    clip_fraction        | 0.0308       |
|    clip_range           | 0.2          |
|    entropy_loss         | -0.0957      |
|    explained_variance   | 0.91         |
|    learning_rate        | 0.0003       |
|    loss                 | 4.93e-05     |
|    n_updates            | 940          |
|    policy_gradient_loss | -0.00231     |
|    value_loss           | 0.000204     |
------------------------------------------
  step  390000/500000 ( 78.0%)  mean_rew=-0.001
------------------------------------------
| time/                   |              |
|    fps                  | 1183         |
|    iterations           | 96           |
|    time_elapsed         | 332          |
|    total_timesteps      | 393216       |
| train/                  |              |
|    approx_kl            | 0.0009843763 |
|    clip_fraction        | 0.013        |
|    clip_range           | 0.2          |
|    entropy_loss         | -0.0848      |
|    explained_variance   | 0.884        |
|    learning_rate        | 0.0003       |
|    loss                 | -0.00257     |
|    n_updates            | 950          |
|    policy_gradient_loss | -0.000278    |
|    value_loss           | 0.000276     |
------------------------------------------
  step  395000/500000 ( 79.0%)  mean_rew=-0.000
------------------------------------------
| time/                   |              |
|    fps                  | 1185         |
|    iterations           | 97           |
|    time_elapsed         | 335          |
|    total_timesteps      | 397312       |
| train/                  |              |
|    approx_kl            | 0.0012059567 |
|    clip_fraction        | 0.0107       |
|    clip_range           | 0.2          |
|    entropy_loss         | -0.0864      |
|    explained_variance   | 0.88         |
|    learning_rate        | 0.0003       |
|    loss                 | -0.000442    |
|    n_updates            | 960          |
|    policy_gradient_loss | 8.26e-05     |
|    value_loss           | 0.000273     |
------------------------------------------
  step  400000/500000 ( 80.0%)  mean_rew=+0.000
-------------------------------------------
| time/                   |               |
|    fps                  | 1186          |
|    iterations           | 98            |
|    time_elapsed         | 338           |
|    total_timesteps      | 401408        |
| train/                  |               |
|    approx_kl            | 0.00049191713 |
|    clip_fraction        | 0.00901       |
|    clip_range           | 0.2           |
|    entropy_loss         | -0.079        |
|    explained_variance   | 0.929         |
|    learning_rate        | 0.0003        |
|    loss                 | 3.89e-05      |
|    n_updates            | 970           |
|    policy_gradient_loss | -0.000124     |
|    value_loss           | 0.000158      |
-------------------------------------------
  step  405000/500000 ( 81.0%)  mean_rew=-0.002
------------------------------------------
| time/                   |              |
|    fps                  | 1188         |
|    iterations           | 99           |
|    time_elapsed         | 341          |
|    total_timesteps      | 405504       |
| train/                  |              |
|    approx_kl            | 0.0014068853 |
|    clip_fraction        | 0.0148       |
|    clip_range           | 0.2          |
|    entropy_loss         | -0.0621      |
|    explained_variance   | 0.877        |
|    learning_rate        | 0.0003       |
|    loss                 | 0.00182      |
|    n_updates            | 980          |
|    policy_gradient_loss | -0.000759    |
|    value_loss           | 0.000304     |
------------------------------------------
------------------------------------------
| time/                   |              |
|    fps                  | 1190         |
|    iterations           | 100          |
|    time_elapsed         | 344          |
|    total_timesteps      | 409600       |
| train/                  |              |
|    approx_kl            | 0.0003721877 |
|    clip_fraction        | 0.00608      |
|    clip_range           | 0.2          |
|    entropy_loss         | -0.0629      |
|    explained_variance   | 0.869        |
|    learning_rate        | 0.0003       |
|    loss                 | -3.17e-05    |
|    n_updates            | 990          |
|    policy_gradient_loss | -0.000286    |
|    value_loss           | 0.000324     |
------------------------------------------
  step  410000/500000 ( 82.0%)  mean_rew=-0.001
-----------------------------------------
| time/                   |             |
|    fps                  | 1191        |
|    iterations           | 101         |
|    time_elapsed         | 347         |
|    total_timesteps      | 413696      |
| train/                  |             |
|    approx_kl            | 0.016962335 |
|    clip_fraction        | 0.0385      |
|    clip_range           | 0.2         |
|    entropy_loss         | -0.0941     |
|    explained_variance   | 0.89        |
|    learning_rate        | 0.0003      |
|    loss                 | -0.00431    |
|    n_updates            | 1000        |
|    policy_gradient_loss | -0.00236    |
|    value_loss           | 0.000219    |
-----------------------------------------
  step  415000/500000 ( 83.0%)  mean_rew=-0.001
------------------------------------------
| time/                   |              |
|    fps                  | 1193         |
|    iterations           | 102          |
|    time_elapsed         | 350          |
|    total_timesteps      | 417792       |
| train/                  |              |
|    approx_kl            | 0.0008266597 |
|    clip_fraction        | 0.00891      |
|    clip_range           | 0.2          |
|    entropy_loss         | -0.0983      |
|    explained_variance   | 0.918        |
|    learning_rate        | 0.0003       |
|    loss                 | -0.000324    |
|    n_updates            | 1010         |
|    policy_gradient_loss | -0.000117    |
|    value_loss           | 0.000177     |
------------------------------------------
  step  420000/500000 ( 84.0%)  mean_rew=-0.001
------------------------------------------
| time/                   |              |
|    fps                  | 1195         |
|    iterations           | 103          |
|    time_elapsed         | 353          |
|    total_timesteps      | 421888       |
| train/                  |              |
|    approx_kl            | 0.0003647317 |
|    clip_fraction        | 0.00173      |
|    clip_range           | 0.2          |
|    entropy_loss         | -0.0953      |
|    explained_variance   | 0.856        |
|    learning_rate        | 0.0003       |
|    loss                 | -2.23e-05    |
|    n_updates            | 1020         |
|    policy_gradient_loss | 5.2e-05      |
|    value_loss           | 0.000359     |
------------------------------------------
  step  425000/500000 ( 85.0%)  mean_rew=-0.002
------------------------------------------
| time/                   |              |
|    fps                  | 1196         |
|    iterations           | 104          |
|    time_elapsed         | 356          |
|    total_timesteps      | 425984       |
| train/                  |              |
|    approx_kl            | 0.0004970623 |
|    clip_fraction        | 0.00642      |
|    clip_range           | 0.2          |
|    entropy_loss         | -0.0908      |
|    explained_variance   | 0.877        |
|    learning_rate        | 0.0003       |
|    loss                 | -0.00856     |
|    n_updates            | 1030         |
|    policy_gradient_loss | -0.000449    |
|    value_loss           | 0.000273     |
------------------------------------------
  step  430000/500000 ( 86.0%)  mean_rew=-0.001
-------------------------------------------
| time/                   |               |
|    fps                  | 1197          |
|    iterations           | 105           |
|    time_elapsed         | 359           |
|    total_timesteps      | 430080        |
| train/                  |               |
|    approx_kl            | 0.00067356403 |
|    clip_fraction        | 0.0115        |
|    clip_range           | 0.2           |
|    entropy_loss         | -0.0908       |
|    explained_variance   | 0.923         |
|    learning_rate        | 0.0003        |
|    loss                 | -0.00417      |
|    n_updates            | 1040          |
|    policy_gradient_loss | -0.00073      |
|    value_loss           | 0.000171      |
-------------------------------------------
-------------------------------------------
| time/                   |               |
|    fps                  | 1199          |
|    iterations           | 106           |
|    time_elapsed         | 362           |
|    total_timesteps      | 434176        |
| train/                  |               |
|    approx_kl            | 0.00031264388 |
|    clip_fraction        | 0.0109        |
|    clip_range           | 0.2           |
|    entropy_loss         | -0.0775       |
|    explained_variance   | 0.86          |
|    learning_rate        | 0.0003        |
|    loss                 | -0.00125      |
|    n_updates            | 1050          |
|    policy_gradient_loss | -0.000161     |
|    value_loss           | 0.000317      |
-------------------------------------------
  step  435000/500000 ( 87.0%)  mean_rew=-0.001
-------------------------------------------
| time/                   |               |
|    fps                  | 1201          |
|    iterations           | 107           |
|    time_elapsed         | 364           |
|    total_timesteps      | 438272        |
| train/                  |               |
|    approx_kl            | 0.00024229506 |
|    clip_fraction        | 0.00376       |
|    clip_range           | 0.2           |
|    entropy_loss         | -0.0746       |
|    explained_variance   | 0.869         |
|    learning_rate        | 0.0003        |
|    loss                 | -0.000861     |
|    n_updates            | 1060          |
|    policy_gradient_loss | -0.000118     |
|    value_loss           | 0.000302      |
-------------------------------------------
  step  440000/500000 ( 88.0%)  mean_rew=-0.001
-------------------------------------------
| time/                   |               |
|    fps                  | 1202          |
|    iterations           | 108           |
|    time_elapsed         | 367           |
|    total_timesteps      | 442368        |
| train/                  |               |
|    approx_kl            | 0.00040728415 |
|    clip_fraction        | 0.00415       |
|    clip_range           | 0.2           |
|    entropy_loss         | -0.0735       |
|    explained_variance   | 0.875         |
|    learning_rate        | 0.0003        |
|    loss                 | -0.000818     |
|    n_updates            | 1070          |
|    policy_gradient_loss | -7.03e-06     |
|    value_loss           | 0.000249      |
-------------------------------------------
  step  445000/500000 ( 89.0%)  mean_rew=-0.001
-------------------------------------------
| time/                   |               |
|    fps                  | 1203          |
|    iterations           | 109           |
|    time_elapsed         | 370           |
|    total_timesteps      | 446464        |
| train/                  |               |
|    approx_kl            | 0.00043332233 |
|    clip_fraction        | 0.00693       |
|    clip_range           | 0.2           |
|    entropy_loss         | -0.0687       |
|    explained_variance   | 0.918         |
|    learning_rate        | 0.0003        |
|    loss                 | 0.000185      |
|    n_updates            | 1080          |
|    policy_gradient_loss | -5.55e-05     |
|    value_loss           | 0.000174      |
-------------------------------------------
  step  450000/500000 ( 90.0%)  mean_rew=-0.000
-------------------------------------------
| time/                   |               |
|    fps                  | 1205          |
|    iterations           | 110           |
|    time_elapsed         | 373           |
|    total_timesteps      | 450560        |
| train/                  |               |
|    approx_kl            | 0.00045424505 |
|    clip_fraction        | 0.00818       |
|    clip_range           | 0.2           |
|    entropy_loss         | -0.0672       |
|    explained_variance   | 0.871         |
|    learning_rate        | 0.0003        |
|    loss                 | 0.000287      |
|    n_updates            | 1090          |
|    policy_gradient_loss | -0.000573     |
|    value_loss           | 0.000296      |
-------------------------------------------
------------------------------------------
| time/                   |              |
|    fps                  | 1206         |
|    iterations           | 111          |
|    time_elapsed         | 376          |
|    total_timesteps      | 454656       |
| train/                  |              |
|    approx_kl            | 0.0006322941 |
|    clip_fraction        | 0.00625      |
|    clip_range           | 0.2          |
|    entropy_loss         | -0.068       |
|    explained_variance   | 0.881        |
|    learning_rate        | 0.0003       |
|    loss                 | 0.000519     |
|    n_updates            | 1100         |
|    policy_gradient_loss | -0.000315    |
|    value_loss           | 0.000238     |
------------------------------------------
  step  455000/500000 ( 91.0%)  mean_rew=-0.000
------------------------------------------
| time/                   |              |
|    fps                  | 1207         |
|    iterations           | 112          |
|    time_elapsed         | 379          |
|    total_timesteps      | 458752       |
| train/                  |              |
|    approx_kl            | 0.0004655162 |
|    clip_fraction        | 0.00471      |
|    clip_range           | 0.2          |
|    entropy_loss         | -0.0584      |
|    explained_variance   | 0.916        |
|    learning_rate        | 0.0003       |
|    loss                 | 0.00146      |
|    n_updates            | 1110         |
|    policy_gradient_loss | -0.00013     |
|    value_loss           | 0.000186     |
------------------------------------------
  step  460000/500000 ( 92.0%)  mean_rew=+0.000
------------------------------------------
| time/                   |              |
|    fps                  | 1208         |
|    iterations           | 113          |
|    time_elapsed         | 382          |
|    total_timesteps      | 462848       |
| train/                  |              |
|    approx_kl            | 0.0012756988 |
|    clip_fraction        | 0.00439      |
|    clip_range           | 0.2          |
|    entropy_loss         | -0.0613      |
|    explained_variance   | 0.856        |
|    learning_rate        | 0.0003       |
|    loss                 | -0.00094     |
|    n_updates            | 1120         |
|    policy_gradient_loss | -3.23e-06    |
|    value_loss           | 0.000334     |
------------------------------------------
  step  465000/500000 ( 93.0%)  mean_rew=-0.001
------------------------------------------
| time/                   |              |
|    fps                  | 1210         |
|    iterations           | 114          |
|    time_elapsed         | 385          |
|    total_timesteps      | 466944       |
| train/                  |              |
|    approx_kl            | 0.0004640174 |
|    clip_fraction        | 0.0052       |
|    clip_range           | 0.2          |
|    entropy_loss         | -0.0603      |
|    explained_variance   | 0.871        |
|    learning_rate        | 0.0003       |
|    loss                 | 0.000882     |
|    n_updates            | 1130         |
|    policy_gradient_loss | 1.45e-05     |
|    value_loss           | 0.000305     |
------------------------------------------
  step  470000/500000 ( 94.0%)  mean_rew=+0.000
-------------------------------------------
| time/                   |               |
|    fps                  | 1211          |
|    iterations           | 115           |
|    time_elapsed         | 388           |
|    total_timesteps      | 471040        |
| train/                  |               |
|    approx_kl            | 0.00032751984 |
|    clip_fraction        | 0.00508       |
|    clip_range           | 0.2           |
|    entropy_loss         | -0.0564       |
|    explained_variance   | 0.872         |
|    learning_rate        | 0.0003        |
|    loss                 | 0.000758      |
|    n_updates            | 1140          |
|    policy_gradient_loss | -0.000173     |
|    value_loss           | 0.000251      |
-------------------------------------------
  step  475000/500000 ( 95.0%)  mean_rew=-0.000
-------------------------------------------
| time/                   |               |
|    fps                  | 1212          |
|    iterations           | 116           |
|    time_elapsed         | 391           |
|    total_timesteps      | 475136        |
| train/                  |               |
|    approx_kl            | 0.00033152424 |
|    clip_fraction        | 0.00278       |
|    clip_range           | 0.2           |
|    entropy_loss         | -0.0525       |
|    explained_variance   | 0.916         |
|    learning_rate        | 0.0003        |
|    loss                 | -0.00138      |
|    n_updates            | 1150          |
|    policy_gradient_loss | -0.00018      |
|    value_loss           | 0.000182      |
-------------------------------------------
-------------------------------------------
| time/                   |               |
|    fps                  | 1214          |
|    iterations           | 117           |
|    time_elapsed         | 394           |
|    total_timesteps      | 479232        |
| train/                  |               |
|    approx_kl            | 0.00026489465 |
|    clip_fraction        | 0.00251       |
|    clip_range           | 0.2           |
|    entropy_loss         | -0.0492       |
|    explained_variance   | 0.86          |
|    learning_rate        | 0.0003        |
|    loss                 | -0.000161     |
|    n_updates            | 1160          |
|    policy_gradient_loss | -0.000115     |
|    value_loss           | 0.000327      |
-------------------------------------------
  step  480000/500000 ( 96.0%)  mean_rew=-0.002
-----------------------------------------
| time/                   |             |
|    fps                  | 1215        |
|    iterations           | 118         |
|    time_elapsed         | 397         |
|    total_timesteps      | 483328      |
| train/                  |             |
|    approx_kl            | 0.013087916 |
|    clip_fraction        | 0.0624      |
|    clip_range           | 0.2         |
|    entropy_loss         | -0.107      |
|    explained_variance   | 0.883       |
|    learning_rate        | 0.0003      |
|    loss                 | -0.00141    |
|    n_updates            | 1170        |
|    policy_gradient_loss | -0.00345    |
|    value_loss           | 0.000238    |
-----------------------------------------
  step  485000/500000 ( 97.0%)  mean_rew=-0.002
-----------------------------------------
| time/                   |             |
|    fps                  | 1216        |
|    iterations           | 119         |
|    time_elapsed         | 400         |
|    total_timesteps      | 487424      |
| train/                  |             |
|    approx_kl            | 0.000582449 |
|    clip_fraction        | 0.0103      |
|    clip_range           | 0.2         |
|    entropy_loss         | -0.0961     |
|    explained_variance   | 0.923       |
|    learning_rate        | 0.0003      |
|    loss                 | -1.68e-05   |
|    n_updates            | 1180        |
|    policy_gradient_loss | -0.000284   |
|    value_loss           | 0.000161    |
-----------------------------------------
  step  490000/500000 ( 98.0%)  mean_rew=-0.001
------------------------------------------
| time/                   |              |
|    fps                  | 1216         |
|    iterations           | 120          |
|    time_elapsed         | 403          |
|    total_timesteps      | 491520       |
| train/                  |              |
|    approx_kl            | 0.0010091084 |
|    clip_fraction        | 0.0197       |
|    clip_range           | 0.2          |
|    entropy_loss         | -0.0911      |
|    explained_variance   | 0.854        |
|    learning_rate        | 0.0003       |
|    loss                 | -0.000519    |
|    n_updates            | 1190         |
|    policy_gradient_loss | -0.0004      |
|    value_loss           | 0.000337     |
------------------------------------------
  step  495000/500000 ( 99.0%)  mean_rew=-0.001
-------------------------------------------
| time/                   |               |
|    fps                  | 1218          |
|    iterations           | 121           |
|    time_elapsed         | 406           |
|    total_timesteps      | 495616        |
| train/                  |               |
|    approx_kl            | 0.00045896665 |
|    clip_fraction        | 0.00693       |
|    clip_range           | 0.2           |
|    entropy_loss         | -0.0938       |
|    explained_variance   | 0.865         |
|    learning_rate        | 0.0003        |
|    loss                 | 0.00104       |
|    n_updates            | 1200          |
|    policy_gradient_loss | 0.000311      |
|    value_loss           | 0.000308      |
-------------------------------------------
-------------------------------------------
| time/                   |               |
|    fps                  | 1218          |
|    iterations           | 122           |
|    time_elapsed         | 410           |
|    total_timesteps      | 499712        |
| train/                  |               |
|    approx_kl            | 0.00070195156 |
|    clip_fraction        | 0.0101        |
|    clip_range           | 0.2           |
|    entropy_loss         | -0.0877       |
|    explained_variance   | 0.872         |
|    learning_rate        | 0.0003        |
|    loss                 | -0.000902     |
|    n_updates            | 1210          |
|    policy_gradient_loss | -0.000541     |
|    value_loss           | 0.000266      |
-------------------------------------------
  step  500000/500000 (100.0%)  mean_rew=+0.000
-------------------------------------------
| time/                   |               |
|    fps                  | 1219          |
|    iterations           | 123           |
|    time_elapsed         | 413           |
|    total_timesteps      | 503808        |
| train/                  |               |
|    approx_kl            | 0.00056681863 |
|    clip_fraction        | 0.00901       |
|    clip_range           | 0.2           |
|    entropy_loss         | -0.0814       |
|    explained_variance   | 0.912         |
|    learning_rate        | 0.0003        |
|    loss                 | -0.000395     |
|    n_updates            | 1220          |
|    policy_gradient_loss | -0.000261     |
|    value_loss           | 0.000189      |
-------------------------------------------
[cologne8-PPO] Done. Saved -> /workspace/rl-traffic/exp_cologne8_real/ppo_pressure_s42
