Using libsumo as traci as requested by environment variable.
[cologne8-PPO] 8 agents | reward=pressure | seed=5678
  obs=(7,) | act=Discrete(4)
Using cpu device
-----------------------------
| time/              |      |
|    fps             | 1664 |
|    iterations      | 1    |
|    time_elapsed    | 2    |
|    total_timesteps | 4096 |
-----------------------------
  step    5000/500000 (  1.0%)  mean_rew=-0.007
-----------------------------------------
| time/                   |             |
|    fps                  | 1382        |
|    iterations           | 2           |
|    time_elapsed         | 5           |
|    total_timesteps      | 8192        |
| train/                  |             |
|    approx_kl            | 0.011118696 |
|    clip_fraction        | 0.0528      |
|    clip_range           | 0.2         |
|    entropy_loss         | -1.38       |
|    explained_variance   | 0.0139      |
|    learning_rate        | 0.0003      |
|    loss                 | 0.000138    |
|    n_updates            | 10          |
|    policy_gradient_loss | -0.0058     |
|    value_loss           | 0.0438      |
-----------------------------------------
  step   10000/500000 (  2.0%)  mean_rew=-0.002
---------------------------------------
| time/                   |           |
|    fps                  | 1374      |
|    iterations           | 3         |
|    time_elapsed         | 8         |
|    total_timesteps      | 12288     |
| train/                  |           |
|    approx_kl            | 0.0113778 |
|    clip_fraction        | 0.0618    |
|    clip_range           | 0.2       |
|    entropy_loss         | -1.35     |
|    explained_variance   | 0.629     |
|    learning_rate        | 0.0003    |
|    loss                 | -0.00122  |
|    n_updates            | 20        |
|    policy_gradient_loss | -0.0052   |
|    value_loss           | 0.0204    |
---------------------------------------
  step   15000/500000 (  3.0%)  mean_rew=-0.004
-----------------------------------------
| time/                   |             |
|    fps                  | 1349        |
|    iterations           | 4           |
|    time_elapsed         | 12          |
|    total_timesteps      | 16384       |
| train/                  |             |
|    approx_kl            | 0.011306139 |
|    clip_fraction        | 0.132       |
|    clip_range           | 0.2         |
|    entropy_loss         | -1.29       |
|    explained_variance   | 0.722       |
|    learning_rate        | 0.0003      |
|    loss                 | -0.0246     |
|    n_updates            | 30          |
|    policy_gradient_loss | -0.0117     |
|    value_loss           | 0.00851     |
-----------------------------------------
  step   20000/500000 (  4.0%)  mean_rew=-0.004
-----------------------------------------
| time/                   |             |
|    fps                  | 1326        |
|    iterations           | 5           |
|    time_elapsed         | 15          |
|    total_timesteps      | 20480       |
| train/                  |             |
|    approx_kl            | 0.010814119 |
|    clip_fraction        | 0.0666      |
|    clip_range           | 0.2         |
|    entropy_loss         | -1.24       |
|    explained_variance   | 0.741       |
|    learning_rate        | 0.0003      |
|    loss                 | -0.0229     |
|    n_updates            | 40          |
|    policy_gradient_loss | -0.00758    |
|    value_loss           | 0.00789     |
-----------------------------------------
-----------------------------------------
| time/                   |             |
|    fps                  | 1326        |
|    iterations           | 6           |
|    time_elapsed         | 18          |
|    total_timesteps      | 24576       |
| train/                  |             |
|    approx_kl            | 0.013561218 |
|    clip_fraction        | 0.0645      |
|    clip_range           | 0.2         |
|    entropy_loss         | -1.24       |
|    explained_variance   | 0.749       |
|    learning_rate        | 0.0003      |
|    loss                 | -0.00625    |
|    n_updates            | 50          |
|    policy_gradient_loss | -0.00537    |
|    value_loss           | 0.0129      |
-----------------------------------------
  step   25000/500000 (  5.0%)  mean_rew=-0.004
-----------------------------------------
| time/                   |             |
|    fps                  | 1327        |
|    iterations           | 7           |
|    time_elapsed         | 21          |
|    total_timesteps      | 28672       |
| train/                  |             |
|    approx_kl            | 0.007646555 |
|    clip_fraction        | 0.0666      |
|    clip_range           | 0.2         |
|    entropy_loss         | -1.2        |
|    explained_variance   | 0.816       |
|    learning_rate        | 0.0003      |
|    loss                 | -0.00304    |
|    n_updates            | 60          |
|    policy_gradient_loss | -0.00569    |
|    value_loss           | 0.00477     |
-----------------------------------------
  step   30000/500000 (  6.0%)  mean_rew=-0.002
-----------------------------------------
| time/                   |             |
|    fps                  | 1319        |
|    iterations           | 8           |
|    time_elapsed         | 24          |
|    total_timesteps      | 32768       |
| train/                  |             |
|    approx_kl            | 0.012960493 |
|    clip_fraction        | 0.0798      |
|    clip_range           | 0.2         |
|    entropy_loss         | -1.13       |
|    explained_variance   | 0.891       |
|    learning_rate        | 0.0003      |
|    loss                 | -0.00737    |
|    n_updates            | 70          |
|    policy_gradient_loss | -0.00783    |
|    value_loss           | 0.00239     |
-----------------------------------------
  step   35000/500000 (  7.0%)  mean_rew=-0.001
-----------------------------------------
| time/                   |             |
|    fps                  | 1315        |
|    iterations           | 9           |
|    time_elapsed         | 28          |
|    total_timesteps      | 36864       |
| train/                  |             |
|    approx_kl            | 0.008475263 |
|    clip_fraction        | 0.0652      |
|    clip_range           | 0.2         |
|    entropy_loss         | -1.06       |
|    explained_variance   | 0.85        |
|    learning_rate        | 0.0003      |
|    loss                 | -0.0131     |
|    n_updates            | 80          |
|    policy_gradient_loss | -0.00469    |
|    value_loss           | 0.00399     |
-----------------------------------------
  step   40000/500000 (  8.0%)  mean_rew=-0.001
-----------------------------------------
| time/                   |             |
|    fps                  | 1317        |
|    iterations           | 10          |
|    time_elapsed         | 31          |
|    total_timesteps      | 40960       |
| train/                  |             |
|    approx_kl            | 0.009063246 |
|    clip_fraction        | 0.0998      |
|    clip_range           | 0.2         |
|    entropy_loss         | -1.02       |
|    explained_variance   | 0.816       |
|    learning_rate        | 0.0003      |
|    loss                 | 0.008       |
|    n_updates            | 90          |
|    policy_gradient_loss | -0.00673    |
|    value_loss           | 0.00535     |
-----------------------------------------
  step   45000/500000 (  9.0%)  mean_rew=+0.000
-----------------------------------------
| time/                   |             |
|    fps                  | 1315        |
|    iterations           | 11          |
|    time_elapsed         | 34          |
|    total_timesteps      | 45056       |
| train/                  |             |
|    approx_kl            | 0.010126809 |
|    clip_fraction        | 0.075       |
|    clip_range           | 0.2         |
|    entropy_loss         | -1.02       |
|    explained_variance   | 0.871       |
|    learning_rate        | 0.0003      |
|    loss                 | 0.000538    |
|    n_updates            | 100         |
|    policy_gradient_loss | -0.0046     |
|    value_loss           | 0.00229     |
-----------------------------------------
----------------------------------------
| time/                   |            |
|    fps                  | 1314       |
|    iterations           | 12         |
|    time_elapsed         | 37         |
|    total_timesteps      | 49152      |
| train/                  |            |
|    approx_kl            | 0.01563166 |
|    clip_fraction        | 0.171      |
|    clip_range           | 0.2        |
|    entropy_loss         | -0.928     |
|    explained_variance   | 0.854      |
|    learning_rate        | 0.0003     |
|    loss                 | -0.0249    |
|    n_updates            | 110        |
|    policy_gradient_loss | -0.0116    |
|    value_loss           | 0.00314    |
----------------------------------------
  step   50000/500000 ( 10.0%)  mean_rew=-0.002
------------------------------------------
| time/                   |              |
|    fps                  | 1316         |
|    iterations           | 13           |
|    time_elapsed         | 40           |
|    total_timesteps      | 53248        |
| train/                  |              |
|    approx_kl            | 0.0074141975 |
|    clip_fraction        | 0.0723       |
|    clip_range           | 0.2          |
|    entropy_loss         | -0.874       |
|    explained_variance   | 0.867        |
|    learning_rate        | 0.0003       |
|    loss                 | 0.0155       |
|    n_updates            | 120          |
|    policy_gradient_loss | -0.00478     |
|    value_loss           | 0.00251      |
------------------------------------------
  step   55000/500000 ( 11.0%)  mean_rew=-0.001
------------------------------------------
| time/                   |              |
|    fps                  | 1316         |
|    iterations           | 14           |
|    time_elapsed         | 43           |
|    total_timesteps      | 57344        |
| train/                  |              |
|    approx_kl            | 0.0064105624 |
|    clip_fraction        | 0.0496       |
|    clip_range           | 0.2          |
|    entropy_loss         | -0.804       |
|    explained_variance   | 0.883        |
|    learning_rate        | 0.0003       |
|    loss                 | 0.00462      |
|    n_updates            | 130          |
|    policy_gradient_loss | -0.00354     |
|    value_loss           | 0.00162      |
------------------------------------------
  step   60000/500000 ( 12.0%)  mean_rew=-0.001
------------------------------------------
| time/                   |              |
|    fps                  | 1313         |
|    iterations           | 15           |
|    time_elapsed         | 46           |
|    total_timesteps      | 61440        |
| train/                  |              |
|    approx_kl            | 0.0056677843 |
|    clip_fraction        | 0.0529       |
|    clip_range           | 0.2          |
|    entropy_loss         | -0.757       |
|    explained_variance   | 0.917        |
|    learning_rate        | 0.0003       |
|    loss                 | 0.00243      |
|    n_updates            | 140          |
|    policy_gradient_loss | -0.00404     |
|    value_loss           | 0.00117      |
------------------------------------------
  step   65000/500000 ( 13.0%)  mean_rew=-0.004
------------------------------------------
| time/                   |              |
|    fps                  | 1312         |
|    iterations           | 16           |
|    time_elapsed         | 49           |
|    total_timesteps      | 65536        |
| train/                  |              |
|    approx_kl            | 0.0049005775 |
|    clip_fraction        | 0.0615       |
|    clip_range           | 0.2          |
|    entropy_loss         | -0.724       |
|    explained_variance   | 0.891        |
|    learning_rate        | 0.0003       |
|    loss                 | -0.00716     |
|    n_updates            | 150          |
|    policy_gradient_loss | -0.00505     |
|    value_loss           | 0.00129      |
------------------------------------------
------------------------------------------
| time/                   |              |
|    fps                  | 1314         |
|    iterations           | 17           |
|    time_elapsed         | 52           |
|    total_timesteps      | 69632        |
| train/                  |              |
|    approx_kl            | 0.0051282197 |
|    clip_fraction        | 0.0568       |
|    clip_range           | 0.2          |
|    entropy_loss         | -0.638       |
|    explained_variance   | 0.876        |
|    learning_rate        | 0.0003       |
|    loss                 | -0.003       |
|    n_updates            | 160          |
|    policy_gradient_loss | -0.00428     |
|    value_loss           | 0.00135      |
------------------------------------------
  step   70000/500000 ( 14.0%)  mean_rew=-0.000
-----------------------------------------
| time/                   |             |
|    fps                  | 1313        |
|    iterations           | 18          |
|    time_elapsed         | 56          |
|    total_timesteps      | 73728       |
| train/                  |             |
|    approx_kl            | 0.005161181 |
|    clip_fraction        | 0.0515      |
|    clip_range           | 0.2         |
|    entropy_loss         | -0.561      |
|    explained_variance   | 0.903       |
|    learning_rate        | 0.0003      |
|    loss                 | -0.0112     |
|    n_updates            | 170         |
|    policy_gradient_loss | -0.00383    |
|    value_loss           | 0.00071     |
-----------------------------------------
  step   75000/500000 ( 15.0%)  mean_rew=-0.001
------------------------------------------
| time/                   |              |
|    fps                  | 1313         |
|    iterations           | 19           |
|    time_elapsed         | 59           |
|    total_timesteps      | 77824        |
| train/                  |              |
|    approx_kl            | 0.0035988241 |
|    clip_fraction        | 0.036        |
|    clip_range           | 0.2          |
|    entropy_loss         | -0.515       |
|    explained_variance   | 0.935        |
|    learning_rate        | 0.0003       |
|    loss                 | 0.00609      |
|    n_updates            | 180          |
|    policy_gradient_loss | -0.00273     |
|    value_loss           | 0.000523     |
------------------------------------------
  step   80000/500000 ( 16.0%)  mean_rew=-0.002
------------------------------------------
| time/                   |              |
|    fps                  | 1315         |
|    iterations           | 20           |
|    time_elapsed         | 62           |
|    total_timesteps      | 81920        |
| train/                  |              |
|    approx_kl            | 0.0021777633 |
|    clip_fraction        | 0.0141       |
|    clip_range           | 0.2          |
|    entropy_loss         | -0.492       |
|    explained_variance   | 0.875        |
|    learning_rate        | 0.0003       |
|    loss                 | 6.94e-05     |
|    n_updates            | 190          |
|    policy_gradient_loss | -0.001       |
|    value_loss           | 0.000937     |
------------------------------------------
  step   85000/500000 ( 17.0%)  mean_rew=+0.000
----------------------------------------
| time/                   |            |
|    fps                  | 1315       |
|    iterations           | 21         |
|    time_elapsed         | 65         |
|    total_timesteps      | 86016      |
| train/                  |            |
|    approx_kl            | 0.00390737 |
|    clip_fraction        | 0.0528     |
|    clip_range           | 0.2        |
|    entropy_loss         | -0.435     |
|    explained_variance   | 0.886      |
|    learning_rate        | 0.0003     |
|    loss                 | -0.00769   |
|    n_updates            | 200        |
|    policy_gradient_loss | -0.00468   |
|    value_loss           | 0.000669   |
----------------------------------------
  step   90000/500000 ( 18.0%)  mean_rew=+0.000
------------------------------------------
| time/                   |              |
|    fps                  | 1313         |
|    iterations           | 22           |
|    time_elapsed         | 68           |
|    total_timesteps      | 90112        |
| train/                  |              |
|    approx_kl            | 0.0018936014 |
|    clip_fraction        | 0.0235       |
|    clip_range           | 0.2          |
|    entropy_loss         | -0.392       |
|    explained_variance   | 0.937        |
|    learning_rate        | 0.0003       |
|    loss                 | -0.00837     |
|    n_updates            | 210          |
|    policy_gradient_loss | -0.00213     |
|    value_loss           | 0.000376     |
------------------------------------------
-----------------------------------------
| time/                   |             |
|    fps                  | 1313        |
|    iterations           | 23          |
|    time_elapsed         | 71          |
|    total_timesteps      | 94208       |
| train/                  |             |
|    approx_kl            | 0.001510564 |
|    clip_fraction        | 0.0153      |
|    clip_range           | 0.2         |
|    entropy_loss         | -0.359      |
|    explained_variance   | 0.875       |
|    learning_rate        | 0.0003      |
|    loss                 | -0.00563    |
|    n_updates            | 220         |
|    policy_gradient_loss | -0.0013     |
|    value_loss           | 0.000688    |
-----------------------------------------
  step   95000/500000 ( 19.0%)  mean_rew=-0.001
------------------------------------------
| time/                   |              |
|    fps                  | 1315         |
|    iterations           | 24           |
|    time_elapsed         | 74           |
|    total_timesteps      | 98304        |
| train/                  |              |
|    approx_kl            | 0.0014402779 |
|    clip_fraction        | 0.0233       |
|    clip_range           | 0.2          |
|    entropy_loss         | -0.339       |
|    explained_variance   | 0.889        |
|    learning_rate        | 0.0003       |
|    loss                 | -0.00146     |
|    n_updates            | 230          |
|    policy_gradient_loss | -0.00143     |
|    value_loss           | 0.000566     |
------------------------------------------
  step  100000/500000 ( 20.0%)  mean_rew=-0.002
-----------------------------------------
| time/                   |             |
|    fps                  | 1315        |
|    iterations           | 25          |
|    time_elapsed         | 77          |
|    total_timesteps      | 102400      |
| train/                  |             |
|    approx_kl            | 0.002251131 |
|    clip_fraction        | 0.0158      |
|    clip_range           | 0.2         |
|    entropy_loss         | -0.322      |
|    explained_variance   | 0.904       |
|    learning_rate        | 0.0003      |
|    loss                 | -0.0022     |
|    n_updates            | 240         |
|    policy_gradient_loss | -0.00122    |
|    value_loss           | 0.000353    |
-----------------------------------------
  step  105000/500000 ( 21.0%)  mean_rew=-0.001
----------------------------------------
| time/                   |            |
|    fps                  | 1315       |
|    iterations           | 26         |
|    time_elapsed         | 80         |
|    total_timesteps      | 106496     |
| train/                  |            |
|    approx_kl            | 0.00237639 |
|    clip_fraction        | 0.025      |
|    clip_range           | 0.2        |
|    entropy_loss         | -0.284     |
|    explained_variance   | 0.909      |
|    learning_rate        | 0.0003     |
|    loss                 | -0.00515   |
|    n_updates            | 250        |
|    policy_gradient_loss | -0.00244   |
|    value_loss           | 0.000397   |
----------------------------------------
  step  110000/500000 ( 22.0%)  mean_rew=-0.002
------------------------------------------
| time/                   |              |
|    fps                  | 1316         |
|    iterations           | 27           |
|    time_elapsed         | 83           |
|    total_timesteps      | 110592       |
| train/                  |              |
|    approx_kl            | 0.0014109992 |
|    clip_fraction        | 0.0224       |
|    clip_range           | 0.2          |
|    entropy_loss         | -0.271       |
|    explained_variance   | 0.862        |
|    learning_rate        | 0.0003       |
|    loss                 | 0.00173      |
|    n_updates            | 260          |
|    policy_gradient_loss | -0.00127     |
|    value_loss           | 0.000603     |
------------------------------------------
------------------------------------------
| time/                   |              |
|    fps                  | 1316         |
|    iterations           | 28           |
|    time_elapsed         | 87           |
|    total_timesteps      | 114688       |
| train/                  |              |
|    approx_kl            | 0.0013765589 |
|    clip_fraction        | 0.0107       |
|    clip_range           | 0.2          |
|    entropy_loss         | -0.257       |
|    explained_variance   | 0.895        |
|    learning_rate        | 0.0003       |
|    loss                 | 0.00222      |
|    n_updates            | 270          |
|    policy_gradient_loss | -0.000844    |
|    value_loss           | 0.000324     |
------------------------------------------
  step  115000/500000 ( 23.0%)  mean_rew=-0.001
------------------------------------------
| time/                   |              |
|    fps                  | 1315         |
|    iterations           | 29           |
|    time_elapsed         | 90           |
|    total_timesteps      | 118784       |
| train/                  |              |
|    approx_kl            | 0.0020762726 |
|    clip_fraction        | 0.0233       |
|    clip_range           | 0.2          |
|    entropy_loss         | -0.247       |
|    explained_variance   | 0.927        |
|    learning_rate        | 0.0003       |
|    loss                 | -0.00243     |
|    n_updates            | 280          |
|    policy_gradient_loss | -0.00196     |
|    value_loss           | 0.00025      |
------------------------------------------
  step  120000/500000 ( 24.0%)  mean_rew=-0.001
------------------------------------------
| time/                   |              |
|    fps                  | 1316         |
|    iterations           | 30           |
|    time_elapsed         | 93           |
|    total_timesteps      | 122880       |
| train/                  |              |
|    approx_kl            | 0.0019647104 |
|    clip_fraction        | 0.0222       |
|    clip_range           | 0.2          |
|    entropy_loss         | -0.234       |
|    explained_variance   | 0.871        |
|    learning_rate        | 0.0003       |
|    loss                 | -0.0102      |
|    n_updates            | 290          |
|    policy_gradient_loss | -0.00182     |
|    value_loss           | 0.000452     |
------------------------------------------
  step  125000/500000 ( 25.0%)  mean_rew=+0.000
------------------------------------------
| time/                   |              |
|    fps                  | 1316         |
|    iterations           | 31           |
|    time_elapsed         | 96           |
|    total_timesteps      | 126976       |
| train/                  |              |
|    approx_kl            | 0.0017774065 |
|    clip_fraction        | 0.0196       |
|    clip_range           | 0.2          |
|    entropy_loss         | -0.232       |
|    explained_variance   | 0.869        |
|    learning_rate        | 0.0003       |
|    loss                 | -0.00591     |
|    n_updates            | 300          |
|    policy_gradient_loss | -0.00104     |
|    value_loss           | 0.000448     |
------------------------------------------
  step  130000/500000 ( 26.0%)  mean_rew=+0.000
------------------------------------------
| time/                   |              |
|    fps                  | 1316         |
|    iterations           | 32           |
|    time_elapsed         | 99           |
|    total_timesteps      | 131072       |
| train/                  |              |
|    approx_kl            | 0.0015676678 |
|    clip_fraction        | 0.0132       |
|    clip_range           | 0.2          |
|    entropy_loss         | -0.226       |
|    explained_variance   | 0.892        |
|    learning_rate        | 0.0003       |
|    loss                 | -0.000301    |
|    n_updates            | 310          |
|    policy_gradient_loss | -0.000576    |
|    value_loss           | 0.000283     |
------------------------------------------
  step  135000/500000 ( 27.0%)  mean_rew=-0.001
------------------------------------------
| time/                   |              |
|    fps                  | 1316         |
|    iterations           | 33           |
|    time_elapsed         | 102          |
|    total_timesteps      | 135168       |
| train/                  |              |
|    approx_kl            | 0.0011729139 |
|    clip_fraction        | 0.0157       |
|    clip_range           | 0.2          |
|    entropy_loss         | -0.238       |
|    explained_variance   | 0.931        |
|    learning_rate        | 0.0003       |
|    loss                 | 0.00081      |
|    n_updates            | 320          |
|    policy_gradient_loss | -0.00104     |
|    value_loss           | 0.000195     |
------------------------------------------
------------------------------------------
| time/                   |              |
|    fps                  | 1317         |
|    iterations           | 34           |
|    time_elapsed         | 105          |
|    total_timesteps      | 139264       |
| train/                  |              |
|    approx_kl            | 0.0013623135 |
|    clip_fraction        | 0.0169       |
|    clip_range           | 0.2          |
|    entropy_loss         | -0.239       |
|    explained_variance   | 0.872        |
|    learning_rate        | 0.0003       |
|    loss                 | -0.000183    |
|    n_updates            | 330          |
|    policy_gradient_loss | -0.000786    |
|    value_loss           | 0.000412     |
------------------------------------------
  step  140000/500000 ( 28.0%)  mean_rew=-0.002
------------------------------------------
| time/                   |              |
|    fps                  | 1317         |
|    iterations           | 35           |
|    time_elapsed         | 108          |
|    total_timesteps      | 143360       |
| train/                  |              |
|    approx_kl            | 0.0016292895 |
|    clip_fraction        | 0.0283       |
|    clip_range           | 0.2          |
|    entropy_loss         | -0.224       |
|    explained_variance   | 0.882        |
|    learning_rate        | 0.0003       |
|    loss                 | 0.00155      |
|    n_updates            | 340          |
|    policy_gradient_loss | -0.00226     |
|    value_loss           | 0.000317     |
------------------------------------------
  step  145000/500000 ( 29.0%)  mean_rew=-0.001
------------------------------------------
| time/                   |              |
|    fps                  | 1316         |
|    iterations           | 36           |
|    time_elapsed         | 111          |
|    total_timesteps      | 147456       |
| train/                  |              |
|    approx_kl            | 0.0013455153 |
|    clip_fraction        | 0.0115       |
|    clip_range           | 0.2          |
|    entropy_loss         | -0.225       |
|    explained_variance   | 0.928        |
|    learning_rate        | 0.0003       |
|    loss                 | -0.00689     |
|    n_updates            | 350          |
|    policy_gradient_loss | -0.000563    |
|    value_loss           | 0.000196     |
------------------------------------------
  step  150000/500000 ( 30.0%)  mean_rew=-0.000
------------------------------------------
| time/                   |              |
|    fps                  | 1316         |
|    iterations           | 37           |
|    time_elapsed         | 115          |
|    total_timesteps      | 151552       |
| train/                  |              |
|    approx_kl            | 0.0015695341 |
|    clip_fraction        | 0.0258       |
|    clip_range           | 0.2          |
|    entropy_loss         | -0.209       |
|    explained_variance   | 0.862        |
|    learning_rate        | 0.0003       |
|    loss                 | -0.00386     |
|    n_updates            | 360          |
|    policy_gradient_loss | -0.00167     |
|    value_loss           | 0.000433     |
------------------------------------------
  step  155000/500000 ( 31.0%)  mean_rew=-0.001
------------------------------------------
| time/                   |              |
|    fps                  | 1317         |
|    iterations           | 38           |
|    time_elapsed         | 118          |
|    total_timesteps      | 155648       |
| train/                  |              |
|    approx_kl            | 0.0011071059 |
|    clip_fraction        | 0.0117       |
|    clip_range           | 0.2          |
|    entropy_loss         | -0.187       |
|    explained_variance   | 0.854        |
|    learning_rate        | 0.0003       |
|    loss                 | -0.00435     |
|    n_updates            | 370          |
|    policy_gradient_loss | -0.00123     |
|    value_loss           | 0.000471     |
------------------------------------------
------------------------------------------
| time/                   |              |
|    fps                  | 1317         |
|    iterations           | 39           |
|    time_elapsed         | 121          |
|    total_timesteps      | 159744       |
| train/                  |              |
|    approx_kl            | 0.0012511145 |
|    clip_fraction        | 0.0225       |
|    clip_range           | 0.2          |
|    entropy_loss         | -0.176       |
|    explained_variance   | 0.891        |
|    learning_rate        | 0.0003       |
|    loss                 | -0.000189    |
|    n_updates            | 380          |
|    policy_gradient_loss | -0.00238     |
|    value_loss           | 0.000286     |
------------------------------------------
  step  160000/500000 ( 32.0%)  mean_rew=-0.001
------------------------------------------
| time/                   |              |
|    fps                  | 1317         |
|    iterations           | 40           |
|    time_elapsed         | 124          |
|    total_timesteps      | 163840       |
| train/                  |              |
|    approx_kl            | 0.0019080376 |
|    clip_fraction        | 0.0155       |
|    clip_range           | 0.2          |
|    entropy_loss         | -0.154       |
|    explained_variance   | 0.899        |
|    learning_rate        | 0.0003       |
|    loss                 | 0.000402     |
|    n_updates            | 390          |
|    policy_gradient_loss | -0.00138     |
|    value_loss           | 0.000306     |
------------------------------------------
  step  165000/500000 ( 33.0%)  mean_rew=-0.002
-----------------------------------------
| time/                   |             |
|    fps                  | 1318        |
|    iterations           | 41          |
|    time_elapsed         | 127         |
|    total_timesteps      | 167936      |
| train/                  |             |
|    approx_kl            | 0.000746418 |
|    clip_fraction        | 0.0125      |
|    clip_range           | 0.2         |
|    entropy_loss         | -0.161      |
|    explained_variance   | 0.869       |
|    learning_rate        | 0.0003      |
|    loss                 | -0.00153    |
|    n_updates            | 400         |
|    policy_gradient_loss | -0.000609   |
|    value_loss           | 0.000407    |
-----------------------------------------
  step  170000/500000 ( 34.0%)  mean_rew=-0.000
-----------------------------------------
| time/                   |             |
|    fps                  | 1317        |
|    iterations           | 42          |
|    time_elapsed         | 130         |
|    total_timesteps      | 172032      |
| train/                  |             |
|    approx_kl            | 0.000863052 |
|    clip_fraction        | 0.00955     |
|    clip_range           | 0.2         |
|    entropy_loss         | -0.15       |
|    explained_variance   | 0.889       |
|    learning_rate        | 0.0003      |
|    loss                 | 0.000525    |
|    n_updates            | 410         |
|    policy_gradient_loss | -0.000286   |
|    value_loss           | 0.00027     |
-----------------------------------------
  step  175000/500000 ( 35.0%)  mean_rew=-0.002
------------------------------------------
| time/                   |              |
|    fps                  | 1317         |
|    iterations           | 43           |
|    time_elapsed         | 133          |
|    total_timesteps      | 176128       |
| train/                  |              |
|    approx_kl            | 0.0007620781 |
|    clip_fraction        | 0.00969      |
|    clip_range           | 0.2          |
|    entropy_loss         | -0.13        |
|    explained_variance   | 0.921        |
|    learning_rate        | 0.0003       |
|    loss                 | 0.00206      |
|    n_updates            | 420          |
|    policy_gradient_loss | -0.000532    |
|    value_loss           | 0.000209     |
------------------------------------------
  step  180000/500000 ( 36.0%)  mean_rew=-0.000
------------------------------------------
| time/                   |              |
|    fps                  | 1317         |
|    iterations           | 44           |
|    time_elapsed         | 136          |
|    total_timesteps      | 180224       |
| train/                  |              |
|    approx_kl            | 0.0002936324 |
|    clip_fraction        | 0.00527      |
|    clip_range           | 0.2          |
|    entropy_loss         | -0.122       |
|    explained_variance   | 0.867        |
|    learning_rate        | 0.0003       |
|    loss                 | -0.000707    |
|    n_updates            | 430          |
|    policy_gradient_loss | -0.000103    |
|    value_loss           | 0.000375     |
------------------------------------------
------------------------------------------
| time/                   |              |
|    fps                  | 1318         |
|    iterations           | 45           |
|    time_elapsed         | 139          |
|    total_timesteps      | 184320       |
| train/                  |              |
|    approx_kl            | 0.0008419887 |
|    clip_fraction        | 0.012        |
|    clip_range           | 0.2          |
|    entropy_loss         | -0.121       |
|    explained_variance   | 0.866        |
|    learning_rate        | 0.0003       |
|    loss                 | 0.00226      |
|    n_updates            | 440          |
|    policy_gradient_loss | -0.000823    |
|    value_loss           | 0.000362     |
------------------------------------------
  step  185000/500000 ( 37.0%)  mean_rew=-0.002
------------------------------------------
| time/                   |              |
|    fps                  | 1317         |
|    iterations           | 46           |
|    time_elapsed         | 142          |
|    total_timesteps      | 188416       |
| train/                  |              |
|    approx_kl            | 0.0016764564 |
|    clip_fraction        | 0.0126       |
|    clip_range           | 0.2          |
|    entropy_loss         | -0.118       |
|    explained_variance   | 0.881        |
|    learning_rate        | 0.0003       |
|    loss                 | -0.00158     |
|    n_updates            | 450          |
|    policy_gradient_loss | -0.000874    |
|    value_loss           | 0.000273     |
------------------------------------------
  step  190000/500000 ( 38.0%)  mean_rew=-0.000
-------------------------------------------
| time/                   |               |
|    fps                  | 1317          |
|    iterations           | 47            |
|    time_elapsed         | 146           |
|    total_timesteps      | 192512        |
| train/                  |               |
|    approx_kl            | 0.00084583485 |
|    clip_fraction        | 0.00825       |
|    clip_range           | 0.2           |
|    entropy_loss         | -0.115        |
|    explained_variance   | 0.917         |
|    learning_rate        | 0.0003        |
|    loss                 | 0.0011        |
|    n_updates            | 460           |
|    policy_gradient_loss | -0.000266     |
|    value_loss           | 0.000207      |
-------------------------------------------
  step  195000/500000 ( 39.0%)  mean_rew=+0.000
------------------------------------------
| time/                   |              |
|    fps                  | 1318         |
|    iterations           | 48           |
|    time_elapsed         | 149          |
|    total_timesteps      | 196608       |
| train/                  |              |
|    approx_kl            | 0.0012915046 |
|    clip_fraction        | 0.0191       |
|    clip_range           | 0.2          |
|    entropy_loss         | -0.105       |
|    explained_variance   | 0.852        |
|    learning_rate        | 0.0003       |
|    loss                 | -0.00216     |
|    n_updates            | 470          |
|    policy_gradient_loss | -0.00137     |
|    value_loss           | 0.000395     |
------------------------------------------
  step  200000/500000 ( 40.0%)  mean_rew=-0.000
------------------------------------------
| time/                   |              |
|    fps                  | 1318         |
|    iterations           | 49           |
|    time_elapsed         | 152          |
|    total_timesteps      | 200704       |
| train/                  |              |
|    approx_kl            | 0.0005451159 |
|    clip_fraction        | 0.00708      |
|    clip_range           | 0.2          |
|    entropy_loss         | -0.102       |
|    explained_variance   | 0.887        |
|    learning_rate        | 0.0003       |
|    loss                 | 0.00102      |
|    n_updates            | 480          |
|    policy_gradient_loss | -0.000373    |
|    value_loss           | 0.000244     |
------------------------------------------
------------------------------------------
| time/                   |              |
|    fps                  | 1317         |
|    iterations           | 50           |
|    time_elapsed         | 155          |
|    total_timesteps      | 204800       |
| train/                  |              |
|    approx_kl            | 0.0006111781 |
|    clip_fraction        | 0.00845      |
|    clip_range           | 0.2          |
|    entropy_loss         | -0.106       |
|    explained_variance   | 0.905        |
|    learning_rate        | 0.0003       |
|    loss                 | -0.00011     |
|    n_updates            | 490          |
|    policy_gradient_loss | -0.000573    |
|    value_loss           | 0.000231     |
------------------------------------------
  step  205000/500000 ( 41.0%)  mean_rew=+0.000
-------------------------------------------
| time/                   |               |
|    fps                  | 1318          |
|    iterations           | 51            |
|    time_elapsed         | 158           |
|    total_timesteps      | 208896        |
| train/                  |               |
|    approx_kl            | 0.00024300923 |
|    clip_fraction        | 0.00552       |
|    clip_range           | 0.2           |
|    entropy_loss         | -0.111        |
|    explained_variance   | 0.857         |
|    learning_rate        | 0.0003        |
|    loss                 | -0.000305     |
|    n_updates            | 500           |
|    policy_gradient_loss | -0.000394     |
|    value_loss           | 0.000397      |
-------------------------------------------
  step  210000/500000 ( 42.0%)  mean_rew=-0.001
------------------------------------------
| time/                   |              |
|    fps                  | 1317         |
|    iterations           | 52           |
|    time_elapsed         | 161          |
|    total_timesteps      | 212992       |
| train/                  |              |
|    approx_kl            | 0.0007087206 |
|    clip_fraction        | 0.00771      |
|    clip_range           | 0.2          |
|    entropy_loss         | -0.0992      |
|    explained_variance   | 0.878        |
|    learning_rate        | 0.0003       |
|    loss                 | 0.00161      |
|    n_updates            | 510          |
|    policy_gradient_loss | -0.000587    |
|    value_loss           | 0.000304     |
------------------------------------------
  step  215000/500000 ( 43.0%)  mean_rew=-0.001
-------------------------------------------
| time/                   |               |
|    fps                  | 1317          |
|    iterations           | 53            |
|    time_elapsed         | 164           |
|    total_timesteps      | 217088        |
| train/                  |               |
|    approx_kl            | 0.00076525967 |
|    clip_fraction        | 0.00786       |
|    clip_range           | 0.2           |
|    entropy_loss         | -0.102        |
|    explained_variance   | 0.928         |
|    learning_rate        | 0.0003        |
|    loss                 | 0.000113      |
|    n_updates            | 520           |
|    policy_gradient_loss | -0.000177     |
|    value_loss           | 0.000179      |
-------------------------------------------
  step  220000/500000 ( 44.0%)  mean_rew=-0.001
------------------------------------------
| time/                   |              |
|    fps                  | 1317         |
|    iterations           | 54           |
|    time_elapsed         | 167          |
|    total_timesteps      | 221184       |
| train/                  |              |
|    approx_kl            | 0.0012189732 |
|    clip_fraction        | 0.0112       |
|    clip_range           | 0.2          |
|    entropy_loss         | -0.112       |
|    explained_variance   | 0.885        |
|    learning_rate        | 0.0003       |
|    loss                 | 0.00108      |
|    n_updates            | 530          |
|    policy_gradient_loss | -0.000803    |
|    value_loss           | 0.000326     |
------------------------------------------
  step  225000/500000 ( 45.0%)  mean_rew=-0.000
-------------------------------------------
| time/                   |               |
|    fps                  | 1318          |
|    iterations           | 55            |
|    time_elapsed         | 170           |
|    total_timesteps      | 225280        |
| train/                  |               |
|    approx_kl            | 0.00073392235 |
|    clip_fraction        | 0.0051        |
|    clip_range           | 0.2           |
|    entropy_loss         | -0.12         |
|    explained_variance   | 0.879         |
|    learning_rate        | 0.0003        |
|    loss                 | -3.76e-05     |
|    n_updates            | 540           |
|    policy_gradient_loss | -1.62e-05     |
|    value_loss           | 0.000346      |
-------------------------------------------
-------------------------------------------
| time/                   |               |
|    fps                  | 1317          |
|    iterations           | 56            |
|    time_elapsed         | 174           |
|    total_timesteps      | 229376        |
| train/                  |               |
|    approx_kl            | 0.00080860476 |
|    clip_fraction        | 0.0125        |
|    clip_range           | 0.2           |
|    entropy_loss         | -0.12         |
|    explained_variance   | 0.901         |
|    learning_rate        | 0.0003        |
|    loss                 | 0.000309      |
|    n_updates            | 550           |
|    policy_gradient_loss | -0.000792     |
|    value_loss           | 0.000227      |
-------------------------------------------
  step  230000/500000 ( 46.0%)  mean_rew=-0.001
------------------------------------------
| time/                   |              |
|    fps                  | 1317         |
|    iterations           | 57           |
|    time_elapsed         | 177          |
|    total_timesteps      | 233472       |
| train/                  |              |
|    approx_kl            | 0.0009069147 |
|    clip_fraction        | 0.00359      |
|    clip_range           | 0.2          |
|    entropy_loss         | -0.108       |
|    explained_variance   | 0.916        |
|    learning_rate        | 0.0003       |
|    loss                 | 0.00109      |
|    n_updates            | 560          |
|    policy_gradient_loss | -0.000125    |
|    value_loss           | 0.000217     |
------------------------------------------
  step  235000/500000 ( 47.0%)  mean_rew=+0.000
------------------------------------------
| time/                   |              |
|    fps                  | 1317         |
|    iterations           | 58           |
|    time_elapsed         | 180          |
|    total_timesteps      | 237568       |
| train/                  |              |
|    approx_kl            | 0.0008102654 |
|    clip_fraction        | 0.0095       |
|    clip_range           | 0.2          |
|    entropy_loss         | -0.0967      |
|    explained_variance   | 0.857        |
|    learning_rate        | 0.0003       |
|    loss                 | 0.000475     |
|    n_updates            | 570          |
|    policy_gradient_loss | -0.000758    |
|    value_loss           | 0.000404     |
------------------------------------------
  step  240000/500000 ( 48.0%)  mean_rew=-0.001
-------------------------------------------
| time/                   |               |
|    fps                  | 1317          |
|    iterations           | 59            |
|    time_elapsed         | 183           |
|    total_timesteps      | 241664        |
| train/                  |               |
|    approx_kl            | 0.00039076328 |
|    clip_fraction        | 0.00483       |
|    clip_range           | 0.2           |
|    entropy_loss         | -0.0978       |
|    explained_variance   | 0.894         |
|    learning_rate        | 0.0003        |
|    loss                 | 0.00176       |
|    n_updates            | 580           |
|    policy_gradient_loss | -0.000353     |
|    value_loss           | 0.000252      |
-------------------------------------------
  step  245000/500000 ( 49.0%)  mean_rew=-0.001
------------------------------------------
| time/                   |              |
|    fps                  | 1317         |
|    iterations           | 60           |
|    time_elapsed         | 186          |
|    total_timesteps      | 245760       |
| train/                  |              |
|    approx_kl            | 0.0006679715 |
|    clip_fraction        | 0.00662      |
|    clip_range           | 0.2          |
|    entropy_loss         | -0.0888      |
|    explained_variance   | 0.91         |
|    learning_rate        | 0.0003       |
|    loss                 | 0.000553     |
|    n_updates            | 590          |
|    policy_gradient_loss | -0.000204    |
|    value_loss           | 0.000226     |
------------------------------------------
------------------------------------------
| time/                   |              |
|    fps                  | 1317         |
|    iterations           | 61           |
|    time_elapsed         | 189          |
|    total_timesteps      | 249856       |
| train/                  |              |
|    approx_kl            | 0.0005812625 |
|    clip_fraction        | 0.00869      |
|    clip_range           | 0.2          |
|    entropy_loss         | -0.0846      |
|    explained_variance   | 0.866        |
|    learning_rate        | 0.0003       |
|    loss                 | 0.00125      |
|    n_updates            | 600          |
|    policy_gradient_loss | -0.000356    |
|    value_loss           | 0.000364     |
------------------------------------------
  step  250000/500000 ( 50.0%)  mean_rew=+0.000
------------------------------------------
| time/                   |              |
|    fps                  | 1317         |
|    iterations           | 62           |
|    time_elapsed         | 192          |
|    total_timesteps      | 253952       |
| train/                  |              |
|    approx_kl            | 0.0005025109 |
|    clip_fraction        | 0.00496      |
|    clip_range           | 0.2          |
|    entropy_loss         | -0.0757      |
|    explained_variance   | 0.888        |
|    learning_rate        | 0.0003       |
|    loss                 | 0.0002       |
|    n_updates            | 610          |
|    policy_gradient_loss | -0.000216    |
|    value_loss           | 0.000296     |
------------------------------------------
  step  255000/500000 ( 51.0%)  mean_rew=-0.002
-------------------------------------------
| time/                   |               |
|    fps                  | 1317          |
|    iterations           | 63            |
|    time_elapsed         | 195           |
|    total_timesteps      | 258048        |
| train/                  |               |
|    approx_kl            | 0.00028851914 |
|    clip_fraction        | 0.00339       |
|    clip_range           | 0.2           |
|    entropy_loss         | -0.0726       |
|    explained_variance   | 0.899         |
|    learning_rate        | 0.0003        |
|    loss                 | -6.33e-05     |
|    n_updates            | 620           |
|    policy_gradient_loss | -4.45e-05     |
|    value_loss           | 0.000216      |
-------------------------------------------
  step  260000/500000 ( 52.0%)  mean_rew=-0.001
------------------------------------------
| time/                   |              |
|    fps                  | 1317         |
|    iterations           | 64           |
|    time_elapsed         | 198          |
|    total_timesteps      | 262144       |
| train/                  |              |
|    approx_kl            | 0.0002540116 |
|    clip_fraction        | 0.00149      |
|    clip_range           | 0.2          |
|    entropy_loss         | -0.0698      |
|    explained_variance   | 0.908        |
|    learning_rate        | 0.0003       |
|    loss                 | -0.000236    |
|    n_updates            | 630          |
|    policy_gradient_loss | -0.00011     |
|    value_loss           | 0.000224     |
------------------------------------------
  step  265000/500000 ( 53.0%)  mean_rew=-0.001
------------------------------------------
| time/                   |              |
|    fps                  | 1318         |
|    iterations           | 65           |
|    time_elapsed         | 202          |
|    total_timesteps      | 266240       |
| train/                  |              |
|    approx_kl            | 0.0005689233 |
|    clip_fraction        | 0.00796      |
|    clip_range           | 0.2          |
|    entropy_loss         | -0.065       |
|    explained_variance   | 0.879        |
|    learning_rate        | 0.0003       |
|    loss                 | 0.00379      |
|    n_updates            | 640          |
|    policy_gradient_loss | -0.0006      |
|    value_loss           | 0.000299     |
------------------------------------------
  step  270000/500000 ( 54.0%)  mean_rew=-0.001
-------------------------------------------
| time/                   |               |
|    fps                  | 1317          |
|    iterations           | 66            |
|    time_elapsed         | 205           |
|    total_timesteps      | 270336        |
| train/                  |               |
|    approx_kl            | 0.00041748985 |
|    clip_fraction        | 0.00569       |
|    clip_range           | 0.2           |
|    entropy_loss         | -0.0721       |
|    explained_variance   | 0.895         |
|    learning_rate        | 0.0003        |
|    loss                 | 0.000761      |
|    n_updates            | 650           |
|    policy_gradient_loss | -0.000209     |
|    value_loss           | 0.000218      |
-------------------------------------------
-------------------------------------------
| time/                   |               |
|    fps                  | 1317          |
|    iterations           | 67            |
|    time_elapsed         | 208           |
|    total_timesteps      | 274432        |
| train/                  |               |
|    approx_kl            | 0.00030605803 |
|    clip_fraction        | 0.003         |
|    clip_range           | 0.2           |
|    entropy_loss         | -0.0727       |
|    explained_variance   | 0.907         |
|    learning_rate        | 0.0003        |
|    loss                 | -0.000822     |
|    n_updates            | 660           |
|    policy_gradient_loss | -0.00013      |
|    value_loss           | 0.000213      |
-------------------------------------------
  step  275000/500000 ( 55.0%)  mean_rew=+0.000
------------------------------------------
| time/                   |              |
|    fps                  | 1317         |
|    iterations           | 68           |
|    time_elapsed         | 211          |
|    total_timesteps      | 278528       |
| train/                  |              |
|    approx_kl            | 0.0018215382 |
|    clip_fraction        | 0.00603      |
|    clip_range           | 0.2          |
|    entropy_loss         | -0.0674      |
|    explained_variance   | 0.874        |
|    learning_rate        | 0.0003       |
|    loss                 | -0.00237     |
|    n_updates            | 670          |
|    policy_gradient_loss | -0.000476    |
|    value_loss           | 0.0003       |
------------------------------------------
  step  280000/500000 ( 56.0%)  mean_rew=-0.002
-------------------------------------------
| time/                   |               |
|    fps                  | 1317          |
|    iterations           | 69            |
|    time_elapsed         | 214           |
|    total_timesteps      | 282624        |
| train/                  |               |
|    approx_kl            | 0.00046981085 |
|    clip_fraction        | 0.00479       |
|    clip_range           | 0.2           |
|    entropy_loss         | -0.0685       |
|    explained_variance   | 0.862         |
|    learning_rate        | 0.0003        |
|    loss                 | -0.000531     |
|    n_updates            | 680           |
|    policy_gradient_loss | 0.000151      |
|    value_loss           | 0.000335      |
-------------------------------------------
  step  285000/500000 ( 57.0%)  mean_rew=-0.001
------------------------------------------
| time/                   |              |
|    fps                  | 1317         |
|    iterations           | 70           |
|    time_elapsed         | 217          |
|    total_timesteps      | 286720       |
| train/                  |              |
|    approx_kl            | 0.0005774036 |
|    clip_fraction        | 0.00645      |
|    clip_range           | 0.2          |
|    entropy_loss         | -0.0645      |
|    explained_variance   | 0.888        |
|    learning_rate        | 0.0003       |
|    loss                 | -4.54e-05    |
|    n_updates            | 690          |
|    policy_gradient_loss | -0.000819    |
|    value_loss           | 0.000223     |
------------------------------------------
  step  290000/500000 ( 58.0%)  mean_rew=-0.001
------------------------------------------
| time/                   |              |
|    fps                  | 1317         |
|    iterations           | 71           |
|    time_elapsed         | 220          |
|    total_timesteps      | 290816       |
| train/                  |              |
|    approx_kl            | 0.0048673786 |
|    clip_fraction        | 0.0139       |
|    clip_range           | 0.2          |
|    entropy_loss         | -0.0748      |
|    explained_variance   | 0.889        |
|    learning_rate        | 0.0003       |
|    loss                 | -0.00408     |
|    n_updates            | 700          |
|    policy_gradient_loss | -0.00178     |
|    value_loss           | 0.000253     |
------------------------------------------
-------------------------------------------
| time/                   |               |
|    fps                  | 1317          |
|    iterations           | 72            |
|    time_elapsed         | 223           |
|    total_timesteps      | 294912        |
| train/                  |               |
|    approx_kl            | 0.00074047793 |
|    clip_fraction        | 0.00664       |
|    clip_range           | 0.2           |
|    entropy_loss         | -0.0878       |
|    explained_variance   | 0.837         |
|    learning_rate        | 0.0003        |
|    loss                 | 0.000159      |
|    n_updates            | 710           |
|    policy_gradient_loss | -0.000316     |
|    value_loss           | 0.000437      |
-------------------------------------------
  step  295000/500000 ( 59.0%)  mean_rew=-0.000
-------------------------------------------
| time/                   |               |
|    fps                  | 1317          |
|    iterations           | 73            |
|    time_elapsed         | 226           |
|    total_timesteps      | 299008        |
| train/                  |               |
|    approx_kl            | 0.00038587104 |
|    clip_fraction        | 0.00684       |
|    clip_range           | 0.2           |
|    entropy_loss         | -0.0873       |
|    explained_variance   | 0.892         |
|    learning_rate        | 0.0003        |
|    loss                 | -0.00108      |
|    n_updates            | 720           |
|    policy_gradient_loss | -0.000104     |
|    value_loss           | 0.000223      |
-------------------------------------------
  step  300000/500000 ( 60.0%)  mean_rew=+0.000
------------------------------------------
| time/                   |              |
|    fps                  | 1316         |
|    iterations           | 74           |
|    time_elapsed         | 230          |
|    total_timesteps      | 303104       |
| train/                  |              |
|    approx_kl            | 0.0010021764 |
|    clip_fraction        | 0.0109       |
|    clip_range           | 0.2          |
|    entropy_loss         | -0.0774      |
|    explained_variance   | 0.901        |
|    learning_rate        | 0.0003       |
|    loss                 | -0.00347     |
|    n_updates            | 730          |
|    policy_gradient_loss | -0.000809    |
|    value_loss           | 0.000237     |
------------------------------------------
  step  305000/500000 ( 61.0%)  mean_rew=+0.000
------------------------------------------
| time/                   |              |
|    fps                  | 1316         |
|    iterations           | 75           |
|    time_elapsed         | 233          |
|    total_timesteps      | 307200       |
| train/                  |              |
|    approx_kl            | 0.0004117882 |
|    clip_fraction        | 0.00391      |
|    clip_range           | 0.2          |
|    entropy_loss         | -0.0699      |
|    explained_variance   | 0.846        |
|    learning_rate        | 0.0003       |
|    loss                 | 9.52e-05     |
|    n_updates            | 740          |
|    policy_gradient_loss | -0.00021     |
|    value_loss           | 0.000417     |
------------------------------------------
  step  310000/500000 ( 62.0%)  mean_rew=-0.001
-------------------------------------------
| time/                   |               |
|    fps                  | 1317          |
|    iterations           | 76            |
|    time_elapsed         | 236           |
|    total_timesteps      | 311296        |
| train/                  |               |
|    approx_kl            | 0.00038466704 |
|    clip_fraction        | 0.0042        |
|    clip_range           | 0.2           |
|    entropy_loss         | -0.071        |
|    explained_variance   | 0.881         |
|    learning_rate        | 0.0003        |
|    loss                 | 0.000303      |
|    n_updates            | 750           |
|    policy_gradient_loss | 7.9e-05       |
|    value_loss           | 0.000293      |
-------------------------------------------
  step  315000/500000 ( 63.0%)  mean_rew=+0.000
---------------------------------------
| time/                   |           |
|    fps                  | 1316      |
|    iterations           | 77        |
|    time_elapsed         | 239       |
|    total_timesteps      | 315392    |
| train/                  |           |
|    approx_kl            | 0.0002908 |
|    clip_fraction        | 0.00469   |
|    clip_range           | 0.2       |
|    entropy_loss         | -0.0656   |
|    explained_variance   | 0.872     |
|    learning_rate        | 0.0003    |
|    loss                 | 0.000217  |
|    n_updates            | 760       |
|    policy_gradient_loss | -0.000248 |
|    value_loss           | 0.000275  |
---------------------------------------
-------------------------------------------
| time/                   |               |
|    fps                  | 1316          |
|    iterations           | 78            |
|    time_elapsed         | 242           |
|    total_timesteps      | 319488        |
| train/                  |               |
|    approx_kl            | 0.00043260318 |
|    clip_fraction        | 0.00413       |
|    clip_range           | 0.2           |
|    entropy_loss         | -0.0617       |
|    explained_variance   | 0.902         |
|    learning_rate        | 0.0003        |
|    loss                 | 0.000858      |
|    n_updates            | 770           |
|    policy_gradient_loss | -0.000375     |
|    value_loss           | 0.000229      |
-------------------------------------------
  step  320000/500000 ( 64.0%)  mean_rew=-0.000
-------------------------------------------
| time/                   |               |
|    fps                  | 1316          |
|    iterations           | 79            |
|    time_elapsed         | 245           |
|    total_timesteps      | 323584        |
| train/                  |               |
|    approx_kl            | 0.00044874114 |
|    clip_fraction        | 0.00322       |
|    clip_range           | 0.2           |
|    entropy_loss         | -0.0597       |
|    explained_variance   | 0.867         |
|    learning_rate        | 0.0003        |
|    loss                 | 0.00317       |
|    n_updates            | 780           |
|    policy_gradient_loss | -0.000125     |
|    value_loss           | 0.000327      |
-------------------------------------------
  step  325000/500000 ( 65.0%)  mean_rew=-0.001
------------------------------------------
| time/                   |              |
|    fps                  | 1316         |
|    iterations           | 80           |
|    time_elapsed         | 248          |
|    total_timesteps      | 327680       |
| train/                  |              |
|    approx_kl            | 0.0007859941 |
|    clip_fraction        | 0.0104       |
|    clip_range           | 0.2          |
|    entropy_loss         | -0.0564      |
|    explained_variance   | 0.894        |
|    learning_rate        | 0.0003       |
|    loss                 | -9.96e-06    |
|    n_updates            | 790          |
|    policy_gradient_loss | -0.0004      |
|    value_loss           | 0.000213     |
------------------------------------------
  step  330000/500000 ( 66.0%)  mean_rew=-0.001
-------------------------------------------
| time/                   |               |
|    fps                  | 1316          |
|    iterations           | 81            |
|    time_elapsed         | 252           |
|    total_timesteps      | 331776        |
| train/                  |               |
|    approx_kl            | 0.00039544294 |
|    clip_fraction        | 0.0053        |
|    clip_range           | 0.2           |
|    entropy_loss         | -0.0593       |
|    explained_variance   | 0.897         |
|    learning_rate        | 0.0003        |
|    loss                 | 0.00427       |
|    n_updates            | 800           |
|    policy_gradient_loss | -0.000271     |
|    value_loss           | 0.000247      |
-------------------------------------------
  step  335000/500000 ( 67.0%)  mean_rew=+0.000
-------------------------------------------
| time/                   |               |
|    fps                  | 1316          |
|    iterations           | 82            |
|    time_elapsed         | 255           |
|    total_timesteps      | 335872        |
| train/                  |               |
|    approx_kl            | 0.00044433825 |
|    clip_fraction        | 0.00432       |
|    clip_range           | 0.2           |
|    entropy_loss         | -0.0584       |
|    explained_variance   | 0.867         |
|    learning_rate        | 0.0003        |
|    loss                 | -0.000722     |
|    n_updates            | 810           |
|    policy_gradient_loss | -0.00019      |
|    value_loss           | 0.000329      |
-------------------------------------------
-------------------------------------------
| time/                   |               |
|    fps                  | 1317          |
|    iterations           | 83            |
|    time_elapsed         | 258           |
|    total_timesteps      | 339968        |
| train/                  |               |
|    approx_kl            | 0.00027926452 |
|    clip_fraction        | 0.00393       |
|    clip_range           | 0.2           |
|    entropy_loss         | -0.0538       |
|    explained_variance   | 0.869         |
|    learning_rate        | 0.0003        |
|    loss                 | -0.00108      |
|    n_updates            | 820           |
|    policy_gradient_loss | -0.000314     |
|    value_loss           | 0.000328      |
-------------------------------------------
  step  340000/500000 ( 68.0%)  mean_rew=-0.001
-------------------------------------------
| time/                   |               |
|    fps                  | 1317          |
|    iterations           | 84            |
|    time_elapsed         | 261           |
|    total_timesteps      | 344064        |
| train/                  |               |
|    approx_kl            | 0.00027939404 |
|    clip_fraction        | 0.00496       |
|    clip_range           | 0.2           |
|    entropy_loss         | -0.054        |
|    explained_variance   | 0.884         |
|    learning_rate        | 0.0003        |
|    loss                 | 0.000314      |
|    n_updates            | 830           |
|    policy_gradient_loss | -0.000262     |
|    value_loss           | 0.000252      |
-------------------------------------------
  step  345000/500000 ( 69.0%)  mean_rew=+0.000
-------------------------------------------
| time/                   |               |
|    fps                  | 1317          |
|    iterations           | 85            |
|    time_elapsed         | 264           |
|    total_timesteps      | 348160        |
| train/                  |               |
|    approx_kl            | 0.00023633194 |
|    clip_fraction        | 0.003         |
|    clip_range           | 0.2           |
|    entropy_loss         | -0.0568       |
|    explained_variance   | 0.907         |
|    learning_rate        | 0.0003        |
|    loss                 | -7.04e-05     |
|    n_updates            | 840           |
|    policy_gradient_loss | -4.7e-05      |
|    value_loss           | 0.000227      |
-------------------------------------------
  step  350000/500000 ( 70.0%)  mean_rew=-0.001
-------------------------------------------
| time/                   |               |
|    fps                  | 1318          |
|    iterations           | 86            |
|    time_elapsed         | 267           |
|    total_timesteps      | 352256        |
| train/                  |               |
|    approx_kl            | 0.00037393285 |
|    clip_fraction        | 0.00496       |
|    clip_range           | 0.2           |
|    entropy_loss         | -0.0535       |
|    explained_variance   | 0.871         |
|    learning_rate        | 0.0003        |
|    loss                 | 0.000699      |
|    n_updates            | 850           |
|    policy_gradient_loss | -0.000322     |
|    value_loss           | 0.000327      |
-------------------------------------------
  step  355000/500000 ( 71.0%)  mean_rew=-0.001
------------------------------------------
| time/                   |              |
|    fps                  | 1318         |
|    iterations           | 87           |
|    time_elapsed         | 270          |
|    total_timesteps      | 356352       |
| train/                  |              |
|    approx_kl            | 0.0004710795 |
|    clip_fraction        | 0.00476      |
|    clip_range           | 0.2          |
|    entropy_loss         | -0.0542      |
|    explained_variance   | 0.887        |
|    learning_rate        | 0.0003       |
|    loss                 | -0.000305    |
|    n_updates            | 860          |
|    policy_gradient_loss | -0.000328    |
|    value_loss           | 0.000244     |
------------------------------------------
  step  360000/500000 ( 72.0%)  mean_rew=+0.000
-----------------------------------------
| time/                   |             |
|    fps                  | 1318        |
|    iterations           | 88          |
|    time_elapsed         | 273         |
|    total_timesteps      | 360448      |
| train/                  |             |
|    approx_kl            | 0.000543901 |
|    clip_fraction        | 0.00684     |
|    clip_range           | 0.2         |
|    entropy_loss         | -0.0505     |
|    explained_variance   | 0.908       |
|    learning_rate        | 0.0003      |
|    loss                 | -0.000129   |
|    n_updates            | 870         |
|    policy_gradient_loss | -0.000428   |
|    value_loss           | 0.000219    |
-----------------------------------------
-----------------------------------------
| time/                   |             |
|    fps                  | 1318        |
|    iterations           | 89          |
|    time_elapsed         | 276         |
|    total_timesteps      | 364544      |
| train/                  |             |
|    approx_kl            | 0.001276068 |
|    clip_fraction        | 0.00366     |
|    clip_range           | 0.2         |
|    entropy_loss         | -0.0533     |
|    explained_variance   | 0.864       |
|    learning_rate        | 0.0003      |
|    loss                 | -0.000509   |
|    n_updates            | 880         |
|    policy_gradient_loss | 6.42e-05    |
|    value_loss           | 0.00035     |
-----------------------------------------
  step  365000/500000 ( 73.0%)  mean_rew=-0.000
-------------------------------------------
| time/                   |               |
|    fps                  | 1319          |
|    iterations           | 90            |
|    time_elapsed         | 279           |
|    total_timesteps      | 368640        |
| train/                  |               |
|    approx_kl            | 0.00041302363 |
|    clip_fraction        | 0.0073        |
|    clip_range           | 0.2           |
|    entropy_loss         | -0.0519       |
|    explained_variance   | 0.879         |
|    learning_rate        | 0.0003        |
|    loss                 | -0.00156      |
|    n_updates            | 890           |
|    policy_gradient_loss | -0.000366     |
|    value_loss           | 0.000294      |
-------------------------------------------
  step  370000/500000 ( 74.0%)  mean_rew=-0.002
-------------------------------------------
| time/                   |               |
|    fps                  | 1319          |
|    iterations           | 91            |
|    time_elapsed         | 282           |
|    total_timesteps      | 372736        |
| train/                  |               |
|    approx_kl            | 0.00038801116 |
|    clip_fraction        | 0.00588       |
|    clip_range           | 0.2           |
|    entropy_loss         | -0.0472       |
|    explained_variance   | 0.869         |
|    learning_rate        | 0.0003        |
|    loss                 | 6.03e-05      |
|    n_updates            | 900           |
|    policy_gradient_loss | -0.000265     |
|    value_loss           | 0.000283      |
-------------------------------------------
  step  375000/500000 ( 75.0%)  mean_rew=-0.001
-------------------------------------------
| time/                   |               |
|    fps                  | 1319          |
|    iterations           | 92            |
|    time_elapsed         | 285           |
|    total_timesteps      | 376832        |
| train/                  |               |
|    approx_kl            | 0.00038596528 |
|    clip_fraction        | 0.00278       |
|    clip_range           | 0.2           |
|    entropy_loss         | -0.0398       |
|    explained_variance   | 0.921         |
|    learning_rate        | 0.0003        |
|    loss                 | 0.000874      |
|    n_updates            | 910           |
|    policy_gradient_loss | -0.00011      |
|    value_loss           | 0.000178      |
-------------------------------------------
  step  380000/500000 ( 76.0%)  mean_rew=-0.000
------------------------------------------
| time/                   |              |
|    fps                  | 1320         |
|    iterations           | 93           |
|    time_elapsed         | 288          |
|    total_timesteps      | 380928       |
| train/                  |              |
|    approx_kl            | 0.0001773045 |
|    clip_fraction        | 0.00356      |
|    clip_range           | 0.2          |
|    entropy_loss         | -0.0349      |
|    explained_variance   | 0.846        |
|    learning_rate        | 0.0003       |
|    loss                 | -0.00233     |
|    n_updates            | 920          |
|    policy_gradient_loss | -0.000456    |
|    value_loss           | 0.000393     |
------------------------------------------
  step  385000/500000 ( 77.0%)  mean_rew=-0.001
-----------------------------------------
| time/                   |             |
|    fps                  | 1320        |
|    iterations           | 94          |
|    time_elapsed         | 291         |
|    total_timesteps      | 385024      |
| train/                  |             |
|    approx_kl            | 0.000204937 |
|    clip_fraction        | 0.00417     |
|    clip_range           | 0.2         |
|    entropy_loss         | -0.0332     |
|    explained_variance   | 0.889       |
|    learning_rate        | 0.0003      |
|    loss                 | -4.88e-05   |
|    n_updates            | 930         |
|    policy_gradient_loss | -0.000352   |
|    value_loss           | 0.000223    |
-----------------------------------------
------------------------------------------
| time/                   |              |
|    fps                  | 1320         |
|    iterations           | 95           |
|    time_elapsed         | 294          |
|    total_timesteps      | 389120       |
| train/                  |              |
|    approx_kl            | 7.344464e-05 |
|    clip_fraction        | 0.00122      |
|    clip_range           | 0.2          |
|    entropy_loss         | -0.0315      |
|    explained_variance   | 0.889        |
|    learning_rate        | 0.0003       |
|    loss                 | -1.72e-05    |
|    n_updates            | 940          |
|    policy_gradient_loss | -2.71e-05    |
|    value_loss           | 0.000253     |
------------------------------------------
  step  390000/500000 ( 78.0%)  mean_rew=-0.001
-------------------------------------------
| time/                   |               |
|    fps                  | 1321          |
|    iterations           | 96            |
|    time_elapsed         | 297           |
|    total_timesteps      | 393216        |
| train/                  |               |
|    approx_kl            | 0.00038307466 |
|    clip_fraction        | 0.00376       |
|    clip_range           | 0.2           |
|    entropy_loss         | -0.0354       |
|    explained_variance   | 0.864         |
|    learning_rate        | 0.0003        |
|    loss                 | -0.00054      |
|    n_updates            | 950           |
|    policy_gradient_loss | -0.000317     |
|    value_loss           | 0.00032       |
-------------------------------------------
  step  395000/500000 ( 79.0%)  mean_rew=+0.000
-------------------------------------------
| time/                   |               |
|    fps                  | 1321          |
|    iterations           | 97            |
|    time_elapsed         | 300           |
|    total_timesteps      | 397312        |
| train/                  |               |
|    approx_kl            | 0.00063159206 |
|    clip_fraction        | 0.00386       |
|    clip_range           | 0.2           |
|    entropy_loss         | -0.0322       |
|    explained_variance   | 0.865         |
|    learning_rate        | 0.0003        |
|    loss                 | -0.00127      |
|    n_updates            | 960           |
|    policy_gradient_loss | -0.000417     |
|    value_loss           | 0.000312      |
-------------------------------------------
  step  400000/500000 ( 80.0%)  mean_rew=-0.000
------------------------------------------
| time/                   |              |
|    fps                  | 1321         |
|    iterations           | 98           |
|    time_elapsed         | 303          |
|    total_timesteps      | 401408       |
| train/                  |              |
|    approx_kl            | 0.0005084102 |
|    clip_fraction        | 0.00317      |
|    clip_range           | 0.2          |
|    entropy_loss         | -0.0316      |
|    explained_variance   | 0.909        |
|    learning_rate        | 0.0003       |
|    loss                 | -0.000893    |
|    n_updates            | 970          |
|    policy_gradient_loss | -0.000223    |
|    value_loss           | 0.000214     |
------------------------------------------
  step  405000/500000 ( 81.0%)  mean_rew=-0.003
------------------------------------------
| time/                   |              |
|    fps                  | 1321         |
|    iterations           | 99           |
|    time_elapsed         | 306          |
|    total_timesteps      | 405504       |
| train/                  |              |
|    approx_kl            | 0.0010711334 |
|    clip_fraction        | 0.002        |
|    clip_range           | 0.2          |
|    entropy_loss         | -0.0362      |
|    explained_variance   | 0.87         |
|    learning_rate        | 0.0003       |
|    loss                 | -0.000243    |
|    n_updates            | 980          |
|    policy_gradient_loss | -0.000124    |
|    value_loss           | 0.000351     |
------------------------------------------
------------------------------------------
| time/                   |              |
|    fps                  | 1322         |
|    iterations           | 100          |
|    time_elapsed         | 309          |
|    total_timesteps      | 409600       |
| train/                  |              |
|    approx_kl            | 0.0007737331 |
|    clip_fraction        | 0.00627      |
|    clip_range           | 0.2          |
|    entropy_loss         | -0.0369      |
|    explained_variance   | 0.87         |
|    learning_rate        | 0.0003       |
|    loss                 | -0.000576    |
|    n_updates            | 990          |
|    policy_gradient_loss | -1.21e-05    |
|    value_loss           | 0.000352     |
------------------------------------------
  step  410000/500000 ( 82.0%)  mean_rew=-0.001
------------------------------------------
| time/                   |              |
|    fps                  | 1322         |
|    iterations           | 101          |
|    time_elapsed         | 312          |
|    total_timesteps      | 413696       |
| train/                  |              |
|    approx_kl            | 0.0005176399 |
|    clip_fraction        | 0.00496      |
|    clip_range           | 0.2          |
|    entropy_loss         | -0.0317      |
|    explained_variance   | 0.889        |
|    learning_rate        | 0.0003       |
|    loss                 | 0.00124      |
|    n_updates            | 1000         |
|    policy_gradient_loss | -0.000388    |
|    value_loss           | 0.000238     |
------------------------------------------
  step  415000/500000 ( 83.0%)  mean_rew=+0.000
-------------------------------------------
| time/                   |               |
|    fps                  | 1322          |
|    iterations           | 102           |
|    time_elapsed         | 315           |
|    total_timesteps      | 417792        |
| train/                  |               |
|    approx_kl            | 0.00036148314 |
|    clip_fraction        | 0.00193       |
|    clip_range           | 0.2           |
|    entropy_loss         | -0.0345       |
|    explained_variance   | 0.887         |
|    learning_rate        | 0.0003        |
|    loss                 | -0.00143      |
|    n_updates            | 1010          |
|    policy_gradient_loss | -0.000162     |
|    value_loss           | 0.000296      |
-------------------------------------------
  step  420000/500000 ( 84.0%)  mean_rew=-0.002
------------------------------------------
| time/                   |              |
|    fps                  | 1323         |
|    iterations           | 103          |
|    time_elapsed         | 318          |
|    total_timesteps      | 421888       |
| train/                  |              |
|    approx_kl            | 0.0003997495 |
|    clip_fraction        | 0.00715      |
|    clip_range           | 0.2          |
|    entropy_loss         | -0.0445      |
|    explained_variance   | 0.873        |
|    learning_rate        | 0.0003       |
|    loss                 | -0.00108     |
|    n_updates            | 1020         |
|    policy_gradient_loss | -0.000128    |
|    value_loss           | 0.000348     |
------------------------------------------
  step  425000/500000 ( 85.0%)  mean_rew=-0.001
-------------------------------------------
| time/                   |               |
|    fps                  | 1323          |
|    iterations           | 104           |
|    time_elapsed         | 321           |
|    total_timesteps      | 425984        |
| train/                  |               |
|    approx_kl            | 0.00029523554 |
|    clip_fraction        | 0.00725       |
|    clip_range           | 0.2           |
|    entropy_loss         | -0.0518       |
|    explained_variance   | 0.893         |
|    learning_rate        | 0.0003        |
|    loss                 | 0.000764      |
|    n_updates            | 1030          |
|    policy_gradient_loss | -0.000436     |
|    value_loss           | 0.000265      |
-------------------------------------------
  step  430000/500000 ( 86.0%)  mean_rew=+0.000
------------------------------------------
| time/                   |              |
|    fps                  | 1323         |
|    iterations           | 105          |
|    time_elapsed         | 324          |
|    total_timesteps      | 430080       |
| train/                  |              |
|    approx_kl            | 0.0007487255 |
|    clip_fraction        | 0.00339      |
|    clip_range           | 0.2          |
|    entropy_loss         | -0.0514      |
|    explained_variance   | 0.926        |
|    learning_rate        | 0.0003       |
|    loss                 | 0.00219      |
|    n_updates            | 1040         |
|    policy_gradient_loss | -7.23e-05    |
|    value_loss           | 0.000176     |
------------------------------------------
------------------------------------------
| time/                   |              |
|    fps                  | 1323         |
|    iterations           | 106          |
|    time_elapsed         | 327          |
|    total_timesteps      | 434176       |
| train/                  |              |
|    approx_kl            | 0.0006345549 |
|    clip_fraction        | 0.00752      |
|    clip_range           | 0.2          |
|    entropy_loss         | -0.0574      |
|    explained_variance   | 0.856        |
|    learning_rate        | 0.0003       |
|    loss                 | -0.00448     |
|    n_updates            | 1050         |
|    policy_gradient_loss | -0.000373    |
|    value_loss           | 0.000388     |
------------------------------------------
  step  435000/500000 ( 87.0%)  mean_rew=-0.001
-------------------------------------------
| time/                   |               |
|    fps                  | 1324          |
|    iterations           | 107           |
|    time_elapsed         | 330           |
|    total_timesteps      | 438272        |
| train/                  |               |
|    approx_kl            | 0.00039217077 |
|    clip_fraction        | 0.00759       |
|    clip_range           | 0.2           |
|    entropy_loss         | -0.0651       |
|    explained_variance   | 0.868         |
|    learning_rate        | 0.0003        |
|    loss                 | 0.00451       |
|    n_updates            | 1060          |
|    policy_gradient_loss | -0.000162     |
|    value_loss           | 0.000351      |
-------------------------------------------
  step  440000/500000 ( 88.0%)  mean_rew=-0.000
-------------------------------------------
| time/                   |               |
|    fps                  | 1324          |
|    iterations           | 108           |
|    time_elapsed         | 333           |
|    total_timesteps      | 442368        |
| train/                  |               |
|    approx_kl            | 0.00089714443 |
|    clip_fraction        | 0.00828       |
|    clip_range           | 0.2           |
|    entropy_loss         | -0.0621       |
|    explained_variance   | 0.898         |
|    learning_rate        | 0.0003        |
|    loss                 | -0.00159      |
|    n_updates            | 1070          |
|    policy_gradient_loss | -0.000244     |
|    value_loss           | 0.000214      |
-------------------------------------------
  step  445000/500000 ( 89.0%)  mean_rew=-0.001
------------------------------------------
| time/                   |              |
|    fps                  | 1324         |
|    iterations           | 109          |
|    time_elapsed         | 337          |
|    total_timesteps      | 446464       |
| train/                  |              |
|    approx_kl            | 0.0006214152 |
|    clip_fraction        | 0.00615      |
|    clip_range           | 0.2          |
|    entropy_loss         | -0.0568      |
|    explained_variance   | 0.924        |
|    learning_rate        | 0.0003       |
|    loss                 | 0.000942     |
|    n_updates            | 1080         |
|    policy_gradient_loss | 5.3e-05      |
|    value_loss           | 0.00017      |
------------------------------------------
  step  450000/500000 ( 90.0%)  mean_rew=-0.001
------------------------------------------
| time/                   |              |
|    fps                  | 1325         |
|    iterations           | 110          |
|    time_elapsed         | 339          |
|    total_timesteps      | 450560       |
| train/                  |              |
|    approx_kl            | 6.953227e-05 |
|    clip_fraction        | 0.00203      |
|    clip_range           | 0.2          |
|    entropy_loss         | -0.0578      |
|    explained_variance   | 0.859        |
|    learning_rate        | 0.0003       |
|    loss                 | 0.00215      |
|    n_updates            | 1090         |
|    policy_gradient_loss | 0.00013      |
|    value_loss           | 0.000365     |
------------------------------------------
------------------------------------------
| time/                   |              |
|    fps                  | 1325         |
|    iterations           | 111          |
|    time_elapsed         | 343          |
|    total_timesteps      | 454656       |
| train/                  |              |
|    approx_kl            | 0.0005062942 |
|    clip_fraction        | 0.00342      |
|    clip_range           | 0.2          |
|    entropy_loss         | -0.0573      |
|    explained_variance   | 0.892        |
|    learning_rate        | 0.0003       |
|    loss                 | -0.000297    |
|    n_updates            | 1100         |
|    policy_gradient_loss | 0.000314     |
|    value_loss           | 0.00024      |
------------------------------------------
  step  455000/500000 ( 91.0%)  mean_rew=-0.000
-------------------------------------------
| time/                   |               |
|    fps                  | 1325          |
|    iterations           | 112           |
|    time_elapsed         | 346           |
|    total_timesteps      | 458752        |
| train/                  |               |
|    approx_kl            | 0.00012634609 |
|    clip_fraction        | 0.00239       |
|    clip_range           | 0.2           |
|    entropy_loss         | -0.051        |
|    explained_variance   | 0.913         |
|    learning_rate        | 0.0003        |
|    loss                 | -0.00148      |
|    n_updates            | 1110          |
|    policy_gradient_loss | 4.86e-05      |
|    value_loss           | 0.000211      |
-------------------------------------------
  step  460000/500000 ( 92.0%)  mean_rew=-0.001
-------------------------------------------
| time/                   |               |
|    fps                  | 1325          |
|    iterations           | 113           |
|    time_elapsed         | 349           |
|    total_timesteps      | 462848        |
| train/                  |               |
|    approx_kl            | 0.00021746178 |
|    clip_fraction        | 0.003         |
|    clip_range           | 0.2           |
|    entropy_loss         | -0.0469       |
|    explained_variance   | 0.87          |
|    learning_rate        | 0.0003        |
|    loss                 | 0.000364      |
|    n_updates            | 1120          |
|    policy_gradient_loss | 6.36e-05      |
|    value_loss           | 0.000319      |
-------------------------------------------
  step  465000/500000 ( 93.0%)  mean_rew=-0.001
------------------------------------------
| time/                   |              |
|    fps                  | 1325         |
|    iterations           | 114          |
|    time_elapsed         | 352          |
|    total_timesteps      | 466944       |
| train/                  |              |
|    approx_kl            | 0.0002781748 |
|    clip_fraction        | 0.00342      |
|    clip_range           | 0.2          |
|    entropy_loss         | -0.0413      |
|    explained_variance   | 0.865        |
|    learning_rate        | 0.0003       |
|    loss                 | -0.000932    |
|    n_updates            | 1130         |
|    policy_gradient_loss | 5.76e-05     |
|    value_loss           | 0.000343     |
------------------------------------------
  step  470000/500000 ( 94.0%)  mean_rew=-0.002
------------------------------------------
| time/                   |              |
|    fps                  | 1325         |
|    iterations           | 115          |
|    time_elapsed         | 355          |
|    total_timesteps      | 471040       |
| train/                  |              |
|    approx_kl            | 0.0007509852 |
|    clip_fraction        | 0.00562      |
|    clip_range           | 0.2          |
|    entropy_loss         | -0.038       |
|    explained_variance   | 0.884        |
|    learning_rate        | 0.0003       |
|    loss                 | 0.00139      |
|    n_updates            | 1140         |
|    policy_gradient_loss | -0.000197    |
|    value_loss           | 0.000245     |
------------------------------------------
  step  475000/500000 ( 95.0%)  mean_rew=-0.001
-------------------------------------------
| time/                   |               |
|    fps                  | 1326          |
|    iterations           | 116           |
|    time_elapsed         | 358           |
|    total_timesteps      | 475136        |
| train/                  |               |
|    approx_kl            | 0.00033922592 |
|    clip_fraction        | 0.00388       |
|    clip_range           | 0.2           |
|    entropy_loss         | -0.0325       |
|    explained_variance   | 0.905         |
|    learning_rate        | 0.0003        |
|    loss                 | 0.000381      |
|    n_updates            | 1150          |
|    policy_gradient_loss | 7.7e-05       |
|    value_loss           | 0.00022       |
-------------------------------------------
------------------------------------------
| time/                   |              |
|    fps                  | 1326         |
|    iterations           | 117          |
|    time_elapsed         | 361          |
|    total_timesteps      | 479232       |
| train/                  |              |
|    approx_kl            | 0.0059556924 |
|    clip_fraction        | 0.0151       |
|    clip_range           | 0.2          |
|    entropy_loss         | -0.0465      |
|    explained_variance   | 0.842        |
|    learning_rate        | 0.0003       |
|    loss                 | -0.00665     |
|    n_updates            | 1160         |
|    policy_gradient_loss | -0.00133     |
|    value_loss           | 0.000431     |
------------------------------------------
  step  480000/500000 ( 96.0%)  mean_rew=-0.003
-------------------------------------------
| time/                   |               |
|    fps                  | 1326          |
|    iterations           | 118           |
|    time_elapsed         | 364           |
|    total_timesteps      | 483328        |
| train/                  |               |
|    approx_kl            | 0.00029674137 |
|    clip_fraction        | 0.00649       |
|    clip_range           | 0.2           |
|    entropy_loss         | -0.0535       |
|    explained_variance   | 0.885         |
|    learning_rate        | 0.0003        |
|    loss                 | -0.002        |
|    n_updates            | 1170          |
|    policy_gradient_loss | 0.000178      |
|    value_loss           | 0.000261      |
-------------------------------------------
  step  485000/500000 ( 97.0%)  mean_rew=-0.001
-------------------------------------------
| time/                   |               |
|    fps                  | 1326          |
|    iterations           | 119           |
|    time_elapsed         | 367           |
|    total_timesteps      | 487424        |
| train/                  |               |
|    approx_kl            | 0.00058999663 |
|    clip_fraction        | 0.00542       |
|    clip_range           | 0.2           |
|    entropy_loss         | -0.0551       |
|    explained_variance   | 0.916         |
|    learning_rate        | 0.0003        |
|    loss                 | 0.00161       |
|    n_updates            | 1180          |
|    policy_gradient_loss | 9.23e-05      |
|    value_loss           | 0.000208      |
-------------------------------------------
  step  490000/500000 ( 98.0%)  mean_rew=-0.001
------------------------------------------
| time/                   |              |
|    fps                  | 1327         |
|    iterations           | 120          |
|    time_elapsed         | 370          |
|    total_timesteps      | 491520       |
| train/                  |              |
|    approx_kl            | 0.0006830776 |
|    clip_fraction        | 0.00693      |
|    clip_range           | 0.2          |
|    entropy_loss         | -0.0501      |
|    explained_variance   | 0.871        |
|    learning_rate        | 0.0003       |
|    loss                 | -6.64e-06    |
|    n_updates            | 1190         |
|    policy_gradient_loss | -0.000213    |
|    value_loss           | 0.000331     |
------------------------------------------
  step  495000/500000 ( 99.0%)  mean_rew=-0.000
------------------------------------------
| time/                   |              |
|    fps                  | 1327         |
|    iterations           | 121          |
|    time_elapsed         | 373          |
|    total_timesteps      | 495616       |
| train/                  |              |
|    approx_kl            | 0.0007685313 |
|    clip_fraction        | 0.01         |
|    clip_range           | 0.2          |
|    entropy_loss         | -0.0468      |
|    explained_variance   | 0.871        |
|    learning_rate        | 0.0003       |
|    loss                 | 0.00487      |
|    n_updates            | 1200         |
|    policy_gradient_loss | -0.000462    |
|    value_loss           | 0.000327     |
------------------------------------------
------------------------------------------
| time/                   |              |
|    fps                  | 1327         |
|    iterations           | 122          |
|    time_elapsed         | 376          |
|    total_timesteps      | 499712       |
| train/                  |              |
|    approx_kl            | 0.0003358287 |
|    clip_fraction        | 0.00356      |
|    clip_range           | 0.2          |
|    entropy_loss         | -0.0369      |
|    explained_variance   | 0.885        |
|    learning_rate        | 0.0003       |
|    loss                 | -0.00134     |
|    n_updates            | 1210         |
|    policy_gradient_loss | 0.000181     |
|    value_loss           | 0.000253     |
------------------------------------------
  step  500000/500000 (100.0%)  mean_rew=+0.000
-------------------------------------------
| time/                   |               |
|    fps                  | 1327          |
|    iterations           | 123           |
|    time_elapsed         | 379           |
|    total_timesteps      | 503808        |
| train/                  |               |
|    approx_kl            | 0.00015636369 |
|    clip_fraction        | 0.00493       |
|    clip_range           | 0.2           |
|    entropy_loss         | -0.0408       |
|    explained_variance   | 0.918         |
|    learning_rate        | 0.0003        |
|    loss                 | 0.000614      |
|    n_updates            | 1220          |
|    policy_gradient_loss | -7.36e-05     |
|    value_loss           | 0.000197      |
-------------------------------------------
[cologne8-PPO] Done. Saved -> exp_cologne8_real/ppo_pressure_s5678
