Using libsumo as traci as requested by environment variable.
[cologne8-PPO] 8 agents | reward=queue | seed=777
  obs=(7,) | act=Discrete(4)
Using cpu device
-----------------------------
| time/              |      |
|    fps             | 1514 |
|    iterations      | 1    |
|    time_elapsed    | 2    |
|    total_timesteps | 4096 |
-----------------------------
  step    5000/500000 (  1.0%)  mean_rew=+0.001
-----------------------------------------
| time/                   |             |
|    fps                  | 1260        |
|    iterations           | 2           |
|    time_elapsed         | 6           |
|    total_timesteps      | 8192        |
| train/                  |             |
|    approx_kl            | 0.012360026 |
|    clip_fraction        | 0.0594      |
|    clip_range           | 0.2         |
|    entropy_loss         | -1.38       |
|    explained_variance   | -0.282      |
|    learning_rate        | 0.0003      |
|    loss                 | 0.0184      |
|    n_updates            | 10          |
|    policy_gradient_loss | -0.00424    |
|    value_loss           | 0.0114      |
-----------------------------------------
  step   10000/500000 (  2.0%)  mean_rew=-0.002
-----------------------------------------
| time/                   |             |
|    fps                  | 1253        |
|    iterations           | 3           |
|    time_elapsed         | 9           |
|    total_timesteps      | 12288       |
| train/                  |             |
|    approx_kl            | 0.014277769 |
|    clip_fraction        | 0.137       |
|    clip_range           | 0.2         |
|    entropy_loss         | -1.34       |
|    explained_variance   | 0.68        |
|    learning_rate        | 0.0003      |
|    loss                 | -0.0116     |
|    n_updates            | 20          |
|    policy_gradient_loss | -0.00745    |
|    value_loss           | 0.00495     |
-----------------------------------------
  step   15000/500000 (  3.0%)  mean_rew=-0.002
-----------------------------------------
| time/                   |             |
|    fps                  | 1231        |
|    iterations           | 4           |
|    time_elapsed         | 13          |
|    total_timesteps      | 16384       |
| train/                  |             |
|    approx_kl            | 0.009894891 |
|    clip_fraction        | 0.0857      |
|    clip_range           | 0.2         |
|    entropy_loss         | -1.29       |
|    explained_variance   | 0.746       |
|    learning_rate        | 0.0003      |
|    loss                 | -0.022      |
|    n_updates            | 30          |
|    policy_gradient_loss | -0.00836    |
|    value_loss           | 0.00299     |
-----------------------------------------
  step   20000/500000 (  4.0%)  mean_rew=-0.000
-----------------------------------------
| time/                   |             |
|    fps                  | 1223        |
|    iterations           | 5           |
|    time_elapsed         | 16          |
|    total_timesteps      | 20480       |
| train/                  |             |
|    approx_kl            | 0.008937143 |
|    clip_fraction        | 0.115       |
|    clip_range           | 0.2         |
|    entropy_loss         | -1.25       |
|    explained_variance   | 0.792       |
|    learning_rate        | 0.0003      |
|    loss                 | 0.00396     |
|    n_updates            | 40          |
|    policy_gradient_loss | -0.00953    |
|    value_loss           | 0.00344     |
-----------------------------------------
-----------------------------------------
| time/                   |             |
|    fps                  | 1225        |
|    iterations           | 6           |
|    time_elapsed         | 20          |
|    total_timesteps      | 24576       |
| train/                  |             |
|    approx_kl            | 0.011868581 |
|    clip_fraction        | 0.0826      |
|    clip_range           | 0.2         |
|    entropy_loss         | -1.2        |
|    explained_variance   | 0.832       |
|    learning_rate        | 0.0003      |
|    loss                 | -0.0275     |
|    n_updates            | 50          |
|    policy_gradient_loss | -0.00845    |
|    value_loss           | 0.00193     |
-----------------------------------------
  step   25000/500000 (  5.0%)  mean_rew=-0.000
-----------------------------------------
| time/                   |             |
|    fps                  | 1224        |
|    iterations           | 7           |
|    time_elapsed         | 23          |
|    total_timesteps      | 28672       |
| train/                  |             |
|    approx_kl            | 0.010715907 |
|    clip_fraction        | 0.0783      |
|    clip_range           | 0.2         |
|    entropy_loss         | -1.13       |
|    explained_variance   | 0.851       |
|    learning_rate        | 0.0003      |
|    loss                 | -0.0217     |
|    n_updates            | 60          |
|    policy_gradient_loss | -0.00729    |
|    value_loss           | 0.00174     |
-----------------------------------------
  step   30000/500000 (  6.0%)  mean_rew=+0.001
-----------------------------------------
| time/                   |             |
|    fps                  | 1219        |
|    iterations           | 8           |
|    time_elapsed         | 26          |
|    total_timesteps      | 32768       |
| train/                  |             |
|    approx_kl            | 0.010647018 |
|    clip_fraction        | 0.107       |
|    clip_range           | 0.2         |
|    entropy_loss         | -1.06       |
|    explained_variance   | 0.931       |
|    learning_rate        | 0.0003      |
|    loss                 | -0.0147     |
|    n_updates            | 70          |
|    policy_gradient_loss | -0.0087     |
|    value_loss           | 0.000571    |
-----------------------------------------
  step   35000/500000 (  7.0%)  mean_rew=-0.001
------------------------------------------
| time/                   |              |
|    fps                  | 1220         |
|    iterations           | 9            |
|    time_elapsed         | 30           |
|    total_timesteps      | 36864        |
| train/                  |              |
|    approx_kl            | 0.0075899996 |
|    clip_fraction        | 0.0678       |
|    clip_range           | 0.2          |
|    entropy_loss         | -0.999       |
|    explained_variance   | 0.846        |
|    learning_rate        | 0.0003       |
|    loss                 | -0.0117      |
|    n_updates            | 80           |
|    policy_gradient_loss | -0.00484     |
|    value_loss           | 0.00163      |
------------------------------------------
  step   40000/500000 (  8.0%)  mean_rew=-0.001
-----------------------------------------
| time/                   |             |
|    fps                  | 1225        |
|    iterations           | 10          |
|    time_elapsed         | 33          |
|    total_timesteps      | 40960       |
| train/                  |             |
|    approx_kl            | 0.009906342 |
|    clip_fraction        | 0.102       |
|    clip_range           | 0.2         |
|    entropy_loss         | -0.906      |
|    explained_variance   | 0.883       |
|    learning_rate        | 0.0003      |
|    loss                 | -0.015      |
|    n_updates            | 90          |
|    policy_gradient_loss | -0.00728    |
|    value_loss           | 0.000927    |
-----------------------------------------
  step   45000/500000 (  9.0%)  mean_rew=-0.002
-----------------------------------------
| time/                   |             |
|    fps                  | 1224        |
|    iterations           | 11          |
|    time_elapsed         | 36          |
|    total_timesteps      | 45056       |
| train/                  |             |
|    approx_kl            | 0.007021781 |
|    clip_fraction        | 0.0949      |
|    clip_range           | 0.2         |
|    entropy_loss         | -0.841      |
|    explained_variance   | 0.886       |
|    learning_rate        | 0.0003      |
|    loss                 | -0.0175     |
|    n_updates            | 100         |
|    policy_gradient_loss | -0.00614    |
|    value_loss           | 0.000634    |
-----------------------------------------
------------------------------------------
| time/                   |              |
|    fps                  | 1224         |
|    iterations           | 12           |
|    time_elapsed         | 40           |
|    total_timesteps      | 49152        |
| train/                  |              |
|    approx_kl            | 0.0040634493 |
|    clip_fraction        | 0.0439       |
|    clip_range           | 0.2          |
|    entropy_loss         | -0.782       |
|    explained_variance   | 0.956        |
|    learning_rate        | 0.0003       |
|    loss                 | -0.0172      |
|    n_updates            | 110          |
|    policy_gradient_loss | -0.00333     |
|    value_loss           | 0.000214     |
------------------------------------------
  step   50000/500000 ( 10.0%)  mean_rew=-0.001
-----------------------------------------
| time/                   |             |
|    fps                  | 1226        |
|    iterations           | 13          |
|    time_elapsed         | 43          |
|    total_timesteps      | 53248       |
| train/                  |             |
|    approx_kl            | 0.003927525 |
|    clip_fraction        | 0.0327      |
|    clip_range           | 0.2         |
|    entropy_loss         | -0.715      |
|    explained_variance   | 0.899       |
|    learning_rate        | 0.0003      |
|    loss                 | -9.92e-05   |
|    n_updates            | 120         |
|    policy_gradient_loss | -0.00216    |
|    value_loss           | 0.000437    |
-----------------------------------------
  step   55000/500000 ( 11.0%)  mean_rew=-0.001
-----------------------------------------
| time/                   |             |
|    fps                  | 1227        |
|    iterations           | 14          |
|    time_elapsed         | 46          |
|    total_timesteps      | 57344       |
| train/                  |             |
|    approx_kl            | 0.004097852 |
|    clip_fraction        | 0.0291      |
|    clip_range           | 0.2         |
|    entropy_loss         | -0.678      |
|    explained_variance   | 0.908       |
|    learning_rate        | 0.0003      |
|    loss                 | 0.0149      |
|    n_updates            | 130         |
|    policy_gradient_loss | -0.00135    |
|    value_loss           | 0.000306    |
-----------------------------------------
  step   60000/500000 ( 12.0%)  mean_rew=+0.000
-----------------------------------------
| time/                   |             |
|    fps                  | 1226        |
|    iterations           | 15          |
|    time_elapsed         | 50          |
|    total_timesteps      | 61440       |
| train/                  |             |
|    approx_kl            | 0.003380394 |
|    clip_fraction        | 0.0437      |
|    clip_range           | 0.2         |
|    entropy_loss         | -0.653      |
|    explained_variance   | 0.937       |
|    learning_rate        | 0.0003      |
|    loss                 | -0.00217    |
|    n_updates            | 140         |
|    policy_gradient_loss | -0.00318    |
|    value_loss           | 0.000214    |
-----------------------------------------
  step   65000/500000 ( 13.0%)  mean_rew=-0.002
------------------------------------------
| time/                   |              |
|    fps                  | 1224         |
|    iterations           | 16           |
|    time_elapsed         | 53           |
|    total_timesteps      | 65536        |
| train/                  |              |
|    approx_kl            | 0.0043376028 |
|    clip_fraction        | 0.0492       |
|    clip_range           | 0.2          |
|    entropy_loss         | -0.602       |
|    explained_variance   | 0.885        |
|    learning_rate        | 0.0003       |
|    loss                 | -0.00693     |
|    n_updates            | 150          |
|    policy_gradient_loss | -0.00327     |
|    value_loss           | 0.000387     |
------------------------------------------
-----------------------------------------
| time/                   |             |
|    fps                  | 1226        |
|    iterations           | 17          |
|    time_elapsed         | 56          |
|    total_timesteps      | 69632       |
| train/                  |             |
|    approx_kl            | 0.004511958 |
|    clip_fraction        | 0.0516      |
|    clip_range           | 0.2         |
|    entropy_loss         | -0.578      |
|    explained_variance   | 0.895       |
|    learning_rate        | 0.0003      |
|    loss                 | 0.000498    |
|    n_updates            | 160         |
|    policy_gradient_loss | -0.00261    |
|    value_loss           | 0.000319    |
-----------------------------------------
  step   70000/500000 ( 14.0%)  mean_rew=-0.001
------------------------------------------
| time/                   |              |
|    fps                  | 1224         |
|    iterations           | 18           |
|    time_elapsed         | 60           |
|    total_timesteps      | 73728        |
| train/                  |              |
|    approx_kl            | 0.0025075423 |
|    clip_fraction        | 0.0265       |
|    clip_range           | 0.2          |
|    entropy_loss         | -0.533       |
|    explained_variance   | 0.908        |
|    learning_rate        | 0.0003       |
|    loss                 | -0.0102      |
|    n_updates            | 170          |
|    policy_gradient_loss | -0.00162     |
|    value_loss           | 0.000211     |
------------------------------------------
  step   75000/500000 ( 15.0%)  mean_rew=-0.001
-----------------------------------------
| time/                   |             |
|    fps                  | 1224        |
|    iterations           | 19          |
|    time_elapsed         | 63          |
|    total_timesteps      | 77824       |
| train/                  |             |
|    approx_kl            | 0.004800345 |
|    clip_fraction        | 0.0499      |
|    clip_range           | 0.2         |
|    entropy_loss         | -0.502      |
|    explained_variance   | 0.932       |
|    learning_rate        | 0.0003      |
|    loss                 | -0.00508    |
|    n_updates            | 180         |
|    policy_gradient_loss | -0.00318    |
|    value_loss           | 0.000163    |
-----------------------------------------
  step   80000/500000 ( 16.0%)  mean_rew=-0.001
------------------------------------------
| time/                   |              |
|    fps                  | 1226         |
|    iterations           | 20           |
|    time_elapsed         | 66           |
|    total_timesteps      | 81920        |
| train/                  |              |
|    approx_kl            | 0.0041245557 |
|    clip_fraction        | 0.0365       |
|    clip_range           | 0.2          |
|    entropy_loss         | -0.46        |
|    explained_variance   | 0.881        |
|    learning_rate        | 0.0003       |
|    loss                 | -0.0125      |
|    n_updates            | 190          |
|    policy_gradient_loss | -0.00228     |
|    value_loss           | 0.000285     |
------------------------------------------
  step   85000/500000 ( 17.0%)  mean_rew=+0.000
-----------------------------------------
| time/                   |             |
|    fps                  | 1226        |
|    iterations           | 21          |
|    time_elapsed         | 70          |
|    total_timesteps      | 86016       |
| train/                  |             |
|    approx_kl            | 0.007001303 |
|    clip_fraction        | 0.0339      |
|    clip_range           | 0.2         |
|    entropy_loss         | -0.467      |
|    explained_variance   | 0.909       |
|    learning_rate        | 0.0003      |
|    loss                 | 0.000692    |
|    n_updates            | 200         |
|    policy_gradient_loss | -0.0023     |
|    value_loss           | 0.000155    |
-----------------------------------------
  step   90000/500000 ( 18.0%)  mean_rew=+0.001
-----------------------------------------
| time/                   |             |
|    fps                  | 1226        |
|    iterations           | 22          |
|    time_elapsed         | 73          |
|    total_timesteps      | 90112       |
| train/                  |             |
|    approx_kl            | 0.003315919 |
|    clip_fraction        | 0.0184      |
|    clip_range           | 0.2         |
|    entropy_loss         | -0.448      |
|    explained_variance   | 0.931       |
|    learning_rate        | 0.0003      |
|    loss                 | 0.0119      |
|    n_updates            | 210         |
|    policy_gradient_loss | -0.000956   |
|    value_loss           | 0.000124    |
-----------------------------------------
------------------------------------------
| time/                   |              |
|    fps                  | 1226         |
|    iterations           | 23           |
|    time_elapsed         | 76           |
|    total_timesteps      | 94208        |
| train/                  |              |
|    approx_kl            | 0.0012831683 |
|    clip_fraction        | 0.0244       |
|    clip_range           | 0.2          |
|    entropy_loss         | -0.443       |
|    explained_variance   | 0.899        |
|    learning_rate        | 0.0003       |
|    loss                 | -0.00673     |
|    n_updates            | 220          |
|    policy_gradient_loss | -0.00128     |
|    value_loss           | 0.000176     |
------------------------------------------
  step   95000/500000 ( 19.0%)  mean_rew=-0.000
-----------------------------------------
| time/                   |             |
|    fps                  | 1228        |
|    iterations           | 24          |
|    time_elapsed         | 80          |
|    total_timesteps      | 98304       |
| train/                  |             |
|    approx_kl            | 0.002375145 |
|    clip_fraction        | 0.0324      |
|    clip_range           | 0.2         |
|    entropy_loss         | -0.41       |
|    explained_variance   | 0.84        |
|    learning_rate        | 0.0003      |
|    loss                 | -0.0108     |
|    n_updates            | 230         |
|    policy_gradient_loss | -0.00212    |
|    value_loss           | 0.00031     |
-----------------------------------------
  step  100000/500000 ( 20.0%)  mean_rew=-0.001
-----------------------------------------
| time/                   |             |
|    fps                  | 1227        |
|    iterations           | 25          |
|    time_elapsed         | 83          |
|    total_timesteps      | 102400      |
| train/                  |             |
|    approx_kl            | 0.002777074 |
|    clip_fraction        | 0.0166      |
|    clip_range           | 0.2         |
|    entropy_loss         | -0.376      |
|    explained_variance   | 0.902       |
|    learning_rate        | 0.0003      |
|    loss                 | 0.00286     |
|    n_updates            | 240         |
|    policy_gradient_loss | -0.00125    |
|    value_loss           | 0.00014     |
-----------------------------------------
  step  105000/500000 ( 21.0%)  mean_rew=+0.000
-----------------------------------------
| time/                   |             |
|    fps                  | 1226        |
|    iterations           | 26          |
|    time_elapsed         | 86          |
|    total_timesteps      | 106496      |
| train/                  |             |
|    approx_kl            | 0.002210197 |
|    clip_fraction        | 0.0259      |
|    clip_range           | 0.2         |
|    entropy_loss         | -0.359      |
|    explained_variance   | 0.923       |
|    learning_rate        | 0.0003      |
|    loss                 | -0.000903   |
|    n_updates            | 250         |
|    policy_gradient_loss | -0.0023     |
|    value_loss           | 0.000124    |
-----------------------------------------
  step  110000/500000 ( 22.0%)  mean_rew=-0.001
------------------------------------------
| time/                   |              |
|    fps                  | 1228         |
|    iterations           | 27           |
|    time_elapsed         | 90           |
|    total_timesteps      | 110592       |
| train/                  |              |
|    approx_kl            | 0.0030980015 |
|    clip_fraction        | 0.0347       |
|    clip_range           | 0.2          |
|    entropy_loss         | -0.338       |
|    explained_variance   | 0.883        |
|    learning_rate        | 0.0003       |
|    loss                 | -0.00402     |
|    n_updates            | 260          |
|    policy_gradient_loss | -0.00194     |
|    value_loss           | 0.000188     |
------------------------------------------
------------------------------------------
| time/                   |              |
|    fps                  | 1228         |
|    iterations           | 28           |
|    time_elapsed         | 93           |
|    total_timesteps      | 114688       |
| train/                  |              |
|    approx_kl            | 0.0027035677 |
|    clip_fraction        | 0.0232       |
|    clip_range           | 0.2          |
|    entropy_loss         | -0.338       |
|    explained_variance   | 0.908        |
|    learning_rate        | 0.0003       |
|    loss                 | -0.00185     |
|    n_updates            | 270          |
|    policy_gradient_loss | -0.0014      |
|    value_loss           | 0.000111     |
------------------------------------------
  step  115000/500000 ( 23.0%)  mean_rew=-0.001
------------------------------------------
| time/                   |              |
|    fps                  | 1227         |
|    iterations           | 29           |
|    time_elapsed         | 96           |
|    total_timesteps      | 118784       |
| train/                  |              |
|    approx_kl            | 0.0016187856 |
|    clip_fraction        | 0.0282       |
|    clip_range           | 0.2          |
|    entropy_loss         | -0.31        |
|    explained_variance   | 0.942        |
|    learning_rate        | 0.0003       |
|    loss                 | 0.000735     |
|    n_updates            | 280          |
|    policy_gradient_loss | -0.00105     |
|    value_loss           | 7.26e-05     |
------------------------------------------
  step  120000/500000 ( 24.0%)  mean_rew=-0.002
------------------------------------------
| time/                   |              |
|    fps                  | 1227         |
|    iterations           | 30           |
|    time_elapsed         | 100          |
|    total_timesteps      | 122880       |
| train/                  |              |
|    approx_kl            | 0.0016511795 |
|    clip_fraction        | 0.0208       |
|    clip_range           | 0.2          |
|    entropy_loss         | -0.304       |
|    explained_variance   | 0.888        |
|    learning_rate        | 0.0003       |
|    loss                 | 0.00261      |
|    n_updates            | 290          |
|    policy_gradient_loss | -0.00102     |
|    value_loss           | 0.000137     |
------------------------------------------
  step  125000/500000 ( 25.0%)  mean_rew=+0.000
------------------------------------------
| time/                   |              |
|    fps                  | 1227         |
|    iterations           | 31           |
|    time_elapsed         | 103          |
|    total_timesteps      | 126976       |
| train/                  |              |
|    approx_kl            | 0.0016770329 |
|    clip_fraction        | 0.0265       |
|    clip_range           | 0.2          |
|    entropy_loss         | -0.285       |
|    explained_variance   | 0.883        |
|    learning_rate        | 0.0003       |
|    loss                 | -0.00156     |
|    n_updates            | 300          |
|    policy_gradient_loss | -0.00219     |
|    value_loss           | 0.000147     |
------------------------------------------
  step  130000/500000 ( 26.0%)  mean_rew=-0.000
------------------------------------------
| time/                   |              |
|    fps                  | 1227         |
|    iterations           | 32           |
|    time_elapsed         | 106          |
|    total_timesteps      | 131072       |
| train/                  |              |
|    approx_kl            | 0.0012345172 |
|    clip_fraction        | 0.0168       |
|    clip_range           | 0.2          |
|    entropy_loss         | -0.277       |
|    explained_variance   | 0.903        |
|    learning_rate        | 0.0003       |
|    loss                 | 0.00118      |
|    n_updates            | 310          |
|    policy_gradient_loss | -0.000715    |
|    value_loss           | 9.43e-05     |
------------------------------------------
  step  135000/500000 ( 27.0%)  mean_rew=-0.002
------------------------------------------
| time/                   |              |
|    fps                  | 1227         |
|    iterations           | 33           |
|    time_elapsed         | 110          |
|    total_timesteps      | 135168       |
| train/                  |              |
|    approx_kl            | 0.0017890098 |
|    clip_fraction        | 0.0144       |
|    clip_range           | 0.2          |
|    entropy_loss         | -0.252       |
|    explained_variance   | 0.917        |
|    learning_rate        | 0.0003       |
|    loss                 | 0.0016       |
|    n_updates            | 320          |
|    policy_gradient_loss | -0.000728    |
|    value_loss           | 9.22e-05     |
------------------------------------------
------------------------------------------
| time/                   |              |
|    fps                  | 1228         |
|    iterations           | 34           |
|    time_elapsed         | 113          |
|    total_timesteps      | 139264       |
| train/                  |              |
|    approx_kl            | 0.0011648131 |
|    clip_fraction        | 0.0119       |
|    clip_range           | 0.2          |
|    entropy_loss         | -0.231       |
|    explained_variance   | 0.872        |
|    learning_rate        | 0.0003       |
|    loss                 | 0.000481     |
|    n_updates            | 330          |
|    policy_gradient_loss | -0.000601    |
|    value_loss           | 0.00014      |
------------------------------------------
  step  140000/500000 ( 28.0%)  mean_rew=-0.001
------------------------------------------
| time/                   |              |
|    fps                  | 1227         |
|    iterations           | 35           |
|    time_elapsed         | 116          |
|    total_timesteps      | 143360       |
| train/                  |              |
|    approx_kl            | 0.0013383375 |
|    clip_fraction        | 0.0184       |
|    clip_range           | 0.2          |
|    entropy_loss         | -0.216       |
|    explained_variance   | 0.895        |
|    learning_rate        | 0.0003       |
|    loss                 | -9.04e-05    |
|    n_updates            | 340          |
|    policy_gradient_loss | -0.00115     |
|    value_loss           | 9.52e-05     |
------------------------------------------
  step  145000/500000 ( 29.0%)  mean_rew=-0.001
------------------------------------------
| time/                   |              |
|    fps                  | 1227         |
|    iterations           | 36           |
|    time_elapsed         | 120          |
|    total_timesteps      | 147456       |
| train/                  |              |
|    approx_kl            | 0.0006105378 |
|    clip_fraction        | 0.00564      |
|    clip_range           | 0.2          |
|    entropy_loss         | -0.207       |
|    explained_variance   | 0.913        |
|    learning_rate        | 0.0003       |
|    loss                 | -0.00129     |
|    n_updates            | 350          |
|    policy_gradient_loss | -0.000219    |
|    value_loss           | 8.95e-05     |
------------------------------------------
  step  150000/500000 ( 30.0%)  mean_rew=-0.001
------------------------------------------
| time/                   |              |
|    fps                  | 1227         |
|    iterations           | 37           |
|    time_elapsed         | 123          |
|    total_timesteps      | 151552       |
| train/                  |              |
|    approx_kl            | 0.0008626182 |
|    clip_fraction        | 0.0108       |
|    clip_range           | 0.2          |
|    entropy_loss         | -0.202       |
|    explained_variance   | 0.877        |
|    learning_rate        | 0.0003       |
|    loss                 | 0.00173      |
|    n_updates            | 360          |
|    policy_gradient_loss | -0.000871    |
|    value_loss           | 0.000129     |
------------------------------------------
  step  155000/500000 ( 31.0%)  mean_rew=-0.000
------------------------------------------
| time/                   |              |
|    fps                  | 1227         |
|    iterations           | 38           |
|    time_elapsed         | 126          |
|    total_timesteps      | 155648       |
| train/                  |              |
|    approx_kl            | 0.0014174448 |
|    clip_fraction        | 0.0167       |
|    clip_range           | 0.2          |
|    entropy_loss         | -0.187       |
|    explained_variance   | 0.877        |
|    learning_rate        | 0.0003       |
|    loss                 | -0.00373     |
|    n_updates            | 370          |
|    policy_gradient_loss | -0.000968    |
|    value_loss           | 0.000133     |
------------------------------------------
------------------------------------------
| time/                   |              |
|    fps                  | 1227         |
|    iterations           | 39           |
|    time_elapsed         | 130          |
|    total_timesteps      | 159744       |
| train/                  |              |
|    approx_kl            | 0.0010852858 |
|    clip_fraction        | 0.0183       |
|    clip_range           | 0.2          |
|    entropy_loss         | -0.165       |
|    explained_variance   | 0.894        |
|    learning_rate        | 0.0003       |
|    loss                 | -0.000475    |
|    n_updates            | 380          |
|    policy_gradient_loss | -0.000842    |
|    value_loss           | 9.87e-05     |
------------------------------------------
  step  160000/500000 ( 32.0%)  mean_rew=-0.001
------------------------------------------
| time/                   |              |
|    fps                  | 1227         |
|    iterations           | 40           |
|    time_elapsed         | 133          |
|    total_timesteps      | 163840       |
| train/                  |              |
|    approx_kl            | 0.0010920255 |
|    clip_fraction        | 0.00942      |
|    clip_range           | 0.2          |
|    entropy_loss         | -0.153       |
|    explained_variance   | 0.876        |
|    learning_rate        | 0.0003       |
|    loss                 | 0.00216      |
|    n_updates            | 390          |
|    policy_gradient_loss | -0.000156    |
|    value_loss           | 0.000135     |
------------------------------------------
  step  165000/500000 ( 33.0%)  mean_rew=-0.000
-----------------------------------------
| time/                   |             |
|    fps                  | 1228        |
|    iterations           | 41          |
|    time_elapsed         | 136         |
|    total_timesteps      | 167936      |
| train/                  |             |
|    approx_kl            | 0.000871358 |
|    clip_fraction        | 0.0108      |
|    clip_range           | 0.2         |
|    entropy_loss         | -0.153      |
|    explained_variance   | 0.872       |
|    learning_rate        | 0.0003      |
|    loss                 | 0.000884    |
|    n_updates            | 400         |
|    policy_gradient_loss | -0.000466   |
|    value_loss           | 0.000138    |
-----------------------------------------
  step  170000/500000 ( 34.0%)  mean_rew=-0.001
------------------------------------------
| time/                   |              |
|    fps                  | 1228         |
|    iterations           | 42           |
|    time_elapsed         | 140          |
|    total_timesteps      | 172032       |
| train/                  |              |
|    approx_kl            | 0.0010264764 |
|    clip_fraction        | 0.0126       |
|    clip_range           | 0.2          |
|    entropy_loss         | -0.144       |
|    explained_variance   | 0.907        |
|    learning_rate        | 0.0003       |
|    loss                 | -0.0013      |
|    n_updates            | 410          |
|    policy_gradient_loss | -0.000585    |
|    value_loss           | 7.8e-05      |
------------------------------------------
  step  175000/500000 ( 35.0%)  mean_rew=-0.001
------------------------------------------
| time/                   |              |
|    fps                  | 1227         |
|    iterations           | 43           |
|    time_elapsed         | 143          |
|    total_timesteps      | 176128       |
| train/                  |              |
|    approx_kl            | 0.0014606684 |
|    clip_fraction        | 0.0147       |
|    clip_range           | 0.2          |
|    entropy_loss         | -0.124       |
|    explained_variance   | 0.909        |
|    learning_rate        | 0.0003       |
|    loss                 | -0.000251    |
|    n_updates            | 420          |
|    policy_gradient_loss | -0.000363    |
|    value_loss           | 8.81e-05     |
------------------------------------------
  step  180000/500000 ( 36.0%)  mean_rew=-0.000
------------------------------------------
| time/                   |              |
|    fps                  | 1227         |
|    iterations           | 44           |
|    time_elapsed         | 146          |
|    total_timesteps      | 180224       |
| train/                  |              |
|    approx_kl            | 0.0006931353 |
|    clip_fraction        | 0.0083       |
|    clip_range           | 0.2          |
|    entropy_loss         | -0.121       |
|    explained_variance   | 0.884        |
|    learning_rate        | 0.0003       |
|    loss                 | 0.000184     |
|    n_updates            | 430          |
|    policy_gradient_loss | -3.17e-06    |
|    value_loss           | 0.000116     |
------------------------------------------
-------------------------------------------
| time/                   |               |
|    fps                  | 1227          |
|    iterations           | 45            |
|    time_elapsed         | 150           |
|    total_timesteps      | 184320        |
| train/                  |               |
|    approx_kl            | 0.00074094627 |
|    clip_fraction        | 0.0116        |
|    clip_range           | 0.2           |
|    entropy_loss         | -0.116        |
|    explained_variance   | 0.891         |
|    learning_rate        | 0.0003        |
|    loss                 | 0.000189      |
|    n_updates            | 440           |
|    policy_gradient_loss | -0.000191     |
|    value_loss           | 0.000105      |
-------------------------------------------
  step  185000/500000 ( 37.0%)  mean_rew=-0.003
-------------------------------------------
| time/                   |               |
|    fps                  | 1226          |
|    iterations           | 46            |
|    time_elapsed         | 153           |
|    total_timesteps      | 188416        |
| train/                  |               |
|    approx_kl            | 0.00074763276 |
|    clip_fraction        | 0.0108        |
|    clip_range           | 0.2           |
|    entropy_loss         | -0.126        |
|    explained_variance   | 0.881         |
|    learning_rate        | 0.0003        |
|    loss                 | -0.000646     |
|    n_updates            | 450           |
|    policy_gradient_loss | -0.000399     |
|    value_loss           | 0.000105      |
-------------------------------------------
  step  190000/500000 ( 38.0%)  mean_rew=+0.000
-------------------------------------------
| time/                   |               |
|    fps                  | 1226          |
|    iterations           | 47            |
|    time_elapsed         | 156           |
|    total_timesteps      | 192512        |
| train/                  |               |
|    approx_kl            | 0.00058091717 |
|    clip_fraction        | 0.0092        |
|    clip_range           | 0.2           |
|    entropy_loss         | -0.135        |
|    explained_variance   | 0.921         |
|    learning_rate        | 0.0003        |
|    loss                 | 0.000211      |
|    n_updates            | 460           |
|    policy_gradient_loss | -0.000628     |
|    value_loss           | 7.29e-05      |
-------------------------------------------
  step  195000/500000 ( 39.0%)  mean_rew=-0.000
------------------------------------------
| time/                   |              |
|    fps                  | 1227         |
|    iterations           | 48           |
|    time_elapsed         | 160          |
|    total_timesteps      | 196608       |
| train/                  |              |
|    approx_kl            | 0.0005588501 |
|    clip_fraction        | 0.00737      |
|    clip_range           | 0.2          |
|    entropy_loss         | -0.134       |
|    explained_variance   | 0.863        |
|    learning_rate        | 0.0003       |
|    loss                 | 0.000576     |
|    n_updates            | 470          |
|    policy_gradient_loss | -0.000209    |
|    value_loss           | 0.000126     |
------------------------------------------
  step  200000/500000 ( 40.0%)  mean_rew=+0.001
------------------------------------------
| time/                   |              |
|    fps                  | 1227         |
|    iterations           | 49           |
|    time_elapsed         | 163          |
|    total_timesteps      | 200704       |
| train/                  |              |
|    approx_kl            | 0.0025032267 |
|    clip_fraction        | 0.0136       |
|    clip_range           | 0.2          |
|    entropy_loss         | -0.144       |
|    explained_variance   | 0.909        |
|    learning_rate        | 0.0003       |
|    loss                 | -0.00312     |
|    n_updates            | 480          |
|    policy_gradient_loss | -0.00105     |
|    value_loss           | 7.07e-05     |
------------------------------------------
-----------------------------------------
| time/                   |             |
|    fps                  | 1226        |
|    iterations           | 50          |
|    time_elapsed         | 166         |
|    total_timesteps      | 204800      |
| train/                  |             |
|    approx_kl            | 0.000891181 |
|    clip_fraction        | 0.0102      |
|    clip_range           | 0.2         |
|    entropy_loss         | -0.152      |
|    explained_variance   | 0.93        |
|    learning_rate        | 0.0003      |
|    loss                 | -0.00193    |
|    n_updates            | 490         |
|    policy_gradient_loss | -0.000648   |
|    value_loss           | 5.94e-05    |
-----------------------------------------
  step  205000/500000 ( 41.0%)  mean_rew=+0.000
------------------------------------------
| time/                   |              |
|    fps                  | 1226         |
|    iterations           | 51           |
|    time_elapsed         | 170          |
|    total_timesteps      | 208896       |
| train/                  |              |
|    approx_kl            | 0.0012359619 |
|    clip_fraction        | 0.0182       |
|    clip_range           | 0.2          |
|    entropy_loss         | -0.142       |
|    explained_variance   | 0.872        |
|    learning_rate        | 0.0003       |
|    loss                 | 0.000136     |
|    n_updates            | 500          |
|    policy_gradient_loss | -0.000363    |
|    value_loss           | 0.000119     |
------------------------------------------
  step  210000/500000 ( 42.0%)  mean_rew=-0.001
------------------------------------------
| time/                   |              |
|    fps                  | 1227         |
|    iterations           | 52           |
|    time_elapsed         | 173          |
|    total_timesteps      | 212992       |
| train/                  |              |
|    approx_kl            | 0.0013150971 |
|    clip_fraction        | 0.0158       |
|    clip_range           | 0.2          |
|    entropy_loss         | -0.132       |
|    explained_variance   | 0.885        |
|    learning_rate        | 0.0003       |
|    loss                 | 0.00169      |
|    n_updates            | 510          |
|    policy_gradient_loss | -0.000944    |
|    value_loss           | 0.0001       |
------------------------------------------
  step  215000/500000 ( 43.0%)  mean_rew=-0.001
-------------------------------------------
| time/                   |               |
|    fps                  | 1226          |
|    iterations           | 53            |
|    time_elapsed         | 176           |
|    total_timesteps      | 217088        |
| train/                  |               |
|    approx_kl            | 0.00087645516 |
|    clip_fraction        | 0.0124        |
|    clip_range           | 0.2           |
|    entropy_loss         | -0.122        |
|    explained_variance   | 0.924         |
|    learning_rate        | 0.0003        |
|    loss                 | -0.00484      |
|    n_updates            | 520           |
|    policy_gradient_loss | -0.000543     |
|    value_loss           | 6.3e-05       |
-------------------------------------------
  step  220000/500000 ( 44.0%)  mean_rew=-0.000
------------------------------------------
| time/                   |              |
|    fps                  | 1226         |
|    iterations           | 54           |
|    time_elapsed         | 180          |
|    total_timesteps      | 221184       |
| train/                  |              |
|    approx_kl            | 0.0011328941 |
|    clip_fraction        | 0.016        |
|    clip_range           | 0.2          |
|    entropy_loss         | -0.108       |
|    explained_variance   | 0.877        |
|    learning_rate        | 0.0003       |
|    loss                 | -0.0026      |
|    n_updates            | 530          |
|    policy_gradient_loss | -0.000776    |
|    value_loss           | 0.000119     |
------------------------------------------
  step  225000/500000 ( 45.0%)  mean_rew=-0.000
-------------------------------------------
| time/                   |               |
|    fps                  | 1227          |
|    iterations           | 55            |
|    time_elapsed         | 183           |
|    total_timesteps      | 225280        |
| train/                  |               |
|    approx_kl            | 0.00029018713 |
|    clip_fraction        | 0.00413       |
|    clip_range           | 0.2           |
|    entropy_loss         | -0.0992       |
|    explained_variance   | 0.876         |
|    learning_rate        | 0.0003        |
|    loss                 | -9.55e-05     |
|    n_updates            | 540           |
|    policy_gradient_loss | -9.91e-05     |
|    value_loss           | 0.000119      |
-------------------------------------------
-------------------------------------------
| time/                   |               |
|    fps                  | 1227          |
|    iterations           | 56            |
|    time_elapsed         | 186           |
|    total_timesteps      | 229376        |
| train/                  |               |
|    approx_kl            | 0.00032797875 |
|    clip_fraction        | 0.00483       |
|    clip_range           | 0.2           |
|    entropy_loss         | -0.101        |
|    explained_variance   | 0.903         |
|    learning_rate        | 0.0003        |
|    loss                 | 0.000874      |
|    n_updates            | 550           |
|    policy_gradient_loss | -4.34e-05     |
|    value_loss           | 7.86e-05      |
-------------------------------------------
  step  230000/500000 ( 46.0%)  mean_rew=+0.001
------------------------------------------
| time/                   |              |
|    fps                  | 1226         |
|    iterations           | 57           |
|    time_elapsed         | 190          |
|    total_timesteps      | 233472       |
| train/                  |              |
|    approx_kl            | 0.0006869717 |
|    clip_fraction        | 0.00691      |
|    clip_range           | 0.2          |
|    entropy_loss         | -0.0914      |
|    explained_variance   | 0.927        |
|    learning_rate        | 0.0003       |
|    loss                 | -0.00241     |
|    n_updates            | 560          |
|    policy_gradient_loss | -0.000509    |
|    value_loss           | 6.41e-05     |
------------------------------------------
  step  235000/500000 ( 47.0%)  mean_rew=-0.001
------------------------------------------
| time/                   |              |
|    fps                  | 1227         |
|    iterations           | 58           |
|    time_elapsed         | 193          |
|    total_timesteps      | 237568       |
| train/                  |              |
|    approx_kl            | 0.0003606449 |
|    clip_fraction        | 0.00488      |
|    clip_range           | 0.2          |
|    entropy_loss         | -0.0869      |
|    explained_variance   | 0.876        |
|    learning_rate        | 0.0003       |
|    loss                 | -0.00146     |
|    n_updates            | 570          |
|    policy_gradient_loss | -0.00022     |
|    value_loss           | 0.00012      |
------------------------------------------
  step  240000/500000 ( 48.0%)  mean_rew=-0.003
------------------------------------------
| time/                   |              |
|    fps                  | 1227         |
|    iterations           | 59           |
|    time_elapsed         | 196          |
|    total_timesteps      | 241664       |
| train/                  |              |
|    approx_kl            | 0.0014853538 |
|    clip_fraction        | 0.00796      |
|    clip_range           | 0.2          |
|    entropy_loss         | -0.0892      |
|    explained_variance   | 0.9          |
|    learning_rate        | 0.0003       |
|    loss                 | 0.000975     |
|    n_updates            | 580          |
|    policy_gradient_loss | -0.000359    |
|    value_loss           | 8.38e-05     |
------------------------------------------
  step  245000/500000 ( 49.0%)  mean_rew=-0.001
-------------------------------------------
| time/                   |               |
|    fps                  | 1227          |
|    iterations           | 60            |
|    time_elapsed         | 200           |
|    total_timesteps      | 245760        |
| train/                  |               |
|    approx_kl            | 0.00067557476 |
|    clip_fraction        | 0.00728       |
|    clip_range           | 0.2           |
|    entropy_loss         | -0.085        |
|    explained_variance   | 0.926         |
|    learning_rate        | 0.0003        |
|    loss                 | -0.0017       |
|    n_updates            | 590           |
|    policy_gradient_loss | -0.000188     |
|    value_loss           | 6.38e-05      |
-------------------------------------------
-------------------------------------------
| time/                   |               |
|    fps                  | 1226          |
|    iterations           | 61            |
|    time_elapsed         | 203           |
|    total_timesteps      | 249856        |
| train/                  |               |
|    approx_kl            | 0.00039946678 |
|    clip_fraction        | 0.00764       |
|    clip_range           | 0.2           |
|    entropy_loss         | -0.0864       |
|    explained_variance   | 0.882         |
|    learning_rate        | 0.0003        |
|    loss                 | -0.00106      |
|    n_updates            | 600           |
|    policy_gradient_loss | -0.000287     |
|    value_loss           | 0.000108      |
-------------------------------------------
  step  250000/500000 ( 50.0%)  mean_rew=+0.001
-----------------------------------------
| time/                   |             |
|    fps                  | 1227        |
|    iterations           | 62          |
|    time_elapsed         | 206         |
|    total_timesteps      | 253952      |
| train/                  |             |
|    approx_kl            | 0.000345105 |
|    clip_fraction        | 0.00579     |
|    clip_range           | 0.2         |
|    entropy_loss         | -0.0794     |
|    explained_variance   | 0.877       |
|    learning_rate        | 0.0003      |
|    loss                 | -0.00284    |
|    n_updates            | 610         |
|    policy_gradient_loss | -0.000266   |
|    value_loss           | 0.000115    |
-----------------------------------------
  step  255000/500000 ( 51.0%)  mean_rew=-0.000
-----------------------------------------
| time/                   |             |
|    fps                  | 1227        |
|    iterations           | 63          |
|    time_elapsed         | 210         |
|    total_timesteps      | 258048      |
| train/                  |             |
|    approx_kl            | 0.011491219 |
|    clip_fraction        | 0.019       |
|    clip_range           | 0.2         |
|    entropy_loss         | -0.0913     |
|    explained_variance   | 0.903       |
|    learning_rate        | 0.0003      |
|    loss                 | -0.00543    |
|    n_updates            | 620         |
|    policy_gradient_loss | -0.00115    |
|    value_loss           | 7.7e-05     |
-----------------------------------------
  step  260000/500000 ( 52.0%)  mean_rew=-0.001
-----------------------------------------
| time/                   |             |
|    fps                  | 1226        |
|    iterations           | 64          |
|    time_elapsed         | 213         |
|    total_timesteps      | 262144      |
| train/                  |             |
|    approx_kl            | 0.000665786 |
|    clip_fraction        | 0.0164      |
|    clip_range           | 0.2         |
|    entropy_loss         | -0.17       |
|    explained_variance   | 0.924       |
|    learning_rate        | 0.0003      |
|    loss                 | 0.00198     |
|    n_updates            | 630         |
|    policy_gradient_loss | 9.06e-05    |
|    value_loss           | 6.39e-05    |
-----------------------------------------
  step  265000/500000 ( 53.0%)  mean_rew=-0.000
------------------------------------------
| time/                   |              |
|    fps                  | 1224         |
|    iterations           | 65           |
|    time_elapsed         | 217          |
|    total_timesteps      | 266240       |
| train/                  |              |
|    approx_kl            | 0.0020352406 |
|    clip_fraction        | 0.021        |
|    clip_range           | 0.2          |
|    entropy_loss         | -0.165       |
|    explained_variance   | 0.861        |
|    learning_rate        | 0.0003       |
|    loss                 | -0.000134    |
|    n_updates            | 640          |
|    policy_gradient_loss | -0.000481    |
|    value_loss           | 0.000129     |
------------------------------------------
  step  270000/500000 ( 54.0%)  mean_rew=-0.001
------------------------------------------
| time/                   |              |
|    fps                  | 1223         |
|    iterations           | 66           |
|    time_elapsed         | 220          |
|    total_timesteps      | 270336       |
| train/                  |              |
|    approx_kl            | 0.0010826472 |
|    clip_fraction        | 0.0163       |
|    clip_range           | 0.2          |
|    entropy_loss         | -0.157       |
|    explained_variance   | 0.907        |
|    learning_rate        | 0.0003       |
|    loss                 | -0.0058      |
|    n_updates            | 650          |
|    policy_gradient_loss | -0.000652    |
|    value_loss           | 7.22e-05     |
------------------------------------------
------------------------------------------
| time/                   |              |
|    fps                  | 1223         |
|    iterations           | 67           |
|    time_elapsed         | 224          |
|    total_timesteps      | 274432       |
| train/                  |              |
|    approx_kl            | 0.0008735808 |
|    clip_fraction        | 0.0158       |
|    clip_range           | 0.2          |
|    entropy_loss         | -0.151       |
|    explained_variance   | 0.92         |
|    learning_rate        | 0.0003       |
|    loss                 | -0.00147     |
|    n_updates            | 660          |
|    policy_gradient_loss | -0.000257    |
|    value_loss           | 7.02e-05     |
------------------------------------------
  step  275000/500000 ( 55.0%)  mean_rew=+0.000
------------------------------------------
| time/                   |              |
|    fps                  | 1223         |
|    iterations           | 68           |
|    time_elapsed         | 227          |
|    total_timesteps      | 278528       |
| train/                  |              |
|    approx_kl            | 0.0020283386 |
|    clip_fraction        | 0.0205       |
|    clip_range           | 0.2          |
|    entropy_loss         | -0.128       |
|    explained_variance   | 0.876        |
|    learning_rate        | 0.0003       |
|    loss                 | 0.000333     |
|    n_updates            | 670          |
|    policy_gradient_loss | -0.000935    |
|    value_loss           | 0.000111     |
------------------------------------------
  step  280000/500000 ( 56.0%)  mean_rew=+0.000
-------------------------------------------
| time/                   |               |
|    fps                  | 1223          |
|    iterations           | 69            |
|    time_elapsed         | 230           |
|    total_timesteps      | 282624        |
| train/                  |               |
|    approx_kl            | 0.00066800346 |
|    clip_fraction        | 0.0128        |
|    clip_range           | 0.2           |
|    entropy_loss         | -0.127        |
|    explained_variance   | 0.882         |
|    learning_rate        | 0.0003        |
|    loss                 | 0.000978      |
|    n_updates            | 680           |
|    policy_gradient_loss | -0.000584     |
|    value_loss           | 0.000102      |
-------------------------------------------
  step  285000/500000 ( 57.0%)  mean_rew=-0.001
------------------------------------------
| time/                   |              |
|    fps                  | 1223         |
|    iterations           | 70           |
|    time_elapsed         | 234          |
|    total_timesteps      | 286720       |
| train/                  |              |
|    approx_kl            | 0.0015870535 |
|    clip_fraction        | 0.0141       |
|    clip_range           | 0.2          |
|    entropy_loss         | -0.111       |
|    explained_variance   | 0.897        |
|    learning_rate        | 0.0003       |
|    loss                 | -0.00082     |
|    n_updates            | 690          |
|    policy_gradient_loss | -0.000449    |
|    value_loss           | 8.07e-05     |
------------------------------------------
  step  290000/500000 ( 58.0%)  mean_rew=-0.001
------------------------------------------
| time/                   |              |
|    fps                  | 1223         |
|    iterations           | 71           |
|    time_elapsed         | 237          |
|    total_timesteps      | 290816       |
| train/                  |              |
|    approx_kl            | 0.0002352735 |
|    clip_fraction        | 0.00569      |
|    clip_range           | 0.2          |
|    entropy_loss         | -0.096       |
|    explained_variance   | 0.902        |
|    learning_rate        | 0.0003       |
|    loss                 | -0.00181     |
|    n_updates            | 700          |
|    policy_gradient_loss | -0.000327    |
|    value_loss           | 8.51e-05     |
------------------------------------------
-------------------------------------------
| time/                   |               |
|    fps                  | 1224          |
|    iterations           | 72            |
|    time_elapsed         | 240           |
|    total_timesteps      | 294912        |
| train/                  |               |
|    approx_kl            | 0.00034783367 |
|    clip_fraction        | 0.00688       |
|    clip_range           | 0.2           |
|    entropy_loss         | -0.0937       |
|    explained_variance   | 0.881         |
|    learning_rate        | 0.0003        |
|    loss                 | 0.00141       |
|    n_updates            | 710           |
|    policy_gradient_loss | -8.51e-05     |
|    value_loss           | 0.000111      |
-------------------------------------------
  step  295000/500000 ( 59.0%)  mean_rew=-0.000
-------------------------------------------
| time/                   |               |
|    fps                  | 1224          |
|    iterations           | 73            |
|    time_elapsed         | 244           |
|    total_timesteps      | 299008        |
| train/                  |               |
|    approx_kl            | 0.00055502454 |
|    clip_fraction        | 0.00923       |
|    clip_range           | 0.2           |
|    entropy_loss         | -0.0966       |
|    explained_variance   | 0.899         |
|    learning_rate        | 0.0003        |
|    loss                 | -0.000241     |
|    n_updates            | 720           |
|    policy_gradient_loss | -0.000385     |
|    value_loss           | 7.93e-05      |
-------------------------------------------
  step  300000/500000 ( 60.0%)  mean_rew=-0.000
-------------------------------------------
| time/                   |               |
|    fps                  | 1223          |
|    iterations           | 74            |
|    time_elapsed         | 247           |
|    total_timesteps      | 303104        |
| train/                  |               |
|    approx_kl            | 0.00030613062 |
|    clip_fraction        | 0.00698       |
|    clip_range           | 0.2           |
|    entropy_loss         | -0.085        |
|    explained_variance   | 0.929         |
|    learning_rate        | 0.0003        |
|    loss                 | -0.00101      |
|    n_updates            | 730           |
|    policy_gradient_loss | -0.000226     |
|    value_loss           | 5.8e-05       |
-------------------------------------------
  step  305000/500000 ( 61.0%)  mean_rew=-0.001
------------------------------------------
| time/                   |              |
|    fps                  | 1223         |
|    iterations           | 75           |
|    time_elapsed         | 251          |
|    total_timesteps      | 307200       |
| train/                  |              |
|    approx_kl            | 0.0004100136 |
|    clip_fraction        | 0.00701      |
|    clip_range           | 0.2          |
|    entropy_loss         | -0.0937      |
|    explained_variance   | 0.853        |
|    learning_rate        | 0.0003       |
|    loss                 | -0.00132     |
|    n_updates            | 740          |
|    policy_gradient_loss | -0.00013     |
|    value_loss           | 0.000138     |
------------------------------------------
  step  310000/500000 ( 62.0%)  mean_rew=+0.001
-------------------------------------------
| time/                   |               |
|    fps                  | 1224          |
|    iterations           | 76            |
|    time_elapsed         | 254           |
|    total_timesteps      | 311296        |
| train/                  |               |
|    approx_kl            | 0.00033941207 |
|    clip_fraction        | 0.00623       |
|    clip_range           | 0.2           |
|    entropy_loss         | -0.0817       |
|    explained_variance   | 0.874         |
|    learning_rate        | 0.0003        |
|    loss                 | -5.19e-05     |
|    n_updates            | 750           |
|    policy_gradient_loss | -0.000157     |
|    value_loss           | 0.000123      |
-------------------------------------------
  step  315000/500000 ( 63.0%)  mean_rew=-0.002
-------------------------------------------
| time/                   |               |
|    fps                  | 1224          |
|    iterations           | 77            |
|    time_elapsed         | 257           |
|    total_timesteps      | 315392        |
| train/                  |               |
|    approx_kl            | 0.00041397737 |
|    clip_fraction        | 0.00537       |
|    clip_range           | 0.2           |
|    entropy_loss         | -0.0838       |
|    explained_variance   | 0.894         |
|    learning_rate        | 0.0003        |
|    loss                 | -0.00252      |
|    n_updates            | 760           |
|    policy_gradient_loss | -0.000168     |
|    value_loss           | 8.04e-05      |
-------------------------------------------
-------------------------------------------
| time/                   |               |
|    fps                  | 1223          |
|    iterations           | 78            |
|    time_elapsed         | 261           |
|    total_timesteps      | 319488        |
| train/                  |               |
|    approx_kl            | 0.00037669734 |
|    clip_fraction        | 0.00332       |
|    clip_range           | 0.2           |
|    entropy_loss         | -0.0912       |
|    explained_variance   | 0.898         |
|    learning_rate        | 0.0003        |
|    loss                 | 0.000636      |
|    n_updates            | 770           |
|    policy_gradient_loss | -0.000108     |
|    value_loss           | 8.91e-05      |
-------------------------------------------
  step  320000/500000 ( 64.0%)  mean_rew=-0.001
-------------------------------------------
| time/                   |               |
|    fps                  | 1224          |
|    iterations           | 79            |
|    time_elapsed         | 264           |
|    total_timesteps      | 323584        |
| train/                  |               |
|    approx_kl            | 0.00035483344 |
|    clip_fraction        | 0.00332       |
|    clip_range           | 0.2           |
|    entropy_loss         | -0.0904       |
|    explained_variance   | 0.881         |
|    learning_rate        | 0.0003        |
|    loss                 | 0.00119       |
|    n_updates            | 780           |
|    policy_gradient_loss | 9.39e-05      |
|    value_loss           | 0.000108      |
-------------------------------------------
  step  325000/500000 ( 65.0%)  mean_rew=-0.001
-------------------------------------------
| time/                   |               |
|    fps                  | 1224          |
|    iterations           | 80            |
|    time_elapsed         | 267           |
|    total_timesteps      | 327680        |
| train/                  |               |
|    approx_kl            | 0.00046027103 |
|    clip_fraction        | 0.00745       |
|    clip_range           | 0.2           |
|    entropy_loss         | -0.0936       |
|    explained_variance   | 0.897         |
|    learning_rate        | 0.0003        |
|    loss                 | -0.00234      |
|    n_updates            | 790           |
|    policy_gradient_loss | -0.000201     |
|    value_loss           | 8.4e-05       |
-------------------------------------------
  step  330000/500000 ( 66.0%)  mean_rew=+0.000
-------------------------------------------
| time/                   |               |
|    fps                  | 1224          |
|    iterations           | 81            |
|    time_elapsed         | 271           |
|    total_timesteps      | 331776        |
| train/                  |               |
|    approx_kl            | 0.00093788025 |
|    clip_fraction        | 0.00562       |
|    clip_range           | 0.2           |
|    entropy_loss         | -0.088        |
|    explained_variance   | 0.929         |
|    learning_rate        | 0.0003        |
|    loss                 | -1.32e-05     |
|    n_updates            | 800           |
|    policy_gradient_loss | -8.81e-05     |
|    value_loss           | 6.24e-05      |
-------------------------------------------
  step  335000/500000 ( 67.0%)  mean_rew=+0.000
------------------------------------------
| time/                   |              |
|    fps                  | 1224         |
|    iterations           | 82           |
|    time_elapsed         | 274          |
|    total_timesteps      | 335872       |
| train/                  |              |
|    approx_kl            | 0.0003377226 |
|    clip_fraction        | 0.0075       |
|    clip_range           | 0.2          |
|    entropy_loss         | -0.0821      |
|    explained_variance   | 0.88         |
|    learning_rate        | 0.0003       |
|    loss                 | -0.0028      |
|    n_updates            | 810          |
|    policy_gradient_loss | -0.00022     |
|    value_loss           | 0.000114     |
------------------------------------------
-------------------------------------------
| time/                   |               |
|    fps                  | 1224          |
|    iterations           | 83            |
|    time_elapsed         | 277           |
|    total_timesteps      | 339968        |
| train/                  |               |
|    approx_kl            | 0.00023119207 |
|    clip_fraction        | 0.00471       |
|    clip_range           | 0.2           |
|    entropy_loss         | -0.0769       |
|    explained_variance   | 0.886         |
|    learning_rate        | 0.0003        |
|    loss                 | 0.000364      |
|    n_updates            | 820           |
|    policy_gradient_loss | -0.00017      |
|    value_loss           | 0.000106      |
-------------------------------------------
  step  340000/500000 ( 68.0%)  mean_rew=+0.001
-------------------------------------------
| time/                   |               |
|    fps                  | 1223          |
|    iterations           | 84            |
|    time_elapsed         | 281           |
|    total_timesteps      | 344064        |
| train/                  |               |
|    approx_kl            | 0.00035290373 |
|    clip_fraction        | 0.00493       |
|    clip_range           | 0.2           |
|    entropy_loss         | -0.0868       |
|    explained_variance   | 0.891         |
|    learning_rate        | 0.0003        |
|    loss                 | -0.000152     |
|    n_updates            | 830           |
|    policy_gradient_loss | -0.000238     |
|    value_loss           | 8.9e-05       |
-------------------------------------------
  step  345000/500000 ( 69.0%)  mean_rew=-0.002
------------------------------------------
| time/                   |              |
|    fps                  | 1222         |
|    iterations           | 85           |
|    time_elapsed         | 284          |
|    total_timesteps      | 348160       |
| train/                  |              |
|    approx_kl            | 0.0003541254 |
|    clip_fraction        | 0.00334      |
|    clip_range           | 0.2          |
|    entropy_loss         | -0.0838      |
|    explained_variance   | 0.931        |
|    learning_rate        | 0.0003       |
|    loss                 | -0.00091     |
|    n_updates            | 840          |
|    policy_gradient_loss | -0.000185    |
|    value_loss           | 5.73e-05     |
------------------------------------------
  step  350000/500000 ( 70.0%)  mean_rew=+0.000
------------------------------------------
| time/                   |              |
|    fps                  | 1221         |
|    iterations           | 86           |
|    time_elapsed         | 288          |
|    total_timesteps      | 352256       |
| train/                  |              |
|    approx_kl            | 0.0007255468 |
|    clip_fraction        | 0.0101       |
|    clip_range           | 0.2          |
|    entropy_loss         | -0.0805      |
|    explained_variance   | 0.877        |
|    learning_rate        | 0.0003       |
|    loss                 | 0.00121      |
|    n_updates            | 850          |
|    policy_gradient_loss | -0.000531    |
|    value_loss           | 0.000109     |
------------------------------------------
  step  355000/500000 ( 71.0%)  mean_rew=+0.000
-------------------------------------------
| time/                   |               |
|    fps                  | 1223          |
|    iterations           | 87            |
|    time_elapsed         | 291           |
|    total_timesteps      | 356352        |
| train/                  |               |
|    approx_kl            | 0.00081168447 |
|    clip_fraction        | 0.00603       |
|    clip_range           | 0.2           |
|    entropy_loss         | -0.0762       |
|    explained_variance   | 0.903         |
|    learning_rate        | 0.0003        |
|    loss                 | -0.00247      |
|    n_updates            | 860           |
|    policy_gradient_loss | -0.000705     |
|    value_loss           | 7.38e-05      |
-------------------------------------------
  step  360000/500000 ( 72.0%)  mean_rew=-0.001
-------------------------------------------
| time/                   |               |
|    fps                  | 1220          |
|    iterations           | 88            |
|    time_elapsed         | 295           |
|    total_timesteps      | 360448        |
| train/                  |               |
|    approx_kl            | 0.00042944498 |
|    clip_fraction        | 0.00691       |
|    clip_range           | 0.2           |
|    entropy_loss         | -0.0822       |
|    explained_variance   | 0.932         |
|    learning_rate        | 0.0003        |
|    loss                 | -0.00184      |
|    n_updates            | 870           |
|    policy_gradient_loss | -0.000389     |
|    value_loss           | 5.6e-05       |
-------------------------------------------
------------------------------------------
| time/                   |              |
|    fps                  | 1212         |
|    iterations           | 89           |
|    time_elapsed         | 300          |
|    total_timesteps      | 364544       |
| train/                  |              |
|    approx_kl            | 0.0011569384 |
|    clip_fraction        | 0.0132       |
|    clip_range           | 0.2          |
|    entropy_loss         | -0.0783      |
|    explained_variance   | 0.871        |
|    learning_rate        | 0.0003       |
|    loss                 | -0.00135     |
|    n_updates            | 880          |
|    policy_gradient_loss | -0.000486    |
|    value_loss           | 0.000121     |
------------------------------------------
  step  365000/500000 ( 73.0%)  mean_rew=+0.000
------------------------------------------
| time/                   |              |
|    fps                  | 1213         |
|    iterations           | 90           |
|    time_elapsed         | 303          |
|    total_timesteps      | 368640       |
| train/                  |              |
|    approx_kl            | 0.0007332206 |
|    clip_fraction        | 0.00574      |
|    clip_range           | 0.2          |
|    entropy_loss         | -0.0765      |
|    explained_variance   | 0.888        |
|    learning_rate        | 0.0003       |
|    loss                 | -0.000698    |
|    n_updates            | 890          |
|    policy_gradient_loss | -0.000175    |
|    value_loss           | 0.000104     |
------------------------------------------
  step  370000/500000 ( 74.0%)  mean_rew=+0.001
-------------------------------------------
| time/                   |               |
|    fps                  | 1215          |
|    iterations           | 91            |
|    time_elapsed         | 306           |
|    total_timesteps      | 372736        |
| train/                  |               |
|    approx_kl            | 0.00042642996 |
|    clip_fraction        | 0.00701       |
|    clip_range           | 0.2           |
|    entropy_loss         | -0.0641       |
|    explained_variance   | 0.891         |
|    learning_rate        | 0.0003        |
|    loss                 | -0.00194      |
|    n_updates            | 900           |
|    policy_gradient_loss | -0.000314     |
|    value_loss           | 9.11e-05      |
-------------------------------------------
  step  375000/500000 ( 75.0%)  mean_rew=-0.002
-------------------------------------------
| time/                   |               |
|    fps                  | 1216          |
|    iterations           | 92            |
|    time_elapsed         | 309           |
|    total_timesteps      | 376832        |
| train/                  |               |
|    approx_kl            | 0.00036503398 |
|    clip_fraction        | 0.0052        |
|    clip_range           | 0.2           |
|    entropy_loss         | -0.0658       |
|    explained_variance   | 0.925         |
|    learning_rate        | 0.0003        |
|    loss                 | -0.00117      |
|    n_updates            | 910           |
|    policy_gradient_loss | -0.00031      |
|    value_loss           | 6.41e-05      |
-------------------------------------------
  step  380000/500000 ( 76.0%)  mean_rew=+0.000
------------------------------------------
| time/                   |              |
|    fps                  | 1218         |
|    iterations           | 93           |
|    time_elapsed         | 312          |
|    total_timesteps      | 380928       |
| train/                  |              |
|    approx_kl            | 0.0005523924 |
|    clip_fraction        | 0.00771      |
|    clip_range           | 0.2          |
|    entropy_loss         | -0.0648      |
|    explained_variance   | 0.883        |
|    learning_rate        | 0.0003       |
|    loss                 | -0.000516    |
|    n_updates            | 920          |
|    policy_gradient_loss | -0.000468    |
|    value_loss           | 0.000108     |
------------------------------------------
  step  385000/500000 ( 77.0%)  mean_rew=+0.001
------------------------------------------
| time/                   |              |
|    fps                  | 1220         |
|    iterations           | 94           |
|    time_elapsed         | 315          |
|    total_timesteps      | 385024       |
| train/                  |              |
|    approx_kl            | 0.0003682673 |
|    clip_fraction        | 0.00474      |
|    clip_range           | 0.2          |
|    entropy_loss         | -0.06        |
|    explained_variance   | 0.904        |
|    learning_rate        | 0.0003       |
|    loss                 | 0.000239     |
|    n_updates            | 930          |
|    policy_gradient_loss | -0.000229    |
|    value_loss           | 7.37e-05     |
------------------------------------------
------------------------------------------
| time/                   |              |
|    fps                  | 1221         |
|    iterations           | 95           |
|    time_elapsed         | 318          |
|    total_timesteps      | 389120       |
| train/                  |              |
|    approx_kl            | 0.0004208716 |
|    clip_fraction        | 0.00408      |
|    clip_range           | 0.2          |
|    entropy_loss         | -0.0624      |
|    explained_variance   | 0.911        |
|    learning_rate        | 0.0003       |
|    loss                 | 9.32e-05     |
|    n_updates            | 940          |
|    policy_gradient_loss | -9.26e-05    |
|    value_loss           | 7.67e-05     |
------------------------------------------
  step  390000/500000 ( 78.0%)  mean_rew=-0.002
-------------------------------------------
| time/                   |               |
|    fps                  | 1222          |
|    iterations           | 96            |
|    time_elapsed         | 321           |
|    total_timesteps      | 393216        |
| train/                  |               |
|    approx_kl            | 0.00050693215 |
|    clip_fraction        | 0.00571       |
|    clip_range           | 0.2           |
|    entropy_loss         | -0.0594       |
|    explained_variance   | 0.887         |
|    learning_rate        | 0.0003        |
|    loss                 | -0.000536     |
|    n_updates            | 950           |
|    policy_gradient_loss | -0.00015      |
|    value_loss           | 0.000102      |
-------------------------------------------
  step  395000/500000 ( 79.0%)  mean_rew=+0.000
-------------------------------------------
| time/                   |               |
|    fps                  | 1224          |
|    iterations           | 97            |
|    time_elapsed         | 324           |
|    total_timesteps      | 397312        |
| train/                  |               |
|    approx_kl            | 0.00014495265 |
|    clip_fraction        | 0.00298       |
|    clip_range           | 0.2           |
|    entropy_loss         | -0.0595       |
|    explained_variance   | 0.893         |
|    learning_rate        | 0.0003        |
|    loss                 | -0.000774     |
|    n_updates            | 960           |
|    policy_gradient_loss | 6.71e-05      |
|    value_loss           | 9.1e-05       |
-------------------------------------------
  step  400000/500000 ( 80.0%)  mean_rew=+0.000
------------------------------------------
| time/                   |              |
|    fps                  | 1225         |
|    iterations           | 98           |
|    time_elapsed         | 327          |
|    total_timesteps      | 401408       |
| train/                  |              |
|    approx_kl            | 0.0033073716 |
|    clip_fraction        | 0.0271       |
|    clip_range           | 0.2          |
|    entropy_loss         | -0.089       |
|    explained_variance   | 0.93         |
|    learning_rate        | 0.0003       |
|    loss                 | 0.00119      |
|    n_updates            | 970          |
|    policy_gradient_loss | -0.00184     |
|    value_loss           | 5.65e-05     |
------------------------------------------
  step  405000/500000 ( 81.0%)  mean_rew=-0.005
------------------------------------------
| time/                   |              |
|    fps                  | 1226         |
|    iterations           | 99           |
|    time_elapsed         | 330          |
|    total_timesteps      | 405504       |
| train/                  |              |
|    approx_kl            | 0.0004676317 |
|    clip_fraction        | 0.00708      |
|    clip_range           | 0.2          |
|    entropy_loss         | -0.0919      |
|    explained_variance   | 0.885        |
|    learning_rate        | 0.0003       |
|    loss                 | 0.000293     |
|    n_updates            | 980          |
|    policy_gradient_loss | 1.63e-05     |
|    value_loss           | 0.000102     |
------------------------------------------
------------------------------------------
| time/                   |              |
|    fps                  | 1228         |
|    iterations           | 100          |
|    time_elapsed         | 333          |
|    total_timesteps      | 409600       |
| train/                  |              |
|    approx_kl            | 0.0003234387 |
|    clip_fraction        | 0.00823      |
|    clip_range           | 0.2          |
|    entropy_loss         | -0.102       |
|    explained_variance   | 0.855        |
|    learning_rate        | 0.0003       |
|    loss                 | -0.000659    |
|    n_updates            | 990          |
|    policy_gradient_loss | -0.000105    |
|    value_loss           | 0.000133     |
------------------------------------------
  step  410000/500000 ( 82.0%)  mean_rew=-0.001
----------------------------------------
| time/                   |            |
|    fps                  | 1229       |
|    iterations           | 101        |
|    time_elapsed         | 336        |
|    total_timesteps      | 413696     |
| train/                  |            |
|    approx_kl            | 0.00116381 |
|    clip_fraction        | 0.0175     |
|    clip_range           | 0.2        |
|    entropy_loss         | -0.109     |
|    explained_variance   | 0.908      |
|    learning_rate        | 0.0003     |
|    loss                 | -0.00177   |
|    n_updates            | 1000       |
|    policy_gradient_loss | -0.000833  |
|    value_loss           | 6.66e-05   |
----------------------------------------
  step  415000/500000 ( 83.0%)  mean_rew=-0.000
------------------------------------------
| time/                   |              |
|    fps                  | 1231         |
|    iterations           | 102          |
|    time_elapsed         | 339          |
|    total_timesteps      | 417792       |
| train/                  |              |
|    approx_kl            | 0.0014073391 |
|    clip_fraction        | 0.0181       |
|    clip_range           | 0.2          |
|    entropy_loss         | -0.0881      |
|    explained_variance   | 0.901        |
|    learning_rate        | 0.0003       |
|    loss                 | -0.0033      |
|    n_updates            | 1010         |
|    policy_gradient_loss | -0.000733    |
|    value_loss           | 8.63e-05     |
------------------------------------------
  step  420000/500000 ( 84.0%)  mean_rew=+0.001
------------------------------------------
| time/                   |              |
|    fps                  | 1232         |
|    iterations           | 103          |
|    time_elapsed         | 342          |
|    total_timesteps      | 421888       |
| train/                  |              |
|    approx_kl            | 0.0015198989 |
|    clip_fraction        | 0.0111       |
|    clip_range           | 0.2          |
|    entropy_loss         | -0.0924      |
|    explained_variance   | 0.869        |
|    learning_rate        | 0.0003       |
|    loss                 | 0.000921     |
|    n_updates            | 1020         |
|    policy_gradient_loss | -0.000146    |
|    value_loss           | 0.000126     |
------------------------------------------
  step  425000/500000 ( 85.0%)  mean_rew=-0.001
------------------------------------------
| time/                   |              |
|    fps                  | 1233         |
|    iterations           | 104          |
|    time_elapsed         | 345          |
|    total_timesteps      | 425984       |
| train/                  |              |
|    approx_kl            | 0.0009446061 |
|    clip_fraction        | 0.00896      |
|    clip_range           | 0.2          |
|    entropy_loss         | -0.0864      |
|    explained_variance   | 0.897        |
|    learning_rate        | 0.0003       |
|    loss                 | 0.000861     |
|    n_updates            | 1030         |
|    policy_gradient_loss | -0.000653    |
|    value_loss           | 8.82e-05     |
------------------------------------------
  step  430000/500000 ( 86.0%)  mean_rew=-0.000
-------------------------------------------
| time/                   |               |
|    fps                  | 1234          |
|    iterations           | 105           |
|    time_elapsed         | 348           |
|    total_timesteps      | 430080        |
| train/                  |               |
|    approx_kl            | 0.00060359016 |
|    clip_fraction        | 0.00586       |
|    clip_range           | 0.2           |
|    entropy_loss         | -0.083        |
|    explained_variance   | 0.925         |
|    learning_rate        | 0.0003        |
|    loss                 | 0.00015       |
|    n_updates            | 1040          |
|    policy_gradient_loss | -0.000141     |
|    value_loss           | 6.5e-05       |
-------------------------------------------
------------------------------------------
| time/                   |              |
|    fps                  | 1235         |
|    iterations           | 106          |
|    time_elapsed         | 351          |
|    total_timesteps      | 434176       |
| train/                  |              |
|    approx_kl            | 0.0005601811 |
|    clip_fraction        | 0.00835      |
|    clip_range           | 0.2          |
|    entropy_loss         | -0.0777      |
|    explained_variance   | 0.877        |
|    learning_rate        | 0.0003       |
|    loss                 | 0.00226      |
|    n_updates            | 1050         |
|    policy_gradient_loss | -0.000296    |
|    value_loss           | 0.000112     |
------------------------------------------
  step  435000/500000 ( 87.0%)  mean_rew=+0.001
-------------------------------------------
| time/                   |               |
|    fps                  | 1237          |
|    iterations           | 107           |
|    time_elapsed         | 354           |
|    total_timesteps      | 438272        |
| train/                  |               |
|    approx_kl            | 0.00054352084 |
|    clip_fraction        | 0.00667       |
|    clip_range           | 0.2           |
|    entropy_loss         | -0.0653       |
|    explained_variance   | 0.882         |
|    learning_rate        | 0.0003        |
|    loss                 | -0.00222      |
|    n_updates            | 1060          |
|    policy_gradient_loss | -0.000393     |
|    value_loss           | 0.000109      |
-------------------------------------------
  step  440000/500000 ( 88.0%)  mean_rew=-0.001
------------------------------------------
| time/                   |              |
|    fps                  | 1238         |
|    iterations           | 108          |
|    time_elapsed         | 357          |
|    total_timesteps      | 442368       |
| train/                  |              |
|    approx_kl            | 0.0036263254 |
|    clip_fraction        | 0.0124       |
|    clip_range           | 0.2          |
|    entropy_loss         | -0.0698      |
|    explained_variance   | 0.907        |
|    learning_rate        | 0.0003       |
|    loss                 | 0.00201      |
|    n_updates            | 1070         |
|    policy_gradient_loss | -0.000804    |
|    value_loss           | 7.54e-05     |
------------------------------------------
  step  445000/500000 ( 89.0%)  mean_rew=+0.001
-------------------------------------------
| time/                   |               |
|    fps                  | 1239          |
|    iterations           | 109           |
|    time_elapsed         | 360           |
|    total_timesteps      | 446464        |
| train/                  |               |
|    approx_kl            | 0.00028766884 |
|    clip_fraction        | 0.00554       |
|    clip_range           | 0.2           |
|    entropy_loss         | -0.0776       |
|    explained_variance   | 0.922         |
|    learning_rate        | 0.0003        |
|    loss                 | -0.00226      |
|    n_updates            | 1080          |
|    policy_gradient_loss | -0.000255     |
|    value_loss           | 6.86e-05      |
-------------------------------------------
  step  450000/500000 ( 90.0%)  mean_rew=-0.001
-------------------------------------------
| time/                   |               |
|    fps                  | 1240          |
|    iterations           | 110           |
|    time_elapsed         | 363           |
|    total_timesteps      | 450560        |
| train/                  |               |
|    approx_kl            | 0.00060889963 |
|    clip_fraction        | 0.00898       |
|    clip_range           | 0.2           |
|    entropy_loss         | -0.0765       |
|    explained_variance   | 0.852         |
|    learning_rate        | 0.0003        |
|    loss                 | 0.000184      |
|    n_updates            | 1090          |
|    policy_gradient_loss | -0.000114     |
|    value_loss           | 0.000147      |
-------------------------------------------
------------------------------------------
| time/                   |              |
|    fps                  | 1241         |
|    iterations           | 111          |
|    time_elapsed         | 366          |
|    total_timesteps      | 454656       |
| train/                  |              |
|    approx_kl            | 0.0006053964 |
|    clip_fraction        | 0.0053       |
|    clip_range           | 0.2          |
|    entropy_loss         | -0.0656      |
|    explained_variance   | 0.906        |
|    learning_rate        | 0.0003       |
|    loss                 | -0.000149    |
|    n_updates            | 1100         |
|    policy_gradient_loss | -0.00026     |
|    value_loss           | 7.87e-05     |
------------------------------------------
  step  455000/500000 ( 91.0%)  mean_rew=-0.001
-------------------------------------------
| time/                   |               |
|    fps                  | 1242          |
|    iterations           | 112           |
|    time_elapsed         | 369           |
|    total_timesteps      | 458752        |
| train/                  |               |
|    approx_kl            | 0.00034015326 |
|    clip_fraction        | 0.00645       |
|    clip_range           | 0.2           |
|    entropy_loss         | -0.066        |
|    explained_variance   | 0.928         |
|    learning_rate        | 0.0003        |
|    loss                 | -0.00409      |
|    n_updates            | 1110          |
|    policy_gradient_loss | -0.000371     |
|    value_loss           | 6.38e-05      |
-------------------------------------------
  step  460000/500000 ( 92.0%)  mean_rew=-0.002
-------------------------------------------
| time/                   |               |
|    fps                  | 1243          |
|    iterations           | 113           |
|    time_elapsed         | 372           |
|    total_timesteps      | 462848        |
| train/                  |               |
|    approx_kl            | 0.00023949881 |
|    clip_fraction        | 0.00549       |
|    clip_range           | 0.2           |
|    entropy_loss         | -0.0685       |
|    explained_variance   | 0.881         |
|    learning_rate        | 0.0003        |
|    loss                 | 0.0025        |
|    n_updates            | 1120          |
|    policy_gradient_loss | -0.00013      |
|    value_loss           | 0.000104      |
-------------------------------------------
  step  465000/500000 ( 93.0%)  mean_rew=-0.051
-------------------------------------------
| time/                   |               |
|    fps                  | 1236          |
|    iterations           | 114           |
|    time_elapsed         | 377           |
|    total_timesteps      | 466944        |
| train/                  |               |
|    approx_kl            | 0.00092628243 |
|    clip_fraction        | 0.00901       |
|    clip_range           | 0.2           |
|    entropy_loss         | -0.0761       |
|    explained_variance   | 0.878         |
|    learning_rate        | 0.0003        |
|    loss                 | -0.00426      |
|    n_updates            | 1130          |
|    policy_gradient_loss | -0.000209     |
|    value_loss           | 0.000111      |
-------------------------------------------
  step  470000/500000 ( 94.0%)  mean_rew=+0.000
----------------------------------------
| time/                   |            |
|    fps                  | 1237       |
|    iterations           | 115        |
|    time_elapsed         | 380        |
|    total_timesteps      | 471040     |
| train/                  |            |
|    approx_kl            | 0.01874033 |
|    clip_fraction        | 0.0473     |
|    clip_range           | 0.2        |
|    entropy_loss         | -0.144     |
|    explained_variance   | 0.23       |
|    learning_rate        | 0.0003     |
|    loss                 | 0.0388     |
|    n_updates            | 1140       |
|    policy_gradient_loss | -0.000992  |
|    value_loss           | 0.143      |
----------------------------------------
  step  475000/500000 ( 95.0%)  mean_rew=-0.002
-----------------------------------------
| time/                   |             |
|    fps                  | 1238        |
|    iterations           | 116         |
|    time_elapsed         | 383         |
|    total_timesteps      | 475136      |
| train/                  |             |
|    approx_kl            | 0.012691777 |
|    clip_fraction        | 0.0223      |
|    clip_range           | 0.2         |
|    entropy_loss         | -0.0845     |
|    explained_variance   | 0.918       |
|    learning_rate        | 0.0003      |
|    loss                 | -0.00773    |
|    n_updates            | 1150        |
|    policy_gradient_loss | -0.000951   |
|    value_loss           | 0.000335    |
-----------------------------------------
-------------------------------------------
| time/                   |               |
|    fps                  | 1239          |
|    iterations           | 117           |
|    time_elapsed         | 386           |
|    total_timesteps      | 479232        |
| train/                  |               |
|    approx_kl            | 0.00024176596 |
|    clip_fraction        | 0.0117        |
|    clip_range           | 0.2           |
|    entropy_loss         | -0.122        |
|    explained_variance   | 0.87          |
|    learning_rate        | 0.0003        |
|    loss                 | 6.96e-06      |
|    n_updates            | 1160          |
|    policy_gradient_loss | 3.69e-05      |
|    value_loss           | 0.000457      |
-------------------------------------------
  step  480000/500000 ( 96.0%)  mean_rew=-0.000
-------------------------------------------
| time/                   |               |
|    fps                  | 1240          |
|    iterations           | 118           |
|    time_elapsed         | 389           |
|    total_timesteps      | 483328        |
| train/                  |               |
|    approx_kl            | 0.00026411936 |
|    clip_fraction        | 0.0117        |
|    clip_range           | 0.2           |
|    entropy_loss         | -0.119        |
|    explained_variance   | 0.865         |
|    learning_rate        | 0.0003        |
|    loss                 | -0.0016       |
|    n_updates            | 1170          |
|    policy_gradient_loss | 5.9e-05       |
|    value_loss           | 0.000345      |
-------------------------------------------
  step  485000/500000 ( 97.0%)  mean_rew=-0.002
-------------------------------------------
| time/                   |               |
|    fps                  | 1241          |
|    iterations           | 119           |
|    time_elapsed         | 392           |
|    total_timesteps      | 487424        |
| train/                  |               |
|    approx_kl            | 0.00069403276 |
|    clip_fraction        | 0.00613       |
|    clip_range           | 0.2           |
|    entropy_loss         | -0.114        |
|    explained_variance   | 0.871         |
|    learning_rate        | 0.0003        |
|    loss                 | -0.00342      |
|    n_updates            | 1180          |
|    policy_gradient_loss | -0.000259     |
|    value_loss           | 0.000327      |
-------------------------------------------
  step  490000/500000 ( 98.0%)  mean_rew=+0.000
-----------------------------------------
| time/                   |             |
|    fps                  | 1242        |
|    iterations           | 120         |
|    time_elapsed         | 395         |
|    total_timesteps      | 491520      |
| train/                  |             |
|    approx_kl            | 0.002753131 |
|    clip_fraction        | 0.022       |
|    clip_range           | 0.2         |
|    entropy_loss         | -0.123      |
|    explained_variance   | 0.822       |
|    learning_rate        | 0.0003      |
|    loss                 | 0.00218     |
|    n_updates            | 1190        |
|    policy_gradient_loss | -0.000542   |
|    value_loss           | 0.000386    |
-----------------------------------------
  step  495000/500000 ( 99.0%)  mean_rew=-0.000
-------------------------------------------
| time/                   |               |
|    fps                  | 1242          |
|    iterations           | 121           |
|    time_elapsed         | 398           |
|    total_timesteps      | 495616        |
| train/                  |               |
|    approx_kl            | 0.00083988125 |
|    clip_fraction        | 0.00942       |
|    clip_range           | 0.2           |
|    entropy_loss         | -0.121        |
|    explained_variance   | 0.809         |
|    learning_rate        | 0.0003        |
|    loss                 | -0.000147     |
|    n_updates            | 1200          |
|    policy_gradient_loss | -6.04e-05     |
|    value_loss           | 0.000405      |
-------------------------------------------
------------------------------------------
| time/                   |              |
|    fps                  | 1242         |
|    iterations           | 122          |
|    time_elapsed         | 402          |
|    total_timesteps      | 499712       |
| train/                  |              |
|    approx_kl            | 0.0034252417 |
|    clip_fraction        | 0.0359       |
|    clip_range           | 0.2          |
|    entropy_loss         | -0.13        |
|    explained_variance   | 0.79         |
|    learning_rate        | 0.0003       |
|    loss                 | -0.000752    |
|    n_updates            | 1210         |
|    policy_gradient_loss | -0.000826    |
|    value_loss           | 0.000306     |
------------------------------------------
  step  500000/500000 (100.0%)  mean_rew=-0.001
------------------------------------------
| time/                   |              |
|    fps                  | 1242         |
|    iterations           | 123          |
|    time_elapsed         | 405          |
|    total_timesteps      | 503808       |
| train/                  |              |
|    approx_kl            | 0.0010547927 |
|    clip_fraction        | 0.00847      |
|    clip_range           | 0.2          |
|    entropy_loss         | -0.111       |
|    explained_variance   | 0.816        |
|    learning_rate        | 0.0003       |
|    loss                 | -0.000492    |
|    n_updates            | 1220         |
|    policy_gradient_loss | -8.62e-05    |
|    value_loss           | 0.000278     |
------------------------------------------
[cologne8-PPO] Done. Saved -> /workspace/rl-traffic/exp_cologne8_real/ppo_queue_s777
