Using libsumo as traci as requested by environment variable.
[cologne8-PPO] 8 agents | reward=wait-clip | seed=2718
  obs=(7,) | act=Discrete(4)
Using cpu device
-----------------------------
| time/              |      |
|    fps             | 1614 |
|    iterations      | 1    |
|    time_elapsed    | 2    |
|    total_timesteps | 4096 |
-----------------------------
  step    5000/500000 (  1.0%)  mean_rew=-0.035
-----------------------------------------
| time/                   |             |
|    fps                  | 1278        |
|    iterations           | 2           |
|    time_elapsed         | 6           |
|    total_timesteps      | 8192        |
| train/                  |             |
|    approx_kl            | 0.010553353 |
|    clip_fraction        | 0.0976      |
|    clip_range           | 0.2         |
|    entropy_loss         | -1.38       |
|    explained_variance   | -0.00389    |
|    learning_rate        | 0.0003      |
|    loss                 | 47.8        |
|    n_updates            | 10          |
|    policy_gradient_loss | -0.0096     |
|    value_loss           | 115         |
-----------------------------------------
  step   10000/500000 (  2.0%)  mean_rew=-0.477
-----------------------------------------
| time/                   |             |
|    fps                  | 1234        |
|    iterations           | 3           |
|    time_elapsed         | 9           |
|    total_timesteps      | 12288       |
| train/                  |             |
|    approx_kl            | 0.013118632 |
|    clip_fraction        | 0.0494      |
|    clip_range           | 0.2         |
|    entropy_loss         | -1.36       |
|    explained_variance   | 0.125       |
|    learning_rate        | 0.0003      |
|    loss                 | 34.7        |
|    n_updates            | 20          |
|    policy_gradient_loss | -0.00508    |
|    value_loss           | 57.5        |
-----------------------------------------
  step   15000/500000 (  3.0%)  mean_rew=-0.089
----------------------------------------
| time/                   |            |
|    fps                  | 1195       |
|    iterations           | 4          |
|    time_elapsed         | 13         |
|    total_timesteps      | 16384      |
| train/                  |            |
|    approx_kl            | 0.01177305 |
|    clip_fraction        | 0.121      |
|    clip_range           | 0.2        |
|    entropy_loss         | -1.33      |
|    explained_variance   | 0.331      |
|    learning_rate        | 0.0003     |
|    loss                 | 19.6       |
|    n_updates            | 30         |
|    policy_gradient_loss | -0.00961   |
|    value_loss           | 40.4       |
----------------------------------------
  step   20000/500000 (  4.0%)  mean_rew=-0.005
-----------------------------------------
| time/                   |             |
|    fps                  | 1190        |
|    iterations           | 5           |
|    time_elapsed         | 17          |
|    total_timesteps      | 20480       |
| train/                  |             |
|    approx_kl            | 0.009966854 |
|    clip_fraction        | 0.093       |
|    clip_range           | 0.2         |
|    entropy_loss         | -1.29       |
|    explained_variance   | 0.516       |
|    learning_rate        | 0.0003      |
|    loss                 | 10.3        |
|    n_updates            | 40          |
|    policy_gradient_loss | -0.00774    |
|    value_loss           | 28.2        |
-----------------------------------------
-----------------------------------------
| time/                   |             |
|    fps                  | 1195        |
|    iterations           | 6           |
|    time_elapsed         | 20          |
|    total_timesteps      | 24576       |
| train/                  |             |
|    approx_kl            | 0.007066252 |
|    clip_fraction        | 0.0502      |
|    clip_range           | 0.2         |
|    entropy_loss         | -1.25       |
|    explained_variance   | 0.731       |
|    learning_rate        | 0.0003      |
|    loss                 | 6.38        |
|    n_updates            | 50          |
|    policy_gradient_loss | -0.00479    |
|    value_loss           | 9.69        |
-----------------------------------------
  step   25000/500000 (  5.0%)  mean_rew=-0.008
-----------------------------------------
| time/                   |             |
|    fps                  | 1199        |
|    iterations           | 7           |
|    time_elapsed         | 23          |
|    total_timesteps      | 28672       |
| train/                  |             |
|    approx_kl            | 0.012312216 |
|    clip_fraction        | 0.117       |
|    clip_range           | 0.2         |
|    entropy_loss         | -1.17       |
|    explained_variance   | 0.852       |
|    learning_rate        | 0.0003      |
|    loss                 | 1.89        |
|    n_updates            | 60          |
|    policy_gradient_loss | -0.00691    |
|    value_loss           | 3.71        |
-----------------------------------------
  step   30000/500000 (  6.0%)  mean_rew=-0.005
-----------------------------------------
| time/                   |             |
|    fps                  | 1198        |
|    iterations           | 8           |
|    time_elapsed         | 27          |
|    total_timesteps      | 32768       |
| train/                  |             |
|    approx_kl            | 0.012056145 |
|    clip_fraction        | 0.11        |
|    clip_range           | 0.2         |
|    entropy_loss         | -1.09       |
|    explained_variance   | 0.889       |
|    learning_rate        | 0.0003      |
|    loss                 | 0.435       |
|    n_updates            | 70          |
|    policy_gradient_loss | -0.0123     |
|    value_loss           | 2.62        |
-----------------------------------------
  step   35000/500000 (  7.0%)  mean_rew=-0.016
----------------------------------------
| time/                   |            |
|    fps                  | 1195       |
|    iterations           | 9          |
|    time_elapsed         | 30         |
|    total_timesteps      | 36864      |
| train/                  |            |
|    approx_kl            | 0.01739161 |
|    clip_fraction        | 0.158      |
|    clip_range           | 0.2        |
|    entropy_loss         | -1         |
|    explained_variance   | 0.875      |
|    learning_rate        | 0.0003     |
|    loss                 | 1.61       |
|    n_updates            | 80         |
|    policy_gradient_loss | -0.0095    |
|    value_loss           | 2          |
----------------------------------------
  step   40000/500000 (  8.0%)  mean_rew=-0.023
-----------------------------------------
| time/                   |             |
|    fps                  | 1201        |
|    iterations           | 10          |
|    time_elapsed         | 34          |
|    total_timesteps      | 40960       |
| train/                  |             |
|    approx_kl            | 0.006427251 |
|    clip_fraction        | 0.062       |
|    clip_range           | 0.2         |
|    entropy_loss         | -0.918      |
|    explained_variance   | 0.821       |
|    learning_rate        | 0.0003      |
|    loss                 | 0.98        |
|    n_updates            | 90          |
|    policy_gradient_loss | -0.0044     |
|    value_loss           | 3.01        |
-----------------------------------------
  step   45000/500000 (  9.0%)  mean_rew=-0.047
------------------------------------------
| time/                   |              |
|    fps                  | 1201         |
|    iterations           | 11           |
|    time_elapsed         | 37           |
|    total_timesteps      | 45056        |
| train/                  |              |
|    approx_kl            | 0.0044424525 |
|    clip_fraction        | 0.0668       |
|    clip_range           | 0.2          |
|    entropy_loss         | -0.894       |
|    explained_variance   | 0.876        |
|    learning_rate        | 0.0003       |
|    loss                 | 0.387        |
|    n_updates            | 100          |
|    policy_gradient_loss | -0.00252     |
|    value_loss           | 0.93         |
------------------------------------------
-----------------------------------------
| time/                   |             |
|    fps                  | 1199        |
|    iterations           | 12          |
|    time_elapsed         | 40          |
|    total_timesteps      | 49152       |
| train/                  |             |
|    approx_kl            | 0.008998494 |
|    clip_fraction        | 0.137       |
|    clip_range           | 0.2         |
|    entropy_loss         | -0.809      |
|    explained_variance   | 0.934       |
|    learning_rate        | 0.0003      |
|    loss                 | 0.176       |
|    n_updates            | 110         |
|    policy_gradient_loss | -0.00924    |
|    value_loss           | 0.425       |
-----------------------------------------
  step   50000/500000 ( 10.0%)  mean_rew=-0.006
------------------------------------------
| time/                   |              |
|    fps                  | 1201         |
|    iterations           | 13           |
|    time_elapsed         | 44           |
|    total_timesteps      | 53248        |
| train/                  |              |
|    approx_kl            | 0.0074961623 |
|    clip_fraction        | 0.0655       |
|    clip_range           | 0.2          |
|    entropy_loss         | -0.775       |
|    explained_variance   | 0.839        |
|    learning_rate        | 0.0003       |
|    loss                 | 0.336        |
|    n_updates            | 120          |
|    policy_gradient_loss | -0.00433     |
|    value_loss           | 0.886        |
------------------------------------------
  step   55000/500000 ( 11.0%)  mean_rew=-0.016
------------------------------------------
| time/                   |              |
|    fps                  | 1203         |
|    iterations           | 14           |
|    time_elapsed         | 47           |
|    total_timesteps      | 57344        |
| train/                  |              |
|    approx_kl            | 0.0076944157 |
|    clip_fraction        | 0.0494       |
|    clip_range           | 0.2          |
|    entropy_loss         | -0.687       |
|    explained_variance   | 0.868        |
|    learning_rate        | 0.0003       |
|    loss                 | 0.198        |
|    n_updates            | 130          |
|    policy_gradient_loss | -0.0042      |
|    value_loss           | 0.579        |
------------------------------------------
  step   60000/500000 ( 12.0%)  mean_rew=+0.000
------------------------------------------
| time/                   |              |
|    fps                  | 1202         |
|    iterations           | 15           |
|    time_elapsed         | 51           |
|    total_timesteps      | 61440        |
| train/                  |              |
|    approx_kl            | 0.0040940037 |
|    clip_fraction        | 0.048        |
|    clip_range           | 0.2          |
|    entropy_loss         | -0.614       |
|    explained_variance   | 0.934        |
|    learning_rate        | 0.0003       |
|    loss                 | 0.0797       |
|    n_updates            | 140          |
|    policy_gradient_loss | -0.00321     |
|    value_loss           | 0.238        |
------------------------------------------
  step   65000/500000 ( 13.0%)  mean_rew=-0.014
-----------------------------------------
| time/                   |             |
|    fps                  | 1202        |
|    iterations           | 16          |
|    time_elapsed         | 54          |
|    total_timesteps      | 65536       |
| train/                  |             |
|    approx_kl            | 0.004877407 |
|    clip_fraction        | 0.0403      |
|    clip_range           | 0.2         |
|    entropy_loss         | -0.557      |
|    explained_variance   | 0.882       |
|    learning_rate        | 0.0003      |
|    loss                 | 0.0643      |
|    n_updates            | 150         |
|    policy_gradient_loss | -0.003      |
|    value_loss           | 0.319       |
-----------------------------------------
------------------------------------------
| time/                   |              |
|    fps                  | 1204         |
|    iterations           | 17           |
|    time_elapsed         | 57           |
|    total_timesteps      | 69632        |
| train/                  |              |
|    approx_kl            | 0.0026207687 |
|    clip_fraction        | 0.0387       |
|    clip_range           | 0.2          |
|    entropy_loss         | -0.506       |
|    explained_variance   | 0.883        |
|    learning_rate        | 0.0003       |
|    loss                 | 0.0697       |
|    n_updates            | 160          |
|    policy_gradient_loss | -0.0026      |
|    value_loss           | 0.242        |
------------------------------------------
  step   70000/500000 ( 14.0%)  mean_rew=-0.005
------------------------------------------
| time/                   |              |
|    fps                  | 1204         |
|    iterations           | 18           |
|    time_elapsed         | 61           |
|    total_timesteps      | 73728        |
| train/                  |              |
|    approx_kl            | 0.0027437522 |
|    clip_fraction        | 0.0323       |
|    clip_range           | 0.2          |
|    entropy_loss         | -0.479       |
|    explained_variance   | 0.829        |
|    learning_rate        | 0.0003       |
|    loss                 | 0.0599       |
|    n_updates            | 170          |
|    policy_gradient_loss | -0.00218     |
|    value_loss           | 0.315        |
------------------------------------------
  step   75000/500000 ( 15.0%)  mean_rew=-0.009
-----------------------------------------
| time/                   |             |
|    fps                  | 1204        |
|    iterations           | 19          |
|    time_elapsed         | 64          |
|    total_timesteps      | 77824       |
| train/                  |             |
|    approx_kl            | 0.004132442 |
|    clip_fraction        | 0.0423      |
|    clip_range           | 0.2         |
|    entropy_loss         | -0.432      |
|    explained_variance   | 0.896       |
|    learning_rate        | 0.0003      |
|    loss                 | 0.0883      |
|    n_updates            | 180         |
|    policy_gradient_loss | -0.00336    |
|    value_loss           | 0.193       |
-----------------------------------------
  step   80000/500000 ( 16.0%)  mean_rew=-0.020
------------------------------------------
| time/                   |              |
|    fps                  | 1205         |
|    iterations           | 20           |
|    time_elapsed         | 67           |
|    total_timesteps      | 81920        |
| train/                  |              |
|    approx_kl            | 0.0026189866 |
|    clip_fraction        | 0.0266       |
|    clip_range           | 0.2          |
|    entropy_loss         | -0.393       |
|    explained_variance   | 0.882        |
|    learning_rate        | 0.0003       |
|    loss                 | 0.0589       |
|    n_updates            | 190          |
|    policy_gradient_loss | -0.00166     |
|    value_loss           | 0.155        |
------------------------------------------
  step   85000/500000 ( 17.0%)  mean_rew=-0.005
------------------------------------------
| time/                   |              |
|    fps                  | 1205         |
|    iterations           | 21           |
|    time_elapsed         | 71           |
|    total_timesteps      | 86016        |
| train/                  |              |
|    approx_kl            | 0.0055900356 |
|    clip_fraction        | 0.0491       |
|    clip_range           | 0.2          |
|    entropy_loss         | -0.397       |
|    explained_variance   | 0.898        |
|    learning_rate        | 0.0003       |
|    loss                 | 0.0284       |
|    n_updates            | 200          |
|    policy_gradient_loss | -0.00148     |
|    value_loss           | 0.084        |
------------------------------------------
  step   90000/500000 ( 18.0%)  mean_rew=+0.000
-----------------------------------------
| time/                   |             |
|    fps                  | 1204        |
|    iterations           | 22          |
|    time_elapsed         | 74          |
|    total_timesteps      | 90112       |
| train/                  |             |
|    approx_kl            | 0.004529981 |
|    clip_fraction        | 0.035       |
|    clip_range           | 0.2         |
|    entropy_loss         | -0.381      |
|    explained_variance   | 0.955       |
|    learning_rate        | 0.0003      |
|    loss                 | 0.00342     |
|    n_updates            | 210         |
|    policy_gradient_loss | -0.00228    |
|    value_loss           | 0.0364      |
-----------------------------------------
------------------------------------------
| time/                   |              |
|    fps                  | 1203         |
|    iterations           | 23           |
|    time_elapsed         | 78           |
|    total_timesteps      | 94208        |
| train/                  |              |
|    approx_kl            | 0.0040289634 |
|    clip_fraction        | 0.026        |
|    clip_range           | 0.2          |
|    entropy_loss         | -0.352       |
|    explained_variance   | 0.899        |
|    learning_rate        | 0.0003       |
|    loss                 | 0.018        |
|    n_updates            | 220          |
|    policy_gradient_loss | -0.00185     |
|    value_loss           | 0.0697       |
------------------------------------------
  step   95000/500000 ( 19.0%)  mean_rew=-0.005
------------------------------------------
| time/                   |              |
|    fps                  | 1206         |
|    iterations           | 24           |
|    time_elapsed         | 81           |
|    total_timesteps      | 98304        |
| train/                  |              |
|    approx_kl            | 0.0029720524 |
|    clip_fraction        | 0.0215       |
|    clip_range           | 0.2          |
|    entropy_loss         | -0.308       |
|    explained_variance   | 0.905        |
|    learning_rate        | 0.0003       |
|    loss                 | 0.0157       |
|    n_updates            | 230          |
|    policy_gradient_loss | -0.00154     |
|    value_loss           | 0.0537       |
------------------------------------------
  step  100000/500000 ( 20.0%)  mean_rew=-0.009
------------------------------------------
| time/                   |              |
|    fps                  | 1205         |
|    iterations           | 25           |
|    time_elapsed         | 84           |
|    total_timesteps      | 102400       |
| train/                  |              |
|    approx_kl            | 0.0019965777 |
|    clip_fraction        | 0.0227       |
|    clip_range           | 0.2          |
|    entropy_loss         | -0.302       |
|    explained_variance   | 0.906        |
|    learning_rate        | 0.0003       |
|    loss                 | 0.0057       |
|    n_updates            | 240          |
|    policy_gradient_loss | -0.000955    |
|    value_loss           | 0.0364       |
------------------------------------------
  step  105000/500000 ( 21.0%)  mean_rew=-0.014
------------------------------------------
| time/                   |              |
|    fps                  | 1204         |
|    iterations           | 26           |
|    time_elapsed         | 88           |
|    total_timesteps      | 106496       |
| train/                  |              |
|    approx_kl            | 0.0032375902 |
|    clip_fraction        | 0.0503       |
|    clip_range           | 0.2          |
|    entropy_loss         | -0.272       |
|    explained_variance   | 0.942        |
|    learning_rate        | 0.0003       |
|    loss                 | 0.0166       |
|    n_updates            | 250          |
|    policy_gradient_loss | -0.00253     |
|    value_loss           | 0.025        |
------------------------------------------
  step  110000/500000 ( 22.0%)  mean_rew=-0.010
------------------------------------------
| time/                   |              |
|    fps                  | 1206         |
|    iterations           | 27           |
|    time_elapsed         | 91           |
|    total_timesteps      | 110592       |
| train/                  |              |
|    approx_kl            | 0.0025428191 |
|    clip_fraction        | 0.0138       |
|    clip_range           | 0.2          |
|    entropy_loss         | -0.261       |
|    explained_variance   | 0.81         |
|    learning_rate        | 0.0003       |
|    loss                 | 0.0132       |
|    n_updates            | 260          |
|    policy_gradient_loss | -0.00166     |
|    value_loss           | 0.0945       |
------------------------------------------
------------------------------------------
| time/                   |              |
|    fps                  | 1206         |
|    iterations           | 28           |
|    time_elapsed         | 95           |
|    total_timesteps      | 114688       |
| train/                  |              |
|    approx_kl            | 0.0022999428 |
|    clip_fraction        | 0.0271       |
|    clip_range           | 0.2          |
|    entropy_loss         | -0.247       |
|    explained_variance   | 0.912        |
|    learning_rate        | 0.0003       |
|    loss                 | 0.0114       |
|    n_updates            | 270          |
|    policy_gradient_loss | -0.000902    |
|    value_loss           | 0.0254       |
------------------------------------------
  step  115000/500000 ( 23.0%)  mean_rew=-0.006
----------------------------------------
| time/                   |            |
|    fps                  | 1206       |
|    iterations           | 29         |
|    time_elapsed         | 98         |
|    total_timesteps      | 118784     |
| train/                  |            |
|    approx_kl            | 0.00223934 |
|    clip_fraction        | 0.0185     |
|    clip_range           | 0.2        |
|    entropy_loss         | -0.217     |
|    explained_variance   | 0.93       |
|    learning_rate        | 0.0003     |
|    loss                 | 0.0168     |
|    n_updates            | 280        |
|    policy_gradient_loss | -0.0011    |
|    value_loss           | 0.023      |
----------------------------------------
  step  120000/500000 ( 24.0%)  mean_rew=-0.001
------------------------------------------
| time/                   |              |
|    fps                  | 1206         |
|    iterations           | 30           |
|    time_elapsed         | 101          |
|    total_timesteps      | 122880       |
| train/                  |              |
|    approx_kl            | 0.0012001146 |
|    clip_fraction        | 0.0114       |
|    clip_range           | 0.2          |
|    entropy_loss         | -0.196       |
|    explained_variance   | 0.895        |
|    learning_rate        | 0.0003       |
|    loss                 | 0.00858      |
|    n_updates            | 290          |
|    policy_gradient_loss | -0.000981    |
|    value_loss           | 0.0312       |
------------------------------------------
  step  125000/500000 ( 25.0%)  mean_rew=-0.005
------------------------------------------
| time/                   |              |
|    fps                  | 1207         |
|    iterations           | 31           |
|    time_elapsed         | 105          |
|    total_timesteps      | 126976       |
| train/                  |              |
|    approx_kl            | 0.0012744394 |
|    clip_fraction        | 0.0136       |
|    clip_range           | 0.2          |
|    entropy_loss         | -0.192       |
|    explained_variance   | 0.902        |
|    learning_rate        | 0.0003       |
|    loss                 | 0.021        |
|    n_updates            | 300          |
|    policy_gradient_loss | -0.000793    |
|    value_loss           | 0.0254       |
------------------------------------------
  step  130000/500000 ( 26.0%)  mean_rew=+0.000
------------------------------------------
| time/                   |              |
|    fps                  | 1207         |
|    iterations           | 32           |
|    time_elapsed         | 108          |
|    total_timesteps      | 131072       |
| train/                  |              |
|    approx_kl            | 0.0012083477 |
|    clip_fraction        | 0.0138       |
|    clip_range           | 0.2          |
|    entropy_loss         | -0.182       |
|    explained_variance   | 0.905        |
|    learning_rate        | 0.0003       |
|    loss                 | 0.00884      |
|    n_updates            | 310          |
|    policy_gradient_loss | -0.00105     |
|    value_loss           | 0.0189       |
------------------------------------------
  step  135000/500000 ( 27.0%)  mean_rew=-0.002
------------------------------------------
| time/                   |              |
|    fps                  | 1206         |
|    iterations           | 33           |
|    time_elapsed         | 111          |
|    total_timesteps      | 135168       |
| train/                  |              |
|    approx_kl            | 0.0011105911 |
|    clip_fraction        | 0.00828      |
|    clip_range           | 0.2          |
|    entropy_loss         | -0.182       |
|    explained_variance   | 0.857        |
|    learning_rate        | 0.0003       |
|    loss                 | 0.006        |
|    n_updates            | 320          |
|    policy_gradient_loss | -0.000361    |
|    value_loss           | 0.0367       |
------------------------------------------
------------------------------------------
| time/                   |              |
|    fps                  | 1207         |
|    iterations           | 34           |
|    time_elapsed         | 115          |
|    total_timesteps      | 139264       |
| train/                  |              |
|    approx_kl            | 0.0005645611 |
|    clip_fraction        | 0.00981      |
|    clip_range           | 0.2          |
|    entropy_loss         | -0.177       |
|    explained_variance   | 0.893        |
|    learning_rate        | 0.0003       |
|    loss                 | 0.00584      |
|    n_updates            | 330          |
|    policy_gradient_loss | -0.000215    |
|    value_loss           | 0.0237       |
------------------------------------------
  step  140000/500000 ( 28.0%)  mean_rew=-0.032
-------------------------------------------
| time/                   |               |
|    fps                  | 1208          |
|    iterations           | 35            |
|    time_elapsed         | 118           |
|    total_timesteps      | 143360        |
| train/                  |               |
|    approx_kl            | 0.00068544224 |
|    clip_fraction        | 0.0085        |
|    clip_range           | 0.2           |
|    entropy_loss         | -0.183        |
|    explained_variance   | 0.913         |
|    learning_rate        | 0.0003        |
|    loss                 | -0.00046      |
|    n_updates            | 340           |
|    policy_gradient_loss | -0.000355     |
|    value_loss           | 0.0147        |
-------------------------------------------
  step  145000/500000 ( 29.0%)  mean_rew=+0.000
------------------------------------------
| time/                   |              |
|    fps                  | 1207         |
|    iterations           | 36           |
|    time_elapsed         | 122          |
|    total_timesteps      | 147456       |
| train/                  |              |
|    approx_kl            | 0.0015962007 |
|    clip_fraction        | 0.00964      |
|    clip_range           | 0.2          |
|    entropy_loss         | -0.17        |
|    explained_variance   | 0.929        |
|    learning_rate        | 0.0003       |
|    loss                 | -0.00474     |
|    n_updates            | 350          |
|    policy_gradient_loss | -0.000513    |
|    value_loss           | 0.0137       |
------------------------------------------
  step  150000/500000 ( 30.0%)  mean_rew=+0.000
----------------------------------------
| time/                   |            |
|    fps                  | 1207       |
|    iterations           | 37         |
|    time_elapsed         | 125        |
|    total_timesteps      | 151552     |
| train/                  |            |
|    approx_kl            | 0.00113004 |
|    clip_fraction        | 0.0154     |
|    clip_range           | 0.2        |
|    entropy_loss         | -0.164     |
|    explained_variance   | 0.806      |
|    learning_rate        | 0.0003     |
|    loss                 | 0.00923    |
|    n_updates            | 360        |
|    policy_gradient_loss | -0.000705  |
|    value_loss           | 0.0436     |
----------------------------------------
  step  155000/500000 ( 31.0%)  mean_rew=+0.000
------------------------------------------
| time/                   |              |
|    fps                  | 1208         |
|    iterations           | 38           |
|    time_elapsed         | 128          |
|    total_timesteps      | 155648       |
| train/                  |              |
|    approx_kl            | 0.0011995372 |
|    clip_fraction        | 0.0125       |
|    clip_range           | 0.2          |
|    entropy_loss         | -0.156       |
|    explained_variance   | 0.789        |
|    learning_rate        | 0.0003       |
|    loss                 | 0.012        |
|    n_updates            | 370          |
|    policy_gradient_loss | -0.000386    |
|    value_loss           | 0.0497       |
------------------------------------------
------------------------------------------
| time/                   |              |
|    fps                  | 1208         |
|    iterations           | 39           |
|    time_elapsed         | 132          |
|    total_timesteps      | 159744       |
| train/                  |              |
|    approx_kl            | 0.0010348728 |
|    clip_fraction        | 0.00693      |
|    clip_range           | 0.2          |
|    entropy_loss         | -0.16        |
|    explained_variance   | 0.905        |
|    learning_rate        | 0.0003       |
|    loss                 | 0.00297      |
|    n_updates            | 380          |
|    policy_gradient_loss | -0.000346    |
|    value_loss           | 0.015        |
------------------------------------------
  step  160000/500000 ( 32.0%)  mean_rew=+0.000
------------------------------------------
| time/                   |              |
|    fps                  | 1208         |
|    iterations           | 40           |
|    time_elapsed         | 135          |
|    total_timesteps      | 163840       |
| train/                  |              |
|    approx_kl            | 0.0010880681 |
|    clip_fraction        | 0.00623      |
|    clip_range           | 0.2          |
|    entropy_loss         | -0.159       |
|    explained_variance   | 0.785        |
|    learning_rate        | 0.0003       |
|    loss                 | 0.0481       |
|    n_updates            | 390          |
|    policy_gradient_loss | -0.000665    |
|    value_loss           | 0.0493       |
------------------------------------------
  step  165000/500000 ( 33.0%)  mean_rew=-0.005
------------------------------------------
| time/                   |              |
|    fps                  | 1209         |
|    iterations           | 41           |
|    time_elapsed         | 138          |
|    total_timesteps      | 167936       |
| train/                  |              |
|    approx_kl            | 0.0008262101 |
|    clip_fraction        | 0.0052       |
|    clip_range           | 0.2          |
|    entropy_loss         | -0.146       |
|    explained_variance   | 0.874        |
|    learning_rate        | 0.0003       |
|    loss                 | 0.017        |
|    n_updates            | 400          |
|    policy_gradient_loss | -0.000392    |
|    value_loss           | 0.0236       |
------------------------------------------
  step  170000/500000 ( 34.0%)  mean_rew=-0.002
------------------------------------------
| time/                   |              |
|    fps                  | 1209         |
|    iterations           | 42           |
|    time_elapsed         | 142          |
|    total_timesteps      | 172032       |
| train/                  |              |
|    approx_kl            | 0.0024350067 |
|    clip_fraction        | 0.0145       |
|    clip_range           | 0.2          |
|    entropy_loss         | -0.153       |
|    explained_variance   | 0.901        |
|    learning_rate        | 0.0003       |
|    loss                 | 0.00832      |
|    n_updates            | 410          |
|    policy_gradient_loss | -0.000592    |
|    value_loss           | 0.0139       |
------------------------------------------
  step  175000/500000 ( 35.0%)  mean_rew=-0.005
------------------------------------------
| time/                   |              |
|    fps                  | 1208         |
|    iterations           | 43           |
|    time_elapsed         | 145          |
|    total_timesteps      | 176128       |
| train/                  |              |
|    approx_kl            | 0.0014559678 |
|    clip_fraction        | 0.0134       |
|    clip_range           | 0.2          |
|    entropy_loss         | -0.137       |
|    explained_variance   | 0.916        |
|    learning_rate        | 0.0003       |
|    loss                 | -0.000525    |
|    n_updates            | 420          |
|    policy_gradient_loss | -0.00119     |
|    value_loss           | 0.0135       |
------------------------------------------
  step  180000/500000 ( 36.0%)  mean_rew=-0.004
------------------------------------------
| time/                   |              |
|    fps                  | 1208         |
|    iterations           | 44           |
|    time_elapsed         | 149          |
|    total_timesteps      | 180224       |
| train/                  |              |
|    approx_kl            | 0.0009724959 |
|    clip_fraction        | 0.00833      |
|    clip_range           | 0.2          |
|    entropy_loss         | -0.131       |
|    explained_variance   | 0.86         |
|    learning_rate        | 0.0003       |
|    loss                 | 0.0146       |
|    n_updates            | 430          |
|    policy_gradient_loss | -0.000543    |
|    value_loss           | 0.0237       |
------------------------------------------
------------------------------------------
| time/                   |              |
|    fps                  | 1209         |
|    iterations           | 45           |
|    time_elapsed         | 152          |
|    total_timesteps      | 184320       |
| train/                  |              |
|    approx_kl            | 0.0010280095 |
|    clip_fraction        | 0.0118       |
|    clip_range           | 0.2          |
|    entropy_loss         | -0.124       |
|    explained_variance   | 0.871        |
|    learning_rate        | 0.0003       |
|    loss                 | 0.0134       |
|    n_updates            | 440          |
|    policy_gradient_loss | -0.000296    |
|    value_loss           | 0.0212       |
------------------------------------------
  step  185000/500000 ( 37.0%)  mean_rew=-0.005
------------------------------------------
| time/                   |              |
|    fps                  | 1208         |
|    iterations           | 46           |
|    time_elapsed         | 155          |
|    total_timesteps      | 188416       |
| train/                  |              |
|    approx_kl            | 0.0016182899 |
|    clip_fraction        | 0.014        |
|    clip_range           | 0.2          |
|    entropy_loss         | -0.111       |
|    explained_variance   | 0.889        |
|    learning_rate        | 0.0003       |
|    loss                 | 0.00355      |
|    n_updates            | 450          |
|    policy_gradient_loss | -0.0012      |
|    value_loss           | 0.0159       |
------------------------------------------
  step  190000/500000 ( 38.0%)  mean_rew=+0.000
------------------------------------------
| time/                   |              |
|    fps                  | 1208         |
|    iterations           | 47           |
|    time_elapsed         | 159          |
|    total_timesteps      | 192512       |
| train/                  |              |
|    approx_kl            | 0.0010619325 |
|    clip_fraction        | 0.0106       |
|    clip_range           | 0.2          |
|    entropy_loss         | -0.11        |
|    explained_variance   | 0.763        |
|    learning_rate        | 0.0003       |
|    loss                 | 0.0452       |
|    n_updates            | 460          |
|    policy_gradient_loss | -0.000492    |
|    value_loss           | 0.0502       |
------------------------------------------
  step  195000/500000 ( 39.0%)  mean_rew=-0.005
------------------------------------------
| time/                   |              |
|    fps                  | 1209         |
|    iterations           | 48           |
|    time_elapsed         | 162          |
|    total_timesteps      | 196608       |
| train/                  |              |
|    approx_kl            | 0.0013212704 |
|    clip_fraction        | 0.0128       |
|    clip_range           | 0.2          |
|    entropy_loss         | -0.109       |
|    explained_variance   | 0.88         |
|    learning_rate        | 0.0003       |
|    loss                 | 0.00726      |
|    n_updates            | 470          |
|    policy_gradient_loss | -0.000541    |
|    value_loss           | 0.0204       |
------------------------------------------
  step  200000/500000 ( 40.0%)  mean_rew=+0.000
-----------------------------------------
| time/                   |             |
|    fps                  | 1209        |
|    iterations           | 49          |
|    time_elapsed         | 165         |
|    total_timesteps      | 200704      |
| train/                  |             |
|    approx_kl            | 0.007528969 |
|    clip_fraction        | 0.022       |
|    clip_range           | 0.2         |
|    entropy_loss         | -0.147      |
|    explained_variance   | 0.905       |
|    learning_rate        | 0.0003      |
|    loss                 | 0.013       |
|    n_updates            | 480         |
|    policy_gradient_loss | -0.00158    |
|    value_loss           | 0.0127      |
-----------------------------------------
------------------------------------------
| time/                   |              |
|    fps                  | 1208         |
|    iterations           | 50           |
|    time_elapsed         | 169          |
|    total_timesteps      | 204800       |
| train/                  |              |
|    approx_kl            | 0.0017259158 |
|    clip_fraction        | 0.0237       |
|    clip_range           | 0.2          |
|    entropy_loss         | -0.141       |
|    explained_variance   | 0.914        |
|    learning_rate        | 0.0003       |
|    loss                 | -0.00108     |
|    n_updates            | 490          |
|    policy_gradient_loss | -0.00126     |
|    value_loss           | 0.0136       |
------------------------------------------
  step  205000/500000 ( 41.0%)  mean_rew=-0.004
------------------------------------------
| time/                   |              |
|    fps                  | 1209         |
|    iterations           | 51           |
|    time_elapsed         | 172          |
|    total_timesteps      | 208896       |
| train/                  |              |
|    approx_kl            | 0.0009438726 |
|    clip_fraction        | 0.0109       |
|    clip_range           | 0.2          |
|    entropy_loss         | -0.143       |
|    explained_variance   | 0.877        |
|    learning_rate        | 0.0003       |
|    loss                 | 0.00758      |
|    n_updates            | 500          |
|    policy_gradient_loss | -0.000798    |
|    value_loss           | 0.0194       |
------------------------------------------
  step  210000/500000 ( 42.0%)  mean_rew=-0.001
------------------------------------------
| time/                   |              |
|    fps                  | 1209         |
|    iterations           | 52           |
|    time_elapsed         | 176          |
|    total_timesteps      | 212992       |
| train/                  |              |
|    approx_kl            | 0.0008928263 |
|    clip_fraction        | 0.0104       |
|    clip_range           | 0.2          |
|    entropy_loss         | -0.145       |
|    explained_variance   | 0.873        |
|    learning_rate        | 0.0003       |
|    loss                 | 0.0136       |
|    n_updates            | 510          |
|    policy_gradient_loss | -0.000569    |
|    value_loss           | 0.0201       |
------------------------------------------
  step  215000/500000 ( 43.0%)  mean_rew=-0.007
----------------------------------------
| time/                   |            |
|    fps                  | 1209       |
|    iterations           | 53         |
|    time_elapsed         | 179        |
|    total_timesteps      | 217088     |
| train/                  |            |
|    approx_kl            | 0.00066822 |
|    clip_fraction        | 0.00876    |
|    clip_range           | 0.2        |
|    entropy_loss         | -0.144     |
|    explained_variance   | 0.943      |
|    learning_rate        | 0.0003     |
|    loss                 | 0.00395    |
|    n_updates            | 520        |
|    policy_gradient_loss | -0.000209  |
|    value_loss           | 0.00785    |
----------------------------------------
  step  220000/500000 ( 44.0%)  mean_rew=-0.007
-------------------------------------------
| time/                   |               |
|    fps                  | 1208          |
|    iterations           | 54            |
|    time_elapsed         | 182           |
|    total_timesteps      | 221184        |
| train/                  |               |
|    approx_kl            | 0.00092555414 |
|    clip_fraction        | 0.0103        |
|    clip_range           | 0.2           |
|    entropy_loss         | -0.13         |
|    explained_variance   | 0.887         |
|    learning_rate        | 0.0003        |
|    loss                 | 0.0125        |
|    n_updates            | 530           |
|    policy_gradient_loss | -0.000398     |
|    value_loss           | 0.0178        |
-------------------------------------------
  step  225000/500000 ( 45.0%)  mean_rew=-0.005
-----------------------------------------
| time/                   |             |
|    fps                  | 1209        |
|    iterations           | 55          |
|    time_elapsed         | 186         |
|    total_timesteps      | 225280      |
| train/                  |             |
|    approx_kl            | 0.000634174 |
|    clip_fraction        | 0.00991     |
|    clip_range           | 0.2         |
|    entropy_loss         | -0.123      |
|    explained_variance   | 0.861       |
|    learning_rate        | 0.0003      |
|    loss                 | 0.0149      |
|    n_updates            | 540         |
|    policy_gradient_loss | -0.000491   |
|    value_loss           | 0.0236      |
-----------------------------------------
------------------------------------------
| time/                   |              |
|    fps                  | 1209         |
|    iterations           | 56           |
|    time_elapsed         | 189          |
|    total_timesteps      | 229376       |
| train/                  |              |
|    approx_kl            | 0.0009444643 |
|    clip_fraction        | 0.00994      |
|    clip_range           | 0.2          |
|    entropy_loss         | -0.115       |
|    explained_variance   | 0.905        |
|    learning_rate        | 0.0003       |
|    loss                 | 0.0106       |
|    n_updates            | 550          |
|    policy_gradient_loss | -0.000476    |
|    value_loss           | 0.0133       |
------------------------------------------
  step  230000/500000 ( 46.0%)  mean_rew=-0.005
-------------------------------------------
| time/                   |               |
|    fps                  | 1208          |
|    iterations           | 57            |
|    time_elapsed         | 193           |
|    total_timesteps      | 233472        |
| train/                  |               |
|    approx_kl            | 0.00094917516 |
|    clip_fraction        | 0.0103        |
|    clip_range           | 0.2           |
|    entropy_loss         | -0.105        |
|    explained_variance   | 0.93          |
|    learning_rate        | 0.0003        |
|    loss                 | 0.00067       |
|    n_updates            | 560           |
|    policy_gradient_loss | -0.000416     |
|    value_loss           | 0.0102        |
-------------------------------------------
  step  235000/500000 ( 47.0%)  mean_rew=-0.004
------------------------------------------
| time/                   |              |
|    fps                  | 1209         |
|    iterations           | 58           |
|    time_elapsed         | 196          |
|    total_timesteps      | 237568       |
| train/                  |              |
|    approx_kl            | 0.0007982115 |
|    clip_fraction        | 0.0119       |
|    clip_range           | 0.2          |
|    entropy_loss         | -0.0965      |
|    explained_variance   | 0.717        |
|    learning_rate        | 0.0003       |
|    loss                 | 0.0705       |
|    n_updates            | 570          |
|    policy_gradient_loss | -0.000588    |
|    value_loss           | 0.0603       |
------------------------------------------
  step  240000/500000 ( 48.0%)  mean_rew=-0.009
------------------------------------------
| time/                   |              |
|    fps                  | 1209         |
|    iterations           | 59           |
|    time_elapsed         | 199          |
|    total_timesteps      | 241664       |
| train/                  |              |
|    approx_kl            | 0.0007007722 |
|    clip_fraction        | 0.0129       |
|    clip_range           | 0.2          |
|    entropy_loss         | -0.103       |
|    explained_variance   | 0.901        |
|    learning_rate        | 0.0003       |
|    loss                 | 0.00624      |
|    n_updates            | 580          |
|    policy_gradient_loss | -0.0009      |
|    value_loss           | 0.0155       |
------------------------------------------
  step  245000/500000 ( 49.0%)  mean_rew=-0.004
-------------------------------------------
| time/                   |               |
|    fps                  | 1209          |
|    iterations           | 60            |
|    time_elapsed         | 203           |
|    total_timesteps      | 245760        |
| train/                  |               |
|    approx_kl            | 0.00025252393 |
|    clip_fraction        | 0.00276       |
|    clip_range           | 0.2           |
|    entropy_loss         | -0.105        |
|    explained_variance   | 0.918         |
|    learning_rate        | 0.0003        |
|    loss                 | 0.00917       |
|    n_updates            | 590           |
|    policy_gradient_loss | 3.01e-06      |
|    value_loss           | 0.0139        |
-------------------------------------------
-------------------------------------------
| time/                   |               |
|    fps                  | 1208          |
|    iterations           | 61            |
|    time_elapsed         | 206           |
|    total_timesteps      | 249856        |
| train/                  |               |
|    approx_kl            | 0.00053818023 |
|    clip_fraction        | 0.00479       |
|    clip_range           | 0.2           |
|    entropy_loss         | -0.106        |
|    explained_variance   | 0.89          |
|    learning_rate        | 0.0003        |
|    loss                 | 0.012         |
|    n_updates            | 600           |
|    policy_gradient_loss | 2.81e-05      |
|    value_loss           | 0.0182        |
-------------------------------------------
  step  250000/500000 ( 50.0%)  mean_rew=-0.004
------------------------------------------
| time/                   |              |
|    fps                  | 1209         |
|    iterations           | 62           |
|    time_elapsed         | 210          |
|    total_timesteps      | 253952       |
| train/                  |              |
|    approx_kl            | 0.0004548424 |
|    clip_fraction        | 0.00667      |
|    clip_range           | 0.2          |
|    entropy_loss         | -0.103       |
|    explained_variance   | 0.741        |
|    learning_rate        | 0.0003       |
|    loss                 | 0.0114       |
|    n_updates            | 610          |
|    policy_gradient_loss | -0.000215    |
|    value_loss           | 0.0587       |
------------------------------------------
  step  255000/500000 ( 51.0%)  mean_rew=-0.021
-------------------------------------------
| time/                   |               |
|    fps                  | 1208          |
|    iterations           | 63            |
|    time_elapsed         | 213           |
|    total_timesteps      | 258048        |
| train/                  |               |
|    approx_kl            | 0.00056644133 |
|    clip_fraction        | 0.00725       |
|    clip_range           | 0.2           |
|    entropy_loss         | -0.1          |
|    explained_variance   | 0.9           |
|    learning_rate        | 0.0003        |
|    loss                 | 0.00146       |
|    n_updates            | 620           |
|    policy_gradient_loss | -0.000226     |
|    value_loss           | 0.0137        |
-------------------------------------------
  step  260000/500000 ( 52.0%)  mean_rew=-0.006
------------------------------------------
| time/                   |              |
|    fps                  | 1208         |
|    iterations           | 64           |
|    time_elapsed         | 216          |
|    total_timesteps      | 262144       |
| train/                  |              |
|    approx_kl            | 0.0012343299 |
|    clip_fraction        | 0.00999      |
|    clip_range           | 0.2          |
|    entropy_loss         | -0.0958      |
|    explained_variance   | 0.93         |
|    learning_rate        | 0.0003       |
|    loss                 | -0.00262     |
|    n_updates            | 630          |
|    policy_gradient_loss | -0.000574    |
|    value_loss           | 0.0112       |
------------------------------------------
  step  265000/500000 ( 53.0%)  mean_rew=-0.001
------------------------------------------
| time/                   |              |
|    fps                  | 1208         |
|    iterations           | 65           |
|    time_elapsed         | 220          |
|    total_timesteps      | 266240       |
| train/                  |              |
|    approx_kl            | 0.0009881391 |
|    clip_fraction        | 0.0116       |
|    clip_range           | 0.2          |
|    entropy_loss         | -0.0961      |
|    explained_variance   | 0.751        |
|    learning_rate        | 0.0003       |
|    loss                 | 0.00935      |
|    n_updates            | 640          |
|    policy_gradient_loss | -0.000451    |
|    value_loss           | 0.0555       |
------------------------------------------
  step  270000/500000 ( 54.0%)  mean_rew=-0.004
------------------------------------------
| time/                   |              |
|    fps                  | 1208         |
|    iterations           | 66           |
|    time_elapsed         | 223          |
|    total_timesteps      | 270336       |
| train/                  |              |
|    approx_kl            | 0.0006272729 |
|    clip_fraction        | 0.00789      |
|    clip_range           | 0.2          |
|    entropy_loss         | -0.0932      |
|    explained_variance   | 0.911        |
|    learning_rate        | 0.0003       |
|    loss                 | 0.00957      |
|    n_updates            | 650          |
|    policy_gradient_loss | -0.000116    |
|    value_loss           | 0.0134       |
------------------------------------------
-------------------------------------------
| time/                   |               |
|    fps                  | 1208          |
|    iterations           | 67            |
|    time_elapsed         | 227           |
|    total_timesteps      | 274432        |
| train/                  |               |
|    approx_kl            | 0.00079293584 |
|    clip_fraction        | 0.00896       |
|    clip_range           | 0.2           |
|    entropy_loss         | -0.0839       |
|    explained_variance   | 0.908         |
|    learning_rate        | 0.0003        |
|    loss                 | 0.00433       |
|    n_updates            | 660           |
|    policy_gradient_loss | -0.000304     |
|    value_loss           | 0.0154        |
-------------------------------------------
  step  275000/500000 ( 55.0%)  mean_rew=-0.005
-------------------------------------------
| time/                   |               |
|    fps                  | 1208          |
|    iterations           | 68            |
|    time_elapsed         | 230           |
|    total_timesteps      | 278528        |
| train/                  |               |
|    approx_kl            | 0.00091443217 |
|    clip_fraction        | 0.00432       |
|    clip_range           | 0.2           |
|    entropy_loss         | -0.0843       |
|    explained_variance   | 0.881         |
|    learning_rate        | 0.0003        |
|    loss                 | 0.0121        |
|    n_updates            | 670           |
|    policy_gradient_loss | -0.000348     |
|    value_loss           | 0.0198        |
-------------------------------------------
  step  280000/500000 ( 56.0%)  mean_rew=-0.005
------------------------------------------
| time/                   |              |
|    fps                  | 1208         |
|    iterations           | 69           |
|    time_elapsed         | 233          |
|    total_timesteps      | 282624       |
| train/                  |              |
|    approx_kl            | 0.0007338709 |
|    clip_fraction        | 0.00859      |
|    clip_range           | 0.2          |
|    entropy_loss         | -0.0858      |
|    explained_variance   | 0.883        |
|    learning_rate        | 0.0003       |
|    loss                 | 0.00869      |
|    n_updates            | 680          |
|    policy_gradient_loss | -0.000298    |
|    value_loss           | 0.0193       |
------------------------------------------
  step  285000/500000 ( 57.0%)  mean_rew=-0.002
-------------------------------------------
| time/                   |               |
|    fps                  | 1208          |
|    iterations           | 70            |
|    time_elapsed         | 237           |
|    total_timesteps      | 286720        |
| train/                  |               |
|    approx_kl            | 0.00067591737 |
|    clip_fraction        | 0.00586       |
|    clip_range           | 0.2           |
|    entropy_loss         | -0.0878       |
|    explained_variance   | 0.908         |
|    learning_rate        | 0.0003        |
|    loss                 | 0.00284       |
|    n_updates            | 690           |
|    policy_gradient_loss | -0.000422     |
|    value_loss           | 0.0125        |
-------------------------------------------
  step  290000/500000 ( 58.0%)  mean_rew=-0.010
------------------------------------------
| time/                   |              |
|    fps                  | 1208         |
|    iterations           | 71           |
|    time_elapsed         | 240          |
|    total_timesteps      | 290816       |
| train/                  |              |
|    approx_kl            | 0.0007200677 |
|    clip_fraction        | 0.00659      |
|    clip_range           | 0.2          |
|    entropy_loss         | -0.092       |
|    explained_variance   | 0.914        |
|    learning_rate        | 0.0003       |
|    loss                 | 0.0102       |
|    n_updates            | 700          |
|    policy_gradient_loss | -0.000185    |
|    value_loss           | 0.0133       |
------------------------------------------
-----------------------------------------
| time/                   |             |
|    fps                  | 1208        |
|    iterations           | 72          |
|    time_elapsed         | 243         |
|    total_timesteps      | 294912      |
| train/                  |             |
|    approx_kl            | 0.008146845 |
|    clip_fraction        | 0.0169      |
|    clip_range           | 0.2         |
|    entropy_loss         | -0.117      |
|    explained_variance   | 0.844       |
|    learning_rate        | 0.0003      |
|    loss                 | 0.0108      |
|    n_updates            | 710         |
|    policy_gradient_loss | -0.000965   |
|    value_loss           | 0.0273      |
-----------------------------------------
  step  295000/500000 ( 59.0%)  mean_rew=-0.016
-------------------------------------------
| time/                   |               |
|    fps                  | 1208          |
|    iterations           | 73            |
|    time_elapsed         | 247           |
|    total_timesteps      | 299008        |
| train/                  |               |
|    approx_kl            | 0.00053289323 |
|    clip_fraction        | 0.00669       |
|    clip_range           | 0.2           |
|    entropy_loss         | -0.126        |
|    explained_variance   | 0.897         |
|    learning_rate        | 0.0003        |
|    loss                 | 0.0089        |
|    n_updates            | 720           |
|    policy_gradient_loss | 0.00041       |
|    value_loss           | 0.0148        |
-------------------------------------------
  step  300000/500000 ( 60.0%)  mean_rew=-0.002
-------------------------------------------
| time/                   |               |
|    fps                  | 1208          |
|    iterations           | 74            |
|    time_elapsed         | 250           |
|    total_timesteps      | 303104        |
| train/                  |               |
|    approx_kl            | 0.00053515437 |
|    clip_fraction        | 0.0111        |
|    clip_range           | 0.2           |
|    entropy_loss         | -0.115        |
|    explained_variance   | 0.893         |
|    learning_rate        | 0.0003        |
|    loss                 | 0.00572       |
|    n_updates            | 730           |
|    policy_gradient_loss | -0.000443     |
|    value_loss           | 0.0181        |
-------------------------------------------
  step  305000/500000 ( 61.0%)  mean_rew=+0.000
------------------------------------------
| time/                   |              |
|    fps                  | 1208         |
|    iterations           | 75           |
|    time_elapsed         | 254          |
|    total_timesteps      | 307200       |
| train/                  |              |
|    approx_kl            | 0.0010136503 |
|    clip_fraction        | 0.00735      |
|    clip_range           | 0.2          |
|    entropy_loss         | -0.118       |
|    explained_variance   | 0.88         |
|    learning_rate        | 0.0003       |
|    loss                 | 0.0132       |
|    n_updates            | 740          |
|    policy_gradient_loss | 0.000107     |
|    value_loss           | 0.0195       |
------------------------------------------
  step  310000/500000 ( 62.0%)  mean_rew=-0.001
------------------------------------------
| time/                   |              |
|    fps                  | 1208         |
|    iterations           | 76           |
|    time_elapsed         | 257          |
|    total_timesteps      | 311296       |
| train/                  |              |
|    approx_kl            | 0.0016143713 |
|    clip_fraction        | 0.0173       |
|    clip_range           | 0.2          |
|    entropy_loss         | -0.104       |
|    explained_variance   | 0.774        |
|    learning_rate        | 0.0003       |
|    loss                 | 0.00472      |
|    n_updates            | 750          |
|    policy_gradient_loss | -0.000599    |
|    value_loss           | 0.0467       |
------------------------------------------
  step  315000/500000 ( 63.0%)  mean_rew=-0.005
------------------------------------------
| time/                   |              |
|    fps                  | 1208         |
|    iterations           | 77           |
|    time_elapsed         | 261          |
|    total_timesteps      | 315392       |
| train/                  |              |
|    approx_kl            | 0.0018493049 |
|    clip_fraction        | 0.0234       |
|    clip_range           | 0.2          |
|    entropy_loss         | -0.101       |
|    explained_variance   | 0.871        |
|    learning_rate        | 0.0003       |
|    loss                 | 0.00819      |
|    n_updates            | 760          |
|    policy_gradient_loss | -0.00187     |
|    value_loss           | 0.0216       |
------------------------------------------
------------------------------------------
| time/                   |              |
|    fps                  | 1208         |
|    iterations           | 78           |
|    time_elapsed         | 264          |
|    total_timesteps      | 319488       |
| train/                  |              |
|    approx_kl            | 0.0011417723 |
|    clip_fraction        | 0.01         |
|    clip_range           | 0.2          |
|    entropy_loss         | -0.11        |
|    explained_variance   | 0.921        |
|    learning_rate        | 0.0003       |
|    loss                 | 0.00227      |
|    n_updates            | 770          |
|    policy_gradient_loss | -0.000303    |
|    value_loss           | 0.0135       |
------------------------------------------
  step  320000/500000 ( 64.0%)  mean_rew=-0.013
------------------------------------------
| time/                   |              |
|    fps                  | 1208         |
|    iterations           | 79           |
|    time_elapsed         | 267          |
|    total_timesteps      | 323584       |
| train/                  |              |
|    approx_kl            | 0.0015676364 |
|    clip_fraction        | 0.00815      |
|    clip_range           | 0.2          |
|    entropy_loss         | -0.0983      |
|    explained_variance   | 0.876        |
|    learning_rate        | 0.0003       |
|    loss                 | 0.0121       |
|    n_updates            | 780          |
|    policy_gradient_loss | -0.000632    |
|    value_loss           | 0.0213       |
------------------------------------------
  step  325000/500000 ( 65.0%)  mean_rew=-0.005
-----------------------------------------
| time/                   |             |
|    fps                  | 1208        |
|    iterations           | 80          |
|    time_elapsed         | 271         |
|    total_timesteps      | 327680      |
| train/                  |             |
|    approx_kl            | 0.013152669 |
|    clip_fraction        | 0.0184      |
|    clip_range           | 0.2         |
|    entropy_loss         | -0.138      |
|    explained_variance   | 0.907       |
|    learning_rate        | 0.0003      |
|    loss                 | -0.00301    |
|    n_updates            | 790         |
|    policy_gradient_loss | -0.000988   |
|    value_loss           | 0.0134      |
-----------------------------------------
  step  330000/500000 ( 66.0%)  mean_rew=-0.018
-----------------------------------------
| time/                   |             |
|    fps                  | 1207        |
|    iterations           | 81          |
|    time_elapsed         | 274         |
|    total_timesteps      | 331776      |
| train/                  |             |
|    approx_kl            | 0.004477552 |
|    clip_fraction        | 0.0227      |
|    clip_range           | 0.2         |
|    entropy_loss         | -0.135      |
|    explained_variance   | 0.782       |
|    learning_rate        | 0.0003      |
|    loss                 | 0.0382      |
|    n_updates            | 800         |
|    policy_gradient_loss | -0.000506   |
|    value_loss           | 0.0446      |
-----------------------------------------
  step  335000/500000 ( 67.0%)  mean_rew=-0.006
------------------------------------------
| time/                   |              |
|    fps                  | 1207         |
|    iterations           | 82           |
|    time_elapsed         | 278          |
|    total_timesteps      | 335872       |
| train/                  |              |
|    approx_kl            | 0.0017924755 |
|    clip_fraction        | 0.0216       |
|    clip_range           | 0.2          |
|    entropy_loss         | -0.124       |
|    explained_variance   | 0.89         |
|    learning_rate        | 0.0003       |
|    loss                 | 0.00738      |
|    n_updates            | 810          |
|    policy_gradient_loss | -0.00135     |
|    value_loss           | 0.0198       |
------------------------------------------
-------------------------------------------
| time/                   |               |
|    fps                  | 1208          |
|    iterations           | 83            |
|    time_elapsed         | 281           |
|    total_timesteps      | 339968        |
| train/                  |               |
|    approx_kl            | 0.00046449725 |
|    clip_fraction        | 0.00554       |
|    clip_range           | 0.2           |
|    entropy_loss         | -0.113        |
|    explained_variance   | 0.885         |
|    learning_rate        | 0.0003        |
|    loss                 | 0.0147        |
|    n_updates            | 820           |
|    policy_gradient_loss | -0.000366     |
|    value_loss           | 0.0198        |
-------------------------------------------
  step  340000/500000 ( 68.0%)  mean_rew=+0.000
-------------------------------------------
| time/                   |               |
|    fps                  | 1208          |
|    iterations           | 84            |
|    time_elapsed         | 284           |
|    total_timesteps      | 344064        |
| train/                  |               |
|    approx_kl            | 0.00041027484 |
|    clip_fraction        | 0.0051        |
|    clip_range           | 0.2           |
|    entropy_loss         | -0.107        |
|    explained_variance   | 0.906         |
|    learning_rate        | 0.0003        |
|    loss                 | 0.00538       |
|    n_updates            | 830           |
|    policy_gradient_loss | -0.000213     |
|    value_loss           | 0.0127        |
-------------------------------------------
  step  345000/500000 ( 69.0%)  mean_rew=+0.000
------------------------------------------
| time/                   |              |
|    fps                  | 1208         |
|    iterations           | 85           |
|    time_elapsed         | 288          |
|    total_timesteps      | 348160       |
| train/                  |              |
|    approx_kl            | 0.0016886699 |
|    clip_fraction        | 0.00842      |
|    clip_range           | 0.2          |
|    entropy_loss         | -0.0932      |
|    explained_variance   | 0.785        |
|    learning_rate        | 0.0003       |
|    loss                 | 0.00823      |
|    n_updates            | 840          |
|    policy_gradient_loss | -0.00053     |
|    value_loss           | 0.042        |
------------------------------------------
  step  350000/500000 ( 70.0%)  mean_rew=+0.000
------------------------------------------
| time/                   |              |
|    fps                  | 1209         |
|    iterations           | 86           |
|    time_elapsed         | 291          |
|    total_timesteps      | 352256       |
| train/                  |              |
|    approx_kl            | 0.0007318686 |
|    clip_fraction        | 0.00974      |
|    clip_range           | 0.2          |
|    entropy_loss         | -0.0931      |
|    explained_variance   | 0.832        |
|    learning_rate        | 0.0003       |
|    loss                 | 0.0102       |
|    n_updates            | 850          |
|    policy_gradient_loss | -0.000391    |
|    value_loss           | 0.0301       |
------------------------------------------
  step  355000/500000 ( 71.0%)  mean_rew=-0.004
-----------------------------------------
| time/                   |             |
|    fps                  | 1209        |
|    iterations           | 87          |
|    time_elapsed         | 294         |
|    total_timesteps      | 356352      |
| train/                  |             |
|    approx_kl            | 0.009258658 |
|    clip_fraction        | 0.0157      |
|    clip_range           | 0.2         |
|    entropy_loss         | -0.125      |
|    explained_variance   | 0.912       |
|    learning_rate        | 0.0003      |
|    loss                 | 0.00598     |
|    n_updates            | 860         |
|    policy_gradient_loss | -0.000546   |
|    value_loss           | 0.012       |
-----------------------------------------
  step  360000/500000 ( 72.0%)  mean_rew=+0.000
------------------------------------------
| time/                   |              |
|    fps                  | 1210         |
|    iterations           | 88           |
|    time_elapsed         | 297          |
|    total_timesteps      | 360448       |
| train/                  |              |
|    approx_kl            | 0.0015230232 |
|    clip_fraction        | 0.0168       |
|    clip_range           | 0.2          |
|    entropy_loss         | -0.122       |
|    explained_variance   | 0.887        |
|    learning_rate        | 0.0003       |
|    loss                 | 0.00797      |
|    n_updates            | 870          |
|    policy_gradient_loss | -0.000594    |
|    value_loss           | 0.0185       |
------------------------------------------
------------------------------------------
| time/                   |              |
|    fps                  | 1212         |
|    iterations           | 89           |
|    time_elapsed         | 300          |
|    total_timesteps      | 364544       |
| train/                  |              |
|    approx_kl            | 0.0012384243 |
|    clip_fraction        | 0.011        |
|    clip_range           | 0.2          |
|    entropy_loss         | -0.114       |
|    explained_variance   | 0.899        |
|    learning_rate        | 0.0003       |
|    loss                 | 0.00747      |
|    n_updates            | 880          |
|    policy_gradient_loss | -0.000297    |
|    value_loss           | 0.0153       |
------------------------------------------
  step  365000/500000 ( 73.0%)  mean_rew=+0.000
-------------------------------------------
| time/                   |               |
|    fps                  | 1214          |
|    iterations           | 90            |
|    time_elapsed         | 303           |
|    total_timesteps      | 368640        |
| train/                  |               |
|    approx_kl            | 0.00077218836 |
|    clip_fraction        | 0.00981       |
|    clip_range           | 0.2           |
|    entropy_loss         | -0.114        |
|    explained_variance   | 0.864         |
|    learning_rate        | 0.0003        |
|    loss                 | 0.0149        |
|    n_updates            | 890           |
|    policy_gradient_loss | -0.00024      |
|    value_loss           | 0.0222        |
-------------------------------------------
  step  370000/500000 ( 74.0%)  mean_rew=-0.009
-------------------------------------------
| time/                   |               |
|    fps                  | 1215          |
|    iterations           | 91            |
|    time_elapsed         | 306           |
|    total_timesteps      | 372736        |
| train/                  |               |
|    approx_kl            | 0.00048391224 |
|    clip_fraction        | 0.00378       |
|    clip_range           | 0.2           |
|    entropy_loss         | -0.107        |
|    explained_variance   | 0.898         |
|    learning_rate        | 0.0003        |
|    loss                 | 0.00611       |
|    n_updates            | 900           |
|    policy_gradient_loss | -0.000252     |
|    value_loss           | 0.0141        |
-------------------------------------------
  step  375000/500000 ( 75.0%)  mean_rew=+0.000
-----------------------------------------
| time/                   |             |
|    fps                  | 1217        |
|    iterations           | 92          |
|    time_elapsed         | 309         |
|    total_timesteps      | 376832      |
| train/                  |             |
|    approx_kl            | 0.011011276 |
|    clip_fraction        | 0.0179      |
|    clip_range           | 0.2         |
|    entropy_loss         | -0.086      |
|    explained_variance   | 0.857       |
|    learning_rate        | 0.0003      |
|    loss                 | 0.00912     |
|    n_updates            | 910         |
|    policy_gradient_loss | -0.000304   |
|    value_loss           | 0.0246      |
-----------------------------------------
  step  380000/500000 ( 76.0%)  mean_rew=-0.002
------------------------------------------
| time/                   |              |
|    fps                  | 1219         |
|    iterations           | 93           |
|    time_elapsed         | 312          |
|    total_timesteps      | 380928       |
| train/                  |              |
|    approx_kl            | 0.0007440224 |
|    clip_fraction        | 0.00564      |
|    clip_range           | 0.2          |
|    entropy_loss         | -0.0777      |
|    explained_variance   | 0.889        |
|    learning_rate        | 0.0003       |
|    loss                 | 0.00624      |
|    n_updates            | 920          |
|    policy_gradient_loss | 8.95e-06     |
|    value_loss           | 0.0177       |
------------------------------------------
  step  385000/500000 ( 77.0%)  mean_rew=-0.018
------------------------------------------
| time/                   |              |
|    fps                  | 1221         |
|    iterations           | 94           |
|    time_elapsed         | 315          |
|    total_timesteps      | 385024       |
| train/                  |              |
|    approx_kl            | 0.0008971235 |
|    clip_fraction        | 0.00554      |
|    clip_range           | 0.2          |
|    entropy_loss         | -0.0855      |
|    explained_variance   | 0.91         |
|    learning_rate        | 0.0003       |
|    loss                 | 0.00597      |
|    n_updates            | 930          |
|    policy_gradient_loss | -0.000214    |
|    value_loss           | 0.0115       |
------------------------------------------
------------------------------------------
| time/                   |              |
|    fps                  | 1222         |
|    iterations           | 95           |
|    time_elapsed         | 318          |
|    total_timesteps      | 389120       |
| train/                  |              |
|    approx_kl            | 0.0010960081 |
|    clip_fraction        | 0.00986      |
|    clip_range           | 0.2          |
|    entropy_loss         | -0.0822      |
|    explained_variance   | 0.879        |
|    learning_rate        | 0.0003       |
|    loss                 | 0.00911      |
|    n_updates            | 940          |
|    policy_gradient_loss | -0.000238    |
|    value_loss           | 0.0188       |
------------------------------------------
  step  390000/500000 ( 78.0%)  mean_rew=-0.010
------------------------------------------
| time/                   |              |
|    fps                  | 1224         |
|    iterations           | 96           |
|    time_elapsed         | 321          |
|    total_timesteps      | 393216       |
| train/                  |              |
|    approx_kl            | 0.0013062215 |
|    clip_fraction        | 0.0182       |
|    clip_range           | 0.2          |
|    entropy_loss         | -0.082       |
|    explained_variance   | 0.888        |
|    learning_rate        | 0.0003       |
|    loss                 | 0.00975      |
|    n_updates            | 950          |
|    policy_gradient_loss | -0.00112     |
|    value_loss           | 0.0173       |
------------------------------------------
  step  395000/500000 ( 79.0%)  mean_rew=-0.002
------------------------------------------
| time/                   |              |
|    fps                  | 1226         |
|    iterations           | 97           |
|    time_elapsed         | 324          |
|    total_timesteps      | 397312       |
| train/                  |              |
|    approx_kl            | 0.0012596671 |
|    clip_fraction        | 0.0173       |
|    clip_range           | 0.2          |
|    entropy_loss         | -0.0834      |
|    explained_variance   | 0.897        |
|    learning_rate        | 0.0003       |
|    loss                 | 0.00233      |
|    n_updates            | 960          |
|    policy_gradient_loss | -0.000829    |
|    value_loss           | 0.015        |
------------------------------------------
  step  400000/500000 ( 80.0%)  mean_rew=-0.002
------------------------------------------
| time/                   |              |
|    fps                  | 1227         |
|    iterations           | 98           |
|    time_elapsed         | 327          |
|    total_timesteps      | 401408       |
| train/                  |              |
|    approx_kl            | 0.0013262078 |
|    clip_fraction        | 0.00415      |
|    clip_range           | 0.2          |
|    entropy_loss         | -0.0838      |
|    explained_variance   | 0.917        |
|    learning_rate        | 0.0003       |
|    loss                 | 0.00386      |
|    n_updates            | 970          |
|    policy_gradient_loss | -0.000102    |
|    value_loss           | 0.0125       |
------------------------------------------
  step  405000/500000 ( 81.0%)  mean_rew=-0.014
-------------------------------------------
| time/                   |               |
|    fps                  | 1228          |
|    iterations           | 99            |
|    time_elapsed         | 330           |
|    total_timesteps      | 405504        |
| train/                  |               |
|    approx_kl            | 0.00044030265 |
|    clip_fraction        | 0.00413       |
|    clip_range           | 0.2           |
|    entropy_loss         | -0.0875       |
|    explained_variance   | 0.88          |
|    learning_rate        | 0.0003        |
|    loss                 | 0.008         |
|    n_updates            | 980           |
|    policy_gradient_loss | -6.91e-05     |
|    value_loss           | 0.0202        |
-------------------------------------------
------------------------------------------
| time/                   |              |
|    fps                  | 1230         |
|    iterations           | 100          |
|    time_elapsed         | 332          |
|    total_timesteps      | 409600       |
| train/                  |              |
|    approx_kl            | 0.0007355985 |
|    clip_fraction        | 0.00261      |
|    clip_range           | 0.2          |
|    entropy_loss         | -0.0823      |
|    explained_variance   | 0.883        |
|    learning_rate        | 0.0003       |
|    loss                 | 0.0108       |
|    n_updates            | 990          |
|    policy_gradient_loss | -1.4e-05     |
|    value_loss           | 0.019        |
------------------------------------------
  step  410000/500000 ( 82.0%)  mean_rew=-0.006
------------------------------------------
| time/                   |              |
|    fps                  | 1232         |
|    iterations           | 101          |
|    time_elapsed         | 335          |
|    total_timesteps      | 413696       |
| train/                  |              |
|    approx_kl            | 0.0007681184 |
|    clip_fraction        | 0.00566      |
|    clip_range           | 0.2          |
|    entropy_loss         | -0.0778      |
|    explained_variance   | 0.913        |
|    learning_rate        | 0.0003       |
|    loss                 | 0.00913      |
|    n_updates            | 1000         |
|    policy_gradient_loss | -0.000139    |
|    value_loss           | 0.0108       |
------------------------------------------
  step  415000/500000 ( 83.0%)  mean_rew=-0.011
-------------------------------------------
| time/                   |               |
|    fps                  | 1233          |
|    iterations           | 102           |
|    time_elapsed         | 338           |
|    total_timesteps      | 417792        |
| train/                  |               |
|    approx_kl            | 0.00011662167 |
|    clip_fraction        | 0.00195       |
|    clip_range           | 0.2           |
|    entropy_loss         | -0.078        |
|    explained_variance   | 0.928         |
|    learning_rate        | 0.0003        |
|    loss                 | 0.00297       |
|    n_updates            | 1010          |
|    policy_gradient_loss | 2.33e-05      |
|    value_loss           | 0.0102        |
-------------------------------------------
  step  420000/500000 ( 84.0%)  mean_rew=-0.004
-------------------------------------------
| time/                   |               |
|    fps                  | 1235          |
|    iterations           | 103           |
|    time_elapsed         | 341           |
|    total_timesteps      | 421888        |
| train/                  |               |
|    approx_kl            | 0.00093866454 |
|    clip_fraction        | 0.0159        |
|    clip_range           | 0.2           |
|    entropy_loss         | -0.0781       |
|    explained_variance   | 0.893         |
|    learning_rate        | 0.0003        |
|    loss                 | 0.00913       |
|    n_updates            | 1020          |
|    policy_gradient_loss | -0.000927     |
|    value_loss           | 0.0155        |
-------------------------------------------
  step  425000/500000 ( 85.0%)  mean_rew=-0.001
------------------------------------------
| time/                   |              |
|    fps                  | 1236         |
|    iterations           | 104          |
|    time_elapsed         | 344          |
|    total_timesteps      | 425984       |
| train/                  |              |
|    approx_kl            | 0.0012304946 |
|    clip_fraction        | 0.0108       |
|    clip_range           | 0.2          |
|    entropy_loss         | -0.0781      |
|    explained_variance   | 0.898        |
|    learning_rate        | 0.0003       |
|    loss                 | 0.00649      |
|    n_updates            | 1030         |
|    policy_gradient_loss | -0.000682    |
|    value_loss           | 0.0134       |
------------------------------------------
  step  430000/500000 ( 86.0%)  mean_rew=+0.000
------------------------------------------
| time/                   |              |
|    fps                  | 1237         |
|    iterations           | 105          |
|    time_elapsed         | 347          |
|    total_timesteps      | 430080       |
| train/                  |              |
|    approx_kl            | 0.0005129334 |
|    clip_fraction        | 0.00339      |
|    clip_range           | 0.2          |
|    entropy_loss         | -0.0703      |
|    explained_variance   | 0.932        |
|    learning_rate        | 0.0003       |
|    loss                 | 0.00633      |
|    n_updates            | 1040         |
|    policy_gradient_loss | -0.000198    |
|    value_loss           | 0.00905      |
------------------------------------------
------------------------------------------
| time/                   |              |
|    fps                  | 1238         |
|    iterations           | 106          |
|    time_elapsed         | 350          |
|    total_timesteps      | 434176       |
| train/                  |              |
|    approx_kl            | 0.0030995442 |
|    clip_fraction        | 0.00342      |
|    clip_range           | 0.2          |
|    entropy_loss         | -0.0765      |
|    explained_variance   | 0.89         |
|    learning_rate        | 0.0003       |
|    loss                 | 0.00442      |
|    n_updates            | 1050         |
|    policy_gradient_loss | -0.000183    |
|    value_loss           | 0.0156       |
------------------------------------------
  step  435000/500000 ( 87.0%)  mean_rew=-0.002
------------------------------------------
| time/                   |              |
|    fps                  | 1240         |
|    iterations           | 107          |
|    time_elapsed         | 353          |
|    total_timesteps      | 438272       |
| train/                  |              |
|    approx_kl            | 0.0008743876 |
|    clip_fraction        | 0.0101       |
|    clip_range           | 0.2          |
|    entropy_loss         | -0.101       |
|    explained_variance   | 0.857        |
|    learning_rate        | 0.0003       |
|    loss                 | 0.00834      |
|    n_updates            | 1060         |
|    policy_gradient_loss | 0.0002       |
|    value_loss           | 0.0219       |
------------------------------------------
  step  440000/500000 ( 88.0%)  mean_rew=-0.078
------------------------------------------
| time/                   |              |
|    fps                  | 1241         |
|    iterations           | 108          |
|    time_elapsed         | 356          |
|    total_timesteps      | 442368       |
| train/                  |              |
|    approx_kl            | 0.0014112759 |
|    clip_fraction        | 0.0159       |
|    clip_range           | 0.2          |
|    entropy_loss         | -0.0986      |
|    explained_variance   | 0.903        |
|    learning_rate        | 0.0003       |
|    loss                 | 0.00743      |
|    n_updates            | 1070         |
|    policy_gradient_loss | 0.000387     |
|    value_loss           | 0.0123       |
------------------------------------------
  step  445000/500000 ( 89.0%)  mean_rew=-0.006
------------------------------------------
| time/                   |              |
|    fps                  | 1242         |
|    iterations           | 109          |
|    time_elapsed         | 359          |
|    total_timesteps      | 446464       |
| train/                  |              |
|    approx_kl            | 0.0007073265 |
|    clip_fraction        | 0.0141       |
|    clip_range           | 0.2          |
|    entropy_loss         | -0.0914      |
|    explained_variance   | 0.896        |
|    learning_rate        | 0.0003       |
|    loss                 | 0.0073       |
|    n_updates            | 1080         |
|    policy_gradient_loss | -0.000692    |
|    value_loss           | 0.0156       |
------------------------------------------
  step  450000/500000 ( 90.0%)  mean_rew=-0.010
-------------------------------------------
| time/                   |               |
|    fps                  | 1244          |
|    iterations           | 110           |
|    time_elapsed         | 362           |
|    total_timesteps      | 450560        |
| train/                  |               |
|    approx_kl            | 0.00064633903 |
|    clip_fraction        | 0.00527       |
|    clip_range           | 0.2           |
|    entropy_loss         | -0.0907       |
|    explained_variance   | 0.852         |
|    learning_rate        | 0.0003        |
|    loss                 | 0.0199        |
|    n_updates            | 1090          |
|    policy_gradient_loss | -5.7e-05      |
|    value_loss           | 0.0242        |
-------------------------------------------
-------------------------------------------
| time/                   |               |
|    fps                  | 1245          |
|    iterations           | 111           |
|    time_elapsed         | 365           |
|    total_timesteps      | 454656        |
| train/                  |               |
|    approx_kl            | 0.00088764983 |
|    clip_fraction        | 0.012         |
|    clip_range           | 0.2           |
|    entropy_loss         | -0.0937       |
|    explained_variance   | 0.903         |
|    learning_rate        | 0.0003        |
|    loss                 | 0.0123        |
|    n_updates            | 1100          |
|    policy_gradient_loss | -0.000539     |
|    value_loss           | 0.0128        |
-------------------------------------------
  step  455000/500000 ( 91.0%)  mean_rew=-0.002
-----------------------------------------
| time/                   |             |
|    fps                  | 1246        |
|    iterations           | 112         |
|    time_elapsed         | 368         |
|    total_timesteps      | 458752      |
| train/                  |             |
|    approx_kl            | 0.002321947 |
|    clip_fraction        | 0.0137      |
|    clip_range           | 0.2         |
|    entropy_loss         | -0.0842     |
|    explained_variance   | 0.93        |
|    learning_rate        | 0.0003      |
|    loss                 | 0.00404     |
|    n_updates            | 1110        |
|    policy_gradient_loss | -0.00058    |
|    value_loss           | 0.01        |
-----------------------------------------
  step  460000/500000 ( 92.0%)  mean_rew=-0.002
------------------------------------------
| time/                   |              |
|    fps                  | 1247         |
|    iterations           | 113          |
|    time_elapsed         | 371          |
|    total_timesteps      | 462848       |
| train/                  |              |
|    approx_kl            | 0.0005537299 |
|    clip_fraction        | 0.0129       |
|    clip_range           | 0.2          |
|    entropy_loss         | -0.0761      |
|    explained_variance   | 0.896        |
|    learning_rate        | 0.0003       |
|    loss                 | 0.00783      |
|    n_updates            | 1120         |
|    policy_gradient_loss | -0.000571    |
|    value_loss           | 0.0149       |
------------------------------------------
  step  465000/500000 ( 93.0%)  mean_rew=+0.000
------------------------------------------
| time/                   |              |
|    fps                  | 1248         |
|    iterations           | 114          |
|    time_elapsed         | 373          |
|    total_timesteps      | 466944       |
| train/                  |              |
|    approx_kl            | 0.0008933737 |
|    clip_fraction        | 0.00759      |
|    clip_range           | 0.2          |
|    entropy_loss         | -0.077       |
|    explained_variance   | 0.88         |
|    learning_rate        | 0.0003       |
|    loss                 | 0.00721      |
|    n_updates            | 1130         |
|    policy_gradient_loss | -0.000434    |
|    value_loss           | 0.0181       |
------------------------------------------
  step  470000/500000 ( 94.0%)  mean_rew=-0.010
------------------------------------------
| time/                   |              |
|    fps                  | 1249         |
|    iterations           | 115          |
|    time_elapsed         | 376          |
|    total_timesteps      | 471040       |
| train/                  |              |
|    approx_kl            | 0.0007244529 |
|    clip_fraction        | 0.005        |
|    clip_range           | 0.2          |
|    entropy_loss         | -0.072       |
|    explained_variance   | 0.902        |
|    learning_rate        | 0.0003       |
|    loss                 | 0.00421      |
|    n_updates            | 1140         |
|    policy_gradient_loss | 1.99e-05     |
|    value_loss           | 0.0127       |
------------------------------------------
  step  475000/500000 ( 95.0%)  mean_rew=+0.000
------------------------------------------
| time/                   |              |
|    fps                  | 1250         |
|    iterations           | 116          |
|    time_elapsed         | 379          |
|    total_timesteps      | 475136       |
| train/                  |              |
|    approx_kl            | 0.0009231458 |
|    clip_fraction        | 0.00771      |
|    clip_range           | 0.2          |
|    entropy_loss         | -0.0639      |
|    explained_variance   | 0.926        |
|    learning_rate        | 0.0003       |
|    loss                 | 0.0053       |
|    n_updates            | 1150         |
|    policy_gradient_loss | -0.0005      |
|    value_loss           | 0.0104       |
------------------------------------------
------------------------------------------
| time/                   |              |
|    fps                  | 1252         |
|    iterations           | 117          |
|    time_elapsed         | 382          |
|    total_timesteps      | 479232       |
| train/                  |              |
|    approx_kl            | 0.0006440852 |
|    clip_fraction        | 0.0124       |
|    clip_range           | 0.2          |
|    entropy_loss         | -0.0602      |
|    explained_variance   | 0.88         |
|    learning_rate        | 0.0003       |
|    loss                 | 0.00902      |
|    n_updates            | 1160         |
|    policy_gradient_loss | -0.000803    |
|    value_loss           | 0.018        |
------------------------------------------
  step  480000/500000 ( 96.0%)  mean_rew=-0.012
-------------------------------------------
| time/                   |               |
|    fps                  | 1253          |
|    iterations           | 118           |
|    time_elapsed         | 385           |
|    total_timesteps      | 483328        |
| train/                  |               |
|    approx_kl            | 0.00030326867 |
|    clip_fraction        | 0.00833       |
|    clip_range           | 0.2           |
|    entropy_loss         | -0.0596       |
|    explained_variance   | 0.898         |
|    learning_rate        | 0.0003        |
|    loss                 | 0.00218       |
|    n_updates            | 1170          |
|    policy_gradient_loss | -0.000637     |
|    value_loss           | 0.0127        |
-------------------------------------------
  step  485000/500000 ( 97.0%)  mean_rew=-0.004
-------------------------------------------
| time/                   |               |
|    fps                  | 1254          |
|    iterations           | 119           |
|    time_elapsed         | 388           |
|    total_timesteps      | 487424        |
| train/                  |               |
|    approx_kl            | 0.00034884724 |
|    clip_fraction        | 0.00342       |
|    clip_range           | 0.2           |
|    entropy_loss         | -0.057        |
|    explained_variance   | 0.917         |
|    learning_rate        | 0.0003        |
|    loss                 | 0.00972       |
|    n_updates            | 1180          |
|    policy_gradient_loss | 9.42e-05      |
|    value_loss           | 0.0113        |
-------------------------------------------
  step  490000/500000 ( 98.0%)  mean_rew=+0.000
------------------------------------------
| time/                   |              |
|    fps                  | 1255         |
|    iterations           | 120          |
|    time_elapsed         | 391          |
|    total_timesteps      | 491520       |
| train/                  |              |
|    approx_kl            | 9.165892e-05 |
|    clip_fraction        | 0.00203      |
|    clip_range           | 0.2          |
|    entropy_loss         | -0.0609      |
|    explained_variance   | 0.888        |
|    learning_rate        | 0.0003       |
|    loss                 | 0.0108       |
|    n_updates            | 1190         |
|    policy_gradient_loss | 0.000213     |
|    value_loss           | 0.016        |
------------------------------------------
  step  495000/500000 ( 99.0%)  mean_rew=-0.006
------------------------------------------
| time/                   |              |
|    fps                  | 1256         |
|    iterations           | 121          |
|    time_elapsed         | 394          |
|    total_timesteps      | 495616       |
| train/                  |              |
|    approx_kl            | 0.0005402616 |
|    clip_fraction        | 0.00461      |
|    clip_range           | 0.2          |
|    entropy_loss         | -0.0529      |
|    explained_variance   | 0.867        |
|    learning_rate        | 0.0003       |
|    loss                 | 0.00737      |
|    n_updates            | 1200         |
|    policy_gradient_loss | -7.56e-05    |
|    value_loss           | 0.0208       |
------------------------------------------
------------------------------------------
| time/                   |              |
|    fps                  | 1257         |
|    iterations           | 122          |
|    time_elapsed         | 397          |
|    total_timesteps      | 499712       |
| train/                  |              |
|    approx_kl            | 0.0020842995 |
|    clip_fraction        | 0.00818      |
|    clip_range           | 0.2          |
|    entropy_loss         | -0.0515      |
|    explained_variance   | 0.903        |
|    learning_rate        | 0.0003       |
|    loss                 | 0.000189     |
|    n_updates            | 1210         |
|    policy_gradient_loss | -0.000416    |
|    value_loss           | 0.0123       |
------------------------------------------
  step  500000/500000 (100.0%)  mean_rew=-0.001
------------------------------------------
| time/                   |              |
|    fps                  | 1258         |
|    iterations           | 123          |
|    time_elapsed         | 400          |
|    total_timesteps      | 503808       |
| train/                  |              |
|    approx_kl            | 0.0017686682 |
|    clip_fraction        | 0.00959      |
|    clip_range           | 0.2          |
|    entropy_loss         | -0.0495      |
|    explained_variance   | 0.912        |
|    learning_rate        | 0.0003       |
|    loss                 | 0.00407      |
|    n_updates            | 1220         |
|    policy_gradient_loss | -0.00042     |
|    value_loss           | 0.0127       |
------------------------------------------
[cologne8-PPO] Done. Saved -> /workspace/rl-traffic/exp_cologne8_real/ppo_wait-clip_s2718
