Using libsumo as traci as requested by environment variable.
[cologne8-PPO] 8 agents | reward=pressure | seed=9999
  obs=(7,) | act=Discrete(4)
Using cpu device
-----------------------------
| time/              |      |
|    fps             | 1655 |
|    iterations      | 1    |
|    time_elapsed    | 2    |
|    total_timesteps | 4096 |
-----------------------------
  step    5000/500000 (  1.0%)  mean_rew=-0.004
-----------------------------------------
| time/                   |             |
|    fps                  | 1332        |
|    iterations           | 2           |
|    time_elapsed         | 6           |
|    total_timesteps      | 8192        |
| train/                  |             |
|    approx_kl            | 0.007602456 |
|    clip_fraction        | 0.0304      |
|    clip_range           | 0.2         |
|    entropy_loss         | -1.38       |
|    explained_variance   | 0.0649      |
|    learning_rate        | 0.0003      |
|    loss                 | -0.0177     |
|    n_updates            | 10          |
|    policy_gradient_loss | -0.004      |
|    value_loss           | 0.0211      |
-----------------------------------------
  step   10000/500000 (  2.0%)  mean_rew=-0.004
-----------------------------------------
| time/                   |             |
|    fps                  | 1286        |
|    iterations           | 3           |
|    time_elapsed         | 9           |
|    total_timesteps      | 12288       |
| train/                  |             |
|    approx_kl            | 0.005274358 |
|    clip_fraction        | 0.0357      |
|    clip_range           | 0.2         |
|    entropy_loss         | -1.37       |
|    explained_variance   | 0.622       |
|    learning_rate        | 0.0003      |
|    loss                 | 0.00747     |
|    n_updates            | 20          |
|    policy_gradient_loss | -0.00315    |
|    value_loss           | 0.0167      |
-----------------------------------------
  step   15000/500000 (  3.0%)  mean_rew=-0.005
------------------------------------------
| time/                   |              |
|    fps                  | 1236         |
|    iterations           | 4            |
|    time_elapsed         | 13           |
|    total_timesteps      | 16384        |
| train/                  |              |
|    approx_kl            | 0.0093863765 |
|    clip_fraction        | 0.0803       |
|    clip_range           | 0.2          |
|    entropy_loss         | -1.33        |
|    explained_variance   | 0.728        |
|    learning_rate        | 0.0003       |
|    loss                 | 0.00814      |
|    n_updates            | 30           |
|    policy_gradient_loss | -0.00806     |
|    value_loss           | 0.00871      |
------------------------------------------
  step   20000/500000 (  4.0%)  mean_rew=-0.000
----------------------------------------
| time/                   |            |
|    fps                  | 1222       |
|    iterations           | 5          |
|    time_elapsed         | 16         |
|    total_timesteps      | 20480      |
| train/                  |            |
|    approx_kl            | 0.01040014 |
|    clip_fraction        | 0.0965     |
|    clip_range           | 0.2        |
|    entropy_loss         | -1.28      |
|    explained_variance   | 0.779      |
|    learning_rate        | 0.0003     |
|    loss                 | -0.000273  |
|    n_updates            | 40         |
|    policy_gradient_loss | -0.00669   |
|    value_loss           | 0.00986    |
----------------------------------------
-----------------------------------------
| time/                   |             |
|    fps                  | 1221        |
|    iterations           | 6           |
|    time_elapsed         | 20          |
|    total_timesteps      | 24576       |
| train/                  |             |
|    approx_kl            | 0.011145778 |
|    clip_fraction        | 0.0973      |
|    clip_range           | 0.2         |
|    entropy_loss         | -1.22       |
|    explained_variance   | 0.797       |
|    learning_rate        | 0.0003      |
|    loss                 | -0.00242    |
|    n_updates            | 50          |
|    policy_gradient_loss | -0.00842    |
|    value_loss           | 0.00934     |
-----------------------------------------
  step   25000/500000 (  5.0%)  mean_rew=-0.004
-----------------------------------------
| time/                   |             |
|    fps                  | 1217        |
|    iterations           | 7           |
|    time_elapsed         | 23          |
|    total_timesteps      | 28672       |
| train/                  |             |
|    approx_kl            | 0.010295983 |
|    clip_fraction        | 0.076       |
|    clip_range           | 0.2         |
|    entropy_loss         | -1.14       |
|    explained_variance   | 0.823       |
|    learning_rate        | 0.0003      |
|    loss                 | -0.0135     |
|    n_updates            | 60          |
|    policy_gradient_loss | -0.00481    |
|    value_loss           | 0.0057      |
-----------------------------------------
  step   30000/500000 (  6.0%)  mean_rew=-0.003
-----------------------------------------
| time/                   |             |
|    fps                  | 1211        |
|    iterations           | 8           |
|    time_elapsed         | 27          |
|    total_timesteps      | 32768       |
| train/                  |             |
|    approx_kl            | 0.012450114 |
|    clip_fraction        | 0.0955      |
|    clip_range           | 0.2         |
|    entropy_loss         | -1.04       |
|    explained_variance   | 0.898       |
|    learning_rate        | 0.0003      |
|    loss                 | -0.0172     |
|    n_updates            | 70          |
|    policy_gradient_loss | -0.00785    |
|    value_loss           | 0.00221     |
-----------------------------------------
  step   35000/500000 (  7.0%)  mean_rew=-0.001
------------------------------------------
| time/                   |              |
|    fps                  | 1208         |
|    iterations           | 9            |
|    time_elapsed         | 30           |
|    total_timesteps      | 36864        |
| train/                  |              |
|    approx_kl            | 0.0072233374 |
|    clip_fraction        | 0.0676       |
|    clip_range           | 0.2          |
|    entropy_loss         | -0.96        |
|    explained_variance   | 0.86         |
|    learning_rate        | 0.0003       |
|    loss                 | 0.0113       |
|    n_updates            | 80           |
|    policy_gradient_loss | -0.00461     |
|    value_loss           | 0.00319      |
------------------------------------------
  step   40000/500000 (  8.0%)  mean_rew=-0.000
-----------------------------------------
| time/                   |             |
|    fps                  | 1209        |
|    iterations           | 10          |
|    time_elapsed         | 33          |
|    total_timesteps      | 40960       |
| train/                  |             |
|    approx_kl            | 0.004637789 |
|    clip_fraction        | 0.0385      |
|    clip_range           | 0.2         |
|    entropy_loss         | -0.904      |
|    explained_variance   | 0.834       |
|    learning_rate        | 0.0003      |
|    loss                 | -0.00753    |
|    n_updates            | 90          |
|    policy_gradient_loss | -0.0031     |
|    value_loss           | 0.00393     |
-----------------------------------------
  step   45000/500000 (  9.0%)  mean_rew=-0.001
------------------------------------------
| time/                   |              |
|    fps                  | 1208         |
|    iterations           | 11           |
|    time_elapsed         | 37           |
|    total_timesteps      | 45056        |
| train/                  |              |
|    approx_kl            | 0.0079422705 |
|    clip_fraction        | 0.0873       |
|    clip_range           | 0.2          |
|    entropy_loss         | -0.839       |
|    explained_variance   | 0.874        |
|    learning_rate        | 0.0003       |
|    loss                 | -0.00949     |
|    n_updates            | 100          |
|    policy_gradient_loss | -0.00472     |
|    value_loss           | 0.00191      |
------------------------------------------
-----------------------------------------
| time/                   |             |
|    fps                  | 1207        |
|    iterations           | 12          |
|    time_elapsed         | 40          |
|    total_timesteps      | 49152       |
| train/                  |             |
|    approx_kl            | 0.006261509 |
|    clip_fraction        | 0.0454      |
|    clip_range           | 0.2         |
|    entropy_loss         | -0.763      |
|    explained_variance   | 0.931       |
|    learning_rate        | 0.0003      |
|    loss                 | -0.00405    |
|    n_updates            | 110         |
|    policy_gradient_loss | -0.00418    |
|    value_loss           | 0.000906    |
-----------------------------------------
  step   50000/500000 ( 10.0%)  mean_rew=-0.002
-----------------------------------------
| time/                   |             |
|    fps                  | 1208        |
|    iterations           | 13          |
|    time_elapsed         | 44          |
|    total_timesteps      | 53248       |
| train/                  |             |
|    approx_kl            | 0.005246208 |
|    clip_fraction        | 0.0788      |
|    clip_range           | 0.2         |
|    entropy_loss         | -0.673      |
|    explained_variance   | 0.894       |
|    learning_rate        | 0.0003      |
|    loss                 | -0.00211    |
|    n_updates            | 120         |
|    policy_gradient_loss | -0.00541    |
|    value_loss           | 0.00123     |
-----------------------------------------
  step   55000/500000 ( 11.0%)  mean_rew=-0.002
------------------------------------------
| time/                   |              |
|    fps                  | 1209         |
|    iterations           | 14           |
|    time_elapsed         | 47           |
|    total_timesteps      | 57344        |
| train/                  |              |
|    approx_kl            | 0.0034813217 |
|    clip_fraction        | 0.0619       |
|    clip_range           | 0.2          |
|    entropy_loss         | -0.636       |
|    explained_variance   | 0.908        |
|    learning_rate        | 0.0003       |
|    loss                 | -0.00734     |
|    n_updates            | 130          |
|    policy_gradient_loss | -0.00412     |
|    value_loss           | 0.000802     |
------------------------------------------
  step   60000/500000 ( 12.0%)  mean_rew=-0.001
------------------------------------------
| time/                   |              |
|    fps                  | 1207         |
|    iterations           | 15           |
|    time_elapsed         | 50           |
|    total_timesteps      | 61440        |
| train/                  |              |
|    approx_kl            | 0.0041686976 |
|    clip_fraction        | 0.051        |
|    clip_range           | 0.2          |
|    entropy_loss         | -0.569       |
|    explained_variance   | 0.935        |
|    learning_rate        | 0.0003       |
|    loss                 | -0.00109     |
|    n_updates            | 140          |
|    policy_gradient_loss | -0.00429     |
|    value_loss           | 0.000546     |
------------------------------------------
  step   65000/500000 ( 13.0%)  mean_rew=-0.001
------------------------------------------
| time/                   |              |
|    fps                  | 1206         |
|    iterations           | 16           |
|    time_elapsed         | 54           |
|    total_timesteps      | 65536        |
| train/                  |              |
|    approx_kl            | 0.0034454295 |
|    clip_fraction        | 0.0305       |
|    clip_range           | 0.2          |
|    entropy_loss         | -0.522       |
|    explained_variance   | 0.859        |
|    learning_rate        | 0.0003       |
|    loss                 | 0.00326      |
|    n_updates            | 150          |
|    policy_gradient_loss | -0.00309     |
|    value_loss           | 0.00124      |
------------------------------------------
------------------------------------------
| time/                   |              |
|    fps                  | 1209         |
|    iterations           | 17           |
|    time_elapsed         | 57           |
|    total_timesteps      | 69632        |
| train/                  |              |
|    approx_kl            | 0.0021298332 |
|    clip_fraction        | 0.034        |
|    clip_range           | 0.2          |
|    entropy_loss         | -0.479       |
|    explained_variance   | 0.883        |
|    learning_rate        | 0.0003       |
|    loss                 | -0.00417     |
|    n_updates            | 160          |
|    policy_gradient_loss | -0.00226     |
|    value_loss           | 0.00095      |
------------------------------------------
  step   70000/500000 ( 14.0%)  mean_rew=-0.002
-----------------------------------------
| time/                   |             |
|    fps                  | 1208        |
|    iterations           | 18          |
|    time_elapsed         | 61          |
|    total_timesteps      | 73728       |
| train/                  |             |
|    approx_kl            | 0.003413348 |
|    clip_fraction        | 0.0289      |
|    clip_range           | 0.2         |
|    entropy_loss         | -0.429      |
|    explained_variance   | 0.906       |
|    learning_rate        | 0.0003      |
|    loss                 | -0.0106     |
|    n_updates            | 170         |
|    policy_gradient_loss | -0.00209    |
|    value_loss           | 0.000505    |
-----------------------------------------
  step   75000/500000 ( 15.0%)  mean_rew=-0.003
------------------------------------------
| time/                   |              |
|    fps                  | 1207         |
|    iterations           | 19           |
|    time_elapsed         | 64           |
|    total_timesteps      | 77824        |
| train/                  |              |
|    approx_kl            | 0.0035655145 |
|    clip_fraction        | 0.029        |
|    clip_range           | 0.2          |
|    entropy_loss         | -0.398       |
|    explained_variance   | 0.94         |
|    learning_rate        | 0.0003       |
|    loss                 | 0.0022       |
|    n_updates            | 180          |
|    policy_gradient_loss | -0.00274     |
|    value_loss           | 0.000363     |
------------------------------------------
  step   80000/500000 ( 16.0%)  mean_rew=-0.003
------------------------------------------
| time/                   |              |
|    fps                  | 1209         |
|    iterations           | 20           |
|    time_elapsed         | 67           |
|    total_timesteps      | 81920        |
| train/                  |              |
|    approx_kl            | 0.0020060795 |
|    clip_fraction        | 0.0188       |
|    clip_range           | 0.2          |
|    entropy_loss         | -0.379       |
|    explained_variance   | 0.892        |
|    learning_rate        | 0.0003       |
|    loss                 | -0.000554    |
|    n_updates            | 190          |
|    policy_gradient_loss | -0.0014      |
|    value_loss           | 0.000637     |
------------------------------------------
  step   85000/500000 ( 17.0%)  mean_rew=-0.001
------------------------------------------
| time/                   |              |
|    fps                  | 1208         |
|    iterations           | 21           |
|    time_elapsed         | 71           |
|    total_timesteps      | 86016        |
| train/                  |              |
|    approx_kl            | 0.0020270026 |
|    clip_fraction        | 0.023        |
|    clip_range           | 0.2          |
|    entropy_loss         | -0.354       |
|    explained_variance   | 0.909        |
|    learning_rate        | 0.0003       |
|    loss                 | -0.00144     |
|    n_updates            | 200          |
|    policy_gradient_loss | -0.00173     |
|    value_loss           | 0.000384     |
------------------------------------------
  step   90000/500000 ( 18.0%)  mean_rew=-0.001
------------------------------------------
| time/                   |              |
|    fps                  | 1208         |
|    iterations           | 22           |
|    time_elapsed         | 74           |
|    total_timesteps      | 90112        |
| train/                  |              |
|    approx_kl            | 0.0023747638 |
|    clip_fraction        | 0.0522       |
|    clip_range           | 0.2          |
|    entropy_loss         | -0.339       |
|    explained_variance   | 0.909        |
|    learning_rate        | 0.0003       |
|    loss                 | -0.0108      |
|    n_updates            | 210          |
|    policy_gradient_loss | -0.00605     |
|    value_loss           | 0.000459     |
------------------------------------------
------------------------------------------
| time/                   |              |
|    fps                  | 1206         |
|    iterations           | 23           |
|    time_elapsed         | 78           |
|    total_timesteps      | 94208        |
| train/                  |              |
|    approx_kl            | 0.0019834642 |
|    clip_fraction        | 0.0213       |
|    clip_range           | 0.2          |
|    entropy_loss         | -0.319       |
|    explained_variance   | 0.896        |
|    learning_rate        | 0.0003       |
|    loss                 | -0.00264     |
|    n_updates            | 220          |
|    policy_gradient_loss | -0.00152     |
|    value_loss           | 0.000498     |
------------------------------------------
  step   95000/500000 ( 19.0%)  mean_rew=-0.001
------------------------------------------
| time/                   |              |
|    fps                  | 1208         |
|    iterations           | 24           |
|    time_elapsed         | 81           |
|    total_timesteps      | 98304        |
| train/                  |              |
|    approx_kl            | 0.0016528228 |
|    clip_fraction        | 0.0115       |
|    clip_range           | 0.2          |
|    entropy_loss         | -0.308       |
|    explained_variance   | 0.895        |
|    learning_rate        | 0.0003       |
|    loss                 | -0.00129     |
|    n_updates            | 230          |
|    policy_gradient_loss | -0.000707    |
|    value_loss           | 0.000441     |
------------------------------------------
  step  100000/500000 ( 20.0%)  mean_rew=-0.002
-----------------------------------------
| time/                   |             |
|    fps                  | 1206        |
|    iterations           | 25          |
|    time_elapsed         | 84          |
|    total_timesteps      | 102400      |
| train/                  |             |
|    approx_kl            | 0.002103079 |
|    clip_fraction        | 0.0133      |
|    clip_range           | 0.2         |
|    entropy_loss         | -0.301      |
|    explained_variance   | 0.904       |
|    learning_rate        | 0.0003      |
|    loss                 | -0.000259   |
|    n_updates            | 240         |
|    policy_gradient_loss | -0.00122    |
|    value_loss           | 0.000317    |
-----------------------------------------
  step  105000/500000 ( 21.0%)  mean_rew=-0.001
------------------------------------------
| time/                   |              |
|    fps                  | 1206         |
|    iterations           | 26           |
|    time_elapsed         | 88           |
|    total_timesteps      | 106496       |
| train/                  |              |
|    approx_kl            | 0.0016214008 |
|    clip_fraction        | 0.0231       |
|    clip_range           | 0.2          |
|    entropy_loss         | -0.269       |
|    explained_variance   | 0.902        |
|    learning_rate        | 0.0003       |
|    loss                 | -0.00231     |
|    n_updates            | 250          |
|    policy_gradient_loss | -0.00193     |
|    value_loss           | 0.000388     |
------------------------------------------
  step  110000/500000 ( 22.0%)  mean_rew=+0.000
------------------------------------------
| time/                   |              |
|    fps                  | 1207         |
|    iterations           | 27           |
|    time_elapsed         | 91           |
|    total_timesteps      | 110592       |
| train/                  |              |
|    approx_kl            | 0.0021193135 |
|    clip_fraction        | 0.0226       |
|    clip_range           | 0.2          |
|    entropy_loss         | -0.251       |
|    explained_variance   | 0.883        |
|    learning_rate        | 0.0003       |
|    loss                 | 0.000586     |
|    n_updates            | 260          |
|    policy_gradient_loss | -0.00109     |
|    value_loss           | 0.000443     |
------------------------------------------
------------------------------------------
| time/                   |              |
|    fps                  | 1206         |
|    iterations           | 28           |
|    time_elapsed         | 95           |
|    total_timesteps      | 114688       |
| train/                  |              |
|    approx_kl            | 0.0018451307 |
|    clip_fraction        | 0.00859      |
|    clip_range           | 0.2          |
|    entropy_loss         | -0.224       |
|    explained_variance   | 0.9          |
|    learning_rate        | 0.0003       |
|    loss                 | 0.00782      |
|    n_updates            | 270          |
|    policy_gradient_loss | -0.000828    |
|    value_loss           | 0.000305     |
------------------------------------------
  step  115000/500000 ( 23.0%)  mean_rew=-0.001
------------------------------------------
| time/                   |              |
|    fps                  | 1206         |
|    iterations           | 29           |
|    time_elapsed         | 98           |
|    total_timesteps      | 118784       |
| train/                  |              |
|    approx_kl            | 0.0010602686 |
|    clip_fraction        | 0.0156       |
|    clip_range           | 0.2          |
|    entropy_loss         | -0.227       |
|    explained_variance   | 0.921        |
|    learning_rate        | 0.0003       |
|    loss                 | 0.001        |
|    n_updates            | 280          |
|    policy_gradient_loss | -0.00104     |
|    value_loss           | 0.000269     |
------------------------------------------
  step  120000/500000 ( 24.0%)  mean_rew=-0.001
-----------------------------------------
| time/                   |             |
|    fps                  | 1206        |
|    iterations           | 30          |
|    time_elapsed         | 101         |
|    total_timesteps      | 122880      |
| train/                  |             |
|    approx_kl            | 0.001702874 |
|    clip_fraction        | 0.0268      |
|    clip_range           | 0.2         |
|    entropy_loss         | -0.213      |
|    explained_variance   | 0.884       |
|    learning_rate        | 0.0003      |
|    loss                 | -0.00236    |
|    n_updates            | 290         |
|    policy_gradient_loss | -0.00227    |
|    value_loss           | 0.00038     |
-----------------------------------------
  step  125000/500000 ( 25.0%)  mean_rew=-0.000
-------------------------------------------
| time/                   |               |
|    fps                  | 1206          |
|    iterations           | 31            |
|    time_elapsed         | 105           |
|    total_timesteps      | 126976        |
| train/                  |               |
|    approx_kl            | 0.00088435784 |
|    clip_fraction        | 0.0156        |
|    clip_range           | 0.2           |
|    entropy_loss         | -0.192        |
|    explained_variance   | 0.87          |
|    learning_rate        | 0.0003        |
|    loss                 | -0.00214      |
|    n_updates            | 300           |
|    policy_gradient_loss | -0.0014       |
|    value_loss           | 0.000411      |
-------------------------------------------
  step  130000/500000 ( 26.0%)  mean_rew=-0.001
------------------------------------------
| time/                   |              |
|    fps                  | 1206         |
|    iterations           | 32           |
|    time_elapsed         | 108          |
|    total_timesteps      | 131072       |
| train/                  |              |
|    approx_kl            | 0.0012892624 |
|    clip_fraction        | 0.0207       |
|    clip_range           | 0.2          |
|    entropy_loss         | -0.175       |
|    explained_variance   | 0.886        |
|    learning_rate        | 0.0003       |
|    loss                 | -0.0076      |
|    n_updates            | 310          |
|    policy_gradient_loss | -0.00166     |
|    value_loss           | 0.000317     |
------------------------------------------
  step  135000/500000 ( 27.0%)  mean_rew=-0.001
-------------------------------------------
| time/                   |               |
|    fps                  | 1206          |
|    iterations           | 33            |
|    time_elapsed         | 112           |
|    total_timesteps      | 135168        |
| train/                  |               |
|    approx_kl            | 0.00046966696 |
|    clip_fraction        | 0.00779       |
|    clip_range           | 0.2           |
|    entropy_loss         | -0.17         |
|    explained_variance   | 0.934         |
|    learning_rate        | 0.0003        |
|    loss                 | 0.00148       |
|    n_updates            | 320           |
|    policy_gradient_loss | -0.000655     |
|    value_loss           | 0.000184      |
-------------------------------------------
------------------------------------------
| time/                   |              |
|    fps                  | 1207         |
|    iterations           | 34           |
|    time_elapsed         | 115          |
|    total_timesteps      | 139264       |
| train/                  |              |
|    approx_kl            | 0.0005589012 |
|    clip_fraction        | 0.00657      |
|    clip_range           | 0.2          |
|    entropy_loss         | -0.165       |
|    explained_variance   | 0.871        |
|    learning_rate        | 0.0003       |
|    loss                 | 0.00131      |
|    n_updates            | 330          |
|    policy_gradient_loss | -0.000645    |
|    value_loss           | 0.0004       |
------------------------------------------
  step  140000/500000 ( 28.0%)  mean_rew=-0.002
------------------------------------------
| time/                   |              |
|    fps                  | 1207         |
|    iterations           | 35           |
|    time_elapsed         | 118          |
|    total_timesteps      | 143360       |
| train/                  |              |
|    approx_kl            | 0.0011685914 |
|    clip_fraction        | 0.0141       |
|    clip_range           | 0.2          |
|    entropy_loss         | -0.153       |
|    explained_variance   | 0.888        |
|    learning_rate        | 0.0003       |
|    loss                 | 6.13e-05     |
|    n_updates            | 340          |
|    policy_gradient_loss | -0.000859    |
|    value_loss           | 0.000282     |
------------------------------------------
  step  145000/500000 ( 29.0%)  mean_rew=-0.001
------------------------------------------
| time/                   |              |
|    fps                  | 1205         |
|    iterations           | 36           |
|    time_elapsed         | 122          |
|    total_timesteps      | 147456       |
| train/                  |              |
|    approx_kl            | 0.0008219191 |
|    clip_fraction        | 0.00618      |
|    clip_range           | 0.2          |
|    entropy_loss         | -0.141       |
|    explained_variance   | 0.922        |
|    learning_rate        | 0.0003       |
|    loss                 | -0.00256     |
|    n_updates            | 350          |
|    policy_gradient_loss | -0.00044     |
|    value_loss           | 0.000212     |
------------------------------------------
  step  150000/500000 ( 30.0%)  mean_rew=-0.000
-------------------------------------------
| time/                   |               |
|    fps                  | 1206          |
|    iterations           | 37            |
|    time_elapsed         | 125           |
|    total_timesteps      | 151552        |
| train/                  |               |
|    approx_kl            | 0.00083158544 |
|    clip_fraction        | 0.014         |
|    clip_range           | 0.2           |
|    entropy_loss         | -0.139        |
|    explained_variance   | 0.866         |
|    learning_rate        | 0.0003        |
|    loss                 | -0.0045       |
|    n_updates            | 360           |
|    policy_gradient_loss | -0.00104      |
|    value_loss           | 0.000403      |
-------------------------------------------
  step  155000/500000 ( 31.0%)  mean_rew=-0.001
-------------------------------------------
| time/                   |               |
|    fps                  | 1206          |
|    iterations           | 38            |
|    time_elapsed         | 129           |
|    total_timesteps      | 155648        |
| train/                  |               |
|    approx_kl            | 0.00047128205 |
|    clip_fraction        | 0.00532       |
|    clip_range           | 0.2           |
|    entropy_loss         | -0.133        |
|    explained_variance   | 0.879         |
|    learning_rate        | 0.0003        |
|    loss                 | -0.000442     |
|    n_updates            | 370           |
|    policy_gradient_loss | -0.000714     |
|    value_loss           | 0.000347      |
-------------------------------------------
------------------------------------------
| time/                   |              |
|    fps                  | 1205         |
|    iterations           | 39           |
|    time_elapsed         | 132          |
|    total_timesteps      | 159744       |
| train/                  |              |
|    approx_kl            | 0.0011808048 |
|    clip_fraction        | 0.0221       |
|    clip_range           | 0.2          |
|    entropy_loss         | -0.133       |
|    explained_variance   | 0.886        |
|    learning_rate        | 0.0003       |
|    loss                 | -0.00341     |
|    n_updates            | 380          |
|    policy_gradient_loss | -0.0016      |
|    value_loss           | 0.000275     |
------------------------------------------
  step  160000/500000 ( 32.0%)  mean_rew=+0.000
-------------------------------------------
| time/                   |               |
|    fps                  | 1205          |
|    iterations           | 40            |
|    time_elapsed         | 135           |
|    total_timesteps      | 163840        |
| train/                  |               |
|    approx_kl            | 0.00053734105 |
|    clip_fraction        | 0.00676       |
|    clip_range           | 0.2           |
|    entropy_loss         | -0.137        |
|    explained_variance   | 0.905         |
|    learning_rate        | 0.0003        |
|    loss                 | 0.000425      |
|    n_updates            | 390           |
|    policy_gradient_loss | -0.00023      |
|    value_loss           | 0.000258      |
-------------------------------------------
  step  165000/500000 ( 33.0%)  mean_rew=-0.001
------------------------------------------
| time/                   |              |
|    fps                  | 1206         |
|    iterations           | 41           |
|    time_elapsed         | 139          |
|    total_timesteps      | 167936       |
| train/                  |              |
|    approx_kl            | 0.0009202973 |
|    clip_fraction        | 0.013        |
|    clip_range           | 0.2          |
|    entropy_loss         | -0.157       |
|    explained_variance   | 0.854        |
|    learning_rate        | 0.0003       |
|    loss                 | 0.00202      |
|    n_updates            | 400          |
|    policy_gradient_loss | -0.00117     |
|    value_loss           | 0.000438     |
------------------------------------------
  step  170000/500000 ( 34.0%)  mean_rew=-0.000
------------------------------------------
| time/                   |              |
|    fps                  | 1205         |
|    iterations           | 42           |
|    time_elapsed         | 142          |
|    total_timesteps      | 172032       |
| train/                  |              |
|    approx_kl            | 0.0023938804 |
|    clip_fraction        | 0.016        |
|    clip_range           | 0.2          |
|    entropy_loss         | -0.146       |
|    explained_variance   | 0.887        |
|    learning_rate        | 0.0003       |
|    loss                 | -0.00149     |
|    n_updates            | 410          |
|    policy_gradient_loss | -0.00116     |
|    value_loss           | 0.000278     |
------------------------------------------
  step  175000/500000 ( 35.0%)  mean_rew=-0.002
-------------------------------------------
| time/                   |               |
|    fps                  | 1204          |
|    iterations           | 43            |
|    time_elapsed         | 146           |
|    total_timesteps      | 176128        |
| train/                  |               |
|    approx_kl            | 0.00091090216 |
|    clip_fraction        | 0.0095        |
|    clip_range           | 0.2           |
|    entropy_loss         | -0.129        |
|    explained_variance   | 0.916         |
|    learning_rate        | 0.0003        |
|    loss                 | -0.00214      |
|    n_updates            | 420           |
|    policy_gradient_loss | -0.000539     |
|    value_loss           | 0.000225      |
-------------------------------------------
  step  180000/500000 ( 36.0%)  mean_rew=-0.000
------------------------------------------
| time/                   |              |
|    fps                  | 1204         |
|    iterations           | 44           |
|    time_elapsed         | 149          |
|    total_timesteps      | 180224       |
| train/                  |              |
|    approx_kl            | 0.0006970367 |
|    clip_fraction        | 0.0071       |
|    clip_range           | 0.2          |
|    entropy_loss         | -0.115       |
|    explained_variance   | 0.886        |
|    learning_rate        | 0.0003       |
|    loss                 | 0.0013       |
|    n_updates            | 430          |
|    policy_gradient_loss | -0.000524    |
|    value_loss           | 0.000324     |
------------------------------------------
------------------------------------------
| time/                   |              |
|    fps                  | 1205         |
|    iterations           | 45           |
|    time_elapsed         | 152          |
|    total_timesteps      | 184320       |
| train/                  |              |
|    approx_kl            | 0.0009165701 |
|    clip_fraction        | 0.00898      |
|    clip_range           | 0.2          |
|    entropy_loss         | -0.111       |
|    explained_variance   | 0.886        |
|    learning_rate        | 0.0003       |
|    loss                 | -0.00352     |
|    n_updates            | 440          |
|    policy_gradient_loss | -0.000486    |
|    value_loss           | 0.000305     |
------------------------------------------
  step  185000/500000 ( 37.0%)  mean_rew=-0.002
------------------------------------------
| time/                   |              |
|    fps                  | 1204         |
|    iterations           | 46           |
|    time_elapsed         | 156          |
|    total_timesteps      | 188416       |
| train/                  |              |
|    approx_kl            | 0.0007589554 |
|    clip_fraction        | 0.0104       |
|    clip_range           | 0.2          |
|    entropy_loss         | -0.113       |
|    explained_variance   | 0.887        |
|    learning_rate        | 0.0003       |
|    loss                 | 0.00175      |
|    n_updates            | 450          |
|    policy_gradient_loss | -0.000285    |
|    value_loss           | 0.000279     |
------------------------------------------
  step  190000/500000 ( 38.0%)  mean_rew=-0.001
------------------------------------------
| time/                   |              |
|    fps                  | 1203         |
|    iterations           | 47           |
|    time_elapsed         | 159          |
|    total_timesteps      | 192512       |
| train/                  |              |
|    approx_kl            | 0.0005512651 |
|    clip_fraction        | 0.00486      |
|    clip_range           | 0.2          |
|    entropy_loss         | -0.106       |
|    explained_variance   | 0.903        |
|    learning_rate        | 0.0003       |
|    loss                 | -0.00331     |
|    n_updates            | 460          |
|    policy_gradient_loss | -0.000163    |
|    value_loss           | 0.000275     |
------------------------------------------
  step  195000/500000 ( 39.0%)  mean_rew=+0.000
-------------------------------------------
| time/                   |               |
|    fps                  | 1204          |
|    iterations           | 48            |
|    time_elapsed         | 163           |
|    total_timesteps      | 196608        |
| train/                  |               |
|    approx_kl            | 0.00075933477 |
|    clip_fraction        | 0.0142        |
|    clip_range           | 0.2           |
|    entropy_loss         | -0.11         |
|    explained_variance   | 0.886         |
|    learning_rate        | 0.0003        |
|    loss                 | -0.00186      |
|    n_updates            | 470           |
|    policy_gradient_loss | -0.00112      |
|    value_loss           | 0.000319      |
-------------------------------------------
  step  200000/500000 ( 40.0%)  mean_rew=-0.001
------------------------------------------
| time/                   |              |
|    fps                  | 1204         |
|    iterations           | 49           |
|    time_elapsed         | 166          |
|    total_timesteps      | 200704       |
| train/                  |              |
|    approx_kl            | 0.0014768251 |
|    clip_fraction        | 0.00854      |
|    clip_range           | 0.2          |
|    entropy_loss         | -0.112       |
|    explained_variance   | 0.906        |
|    learning_rate        | 0.0003       |
|    loss                 | 0.00102      |
|    n_updates            | 480          |
|    policy_gradient_loss | -0.000549    |
|    value_loss           | 0.00021      |
------------------------------------------
------------------------------------------
| time/                   |              |
|    fps                  | 1203         |
|    iterations           | 50           |
|    time_elapsed         | 170          |
|    total_timesteps      | 204800       |
| train/                  |              |
|    approx_kl            | 0.0009613971 |
|    clip_fraction        | 0.0134       |
|    clip_range           | 0.2          |
|    entropy_loss         | -0.119       |
|    explained_variance   | 0.932        |
|    learning_rate        | 0.0003       |
|    loss                 | -0.00525     |
|    n_updates            | 490          |
|    policy_gradient_loss | -0.00112     |
|    value_loss           | 0.000164     |
------------------------------------------
  step  205000/500000 ( 41.0%)  mean_rew=+0.000
------------------------------------------
| time/                   |              |
|    fps                  | 1204         |
|    iterations           | 51           |
|    time_elapsed         | 173          |
|    total_timesteps      | 208896       |
| train/                  |              |
|    approx_kl            | 0.0013331895 |
|    clip_fraction        | 0.0145       |
|    clip_range           | 0.2          |
|    entropy_loss         | -0.109       |
|    explained_variance   | 0.872        |
|    learning_rate        | 0.0003       |
|    loss                 | -0.00528     |
|    n_updates            | 500          |
|    policy_gradient_loss | -0.000684    |
|    value_loss           | 0.000338     |
------------------------------------------
  step  210000/500000 ( 42.0%)  mean_rew=-0.001
------------------------------------------
| time/                   |              |
|    fps                  | 1204         |
|    iterations           | 52           |
|    time_elapsed         | 176          |
|    total_timesteps      | 212992       |
| train/                  |              |
|    approx_kl            | 0.0006959299 |
|    clip_fraction        | 0.00518      |
|    clip_range           | 0.2          |
|    entropy_loss         | -0.105       |
|    explained_variance   | 0.885        |
|    learning_rate        | 0.0003       |
|    loss                 | 0.000553     |
|    n_updates            | 510          |
|    policy_gradient_loss | -0.000203    |
|    value_loss           | 0.000286     |
------------------------------------------
  step  215000/500000 ( 43.0%)  mean_rew=-0.002
------------------------------------------
| time/                   |              |
|    fps                  | 1203         |
|    iterations           | 53           |
|    time_elapsed         | 180          |
|    total_timesteps      | 217088       |
| train/                  |              |
|    approx_kl            | 0.0011903509 |
|    clip_fraction        | 0.00967      |
|    clip_range           | 0.2          |
|    entropy_loss         | -0.0987      |
|    explained_variance   | 0.937        |
|    learning_rate        | 0.0003       |
|    loss                 | 0.00226      |
|    n_updates            | 520          |
|    policy_gradient_loss | -0.00102     |
|    value_loss           | 0.000149     |
------------------------------------------
  step  220000/500000 ( 44.0%)  mean_rew=-0.002
------------------------------------------
| time/                   |              |
|    fps                  | 1203         |
|    iterations           | 54           |
|    time_elapsed         | 183          |
|    total_timesteps      | 221184       |
| train/                  |              |
|    approx_kl            | 0.0016224267 |
|    clip_fraction        | 0.0115       |
|    clip_range           | 0.2          |
|    entropy_loss         | -0.0979      |
|    explained_variance   | 0.875        |
|    learning_rate        | 0.0003       |
|    loss                 | -0.0019      |
|    n_updates            | 530          |
|    policy_gradient_loss | -0.00116     |
|    value_loss           | 0.000345     |
------------------------------------------
  step  225000/500000 ( 45.0%)  mean_rew=-0.000
------------------------------------------
| time/                   |              |
|    fps                  | 1204         |
|    iterations           | 55           |
|    time_elapsed         | 187          |
|    total_timesteps      | 225280       |
| train/                  |              |
|    approx_kl            | 0.0008821379 |
|    clip_fraction        | 0.00608      |
|    clip_range           | 0.2          |
|    entropy_loss         | -0.103       |
|    explained_variance   | 0.849        |
|    learning_rate        | 0.0003       |
|    loss                 | -0.000182    |
|    n_updates            | 540          |
|    policy_gradient_loss | -0.000188    |
|    value_loss           | 0.000421     |
------------------------------------------
-------------------------------------------
| time/                   |               |
|    fps                  | 1204          |
|    iterations           | 56            |
|    time_elapsed         | 190           |
|    total_timesteps      | 229376        |
| train/                  |               |
|    approx_kl            | 0.00025063416 |
|    clip_fraction        | 0.00144       |
|    clip_range           | 0.2           |
|    entropy_loss         | -0.105        |
|    explained_variance   | 0.891         |
|    learning_rate        | 0.0003        |
|    loss                 | 0.00184       |
|    n_updates            | 550           |
|    policy_gradient_loss | -3.91e-05     |
|    value_loss           | 0.000252      |
-------------------------------------------
  step  230000/500000 ( 46.0%)  mean_rew=-0.000
------------------------------------------
| time/                   |              |
|    fps                  | 1203         |
|    iterations           | 57           |
|    time_elapsed         | 194          |
|    total_timesteps      | 233472       |
| train/                  |              |
|    approx_kl            | 0.0014327816 |
|    clip_fraction        | 0.0148       |
|    clip_range           | 0.2          |
|    entropy_loss         | -0.0944      |
|    explained_variance   | 0.907        |
|    learning_rate        | 0.0003       |
|    loss                 | -0.00624     |
|    n_updates            | 560          |
|    policy_gradient_loss | -0.00102     |
|    value_loss           | 0.000244     |
------------------------------------------
  step  235000/500000 ( 47.0%)  mean_rew=+0.000
------------------------------------------
| time/                   |              |
|    fps                  | 1204         |
|    iterations           | 58           |
|    time_elapsed         | 197          |
|    total_timesteps      | 237568       |
| train/                  |              |
|    approx_kl            | 0.0012192539 |
|    clip_fraction        | 0.00603      |
|    clip_range           | 0.2          |
|    entropy_loss         | -0.0907      |
|    explained_variance   | 0.863        |
|    learning_rate        | 0.0003       |
|    loss                 | 0.000757     |
|    n_updates            | 570          |
|    policy_gradient_loss | -0.000327    |
|    value_loss           | 0.000393     |
------------------------------------------
  step  240000/500000 ( 48.0%)  mean_rew=-0.002
------------------------------------------
| time/                   |              |
|    fps                  | 1204         |
|    iterations           | 59           |
|    time_elapsed         | 200          |
|    total_timesteps      | 241664       |
| train/                  |              |
|    approx_kl            | 0.0014506422 |
|    clip_fraction        | 0.0074       |
|    clip_range           | 0.2          |
|    entropy_loss         | -0.0847      |
|    explained_variance   | 0.887        |
|    learning_rate        | 0.0003       |
|    loss                 | -0.00549     |
|    n_updates            | 580          |
|    policy_gradient_loss | -0.000398    |
|    value_loss           | 0.000282     |
------------------------------------------
  step  245000/500000 ( 49.0%)  mean_rew=-0.001
------------------------------------------
| time/                   |              |
|    fps                  | 1203         |
|    iterations           | 60           |
|    time_elapsed         | 204          |
|    total_timesteps      | 245760       |
| train/                  |              |
|    approx_kl            | 0.0010125046 |
|    clip_fraction        | 0.00759      |
|    clip_range           | 0.2          |
|    entropy_loss         | -0.079       |
|    explained_variance   | 0.925        |
|    learning_rate        | 0.0003       |
|    loss                 | -0.000738    |
|    n_updates            | 590          |
|    policy_gradient_loss | -0.000578    |
|    value_loss           | 0.000185     |
------------------------------------------
-------------------------------------------
| time/                   |               |
|    fps                  | 1203          |
|    iterations           | 61            |
|    time_elapsed         | 207           |
|    total_timesteps      | 249856        |
| train/                  |               |
|    approx_kl            | 0.00063675886 |
|    clip_fraction        | 0.00481       |
|    clip_range           | 0.2           |
|    entropy_loss         | -0.0789       |
|    explained_variance   | 0.877         |
|    learning_rate        | 0.0003        |
|    loss                 | 0.000859      |
|    n_updates            | 600           |
|    policy_gradient_loss | -0.000473     |
|    value_loss           | 0.000342      |
-------------------------------------------
  step  250000/500000 ( 50.0%)  mean_rew=-0.001
-------------------------------------------
| time/                   |               |
|    fps                  | 1203          |
|    iterations           | 62            |
|    time_elapsed         | 210           |
|    total_timesteps      | 253952        |
| train/                  |               |
|    approx_kl            | 0.00077392603 |
|    clip_fraction        | 0.00413       |
|    clip_range           | 0.2           |
|    entropy_loss         | -0.0753       |
|    explained_variance   | 0.873         |
|    learning_rate        | 0.0003        |
|    loss                 | 0.00376       |
|    n_updates            | 610           |
|    policy_gradient_loss | -0.000178     |
|    value_loss           | 0.000345      |
-------------------------------------------
  step  255000/500000 ( 51.0%)  mean_rew=-0.001
------------------------------------------
| time/                   |              |
|    fps                  | 1203         |
|    iterations           | 63           |
|    time_elapsed         | 214          |
|    total_timesteps      | 258048       |
| train/                  |              |
|    approx_kl            | 0.0007855364 |
|    clip_fraction        | 0.00544      |
|    clip_range           | 0.2          |
|    entropy_loss         | -0.077       |
|    explained_variance   | 0.895        |
|    learning_rate        | 0.0003       |
|    loss                 | -0.00212     |
|    n_updates            | 620          |
|    policy_gradient_loss | -0.000575    |
|    value_loss           | 0.000235     |
------------------------------------------
  step  260000/500000 ( 52.0%)  mean_rew=-0.001
-------------------------------------------
| time/                   |               |
|    fps                  | 1202          |
|    iterations           | 64            |
|    time_elapsed         | 217           |
|    total_timesteps      | 262144        |
| train/                  |               |
|    approx_kl            | 0.00080137525 |
|    clip_fraction        | 0.00327       |
|    clip_range           | 0.2           |
|    entropy_loss         | -0.079        |
|    explained_variance   | 0.922         |
|    learning_rate        | 0.0003        |
|    loss                 | -0.00245      |
|    n_updates            | 630           |
|    policy_gradient_loss | -5.72e-05     |
|    value_loss           | 0.000181      |
-------------------------------------------
  step  265000/500000 ( 53.0%)  mean_rew=+0.000
-------------------------------------------
| time/                   |               |
|    fps                  | 1203          |
|    iterations           | 65            |
|    time_elapsed         | 221           |
|    total_timesteps      | 266240        |
| train/                  |               |
|    approx_kl            | 0.00066355336 |
|    clip_fraction        | 0.00811       |
|    clip_range           | 0.2           |
|    entropy_loss         | -0.0893       |
|    explained_variance   | 0.877         |
|    learning_rate        | 0.0003        |
|    loss                 | -0.000289     |
|    n_updates            | 640           |
|    policy_gradient_loss | -0.000358     |
|    value_loss           | 0.000308      |
-------------------------------------------
  step  270000/500000 ( 54.0%)  mean_rew=-0.001
-----------------------------------------
| time/                   |             |
|    fps                  | 1203        |
|    iterations           | 66          |
|    time_elapsed         | 224         |
|    total_timesteps      | 270336      |
| train/                  |             |
|    approx_kl            | 0.014040065 |
|    clip_fraction        | 0.033       |
|    clip_range           | 0.2         |
|    entropy_loss         | -0.138      |
|    explained_variance   | 0.895       |
|    learning_rate        | 0.0003      |
|    loss                 | -0.00861    |
|    n_updates            | 650         |
|    policy_gradient_loss | -0.00211    |
|    value_loss           | 0.000221    |
-----------------------------------------
-------------------------------------------
| time/                   |               |
|    fps                  | 1202          |
|    iterations           | 67            |
|    time_elapsed         | 228           |
|    total_timesteps      | 274432        |
| train/                  |               |
|    approx_kl            | 0.00061840145 |
|    clip_fraction        | 0.012         |
|    clip_range           | 0.2           |
|    entropy_loss         | -0.183        |
|    explained_variance   | 0.916         |
|    learning_rate        | 0.0003        |
|    loss                 | 0.00371       |
|    n_updates            | 660           |
|    policy_gradient_loss | -0.00032      |
|    value_loss           | 0.000191      |
-------------------------------------------
  step  275000/500000 ( 55.0%)  mean_rew=-0.000
------------------------------------------
| time/                   |              |
|    fps                  | 1202         |
|    iterations           | 68           |
|    time_elapsed         | 231          |
|    total_timesteps      | 278528       |
| train/                  |              |
|    approx_kl            | 0.0017446463 |
|    clip_fraction        | 0.024        |
|    clip_range           | 0.2          |
|    entropy_loss         | -0.181       |
|    explained_variance   | 0.845        |
|    learning_rate        | 0.0003       |
|    loss                 | 0.00042      |
|    n_updates            | 670          |
|    policy_gradient_loss | -0.00125     |
|    value_loss           | 0.000423     |
------------------------------------------
  step  280000/500000 ( 56.0%)  mean_rew=-0.001
-------------------------------------------
| time/                   |               |
|    fps                  | 1203          |
|    iterations           | 69            |
|    time_elapsed         | 234           |
|    total_timesteps      | 282624        |
| train/                  |               |
|    approx_kl            | 0.00081784837 |
|    clip_fraction        | 0.0122        |
|    clip_range           | 0.2           |
|    entropy_loss         | -0.177        |
|    explained_variance   | 0.871         |
|    learning_rate        | 0.0003        |
|    loss                 | 0.0016        |
|    n_updates            | 680           |
|    policy_gradient_loss | -0.000407     |
|    value_loss           | 0.00033       |
-------------------------------------------
  step  285000/500000 ( 57.0%)  mean_rew=-0.001
------------------------------------------
| time/                   |              |
|    fps                  | 1203         |
|    iterations           | 70           |
|    time_elapsed         | 238          |
|    total_timesteps      | 286720       |
| train/                  |              |
|    approx_kl            | 0.0010498902 |
|    clip_fraction        | 0.0178       |
|    clip_range           | 0.2          |
|    entropy_loss         | -0.174       |
|    explained_variance   | 0.887        |
|    learning_rate        | 0.0003       |
|    loss                 | -0.000236    |
|    n_updates            | 690          |
|    policy_gradient_loss | -0.00107     |
|    value_loss           | 0.000254     |
------------------------------------------
  step  290000/500000 ( 58.0%)  mean_rew=-0.002
------------------------------------------
| time/                   |              |
|    fps                  | 1202         |
|    iterations           | 71           |
|    time_elapsed         | 241          |
|    total_timesteps      | 290816       |
| train/                  |              |
|    approx_kl            | 0.0012112935 |
|    clip_fraction        | 0.0106       |
|    clip_range           | 0.2          |
|    entropy_loss         | -0.174       |
|    explained_variance   | 0.912        |
|    learning_rate        | 0.0003       |
|    loss                 | -0.0012      |
|    n_updates            | 700          |
|    policy_gradient_loss | -0.000579    |
|    value_loss           | 0.000219     |
------------------------------------------
------------------------------------------
| time/                   |              |
|    fps                  | 1203         |
|    iterations           | 72           |
|    time_elapsed         | 245          |
|    total_timesteps      | 294912       |
| train/                  |              |
|    approx_kl            | 0.0012055598 |
|    clip_fraction        | 0.0132       |
|    clip_range           | 0.2          |
|    entropy_loss         | -0.169       |
|    explained_variance   | 0.85         |
|    learning_rate        | 0.0003       |
|    loss                 | 0.00743      |
|    n_updates            | 710          |
|    policy_gradient_loss | -0.000959    |
|    value_loss           | 0.000439     |
------------------------------------------
  step  295000/500000 ( 59.0%)  mean_rew=-0.002
------------------------------------------
| time/                   |              |
|    fps                  | 1203         |
|    iterations           | 73           |
|    time_elapsed         | 248          |
|    total_timesteps      | 299008       |
| train/                  |              |
|    approx_kl            | 0.0015079225 |
|    clip_fraction        | 0.0143       |
|    clip_range           | 0.2          |
|    entropy_loss         | -0.161       |
|    explained_variance   | 0.885        |
|    learning_rate        | 0.0003       |
|    loss                 | -0.00299     |
|    n_updates            | 720          |
|    policy_gradient_loss | -0.00042     |
|    value_loss           | 0.000252     |
------------------------------------------
  step  300000/500000 ( 60.0%)  mean_rew=-0.001
------------------------------------------
| time/                   |              |
|    fps                  | 1202         |
|    iterations           | 74           |
|    time_elapsed         | 251          |
|    total_timesteps      | 303104       |
| train/                  |              |
|    approx_kl            | 0.0009103403 |
|    clip_fraction        | 0.0186       |
|    clip_range           | 0.2          |
|    entropy_loss         | -0.143       |
|    explained_variance   | 0.906        |
|    learning_rate        | 0.0003       |
|    loss                 | -0.00396     |
|    n_updates            | 730          |
|    policy_gradient_loss | -0.00135     |
|    value_loss           | 0.000232     |
------------------------------------------
  step  305000/500000 ( 61.0%)  mean_rew=+0.000
------------------------------------------
| time/                   |              |
|    fps                  | 1203         |
|    iterations           | 75           |
|    time_elapsed         | 255          |
|    total_timesteps      | 307200       |
| train/                  |              |
|    approx_kl            | 0.0005959767 |
|    clip_fraction        | 0.00859      |
|    clip_range           | 0.2          |
|    entropy_loss         | -0.129       |
|    explained_variance   | 0.857        |
|    learning_rate        | 0.0003       |
|    loss                 | 0.00397      |
|    n_updates            | 740          |
|    policy_gradient_loss | -0.000421    |
|    value_loss           | 0.000404     |
------------------------------------------
  step  310000/500000 ( 62.0%)  mean_rew=+0.000
-------------------------------------------
| time/                   |               |
|    fps                  | 1202          |
|    iterations           | 76            |
|    time_elapsed         | 258           |
|    total_timesteps      | 311296        |
| train/                  |               |
|    approx_kl            | 0.00067206065 |
|    clip_fraction        | 0.0131        |
|    clip_range           | 0.2           |
|    entropy_loss         | -0.12         |
|    explained_variance   | 0.871         |
|    learning_rate        | 0.0003        |
|    loss                 | 2.37e-05      |
|    n_updates            | 750           |
|    policy_gradient_loss | -0.000965     |
|    value_loss           | 0.000356      |
-------------------------------------------
  step  315000/500000 ( 63.0%)  mean_rew=-0.001
-------------------------------------------
| time/                   |               |
|    fps                  | 1202          |
|    iterations           | 77            |
|    time_elapsed         | 262           |
|    total_timesteps      | 315392        |
| train/                  |               |
|    approx_kl            | 0.00042947225 |
|    clip_fraction        | 0.00854       |
|    clip_range           | 0.2           |
|    entropy_loss         | -0.115        |
|    explained_variance   | 0.881         |
|    learning_rate        | 0.0003        |
|    loss                 | 0.000353      |
|    n_updates            | 760           |
|    policy_gradient_loss | -0.000607     |
|    value_loss           | 0.000289      |
-------------------------------------------
-------------------------------------------
| time/                   |               |
|    fps                  | 1202          |
|    iterations           | 78            |
|    time_elapsed         | 265           |
|    total_timesteps      | 319488        |
| train/                  |               |
|    approx_kl            | 0.00028319762 |
|    clip_fraction        | 0.00532       |
|    clip_range           | 0.2           |
|    entropy_loss         | -0.118        |
|    explained_variance   | 0.884         |
|    learning_rate        | 0.0003        |
|    loss                 | -0.000586     |
|    n_updates            | 770           |
|    policy_gradient_loss | -0.000582     |
|    value_loss           | 0.000324      |
-------------------------------------------
  step  320000/500000 ( 64.0%)  mean_rew=-0.001
------------------------------------------
| time/                   |              |
|    fps                  | 1202         |
|    iterations           | 79           |
|    time_elapsed         | 269          |
|    total_timesteps      | 323584       |
| train/                  |              |
|    approx_kl            | 0.0008798692 |
|    clip_fraction        | 0.011        |
|    clip_range           | 0.2          |
|    entropy_loss         | -0.124       |
|    explained_variance   | 0.877        |
|    learning_rate        | 0.0003       |
|    loss                 | -0.0032      |
|    n_updates            | 780          |
|    policy_gradient_loss | -0.000368    |
|    value_loss           | 0.000357     |
------------------------------------------
  step  325000/500000 ( 65.0%)  mean_rew=+0.000
-------------------------------------------
| time/                   |               |
|    fps                  | 1202          |
|    iterations           | 80            |
|    time_elapsed         | 272           |
|    total_timesteps      | 327680        |
| train/                  |               |
|    approx_kl            | 0.00087998086 |
|    clip_fraction        | 0.00984       |
|    clip_range           | 0.2           |
|    entropy_loss         | -0.122        |
|    explained_variance   | 0.896         |
|    learning_rate        | 0.0003        |
|    loss                 | -0.000191     |
|    n_updates            | 790           |
|    policy_gradient_loss | -0.000526     |
|    value_loss           | 0.000242      |
-------------------------------------------
  step  330000/500000 ( 66.0%)  mean_rew=-0.001
------------------------------------------
| time/                   |              |
|    fps                  | 1202         |
|    iterations           | 81           |
|    time_elapsed         | 275          |
|    total_timesteps      | 331776       |
| train/                  |              |
|    approx_kl            | 0.0007473018 |
|    clip_fraction        | 0.0114       |
|    clip_range           | 0.2          |
|    entropy_loss         | -0.114       |
|    explained_variance   | 0.919        |
|    learning_rate        | 0.0003       |
|    loss                 | 0.00427      |
|    n_updates            | 800          |
|    policy_gradient_loss | -0.000614    |
|    value_loss           | 0.000203     |
------------------------------------------
  step  335000/500000 ( 67.0%)  mean_rew=+0.000
------------------------------------------
| time/                   |              |
|    fps                  | 1202         |
|    iterations           | 82           |
|    time_elapsed         | 279          |
|    total_timesteps      | 335872       |
| train/                  |              |
|    approx_kl            | 0.0008669627 |
|    clip_fraction        | 0.0141       |
|    clip_range           | 0.2          |
|    entropy_loss         | -0.101       |
|    explained_variance   | 0.879        |
|    learning_rate        | 0.0003       |
|    loss                 | 0.0022       |
|    n_updates            | 810          |
|    policy_gradient_loss | -0.000628    |
|    value_loss           | 0.00031      |
------------------------------------------
-----------------------------------------
| time/                   |             |
|    fps                  | 1202        |
|    iterations           | 83          |
|    time_elapsed         | 282         |
|    total_timesteps      | 339968      |
| train/                  |             |
|    approx_kl            | 0.000472116 |
|    clip_fraction        | 0.00623     |
|    clip_range           | 0.2         |
|    entropy_loss         | -0.0937     |
|    explained_variance   | 0.886       |
|    learning_rate        | 0.0003      |
|    loss                 | -4.82e-05   |
|    n_updates            | 820         |
|    policy_gradient_loss | -0.000228   |
|    value_loss           | 0.00028     |
-----------------------------------------
  step  340000/500000 ( 68.0%)  mean_rew=+0.000
-------------------------------------------
| time/                   |               |
|    fps                  | 1202          |
|    iterations           | 84            |
|    time_elapsed         | 286           |
|    total_timesteps      | 344064        |
| train/                  |               |
|    approx_kl            | 0.00062940747 |
|    clip_fraction        | 0.00928       |
|    clip_range           | 0.2           |
|    entropy_loss         | -0.0876       |
|    explained_variance   | 0.886         |
|    learning_rate        | 0.0003        |
|    loss                 | -0.00297      |
|    n_updates            | 830           |
|    policy_gradient_loss | -0.000512     |
|    value_loss           | 0.000253      |
-------------------------------------------
  step  345000/500000 ( 69.0%)  mean_rew=-0.000
-------------------------------------------
| time/                   |               |
|    fps                  | 1202          |
|    iterations           | 85            |
|    time_elapsed         | 289           |
|    total_timesteps      | 348160        |
| train/                  |               |
|    approx_kl            | 0.00065504806 |
|    clip_fraction        | 0.00813       |
|    clip_range           | 0.2           |
|    entropy_loss         | -0.0846       |
|    explained_variance   | 0.906         |
|    learning_rate        | 0.0003        |
|    loss                 | 0.000369      |
|    n_updates            | 840           |
|    policy_gradient_loss | -0.000413     |
|    value_loss           | 0.000229      |
-------------------------------------------
  step  350000/500000 ( 70.0%)  mean_rew=-0.000
------------------------------------------
| time/                   |              |
|    fps                  | 1203         |
|    iterations           | 86           |
|    time_elapsed         | 292          |
|    total_timesteps      | 352256       |
| train/                  |              |
|    approx_kl            | 0.0006466367 |
|    clip_fraction        | 0.00759      |
|    clip_range           | 0.2          |
|    entropy_loss         | -0.0777      |
|    explained_variance   | 0.868        |
|    learning_rate        | 0.0003       |
|    loss                 | 0.000674     |
|    n_updates            | 850          |
|    policy_gradient_loss | -0.000415    |
|    value_loss           | 0.000335     |
------------------------------------------
  step  355000/500000 ( 71.0%)  mean_rew=-0.001
------------------------------------------
| time/                   |              |
|    fps                  | 1204         |
|    iterations           | 87           |
|    time_elapsed         | 295          |
|    total_timesteps      | 356352       |
| train/                  |              |
|    approx_kl            | 0.0033734713 |
|    clip_fraction        | 0.0133       |
|    clip_range           | 0.2          |
|    entropy_loss         | -0.0979      |
|    explained_variance   | 0.897        |
|    learning_rate        | 0.0003       |
|    loss                 | -0.00403     |
|    n_updates            | 860          |
|    policy_gradient_loss | -0.000842    |
|    value_loss           | 0.000223     |
------------------------------------------
  step  360000/500000 ( 72.0%)  mean_rew=-0.000
-------------------------------------------
| time/                   |               |
|    fps                  | 1205          |
|    iterations           | 88            |
|    time_elapsed         | 299           |
|    total_timesteps      | 360448        |
| train/                  |               |
|    approx_kl            | 0.00077911094 |
|    clip_fraction        | 0.0126        |
|    clip_range           | 0.2           |
|    entropy_loss         | -0.104        |
|    explained_variance   | 0.923         |
|    learning_rate        | 0.0003        |
|    loss                 | -0.0014       |
|    n_updates            | 870           |
|    policy_gradient_loss | -0.000679     |
|    value_loss           | 0.000179      |
-------------------------------------------
------------------------------------------
| time/                   |              |
|    fps                  | 1207         |
|    iterations           | 89           |
|    time_elapsed         | 302          |
|    total_timesteps      | 364544       |
| train/                  |              |
|    approx_kl            | 0.0006580546 |
|    clip_fraction        | 0.00977      |
|    clip_range           | 0.2          |
|    entropy_loss         | -0.105       |
|    explained_variance   | 0.864        |
|    learning_rate        | 0.0003       |
|    loss                 | 0.000112     |
|    n_updates            | 880          |
|    policy_gradient_loss | -4.31e-06    |
|    value_loss           | 0.000368     |
------------------------------------------
  step  365000/500000 ( 73.0%)  mean_rew=-0.001
------------------------------------------
| time/                   |              |
|    fps                  | 1208         |
|    iterations           | 90           |
|    time_elapsed         | 304          |
|    total_timesteps      | 368640       |
| train/                  |              |
|    approx_kl            | 0.0008384726 |
|    clip_fraction        | 0.00918      |
|    clip_range           | 0.2          |
|    entropy_loss         | -0.0992      |
|    explained_variance   | 0.883        |
|    learning_rate        | 0.0003       |
|    loss                 | -0.00156     |
|    n_updates            | 890          |
|    policy_gradient_loss | -0.000254    |
|    value_loss           | 0.00029      |
------------------------------------------
  step  370000/500000 ( 74.0%)  mean_rew=-0.003
-------------------------------------------
| time/                   |               |
|    fps                  | 1210          |
|    iterations           | 91            |
|    time_elapsed         | 307           |
|    total_timesteps      | 372736        |
| train/                  |               |
|    approx_kl            | 0.00068378466 |
|    clip_fraction        | 0.0094        |
|    clip_range           | 0.2           |
|    entropy_loss         | -0.0869       |
|    explained_variance   | 0.882         |
|    learning_rate        | 0.0003        |
|    loss                 | -2.29e-06     |
|    n_updates            | 900           |
|    policy_gradient_loss | -0.00052      |
|    value_loss           | 0.000269      |
-------------------------------------------
  step  375000/500000 ( 75.0%)  mean_rew=-0.002
-------------------------------------------
| time/                   |               |
|    fps                  | 1212          |
|    iterations           | 92            |
|    time_elapsed         | 310           |
|    total_timesteps      | 376832        |
| train/                  |               |
|    approx_kl            | 0.00030056987 |
|    clip_fraction        | 0.00356       |
|    clip_range           | 0.2           |
|    entropy_loss         | -0.0858       |
|    explained_variance   | 0.92          |
|    learning_rate        | 0.0003        |
|    loss                 | -0.00139      |
|    n_updates            | 910           |
|    policy_gradient_loss | 0.000103      |
|    value_loss           | 0.000188      |
-------------------------------------------
  step  380000/500000 ( 76.0%)  mean_rew=-0.001
------------------------------------------
| time/                   |              |
|    fps                  | 1214         |
|    iterations           | 93           |
|    time_elapsed         | 313          |
|    total_timesteps      | 380928       |
| train/                  |              |
|    approx_kl            | 0.0005426755 |
|    clip_fraction        | 0.00459      |
|    clip_range           | 0.2          |
|    entropy_loss         | -0.0806      |
|    explained_variance   | 0.872        |
|    learning_rate        | 0.0003       |
|    loss                 | -0.000325    |
|    n_updates            | 920          |
|    policy_gradient_loss | -2.3e-05     |
|    value_loss           | 0.000338     |
------------------------------------------
  step  385000/500000 ( 77.0%)  mean_rew=-0.001
------------------------------------------
| time/                   |              |
|    fps                  | 1215         |
|    iterations           | 94           |
|    time_elapsed         | 316          |
|    total_timesteps      | 385024       |
| train/                  |              |
|    approx_kl            | 0.0012824622 |
|    clip_fraction        | 0.0105       |
|    clip_range           | 0.2          |
|    entropy_loss         | -0.0685      |
|    explained_variance   | 0.904        |
|    learning_rate        | 0.0003       |
|    loss                 | 0.00104      |
|    n_updates            | 930          |
|    policy_gradient_loss | -0.000604    |
|    value_loss           | 0.000204     |
------------------------------------------
-------------------------------------------
| time/                   |               |
|    fps                  | 1216          |
|    iterations           | 95            |
|    time_elapsed         | 319           |
|    total_timesteps      | 389120        |
| train/                  |               |
|    approx_kl            | 0.00058351626 |
|    clip_fraction        | 0.00579       |
|    clip_range           | 0.2           |
|    entropy_loss         | -0.0638       |
|    explained_variance   | 0.91          |
|    learning_rate        | 0.0003        |
|    loss                 | 0.00148       |
|    n_updates            | 940           |
|    policy_gradient_loss | -0.000344     |
|    value_loss           | 0.00022       |
-------------------------------------------
  step  390000/500000 ( 78.0%)  mean_rew=-0.001
-------------------------------------------
| time/                   |               |
|    fps                  | 1218          |
|    iterations           | 96            |
|    time_elapsed         | 322           |
|    total_timesteps      | 393216        |
| train/                  |               |
|    approx_kl            | 0.00043378182 |
|    clip_fraction        | 0.00579       |
|    clip_range           | 0.2           |
|    entropy_loss         | -0.0674       |
|    explained_variance   | 0.878         |
|    learning_rate        | 0.0003        |
|    loss                 | 0.00171       |
|    n_updates            | 950           |
|    policy_gradient_loss | -0.000469     |
|    value_loss           | 0.000312      |
-------------------------------------------
  step  395000/500000 ( 79.0%)  mean_rew=-0.001
-------------------------------------------
| time/                   |               |
|    fps                  | 1220          |
|    iterations           | 97            |
|    time_elapsed         | 325           |
|    total_timesteps      | 397312        |
| train/                  |               |
|    approx_kl            | 0.00034504497 |
|    clip_fraction        | 0.0063        |
|    clip_range           | 0.2           |
|    entropy_loss         | -0.0585       |
|    explained_variance   | 0.889         |
|    learning_rate        | 0.0003        |
|    loss                 | 0.000428      |
|    n_updates            | 960           |
|    policy_gradient_loss | -0.0003       |
|    value_loss           | 0.000274      |
-------------------------------------------
  step  400000/500000 ( 80.0%)  mean_rew=-0.000
-----------------------------------------
| time/                   |             |
|    fps                  | 1221        |
|    iterations           | 98          |
|    time_elapsed         | 328         |
|    total_timesteps      | 401408      |
| train/                  |             |
|    approx_kl            | 0.000739923 |
|    clip_fraction        | 0.00515     |
|    clip_range           | 0.2         |
|    entropy_loss         | -0.0685     |
|    explained_variance   | 0.933       |
|    learning_rate        | 0.0003      |
|    loss                 | -0.00109    |
|    n_updates            | 970         |
|    policy_gradient_loss | -0.000297   |
|    value_loss           | 0.000159    |
-----------------------------------------
  step  405000/500000 ( 81.0%)  mean_rew=-0.002
-----------------------------------------
| time/                   |             |
|    fps                  | 1222        |
|    iterations           | 99          |
|    time_elapsed         | 331         |
|    total_timesteps      | 405504      |
| train/                  |             |
|    approx_kl            | 0.000433426 |
|    clip_fraction        | 0.00583     |
|    clip_range           | 0.2         |
|    entropy_loss         | -0.0687     |
|    explained_variance   | 0.891       |
|    learning_rate        | 0.0003      |
|    loss                 | 0.00157     |
|    n_updates            | 980         |
|    policy_gradient_loss | 4.77e-05    |
|    value_loss           | 0.000283    |
-----------------------------------------
------------------------------------------
| time/                   |              |
|    fps                  | 1224         |
|    iterations           | 100          |
|    time_elapsed         | 334          |
|    total_timesteps      | 409600       |
| train/                  |              |
|    approx_kl            | 0.0004261267 |
|    clip_fraction        | 0.00601      |
|    clip_range           | 0.2          |
|    entropy_loss         | -0.0743      |
|    explained_variance   | 0.874        |
|    learning_rate        | 0.0003       |
|    loss                 | -0.00247     |
|    n_updates            | 990          |
|    policy_gradient_loss | -0.000122    |
|    value_loss           | 0.000326     |
------------------------------------------
  step  410000/500000 ( 82.0%)  mean_rew=-0.000
-------------------------------------------
| time/                   |               |
|    fps                  | 1225          |
|    iterations           | 101           |
|    time_elapsed         | 337           |
|    total_timesteps      | 413696        |
| train/                  |               |
|    approx_kl            | 0.00028100164 |
|    clip_fraction        | 0.00605       |
|    clip_range           | 0.2           |
|    entropy_loss         | -0.0825       |
|    explained_variance   | 0.892         |
|    learning_rate        | 0.0003        |
|    loss                 | -0.000264     |
|    n_updates            | 1000          |
|    policy_gradient_loss | -0.000303     |
|    value_loss           | 0.000235      |
-------------------------------------------
  step  415000/500000 ( 83.0%)  mean_rew=-0.002
------------------------------------------
| time/                   |              |
|    fps                  | 1226         |
|    iterations           | 102          |
|    time_elapsed         | 340          |
|    total_timesteps      | 417792       |
| train/                  |              |
|    approx_kl            | 0.0005010704 |
|    clip_fraction        | 0.00764      |
|    clip_range           | 0.2          |
|    entropy_loss         | -0.0703      |
|    explained_variance   | 0.923        |
|    learning_rate        | 0.0003       |
|    loss                 | -0.00229     |
|    n_updates            | 1010         |
|    policy_gradient_loss | -0.000465    |
|    value_loss           | 0.00018      |
------------------------------------------
  step  420000/500000 ( 84.0%)  mean_rew=-0.001
------------------------------------------
| time/                   |              |
|    fps                  | 1228         |
|    iterations           | 103          |
|    time_elapsed         | 343          |
|    total_timesteps      | 421888       |
| train/                  |              |
|    approx_kl            | 0.0022234353 |
|    clip_fraction        | 0.012        |
|    clip_range           | 0.2          |
|    entropy_loss         | -0.0775      |
|    explained_variance   | 0.866        |
|    learning_rate        | 0.0003       |
|    loss                 | 0.000258     |
|    n_updates            | 1020         |
|    policy_gradient_loss | -0.000649    |
|    value_loss           | 0.000336     |
------------------------------------------
  step  425000/500000 ( 85.0%)  mean_rew=-0.001
-------------------------------------------
| time/                   |               |
|    fps                  | 1229          |
|    iterations           | 104           |
|    time_elapsed         | 346           |
|    total_timesteps      | 425984        |
| train/                  |               |
|    approx_kl            | 0.00028627113 |
|    clip_fraction        | 0.004         |
|    clip_range           | 0.2           |
|    entropy_loss         | -0.0797       |
|    explained_variance   | 0.891         |
|    learning_rate        | 0.0003        |
|    loss                 | -0.000208     |
|    n_updates            | 1030          |
|    policy_gradient_loss | -6.66e-05     |
|    value_loss           | 0.000256      |
-------------------------------------------
  step  430000/500000 ( 86.0%)  mean_rew=-0.001
------------------------------------------
| time/                   |              |
|    fps                  | 1230         |
|    iterations           | 105          |
|    time_elapsed         | 349          |
|    total_timesteps      | 430080       |
| train/                  |              |
|    approx_kl            | 0.0004833009 |
|    clip_fraction        | 0.00701      |
|    clip_range           | 0.2          |
|    entropy_loss         | -0.0759      |
|    explained_variance   | 0.923        |
|    learning_rate        | 0.0003       |
|    loss                 | 0.00508      |
|    n_updates            | 1040         |
|    policy_gradient_loss | -0.000229    |
|    value_loss           | 0.000188     |
------------------------------------------
------------------------------------------
| time/                   |              |
|    fps                  | 1231         |
|    iterations           | 106          |
|    time_elapsed         | 352          |
|    total_timesteps      | 434176       |
| train/                  |              |
|    approx_kl            | 0.0005461349 |
|    clip_fraction        | 0.0109       |
|    clip_range           | 0.2          |
|    entropy_loss         | -0.0908      |
|    explained_variance   | 0.874        |
|    learning_rate        | 0.0003       |
|    loss                 | -0.000281    |
|    n_updates            | 1050         |
|    policy_gradient_loss | -0.00037     |
|    value_loss           | 0.000339     |
------------------------------------------
  step  435000/500000 ( 87.0%)  mean_rew=-0.001
------------------------------------------
| time/                   |              |
|    fps                  | 1232         |
|    iterations           | 107          |
|    time_elapsed         | 355          |
|    total_timesteps      | 438272       |
| train/                  |              |
|    approx_kl            | 0.0010371936 |
|    clip_fraction        | 0.00999      |
|    clip_range           | 0.2          |
|    entropy_loss         | -0.0909      |
|    explained_variance   | 0.884        |
|    learning_rate        | 0.0003       |
|    loss                 | -0.000908    |
|    n_updates            | 1060         |
|    policy_gradient_loss | -0.000101    |
|    value_loss           | 0.000305     |
------------------------------------------
  step  440000/500000 ( 88.0%)  mean_rew=-0.001
-------------------------------------------
| time/                   |               |
|    fps                  | 1233          |
|    iterations           | 108           |
|    time_elapsed         | 358           |
|    total_timesteps      | 442368        |
| train/                  |               |
|    approx_kl            | 0.00031979498 |
|    clip_fraction        | 0.00674       |
|    clip_range           | 0.2           |
|    entropy_loss         | -0.0816       |
|    explained_variance   | 0.895         |
|    learning_rate        | 0.0003        |
|    loss                 | 0.000148      |
|    n_updates            | 1070          |
|    policy_gradient_loss | 0.000101      |
|    value_loss           | 0.00023       |
-------------------------------------------
  step  445000/500000 ( 89.0%)  mean_rew=-0.000
------------------------------------------
| time/                   |              |
|    fps                  | 1234         |
|    iterations           | 109          |
|    time_elapsed         | 361          |
|    total_timesteps      | 446464       |
| train/                  |              |
|    approx_kl            | 0.0009630934 |
|    clip_fraction        | 0.00496      |
|    clip_range           | 0.2          |
|    entropy_loss         | -0.0785      |
|    explained_variance   | 0.926        |
|    learning_rate        | 0.0003       |
|    loss                 | -0.00471     |
|    n_updates            | 1080         |
|    policy_gradient_loss | -0.000171    |
|    value_loss           | 0.000174     |
------------------------------------------
  step  450000/500000 ( 90.0%)  mean_rew=-0.001
------------------------------------------
| time/                   |              |
|    fps                  | 1235         |
|    iterations           | 110          |
|    time_elapsed         | 364          |
|    total_timesteps      | 450560       |
| train/                  |              |
|    approx_kl            | 0.0016914804 |
|    clip_fraction        | 0.0123       |
|    clip_range           | 0.2          |
|    entropy_loss         | -0.0814      |
|    explained_variance   | 0.877        |
|    learning_rate        | 0.0003       |
|    loss                 | -0.00179     |
|    n_updates            | 1090         |
|    policy_gradient_loss | -0.000477    |
|    value_loss           | 0.000302     |
------------------------------------------
-----------------------------------------
| time/                   |             |
|    fps                  | 1236        |
|    iterations           | 111         |
|    time_elapsed         | 367         |
|    total_timesteps      | 454656      |
| train/                  |             |
|    approx_kl            | 0.012201358 |
|    clip_fraction        | 0.0204      |
|    clip_range           | 0.2         |
|    entropy_loss         | -0.116      |
|    explained_variance   | 0.89        |
|    learning_rate        | 0.0003      |
|    loss                 | -0.00759    |
|    n_updates            | 1100        |
|    policy_gradient_loss | -0.001      |
|    value_loss           | 0.000244    |
-----------------------------------------
  step  455000/500000 ( 91.0%)  mean_rew=-0.001
-------------------------------------------
| time/                   |               |
|    fps                  | 1237          |
|    iterations           | 112           |
|    time_elapsed         | 370           |
|    total_timesteps      | 458752        |
| train/                  |               |
|    approx_kl            | 0.00054711406 |
|    clip_fraction        | 0.00747       |
|    clip_range           | 0.2           |
|    entropy_loss         | -0.143        |
|    explained_variance   | 0.874         |
|    learning_rate        | 0.0003        |
|    loss                 | 0.000291      |
|    n_updates            | 1110          |
|    policy_gradient_loss | -0.000181     |
|    value_loss           | 0.000313      |
-------------------------------------------
  step  460000/500000 ( 92.0%)  mean_rew=-0.002
-------------------------------------------
| time/                   |               |
|    fps                  | 1238          |
|    iterations           | 113           |
|    time_elapsed         | 373           |
|    total_timesteps      | 462848        |
| train/                  |               |
|    approx_kl            | 0.00068269006 |
|    clip_fraction        | 0.0141        |
|    clip_range           | 0.2           |
|    entropy_loss         | -0.14         |
|    explained_variance   | 0.87          |
|    learning_rate        | 0.0003        |
|    loss                 | -0.000983     |
|    n_updates            | 1120          |
|    policy_gradient_loss | -3.08e-05     |
|    value_loss           | 0.000326      |
-------------------------------------------
  step  465000/500000 ( 93.0%)  mean_rew=-0.002
------------------------------------------
| time/                   |              |
|    fps                  | 1239         |
|    iterations           | 114          |
|    time_elapsed         | 376          |
|    total_timesteps      | 466944       |
| train/                  |              |
|    approx_kl            | 0.0010305969 |
|    clip_fraction        | 0.0103       |
|    clip_range           | 0.2          |
|    entropy_loss         | -0.124       |
|    explained_variance   | 0.861        |
|    learning_rate        | 0.0003       |
|    loss                 | -0.00171     |
|    n_updates            | 1130         |
|    policy_gradient_loss | -5.51e-05    |
|    value_loss           | 0.000374     |
------------------------------------------
  step  470000/500000 ( 94.0%)  mean_rew=-0.003
-------------------------------------------
| time/                   |               |
|    fps                  | 1240          |
|    iterations           | 115           |
|    time_elapsed         | 379           |
|    total_timesteps      | 471040        |
| train/                  |               |
|    approx_kl            | 0.00064371456 |
|    clip_fraction        | 0.0125        |
|    clip_range           | 0.2           |
|    entropy_loss         | -0.116        |
|    explained_variance   | 0.896         |
|    learning_rate        | 0.0003        |
|    loss                 | 0.00112       |
|    n_updates            | 1140          |
|    policy_gradient_loss | -4.89e-05     |
|    value_loss           | 0.000233      |
-------------------------------------------
  step  475000/500000 ( 95.0%)  mean_rew=-0.001
------------------------------------------
| time/                   |              |
|    fps                  | 1241         |
|    iterations           | 116          |
|    time_elapsed         | 382          |
|    total_timesteps      | 475136       |
| train/                  |              |
|    approx_kl            | 0.0006169253 |
|    clip_fraction        | 0.0107       |
|    clip_range           | 0.2          |
|    entropy_loss         | -0.111       |
|    explained_variance   | 0.925        |
|    learning_rate        | 0.0003       |
|    loss                 | 0.000364     |
|    n_updates            | 1150         |
|    policy_gradient_loss | 1.94e-05     |
|    value_loss           | 0.000183     |
------------------------------------------
-------------------------------------------
| time/                   |               |
|    fps                  | 1242          |
|    iterations           | 117           |
|    time_elapsed         | 385           |
|    total_timesteps      | 479232        |
| train/                  |               |
|    approx_kl            | 0.00015480808 |
|    clip_fraction        | 0.00674       |
|    clip_range           | 0.2           |
|    entropy_loss         | -0.115        |
|    explained_variance   | 0.881         |
|    learning_rate        | 0.0003        |
|    loss                 | 0.000415      |
|    n_updates            | 1160          |
|    policy_gradient_loss | 0.000169      |
|    value_loss           | 0.000306      |
-------------------------------------------
  step  480000/500000 ( 96.0%)  mean_rew=-0.001
-----------------------------------------
| time/                   |             |
|    fps                  | 1242        |
|    iterations           | 118         |
|    time_elapsed         | 388         |
|    total_timesteps      | 483328      |
| train/                  |             |
|    approx_kl            | 0.000885597 |
|    clip_fraction        | 0.00825     |
|    clip_range           | 0.2         |
|    entropy_loss         | -0.117      |
|    explained_variance   | 0.899       |
|    learning_rate        | 0.0003      |
|    loss                 | -0.000816   |
|    n_updates            | 1170        |
|    policy_gradient_loss | 0.000232    |
|    value_loss           | 0.000214    |
-----------------------------------------
  step  485000/500000 ( 97.0%)  mean_rew=-0.002
------------------------------------------
| time/                   |              |
|    fps                  | 1243         |
|    iterations           | 119          |
|    time_elapsed         | 391          |
|    total_timesteps      | 487424       |
| train/                  |              |
|    approx_kl            | 0.0013507638 |
|    clip_fraction        | 0.01         |
|    clip_range           | 0.2          |
|    entropy_loss         | -0.106       |
|    explained_variance   | 0.921        |
|    learning_rate        | 0.0003       |
|    loss                 | 0.00208      |
|    n_updates            | 1180         |
|    policy_gradient_loss | -0.000284    |
|    value_loss           | 0.000176     |
------------------------------------------
  step  490000/500000 ( 98.0%)  mean_rew=+0.000
-------------------------------------------
| time/                   |               |
|    fps                  | 1244          |
|    iterations           | 120           |
|    time_elapsed         | 394           |
|    total_timesteps      | 491520        |
| train/                  |               |
|    approx_kl            | 0.00077099394 |
|    clip_fraction        | 0.00911       |
|    clip_range           | 0.2           |
|    entropy_loss         | -0.0968       |
|    explained_variance   | 0.881         |
|    learning_rate        | 0.0003        |
|    loss                 | -0.00367      |
|    n_updates            | 1190          |
|    policy_gradient_loss | -0.000198     |
|    value_loss           | 0.000291      |
-------------------------------------------
  step  495000/500000 ( 99.0%)  mean_rew=-0.000
-------------------------------------------
| time/                   |               |
|    fps                  | 1246          |
|    iterations           | 121           |
|    time_elapsed         | 397           |
|    total_timesteps      | 495616        |
| train/                  |               |
|    approx_kl            | 0.00037796047 |
|    clip_fraction        | 0.00969       |
|    clip_range           | 0.2           |
|    entropy_loss         | -0.0919       |
|    explained_variance   | 0.879         |
|    learning_rate        | 0.0003        |
|    loss                 | -0.00288      |
|    n_updates            | 1200          |
|    policy_gradient_loss | -5.41e-05     |
|    value_loss           | 0.000297      |
-------------------------------------------
------------------------------------------
| time/                   |              |
|    fps                  | 1246         |
|    iterations           | 122          |
|    time_elapsed         | 400          |
|    total_timesteps      | 499712       |
| train/                  |              |
|    approx_kl            | 0.0002697277 |
|    clip_fraction        | 0.00588      |
|    clip_range           | 0.2          |
|    entropy_loss         | -0.089       |
|    explained_variance   | 0.893        |
|    learning_rate        | 0.0003       |
|    loss                 | 0.00192      |
|    n_updates            | 1210         |
|    policy_gradient_loss | 5.93e-05     |
|    value_loss           | 0.000222     |
------------------------------------------
  step  500000/500000 (100.0%)  mean_rew=+0.000
-------------------------------------------
| time/                   |               |
|    fps                  | 1246          |
|    iterations           | 123           |
|    time_elapsed         | 404           |
|    total_timesteps      | 503808        |
| train/                  |               |
|    approx_kl            | 0.00038635742 |
|    clip_fraction        | 0.00781       |
|    clip_range           | 0.2           |
|    entropy_loss         | -0.0899       |
|    explained_variance   | 0.896         |
|    learning_rate        | 0.0003        |
|    loss                 | 0.000198      |
|    n_updates            | 1220          |
|    policy_gradient_loss | -0.000356     |
|    value_loss           | 0.000244      |
-------------------------------------------
[cologne8-PPO] Done. Saved -> /workspace/rl-traffic/exp_cologne8_real/ppo_pressure_s9999
