Using libsumo as traci as requested by environment variable.
[cologne8-PPO] 8 agents | reward=wait-clip | seed=5678
  obs=(7,) | act=Discrete(4)
Using cpu device
-----------------------------
| time/              |      |
|    fps             | 1505 |
|    iterations      | 1    |
|    time_elapsed    | 2    |
|    total_timesteps | 4096 |
-----------------------------
  step    5000/500000 (  1.0%)  mean_rew=-0.211
-----------------------------------------
| time/                   |             |
|    fps                  | 1272        |
|    iterations           | 2           |
|    time_elapsed         | 6           |
|    total_timesteps      | 8192        |
| train/                  |             |
|    approx_kl            | 0.013969217 |
|    clip_fraction        | 0.0652      |
|    clip_range           | 0.2         |
|    entropy_loss         | -1.38       |
|    explained_variance   | -7.21e-05   |
|    learning_rate        | 0.0003      |
|    loss                 | 86.2        |
|    n_updates            | 10          |
|    policy_gradient_loss | -0.00705    |
|    value_loss           | 210         |
-----------------------------------------
  step   10000/500000 (  2.0%)  mean_rew=-0.010
-----------------------------------------
| time/                   |             |
|    fps                  | 1243        |
|    iterations           | 3           |
|    time_elapsed         | 9           |
|    total_timesteps      | 12288       |
| train/                  |             |
|    approx_kl            | 0.013607407 |
|    clip_fraction        | 0.0945      |
|    clip_range           | 0.2         |
|    entropy_loss         | -1.34       |
|    explained_variance   | 0.114       |
|    learning_rate        | 0.0003      |
|    loss                 | 11.5        |
|    n_updates            | 20          |
|    policy_gradient_loss | -0.00533    |
|    value_loss           | 38.9        |
-----------------------------------------
  step   15000/500000 (  3.0%)  mean_rew=-0.019
-----------------------------------------
| time/                   |             |
|    fps                  | 1224        |
|    iterations           | 4           |
|    time_elapsed         | 13          |
|    total_timesteps      | 16384       |
| train/                  |             |
|    approx_kl            | 0.012179492 |
|    clip_fraction        | 0.142       |
|    clip_range           | 0.2         |
|    entropy_loss         | -1.29       |
|    explained_variance   | 0.408       |
|    learning_rate        | 0.0003      |
|    loss                 | 10          |
|    n_updates            | 30          |
|    policy_gradient_loss | -0.00993    |
|    value_loss           | 13.2        |
-----------------------------------------
  step   20000/500000 (  4.0%)  mean_rew=-0.081
-----------------------------------------
| time/                   |             |
|    fps                  | 1207        |
|    iterations           | 5           |
|    time_elapsed         | 16          |
|    total_timesteps      | 20480       |
| train/                  |             |
|    approx_kl            | 0.009698482 |
|    clip_fraction        | 0.0486      |
|    clip_range           | 0.2         |
|    entropy_loss         | -1.25       |
|    explained_variance   | 0.546       |
|    learning_rate        | 0.0003      |
|    loss                 | 1.86        |
|    n_updates            | 40          |
|    policy_gradient_loss | -0.00482    |
|    value_loss           | 10.3        |
-----------------------------------------
------------------------------------------
| time/                   |              |
|    fps                  | 1208         |
|    iterations           | 6            |
|    time_elapsed         | 20           |
|    total_timesteps      | 24576        |
| train/                  |              |
|    approx_kl            | 0.0057905465 |
|    clip_fraction        | 0.0359       |
|    clip_range           | 0.2          |
|    entropy_loss         | -1.24        |
|    explained_variance   | 0.52         |
|    learning_rate        | 0.0003       |
|    loss                 | 3.89         |
|    n_updates            | 50           |
|    policy_gradient_loss | -0.00451     |
|    value_loss           | 14.4         |
------------------------------------------
  step   25000/500000 (  5.0%)  mean_rew=-0.025
-----------------------------------------
| time/                   |             |
|    fps                  | 1208        |
|    iterations           | 7           |
|    time_elapsed         | 23          |
|    total_timesteps      | 28672       |
| train/                  |             |
|    approx_kl            | 0.008565443 |
|    clip_fraction        | 0.0442      |
|    clip_range           | 0.2         |
|    entropy_loss         | -1.21       |
|    explained_variance   | 0.78        |
|    learning_rate        | 0.0003      |
|    loss                 | 1.85        |
|    n_updates            | 60          |
|    policy_gradient_loss | -0.00538    |
|    value_loss           | 4.71        |
-----------------------------------------
  step   30000/500000 (  6.0%)  mean_rew=-0.031
-----------------------------------------
| time/                   |             |
|    fps                  | 1204        |
|    iterations           | 8           |
|    time_elapsed         | 27          |
|    total_timesteps      | 32768       |
| train/                  |             |
|    approx_kl            | 0.010880258 |
|    clip_fraction        | 0.108       |
|    clip_range           | 0.2         |
|    entropy_loss         | -1.14       |
|    explained_variance   | 0.744       |
|    learning_rate        | 0.0003      |
|    loss                 | 1.76        |
|    n_updates            | 70          |
|    policy_gradient_loss | -0.00847    |
|    value_loss           | 6.86        |
-----------------------------------------
  step   35000/500000 (  7.0%)  mean_rew=-0.004
-----------------------------------------
| time/                   |             |
|    fps                  | 1202        |
|    iterations           | 9           |
|    time_elapsed         | 30          |
|    total_timesteps      | 36864       |
| train/                  |             |
|    approx_kl            | 0.010119937 |
|    clip_fraction        | 0.0744      |
|    clip_range           | 0.2         |
|    entropy_loss         | -1.06       |
|    explained_variance   | 0.83        |
|    learning_rate        | 0.0003      |
|    loss                 | 1.57        |
|    n_updates            | 80          |
|    policy_gradient_loss | -0.00544    |
|    value_loss           | 3.88        |
-----------------------------------------
  step   40000/500000 (  8.0%)  mean_rew=-0.005
------------------------------------------
| time/                   |              |
|    fps                  | 1207         |
|    iterations           | 10           |
|    time_elapsed         | 33           |
|    total_timesteps      | 40960        |
| train/                  |              |
|    approx_kl            | 0.0057595037 |
|    clip_fraction        | 0.0709       |
|    clip_range           | 0.2          |
|    entropy_loss         | -0.983       |
|    explained_variance   | 0.787        |
|    learning_rate        | 0.0003       |
|    loss                 | 2.94         |
|    n_updates            | 90           |
|    policy_gradient_loss | -0.00455     |
|    value_loss           | 4.41         |
------------------------------------------
  step   45000/500000 (  9.0%)  mean_rew=-0.002
-----------------------------------------
| time/                   |             |
|    fps                  | 1205        |
|    iterations           | 11          |
|    time_elapsed         | 37          |
|    total_timesteps      | 45056       |
| train/                  |             |
|    approx_kl            | 0.013916699 |
|    clip_fraction        | 0.0939      |
|    clip_range           | 0.2         |
|    entropy_loss         | -0.939      |
|    explained_variance   | 0.874       |
|    learning_rate        | 0.0003      |
|    loss                 | 0.51        |
|    n_updates            | 100         |
|    policy_gradient_loss | -0.00402    |
|    value_loss           | 1.21        |
-----------------------------------------
-----------------------------------------
| time/                   |             |
|    fps                  | 1203        |
|    iterations           | 12          |
|    time_elapsed         | 40          |
|    total_timesteps      | 49152       |
| train/                  |             |
|    approx_kl            | 0.011869804 |
|    clip_fraction        | 0.123       |
|    clip_range           | 0.2         |
|    entropy_loss         | -0.817      |
|    explained_variance   | 0.909       |
|    learning_rate        | 0.0003      |
|    loss                 | 0.338       |
|    n_updates            | 110         |
|    policy_gradient_loss | -0.00926    |
|    value_loss           | 0.866       |
-----------------------------------------
  step   50000/500000 ( 10.0%)  mean_rew=-0.007
-----------------------------------------
| time/                   |             |
|    fps                  | 1205        |
|    iterations           | 13          |
|    time_elapsed         | 44          |
|    total_timesteps      | 53248       |
| train/                  |             |
|    approx_kl            | 0.008036023 |
|    clip_fraction        | 0.0928      |
|    clip_range           | 0.2         |
|    entropy_loss         | -0.732      |
|    explained_variance   | 0.875       |
|    learning_rate        | 0.0003      |
|    loss                 | 0.548       |
|    n_updates            | 120         |
|    policy_gradient_loss | -0.0061     |
|    value_loss           | 0.93        |
-----------------------------------------
  step   55000/500000 ( 11.0%)  mean_rew=-0.010
------------------------------------------
| time/                   |              |
|    fps                  | 1206         |
|    iterations           | 14           |
|    time_elapsed         | 47           |
|    total_timesteps      | 57344        |
| train/                  |              |
|    approx_kl            | 0.0024486142 |
|    clip_fraction        | 0.0423       |
|    clip_range           | 0.2          |
|    entropy_loss         | -0.663       |
|    explained_variance   | 0.885        |
|    learning_rate        | 0.0003       |
|    loss                 | 0.214        |
|    n_updates            | 130          |
|    policy_gradient_loss | -0.00273     |
|    value_loss           | 0.591        |
------------------------------------------
  step   60000/500000 ( 12.0%)  mean_rew=-0.006
------------------------------------------
| time/                   |              |
|    fps                  | 1203         |
|    iterations           | 15           |
|    time_elapsed         | 51           |
|    total_timesteps      | 61440        |
| train/                  |              |
|    approx_kl            | 0.0065214084 |
|    clip_fraction        | 0.0795       |
|    clip_range           | 0.2          |
|    entropy_loss         | -0.634       |
|    explained_variance   | 0.946        |
|    learning_rate        | 0.0003       |
|    loss                 | 0.0942       |
|    n_updates            | 140          |
|    policy_gradient_loss | -0.00555     |
|    value_loss           | 0.212        |
------------------------------------------
  step   65000/500000 ( 13.0%)  mean_rew=-0.034
-----------------------------------------
| time/                   |             |
|    fps                  | 1203        |
|    iterations           | 16          |
|    time_elapsed         | 54          |
|    total_timesteps      | 65536       |
| train/                  |             |
|    approx_kl            | 0.009100654 |
|    clip_fraction        | 0.069       |
|    clip_range           | 0.2         |
|    entropy_loss         | -0.633      |
|    explained_variance   | 0.86        |
|    learning_rate        | 0.0003      |
|    loss                 | 0.201       |
|    n_updates            | 150         |
|    policy_gradient_loss | -0.003      |
|    value_loss           | 0.581       |
-----------------------------------------
----------------------------------------
| time/                   |            |
|    fps                  | 1206       |
|    iterations           | 17         |
|    time_elapsed         | 57         |
|    total_timesteps      | 69632      |
| train/                  |            |
|    approx_kl            | 0.00390468 |
|    clip_fraction        | 0.0532     |
|    clip_range           | 0.2        |
|    entropy_loss         | -0.582     |
|    explained_variance   | 0.883      |
|    learning_rate        | 0.0003     |
|    loss                 | 0.287      |
|    n_updates            | 160        |
|    policy_gradient_loss | -0.00306   |
|    value_loss           | 0.343      |
----------------------------------------
  step   70000/500000 ( 14.0%)  mean_rew=-0.005
-----------------------------------------
| time/                   |             |
|    fps                  | 1204        |
|    iterations           | 18          |
|    time_elapsed         | 61          |
|    total_timesteps      | 73728       |
| train/                  |             |
|    approx_kl            | 0.005748911 |
|    clip_fraction        | 0.0594      |
|    clip_range           | 0.2         |
|    entropy_loss         | -0.546      |
|    explained_variance   | 0.893       |
|    learning_rate        | 0.0003      |
|    loss                 | 0.112       |
|    n_updates            | 170         |
|    policy_gradient_loss | -0.00272    |
|    value_loss           | 0.187       |
-----------------------------------------
  step   75000/500000 ( 15.0%)  mean_rew=-0.009
------------------------------------------
| time/                   |              |
|    fps                  | 1203         |
|    iterations           | 19           |
|    time_elapsed         | 64           |
|    total_timesteps      | 77824        |
| train/                  |              |
|    approx_kl            | 0.0048810206 |
|    clip_fraction        | 0.0547       |
|    clip_range           | 0.2          |
|    entropy_loss         | -0.479       |
|    explained_variance   | 0.964        |
|    learning_rate        | 0.0003       |
|    loss                 | 0.0189       |
|    n_updates            | 180          |
|    policy_gradient_loss | -0.00372     |
|    value_loss           | 0.0476       |
------------------------------------------
  step   80000/500000 ( 16.0%)  mean_rew=-0.006
-----------------------------------------
| time/                   |             |
|    fps                  | 1205        |
|    iterations           | 20          |
|    time_elapsed         | 67          |
|    total_timesteps      | 81920       |
| train/                  |             |
|    approx_kl            | 0.003310863 |
|    clip_fraction        | 0.0239      |
|    clip_range           | 0.2         |
|    entropy_loss         | -0.465      |
|    explained_variance   | 0.892       |
|    learning_rate        | 0.0003      |
|    loss                 | 0.0501      |
|    n_updates            | 190         |
|    policy_gradient_loss | -0.0015     |
|    value_loss           | 0.133       |
-----------------------------------------
  step   85000/500000 ( 17.0%)  mean_rew=+0.000
-----------------------------------------
| time/                   |             |
|    fps                  | 1205        |
|    iterations           | 21          |
|    time_elapsed         | 71          |
|    total_timesteps      | 86016       |
| train/                  |             |
|    approx_kl            | 0.004951806 |
|    clip_fraction        | 0.0575      |
|    clip_range           | 0.2         |
|    entropy_loss         | -0.43       |
|    explained_variance   | 0.896       |
|    learning_rate        | 0.0003      |
|    loss                 | 0.066       |
|    n_updates            | 200         |
|    policy_gradient_loss | -0.00347    |
|    value_loss           | 0.0998      |
-----------------------------------------
  step   90000/500000 ( 18.0%)  mean_rew=-0.004
------------------------------------------
| time/                   |              |
|    fps                  | 1204         |
|    iterations           | 22           |
|    time_elapsed         | 74           |
|    total_timesteps      | 90112        |
| train/                  |              |
|    approx_kl            | 0.0032679657 |
|    clip_fraction        | 0.0282       |
|    clip_range           | 0.2          |
|    entropy_loss         | -0.404       |
|    explained_variance   | 0.927        |
|    learning_rate        | 0.0003       |
|    loss                 | 0.0121       |
|    n_updates            | 210          |
|    policy_gradient_loss | -0.00218     |
|    value_loss           | 0.0774       |
------------------------------------------
------------------------------------------
| time/                   |              |
|    fps                  | 1204         |
|    iterations           | 23           |
|    time_elapsed         | 78           |
|    total_timesteps      | 94208        |
| train/                  |              |
|    approx_kl            | 0.0021440056 |
|    clip_fraction        | 0.0229       |
|    clip_range           | 0.2          |
|    entropy_loss         | -0.384       |
|    explained_variance   | 0.868        |
|    learning_rate        | 0.0003       |
|    loss                 | 0.0604       |
|    n_updates            | 220          |
|    policy_gradient_loss | -0.00165     |
|    value_loss           | 0.123        |
------------------------------------------
  step   95000/500000 ( 19.0%)  mean_rew=-0.014
------------------------------------------
| time/                   |              |
|    fps                  | 1205         |
|    iterations           | 24           |
|    time_elapsed         | 81           |
|    total_timesteps      | 98304        |
| train/                  |              |
|    approx_kl            | 0.0028349692 |
|    clip_fraction        | 0.032        |
|    clip_range           | 0.2          |
|    entropy_loss         | -0.372       |
|    explained_variance   | 0.867        |
|    learning_rate        | 0.0003       |
|    loss                 | 0.0583       |
|    n_updates            | 230          |
|    policy_gradient_loss | -0.00157     |
|    value_loss           | 0.111        |
------------------------------------------
  step  100000/500000 ( 20.0%)  mean_rew=-0.023
------------------------------------------
| time/                   |              |
|    fps                  | 1205         |
|    iterations           | 25           |
|    time_elapsed         | 84           |
|    total_timesteps      | 102400       |
| train/                  |              |
|    approx_kl            | 0.0017879471 |
|    clip_fraction        | 0.0129       |
|    clip_range           | 0.2          |
|    entropy_loss         | -0.347       |
|    explained_variance   | 0.908        |
|    learning_rate        | 0.0003       |
|    loss                 | 0.0361       |
|    n_updates            | 240          |
|    policy_gradient_loss | -0.00035     |
|    value_loss           | 0.0434       |
------------------------------------------
  step  105000/500000 ( 21.0%)  mean_rew=-0.005
------------------------------------------
| time/                   |              |
|    fps                  | 1204         |
|    iterations           | 26           |
|    time_elapsed         | 88           |
|    total_timesteps      | 106496       |
| train/                  |              |
|    approx_kl            | 0.0033457489 |
|    clip_fraction        | 0.0315       |
|    clip_range           | 0.2          |
|    entropy_loss         | -0.322       |
|    explained_variance   | 0.921        |
|    learning_rate        | 0.0003       |
|    loss                 | 0.0324       |
|    n_updates            | 250          |
|    policy_gradient_loss | -0.00277     |
|    value_loss           | 0.0459       |
------------------------------------------
  step  110000/500000 ( 22.0%)  mean_rew=-0.006
------------------------------------------
| time/                   |              |
|    fps                  | 1206         |
|    iterations           | 27           |
|    time_elapsed         | 91           |
|    total_timesteps      | 110592       |
| train/                  |              |
|    approx_kl            | 0.0018675481 |
|    clip_fraction        | 0.0134       |
|    clip_range           | 0.2          |
|    entropy_loss         | -0.301       |
|    explained_variance   | 0.889        |
|    learning_rate        | 0.0003       |
|    loss                 | 0.0318       |
|    n_updates            | 260          |
|    policy_gradient_loss | -0.000662    |
|    value_loss           | 0.0549       |
------------------------------------------
----------------------------------------
| time/                   |            |
|    fps                  | 1206       |
|    iterations           | 28         |
|    time_elapsed         | 95         |
|    total_timesteps      | 114688     |
| train/                  |            |
|    approx_kl            | 0.00201265 |
|    clip_fraction        | 0.0127     |
|    clip_range           | 0.2        |
|    entropy_loss         | -0.275     |
|    explained_variance   | 0.91       |
|    learning_rate        | 0.0003     |
|    loss                 | 0.03       |
|    n_updates            | 270        |
|    policy_gradient_loss | -0.000716  |
|    value_loss           | 0.0311     |
----------------------------------------
  step  115000/500000 ( 23.0%)  mean_rew=-0.005
------------------------------------------
| time/                   |              |
|    fps                  | 1205         |
|    iterations           | 29           |
|    time_elapsed         | 98           |
|    total_timesteps      | 118784       |
| train/                  |              |
|    approx_kl            | 0.0011341556 |
|    clip_fraction        | 0.0241       |
|    clip_range           | 0.2          |
|    entropy_loss         | -0.271       |
|    explained_variance   | 0.908        |
|    learning_rate        | 0.0003       |
|    loss                 | 0.0317       |
|    n_updates            | 280          |
|    policy_gradient_loss | -0.000545    |
|    value_loss           | 0.036        |
------------------------------------------
  step  120000/500000 ( 24.0%)  mean_rew=+0.000
------------------------------------------
| time/                   |              |
|    fps                  | 1205         |
|    iterations           | 30           |
|    time_elapsed         | 101          |
|    total_timesteps      | 122880       |
| train/                  |              |
|    approx_kl            | 0.0024243514 |
|    clip_fraction        | 0.0394       |
|    clip_range           | 0.2          |
|    entropy_loss         | -0.247       |
|    explained_variance   | 0.863        |
|    learning_rate        | 0.0003       |
|    loss                 | 0.00642      |
|    n_updates            | 290          |
|    policy_gradient_loss | -0.00179     |
|    value_loss           | 0.0501       |
------------------------------------------
  step  125000/500000 ( 25.0%)  mean_rew=-0.005
------------------------------------------
| time/                   |              |
|    fps                  | 1206         |
|    iterations           | 31           |
|    time_elapsed         | 105          |
|    total_timesteps      | 126976       |
| train/                  |              |
|    approx_kl            | 0.0015599013 |
|    clip_fraction        | 0.00806      |
|    clip_range           | 0.2          |
|    entropy_loss         | -0.247       |
|    explained_variance   | 0.873        |
|    learning_rate        | 0.0003       |
|    loss                 | 0.0168       |
|    n_updates            | 300          |
|    policy_gradient_loss | -0.000861    |
|    value_loss           | 0.0422       |
------------------------------------------
  step  130000/500000 ( 26.0%)  mean_rew=-0.005
------------------------------------------
| time/                   |              |
|    fps                  | 1206         |
|    iterations           | 32           |
|    time_elapsed         | 108          |
|    total_timesteps      | 131072       |
| train/                  |              |
|    approx_kl            | 0.0047962535 |
|    clip_fraction        | 0.0378       |
|    clip_range           | 0.2          |
|    entropy_loss         | -0.237       |
|    explained_variance   | 0.9          |
|    learning_rate        | 0.0003       |
|    loss                 | 0.0163       |
|    n_updates            | 310          |
|    policy_gradient_loss | -0.00147     |
|    value_loss           | 0.021        |
------------------------------------------
  step  135000/500000 ( 27.0%)  mean_rew=+0.000
------------------------------------------
| time/                   |              |
|    fps                  | 1205         |
|    iterations           | 33           |
|    time_elapsed         | 112          |
|    total_timesteps      | 135168       |
| train/                  |              |
|    approx_kl            | 0.0024581193 |
|    clip_fraction        | 0.0151       |
|    clip_range           | 0.2          |
|    entropy_loss         | -0.234       |
|    explained_variance   | 0.951        |
|    learning_rate        | 0.0003       |
|    loss                 | 0.0035       |
|    n_updates            | 320          |
|    policy_gradient_loss | -0.0007      |
|    value_loss           | 0.0119       |
------------------------------------------
------------------------------------------
| time/                   |              |
|    fps                  | 1206         |
|    iterations           | 34           |
|    time_elapsed         | 115          |
|    total_timesteps      | 139264       |
| train/                  |              |
|    approx_kl            | 0.0033298745 |
|    clip_fraction        | 0.0431       |
|    clip_range           | 0.2          |
|    entropy_loss         | -0.226       |
|    explained_variance   | 0.896        |
|    learning_rate        | 0.0003       |
|    loss                 | 0.0128       |
|    n_updates            | 330          |
|    policy_gradient_loss | -0.00115     |
|    value_loss           | 0.0242       |
------------------------------------------
  step  140000/500000 ( 28.0%)  mean_rew=-0.025
------------------------------------------
| time/                   |              |
|    fps                  | 1205         |
|    iterations           | 35           |
|    time_elapsed         | 118          |
|    total_timesteps      | 143360       |
| train/                  |              |
|    approx_kl            | 0.0022819387 |
|    clip_fraction        | 0.0219       |
|    clip_range           | 0.2          |
|    entropy_loss         | -0.214       |
|    explained_variance   | 0.902        |
|    learning_rate        | 0.0003       |
|    loss                 | 0.00542      |
|    n_updates            | 340          |
|    policy_gradient_loss | -0.0015      |
|    value_loss           | 0.0166       |
------------------------------------------
  step  145000/500000 ( 29.0%)  mean_rew=-0.006
-----------------------------------------
| time/                   |             |
|    fps                  | 1205        |
|    iterations           | 36          |
|    time_elapsed         | 122         |
|    total_timesteps      | 147456      |
| train/                  |             |
|    approx_kl            | 0.001856969 |
|    clip_fraction        | 0.00989     |
|    clip_range           | 0.2         |
|    entropy_loss         | -0.208      |
|    explained_variance   | 0.933       |
|    learning_rate        | 0.0003      |
|    loss                 | 0.00582     |
|    n_updates            | 350         |
|    policy_gradient_loss | -0.000468   |
|    value_loss           | 0.0131      |
-----------------------------------------
  step  150000/500000 ( 30.0%)  mean_rew=-0.006
------------------------------------------
| time/                   |              |
|    fps                  | 1205         |
|    iterations           | 37           |
|    time_elapsed         | 125          |
|    total_timesteps      | 151552       |
| train/                  |              |
|    approx_kl            | 0.0019239645 |
|    clip_fraction        | 0.017        |
|    clip_range           | 0.2          |
|    entropy_loss         | -0.193       |
|    explained_variance   | 0.87         |
|    learning_rate        | 0.0003       |
|    loss                 | 0.00436      |
|    n_updates            | 360          |
|    policy_gradient_loss | -0.00146     |
|    value_loss           | 0.0265       |
------------------------------------------
  step  155000/500000 ( 31.0%)  mean_rew=+0.000
------------------------------------------
| time/                   |              |
|    fps                  | 1205         |
|    iterations           | 38           |
|    time_elapsed         | 129          |
|    total_timesteps      | 155648       |
| train/                  |              |
|    approx_kl            | 0.0016757664 |
|    clip_fraction        | 0.0123       |
|    clip_range           | 0.2          |
|    entropy_loss         | -0.181       |
|    explained_variance   | 0.758        |
|    learning_rate        | 0.0003       |
|    loss                 | 0.0069       |
|    n_updates            | 370          |
|    policy_gradient_loss | -0.000442    |
|    value_loss           | 0.0599       |
------------------------------------------
-------------------------------------------
| time/                   |               |
|    fps                  | 1205          |
|    iterations           | 39            |
|    time_elapsed         | 132           |
|    total_timesteps      | 159744        |
| train/                  |               |
|    approx_kl            | 0.00068949314 |
|    clip_fraction        | 0.0104        |
|    clip_range           | 0.2           |
|    entropy_loss         | -0.162        |
|    explained_variance   | 0.906         |
|    learning_rate        | 0.0003        |
|    loss                 | 0.00495       |
|    n_updates            | 380           |
|    policy_gradient_loss | -0.000563     |
|    value_loss           | 0.0155        |
-------------------------------------------
  step  160000/500000 ( 32.0%)  mean_rew=+0.000
-------------------------------------------
| time/                   |               |
|    fps                  | 1204          |
|    iterations           | 40            |
|    time_elapsed         | 135           |
|    total_timesteps      | 163840        |
| train/                  |               |
|    approx_kl            | 0.00055931683 |
|    clip_fraction        | 0.0108        |
|    clip_range           | 0.2           |
|    entropy_loss         | -0.159        |
|    explained_variance   | 0.857         |
|    learning_rate        | 0.0003        |
|    loss                 | 0.012         |
|    n_updates            | 390           |
|    policy_gradient_loss | -0.000407     |
|    value_loss           | 0.0307        |
-------------------------------------------
  step  165000/500000 ( 33.0%)  mean_rew=-0.005
------------------------------------------
| time/                   |              |
|    fps                  | 1205         |
|    iterations           | 41           |
|    time_elapsed         | 139          |
|    total_timesteps      | 167936       |
| train/                  |              |
|    approx_kl            | 0.0012660373 |
|    clip_fraction        | 0.0131       |
|    clip_range           | 0.2          |
|    entropy_loss         | -0.154       |
|    explained_variance   | 0.88         |
|    learning_rate        | 0.0003       |
|    loss                 | 0.0175       |
|    n_updates            | 400          |
|    policy_gradient_loss | -0.000584    |
|    value_loss           | 0.0235       |
------------------------------------------
  step  170000/500000 ( 34.0%)  mean_rew=-0.006
------------------------------------------
| time/                   |              |
|    fps                  | 1205         |
|    iterations           | 42           |
|    time_elapsed         | 142          |
|    total_timesteps      | 172032       |
| train/                  |              |
|    approx_kl            | 0.0028990405 |
|    clip_fraction        | 0.0253       |
|    clip_range           | 0.2          |
|    entropy_loss         | -0.163       |
|    explained_variance   | 0.909        |
|    learning_rate        | 0.0003       |
|    loss                 | 0.00926      |
|    n_updates            | 410          |
|    policy_gradient_loss | -0.00071     |
|    value_loss           | 0.0127       |
------------------------------------------
  step  175000/500000 ( 35.0%)  mean_rew=-0.014
-----------------------------------------
| time/                   |             |
|    fps                  | 1204        |
|    iterations           | 43          |
|    time_elapsed         | 146         |
|    total_timesteps      | 176128      |
| train/                  |             |
|    approx_kl            | 0.001012682 |
|    clip_fraction        | 0.0105      |
|    clip_range           | 0.2         |
|    entropy_loss         | -0.168      |
|    explained_variance   | 0.855       |
|    learning_rate        | 0.0003      |
|    loss                 | 0.0262      |
|    n_updates            | 420         |
|    policy_gradient_loss | -0.000249   |
|    value_loss           | 0.0278      |
-----------------------------------------
  step  180000/500000 ( 36.0%)  mean_rew=-0.002
-------------------------------------------
| time/                   |               |
|    fps                  | 1204          |
|    iterations           | 44            |
|    time_elapsed         | 149           |
|    total_timesteps      | 180224        |
| train/                  |               |
|    approx_kl            | 0.00048447144 |
|    clip_fraction        | 0.00779       |
|    clip_range           | 0.2           |
|    entropy_loss         | -0.161        |
|    explained_variance   | 0.879         |
|    learning_rate        | 0.0003        |
|    loss                 | 0.0102        |
|    n_updates            | 430           |
|    policy_gradient_loss | -0.0003       |
|    value_loss           | 0.0225        |
-------------------------------------------
------------------------------------------
| time/                   |              |
|    fps                  | 1205         |
|    iterations           | 45           |
|    time_elapsed         | 152          |
|    total_timesteps      | 184320       |
| train/                  |              |
|    approx_kl            | 0.0023592592 |
|    clip_fraction        | 0.0179       |
|    clip_range           | 0.2          |
|    entropy_loss         | -0.158       |
|    explained_variance   | 0.9          |
|    learning_rate        | 0.0003       |
|    loss                 | 0.00572      |
|    n_updates            | 440          |
|    policy_gradient_loss | -0.000473    |
|    value_loss           | 0.0169       |
------------------------------------------
  step  185000/500000 ( 37.0%)  mean_rew=-0.005
------------------------------------------
| time/                   |              |
|    fps                  | 1204         |
|    iterations           | 46           |
|    time_elapsed         | 156          |
|    total_timesteps      | 188416       |
| train/                  |              |
|    approx_kl            | 0.0027248058 |
|    clip_fraction        | 0.0211       |
|    clip_range           | 0.2          |
|    entropy_loss         | -0.158       |
|    explained_variance   | 0.893        |
|    learning_rate        | 0.0003       |
|    loss                 | 0.0111       |
|    n_updates            | 450          |
|    policy_gradient_loss | -0.00084     |
|    value_loss           | 0.0155       |
------------------------------------------
  step  190000/500000 ( 38.0%)  mean_rew=-0.002
------------------------------------------
| time/                   |              |
|    fps                  | 1204         |
|    iterations           | 47           |
|    time_elapsed         | 159          |
|    total_timesteps      | 192512       |
| train/                  |              |
|    approx_kl            | 0.0007240897 |
|    clip_fraction        | 0.00481      |
|    clip_range           | 0.2          |
|    entropy_loss         | -0.157       |
|    explained_variance   | 0.89         |
|    learning_rate        | 0.0003       |
|    loss                 | 0.0108       |
|    n_updates            | 460          |
|    policy_gradient_loss | -0.000183    |
|    value_loss           | 0.0185       |
------------------------------------------
  step  195000/500000 ( 39.0%)  mean_rew=-0.005
------------------------------------------
| time/                   |              |
|    fps                  | 1205         |
|    iterations           | 48           |
|    time_elapsed         | 163          |
|    total_timesteps      | 196608       |
| train/                  |              |
|    approx_kl            | 0.0012237515 |
|    clip_fraction        | 0.0121       |
|    clip_range           | 0.2          |
|    entropy_loss         | -0.152       |
|    explained_variance   | 0.881        |
|    learning_rate        | 0.0003       |
|    loss                 | 0.00706      |
|    n_updates            | 470          |
|    policy_gradient_loss | -0.000675    |
|    value_loss           | 0.0201       |
------------------------------------------
  step  200000/500000 ( 40.0%)  mean_rew=-0.004
------------------------------------------
| time/                   |              |
|    fps                  | 1205         |
|    iterations           | 49           |
|    time_elapsed         | 166          |
|    total_timesteps      | 200704       |
| train/                  |              |
|    approx_kl            | 0.0011095346 |
|    clip_fraction        | 0.0127       |
|    clip_range           | 0.2          |
|    entropy_loss         | -0.145       |
|    explained_variance   | 0.907        |
|    learning_rate        | 0.0003       |
|    loss                 | 0.00546      |
|    n_updates            | 480          |
|    policy_gradient_loss | -0.000564    |
|    value_loss           | 0.0115       |
------------------------------------------
------------------------------------------
| time/                   |              |
|    fps                  | 1205         |
|    iterations           | 50           |
|    time_elapsed         | 169          |
|    total_timesteps      | 204800       |
| train/                  |              |
|    approx_kl            | 0.0060145217 |
|    clip_fraction        | 0.0294       |
|    clip_range           | 0.2          |
|    entropy_loss         | -0.123       |
|    explained_variance   | 0.905        |
|    learning_rate        | 0.0003       |
|    loss                 | 0.00482      |
|    n_updates            | 490          |
|    policy_gradient_loss | -0.000808    |
|    value_loss           | 0.0141       |
------------------------------------------
  step  205000/500000 ( 41.0%)  mean_rew=+0.000
------------------------------------------
| time/                   |              |
|    fps                  | 1205         |
|    iterations           | 51           |
|    time_elapsed         | 173          |
|    total_timesteps      | 208896       |
| train/                  |              |
|    approx_kl            | 0.0008045449 |
|    clip_fraction        | 0.0157       |
|    clip_range           | 0.2          |
|    entropy_loss         | -0.105       |
|    explained_variance   | 0.858        |
|    learning_rate        | 0.0003       |
|    loss                 | 0.00652      |
|    n_updates            | 500          |
|    policy_gradient_loss | -0.000463    |
|    value_loss           | 0.0238       |
------------------------------------------
  step  210000/500000 ( 42.0%)  mean_rew=+0.000
------------------------------------------
| time/                   |              |
|    fps                  | 1205         |
|    iterations           | 52           |
|    time_elapsed         | 176          |
|    total_timesteps      | 212992       |
| train/                  |              |
|    approx_kl            | 0.0044432897 |
|    clip_fraction        | 0.0166       |
|    clip_range           | 0.2          |
|    entropy_loss         | -0.12        |
|    explained_variance   | 0.902        |
|    learning_rate        | 0.0003       |
|    loss                 | 0.004        |
|    n_updates            | 510          |
|    policy_gradient_loss | -0.000525    |
|    value_loss           | 0.0136       |
------------------------------------------
  step  215000/500000 ( 43.0%)  mean_rew=-0.019
------------------------------------------
| time/                   |              |
|    fps                  | 1205         |
|    iterations           | 53           |
|    time_elapsed         | 180          |
|    total_timesteps      | 217088       |
| train/                  |              |
|    approx_kl            | 0.0005116102 |
|    clip_fraction        | 0.0064       |
|    clip_range           | 0.2          |
|    entropy_loss         | -0.125       |
|    explained_variance   | 0.917        |
|    learning_rate        | 0.0003       |
|    loss                 | 0.00456      |
|    n_updates            | 520          |
|    policy_gradient_loss | -0.000303    |
|    value_loss           | 0.0121       |
------------------------------------------
  step  220000/500000 ( 44.0%)  mean_rew=-0.010
----------------------------------------
| time/                   |            |
|    fps                  | 1204       |
|    iterations           | 54         |
|    time_elapsed         | 183        |
|    total_timesteps      | 221184     |
| train/                  |            |
|    approx_kl            | 0.00038518 |
|    clip_fraction        | 0.00664    |
|    clip_range           | 0.2        |
|    entropy_loss         | -0.121     |
|    explained_variance   | 0.811      |
|    learning_rate        | 0.0003     |
|    loss                 | 0.0195     |
|    n_updates            | 530        |
|    policy_gradient_loss | -0.000141  |
|    value_loss           | 0.0334     |
----------------------------------------
  step  225000/500000 ( 45.0%)  mean_rew=+0.000
-------------------------------------------
| time/                   |               |
|    fps                  | 1205          |
|    iterations           | 55            |
|    time_elapsed         | 186           |
|    total_timesteps      | 225280        |
| train/                  |               |
|    approx_kl            | 0.00078720105 |
|    clip_fraction        | 0.00737       |
|    clip_range           | 0.2           |
|    entropy_loss         | -0.116        |
|    explained_variance   | 0.871         |
|    learning_rate        | 0.0003        |
|    loss                 | 0.0143        |
|    n_updates            | 540           |
|    policy_gradient_loss | -0.000104     |
|    value_loss           | 0.0207        |
-------------------------------------------
-----------------------------------------
| time/                   |             |
|    fps                  | 1205        |
|    iterations           | 56          |
|    time_elapsed         | 190         |
|    total_timesteps      | 229376      |
| train/                  |             |
|    approx_kl            | 0.000693447 |
|    clip_fraction        | 0.0256      |
|    clip_range           | 0.2         |
|    entropy_loss         | -0.126      |
|    explained_variance   | 0.904       |
|    learning_rate        | 0.0003      |
|    loss                 | 0.0126      |
|    n_updates            | 550         |
|    policy_gradient_loss | -0.000283   |
|    value_loss           | 0.0119      |
-----------------------------------------
  step  230000/500000 ( 46.0%)  mean_rew=-0.011
-------------------------------------------
| time/                   |               |
|    fps                  | 1204          |
|    iterations           | 57            |
|    time_elapsed         | 193           |
|    total_timesteps      | 233472        |
| train/                  |               |
|    approx_kl            | 0.00087948516 |
|    clip_fraction        | 0.00583       |
|    clip_range           | 0.2           |
|    entropy_loss         | -0.121        |
|    explained_variance   | 0.916         |
|    learning_rate        | 0.0003        |
|    loss                 | 0.0101        |
|    n_updates            | 560           |
|    policy_gradient_loss | -0.000148     |
|    value_loss           | 0.0125        |
-------------------------------------------
  step  235000/500000 ( 47.0%)  mean_rew=+0.000
-------------------------------------------
| time/                   |               |
|    fps                  | 1205          |
|    iterations           | 58            |
|    time_elapsed         | 197           |
|    total_timesteps      | 237568        |
| train/                  |               |
|    approx_kl            | 0.00061915163 |
|    clip_fraction        | 0.0137        |
|    clip_range           | 0.2           |
|    entropy_loss         | -0.116        |
|    explained_variance   | 0.803         |
|    learning_rate        | 0.0003        |
|    loss                 | 0.00876       |
|    n_updates            | 570           |
|    policy_gradient_loss | -0.000146     |
|    value_loss           | 0.0362        |
-------------------------------------------
  step  240000/500000 ( 48.0%)  mean_rew=-0.006
-------------------------------------------
| time/                   |               |
|    fps                  | 1205          |
|    iterations           | 59            |
|    time_elapsed         | 200           |
|    total_timesteps      | 241664        |
| train/                  |               |
|    approx_kl            | 0.00076397683 |
|    clip_fraction        | 0.00613       |
|    clip_range           | 0.2           |
|    entropy_loss         | -0.106        |
|    explained_variance   | 0.89          |
|    learning_rate        | 0.0003        |
|    loss                 | 0.00701       |
|    n_updates            | 580           |
|    policy_gradient_loss | -0.000161     |
|    value_loss           | 0.0164        |
-------------------------------------------
  step  245000/500000 ( 49.0%)  mean_rew=-0.001
-----------------------------------------
| time/                   |             |
|    fps                  | 1204        |
|    iterations           | 60          |
|    time_elapsed         | 203         |
|    total_timesteps      | 245760      |
| train/                  |             |
|    approx_kl            | 0.007046688 |
|    clip_fraction        | 0.0207      |
|    clip_range           | 0.2         |
|    entropy_loss         | -0.0821     |
|    explained_variance   | 0.917       |
|    learning_rate        | 0.0003      |
|    loss                 | 0.00743     |
|    n_updates            | 590         |
|    policy_gradient_loss | -0.000443   |
|    value_loss           | 0.0128      |
-----------------------------------------
-------------------------------------------
| time/                   |               |
|    fps                  | 1204          |
|    iterations           | 61            |
|    time_elapsed         | 207           |
|    total_timesteps      | 249856        |
| train/                  |               |
|    approx_kl            | 0.00037829176 |
|    clip_fraction        | 0.00417       |
|    clip_range           | 0.2           |
|    entropy_loss         | -0.0636       |
|    explained_variance   | 0.87          |
|    learning_rate        | 0.0003        |
|    loss                 | 0.00725       |
|    n_updates            | 600           |
|    policy_gradient_loss | -0.000119     |
|    value_loss           | 0.02          |
-------------------------------------------
  step  250000/500000 ( 50.0%)  mean_rew=+0.000
-------------------------------------------
| time/                   |               |
|    fps                  | 1205          |
|    iterations           | 62            |
|    time_elapsed         | 210           |
|    total_timesteps      | 253952        |
| train/                  |               |
|    approx_kl            | 0.00023274326 |
|    clip_fraction        | 0.00349       |
|    clip_range           | 0.2           |
|    entropy_loss         | -0.062        |
|    explained_variance   | 0.831         |
|    learning_rate        | 0.0003        |
|    loss                 | 0.0163        |
|    n_updates            | 610           |
|    policy_gradient_loss | -7.46e-05     |
|    value_loss           | 0.0289        |
-------------------------------------------
  step  255000/500000 ( 51.0%)  mean_rew=-0.020
-------------------------------------------
| time/                   |               |
|    fps                  | 1204          |
|    iterations           | 63            |
|    time_elapsed         | 214           |
|    total_timesteps      | 258048        |
| train/                  |               |
|    approx_kl            | 0.00042361888 |
|    clip_fraction        | 0.00542       |
|    clip_range           | 0.2           |
|    entropy_loss         | -0.0669       |
|    explained_variance   | 0.909         |
|    learning_rate        | 0.0003        |
|    loss                 | 0.0051        |
|    n_updates            | 620           |
|    policy_gradient_loss | -0.000203     |
|    value_loss           | 0.0109        |
-------------------------------------------
  step  260000/500000 ( 52.0%)  mean_rew=-0.013
------------------------------------------
| time/                   |              |
|    fps                  | 1204         |
|    iterations           | 64           |
|    time_elapsed         | 217          |
|    total_timesteps      | 262144       |
| train/                  |              |
|    approx_kl            | 0.0015960096 |
|    clip_fraction        | 0.0123       |
|    clip_range           | 0.2          |
|    entropy_loss         | -0.0557      |
|    explained_variance   | 0.866        |
|    learning_rate        | 0.0003       |
|    loss                 | 0.00785      |
|    n_updates            | 630          |
|    policy_gradient_loss | -0.000309    |
|    value_loss           | 0.021        |
------------------------------------------
  step  265000/500000 ( 53.0%)  mean_rew=-0.005
------------------------------------------
| time/                   |              |
|    fps                  | 1204         |
|    iterations           | 65           |
|    time_elapsed         | 220          |
|    total_timesteps      | 266240       |
| train/                  |              |
|    approx_kl            | 0.0039421273 |
|    clip_fraction        | 0.00906      |
|    clip_range           | 0.2          |
|    entropy_loss         | -0.0558      |
|    explained_variance   | 0.878        |
|    learning_rate        | 0.0003       |
|    loss                 | 0.0102       |
|    n_updates            | 640          |
|    policy_gradient_loss | -0.000532    |
|    value_loss           | 0.0189       |
------------------------------------------
  step  270000/500000 ( 54.0%)  mean_rew=-0.001
-------------------------------------------
| time/                   |               |
|    fps                  | 1204          |
|    iterations           | 66            |
|    time_elapsed         | 224           |
|    total_timesteps      | 270336        |
| train/                  |               |
|    approx_kl            | 0.00028968128 |
|    clip_fraction        | 0.00776       |
|    clip_range           | 0.2           |
|    entropy_loss         | -0.0707       |
|    explained_variance   | 0.906         |
|    learning_rate        | 0.0003        |
|    loss                 | 0.00907       |
|    n_updates            | 650           |
|    policy_gradient_loss | 0.000445      |
|    value_loss           | 0.0119        |
-------------------------------------------
-------------------------------------------
| time/                   |               |
|    fps                  | 1204          |
|    iterations           | 67            |
|    time_elapsed         | 227           |
|    total_timesteps      | 274432        |
| train/                  |               |
|    approx_kl            | 0.00063271227 |
|    clip_fraction        | 0.0095        |
|    clip_range           | 0.2           |
|    entropy_loss         | -0.0679       |
|    explained_variance   | 0.932         |
|    learning_rate        | 0.0003        |
|    loss                 | 0.00159       |
|    n_updates            | 660           |
|    policy_gradient_loss | -0.000356     |
|    value_loss           | 0.00929       |
-------------------------------------------
  step  275000/500000 ( 55.0%)  mean_rew=+0.000
-------------------------------------------
| time/                   |               |
|    fps                  | 1204          |
|    iterations           | 68            |
|    time_elapsed         | 231           |
|    total_timesteps      | 278528        |
| train/                  |               |
|    approx_kl            | 6.1167695e-05 |
|    clip_fraction        | 0.00388       |
|    clip_range           | 0.2           |
|    entropy_loss         | -0.0554       |
|    explained_variance   | 0.88          |
|    learning_rate        | 0.0003        |
|    loss                 | 0.00714       |
|    n_updates            | 670           |
|    policy_gradient_loss | -0.00019      |
|    value_loss           | 0.0173        |
-------------------------------------------
  step  280000/500000 ( 56.0%)  mean_rew=-0.001
-------------------------------------------
| time/                   |               |
|    fps                  | 1204          |
|    iterations           | 69            |
|    time_elapsed         | 234           |
|    total_timesteps      | 282624        |
| train/                  |               |
|    approx_kl            | 0.00048328878 |
|    clip_fraction        | 0.00591       |
|    clip_range           | 0.2           |
|    entropy_loss         | -0.0498       |
|    explained_variance   | 0.825         |
|    learning_rate        | 0.0003        |
|    loss                 | 0.00506       |
|    n_updates            | 680           |
|    policy_gradient_loss | -0.000192     |
|    value_loss           | 0.0276        |
-------------------------------------------
  step  285000/500000 ( 57.0%)  mean_rew=-0.004
-----------------------------------------
| time/                   |             |
|    fps                  | 1204        |
|    iterations           | 70          |
|    time_elapsed         | 238         |
|    total_timesteps      | 286720      |
| train/                  |             |
|    approx_kl            | 0.000588929 |
|    clip_fraction        | 0.00535     |
|    clip_range           | 0.2         |
|    entropy_loss         | -0.0398     |
|    explained_variance   | 0.903       |
|    learning_rate        | 0.0003      |
|    loss                 | 0.00524     |
|    n_updates            | 690         |
|    policy_gradient_loss | -0.000474   |
|    value_loss           | 0.0116      |
-----------------------------------------
  step  290000/500000 ( 58.0%)  mean_rew=-0.019
------------------------------------------
| time/                   |              |
|    fps                  | 1204         |
|    iterations           | 71           |
|    time_elapsed         | 241          |
|    total_timesteps      | 290816       |
| train/                  |              |
|    approx_kl            | 0.0004682435 |
|    clip_fraction        | 0.00503      |
|    clip_range           | 0.2          |
|    entropy_loss         | -0.0393      |
|    explained_variance   | 0.839        |
|    learning_rate        | 0.0003       |
|    loss                 | 0.033        |
|    n_updates            | 700          |
|    policy_gradient_loss | -0.00036     |
|    value_loss           | 0.0252       |
------------------------------------------
-------------------------------------------
| time/                   |               |
|    fps                  | 1204          |
|    iterations           | 72            |
|    time_elapsed         | 244           |
|    total_timesteps      | 294912        |
| train/                  |               |
|    approx_kl            | 0.00025699026 |
|    clip_fraction        | 0.00225       |
|    clip_range           | 0.2           |
|    entropy_loss         | -0.0385       |
|    explained_variance   | 0.873         |
|    learning_rate        | 0.0003        |
|    loss                 | 0.0106        |
|    n_updates            | 710           |
|    policy_gradient_loss | -3.76e-05     |
|    value_loss           | 0.0196        |
-------------------------------------------
  step  295000/500000 ( 59.0%)  mean_rew=+0.000
-------------------------------------------
| time/                   |               |
|    fps                  | 1204          |
|    iterations           | 73            |
|    time_elapsed         | 248           |
|    total_timesteps      | 299008        |
| train/                  |               |
|    approx_kl            | 0.00040910312 |
|    clip_fraction        | 0.00374       |
|    clip_range           | 0.2           |
|    entropy_loss         | -0.0433       |
|    explained_variance   | 0.895         |
|    learning_rate        | 0.0003        |
|    loss                 | 0.00622       |
|    n_updates            | 720           |
|    policy_gradient_loss | -6.53e-05     |
|    value_loss           | 0.0133        |
-------------------------------------------
  step  300000/500000 ( 60.0%)  mean_rew=-0.005
------------------------------------------
| time/                   |              |
|    fps                  | 1204         |
|    iterations           | 74           |
|    time_elapsed         | 251          |
|    total_timesteps      | 303104       |
| train/                  |              |
|    approx_kl            | 0.0006473724 |
|    clip_fraction        | 0.00562      |
|    clip_range           | 0.2          |
|    entropy_loss         | -0.038       |
|    explained_variance   | 0.927        |
|    learning_rate        | 0.0003       |
|    loss                 | 0.00515      |
|    n_updates            | 730          |
|    policy_gradient_loss | -0.000219    |
|    value_loss           | 0.00976      |
------------------------------------------
  step  305000/500000 ( 61.0%)  mean_rew=+0.000
-------------------------------------------
| time/                   |               |
|    fps                  | 1204          |
|    iterations           | 75            |
|    time_elapsed         | 255           |
|    total_timesteps      | 307200        |
| train/                  |               |
|    approx_kl            | 0.00023894045 |
|    clip_fraction        | 0.0021        |
|    clip_range           | 0.2           |
|    entropy_loss         | -0.0375       |
|    explained_variance   | 0.889         |
|    learning_rate        | 0.0003        |
|    loss                 | 0.00852       |
|    n_updates            | 740           |
|    policy_gradient_loss | -7.06e-06     |
|    value_loss           | 0.0156        |
-------------------------------------------
  step  310000/500000 ( 62.0%)  mean_rew=+0.000
------------------------------------------
| time/                   |              |
|    fps                  | 1204         |
|    iterations           | 76           |
|    time_elapsed         | 258          |
|    total_timesteps      | 311296       |
| train/                  |              |
|    approx_kl            | 0.0003980592 |
|    clip_fraction        | 0.00356      |
|    clip_range           | 0.2          |
|    entropy_loss         | -0.0314      |
|    explained_variance   | 0.863        |
|    learning_rate        | 0.0003       |
|    loss                 | 0.00871      |
|    n_updates            | 750          |
|    policy_gradient_loss | -0.000213    |
|    value_loss           | 0.0207       |
------------------------------------------
  step  315000/500000 ( 63.0%)  mean_rew=-0.009
-------------------------------------------
| time/                   |               |
|    fps                  | 1203          |
|    iterations           | 77            |
|    time_elapsed         | 261           |
|    total_timesteps      | 315392        |
| train/                  |               |
|    approx_kl            | 0.00014024299 |
|    clip_fraction        | 0.00374       |
|    clip_range           | 0.2           |
|    entropy_loss         | -0.0329       |
|    explained_variance   | 0.902         |
|    learning_rate        | 0.0003        |
|    loss                 | 0.00562       |
|    n_updates            | 760           |
|    policy_gradient_loss | -0.000416     |
|    value_loss           | 0.012         |
-------------------------------------------
-------------------------------------------
| time/                   |               |
|    fps                  | 1203          |
|    iterations           | 78            |
|    time_elapsed         | 265           |
|    total_timesteps      | 319488        |
| train/                  |               |
|    approx_kl            | 8.6058644e-05 |
|    clip_fraction        | 0.00154       |
|    clip_range           | 0.2           |
|    entropy_loss         | -0.0334       |
|    explained_variance   | 0.925         |
|    learning_rate        | 0.0003        |
|    loss                 | 0.00605       |
|    n_updates            | 770           |
|    policy_gradient_loss | -3.63e-05     |
|    value_loss           | 0.0103        |
-------------------------------------------
  step  320000/500000 ( 64.0%)  mean_rew=-0.006
-------------------------------------------
| time/                   |               |
|    fps                  | 1204          |
|    iterations           | 79            |
|    time_elapsed         | 268           |
|    total_timesteps      | 323584        |
| train/                  |               |
|    approx_kl            | 0.00027325551 |
|    clip_fraction        | 0.00222       |
|    clip_range           | 0.2           |
|    entropy_loss         | -0.033        |
|    explained_variance   | 0.879         |
|    learning_rate        | 0.0003        |
|    loss                 | 0.00875       |
|    n_updates            | 780           |
|    policy_gradient_loss | -0.000136     |
|    value_loss           | 0.0185        |
-------------------------------------------
  step  325000/500000 ( 65.0%)  mean_rew=-0.002
------------------------------------------
| time/                   |              |
|    fps                  | 1204         |
|    iterations           | 80           |
|    time_elapsed         | 272          |
|    total_timesteps      | 327680       |
| train/                  |              |
|    approx_kl            | 0.0011361039 |
|    clip_fraction        | 0.00247      |
|    clip_range           | 0.2          |
|    entropy_loss         | -0.0359      |
|    explained_variance   | 0.905        |
|    learning_rate        | 0.0003       |
|    loss                 | 0.00418      |
|    n_updates            | 790          |
|    policy_gradient_loss | -0.000145    |
|    value_loss           | 0.0112       |
------------------------------------------
  step  330000/500000 ( 66.0%)  mean_rew=-0.009
------------------------------------------
| time/                   |              |
|    fps                  | 1204         |
|    iterations           | 81           |
|    time_elapsed         | 275          |
|    total_timesteps      | 331776       |
| train/                  |              |
|    approx_kl            | 0.0001398734 |
|    clip_fraction        | 0.00488      |
|    clip_range           | 0.2          |
|    entropy_loss         | -0.0433      |
|    explained_variance   | 0.925        |
|    learning_rate        | 0.0003       |
|    loss                 | 0.00366      |
|    n_updates            | 800          |
|    policy_gradient_loss | -0.000317    |
|    value_loss           | 0.0102       |
------------------------------------------
  step  335000/500000 ( 67.0%)  mean_rew=-0.005
------------------------------------------
| time/                   |              |
|    fps                  | 1205         |
|    iterations           | 82           |
|    time_elapsed         | 278          |
|    total_timesteps      | 335872       |
| train/                  |              |
|    approx_kl            | 0.0048797615 |
|    clip_fraction        | 0.019        |
|    clip_range           | 0.2          |
|    entropy_loss         | -0.0719      |
|    explained_variance   | 0.864        |
|    learning_rate        | 0.0003       |
|    loss                 | 0.00551      |
|    n_updates            | 810          |
|    policy_gradient_loss | -0.00117     |
|    value_loss           | 0.0197       |
------------------------------------------
------------------------------------------
| time/                   |              |
|    fps                  | 1205         |
|    iterations           | 83           |
|    time_elapsed         | 281          |
|    total_timesteps      | 339968       |
| train/                  |              |
|    approx_kl            | 0.0014904529 |
|    clip_fraction        | 0.00952      |
|    clip_range           | 0.2          |
|    entropy_loss         | -0.0703      |
|    explained_variance   | 0.872        |
|    learning_rate        | 0.0003       |
|    loss                 | 0.0125       |
|    n_updates            | 820          |
|    policy_gradient_loss | -0.000169    |
|    value_loss           | 0.0183       |
------------------------------------------
  step  340000/500000 ( 68.0%)  mean_rew=+0.000
------------------------------------------
| time/                   |              |
|    fps                  | 1206         |
|    iterations           | 84           |
|    time_elapsed         | 285          |
|    total_timesteps      | 344064       |
| train/                  |              |
|    approx_kl            | 0.0006607967 |
|    clip_fraction        | 0.0094       |
|    clip_range           | 0.2          |
|    entropy_loss         | -0.0625      |
|    explained_variance   | 0.9          |
|    learning_rate        | 0.0003       |
|    loss                 | 0.00212      |
|    n_updates            | 830          |
|    policy_gradient_loss | -0.000213    |
|    value_loss           | 0.0119       |
------------------------------------------
  step  345000/500000 ( 69.0%)  mean_rew=+0.000
------------------------------------------
| time/                   |              |
|    fps                  | 1206         |
|    iterations           | 85           |
|    time_elapsed         | 288          |
|    total_timesteps      | 348160       |
| train/                  |              |
|    approx_kl            | 0.0011571014 |
|    clip_fraction        | 0.0107       |
|    clip_range           | 0.2          |
|    entropy_loss         | -0.0666      |
|    explained_variance   | 0.916        |
|    learning_rate        | 0.0003       |
|    loss                 | 0.00539      |
|    n_updates            | 840          |
|    policy_gradient_loss | -0.000417    |
|    value_loss           | 0.0109       |
------------------------------------------
  step  350000/500000 ( 70.0%)  mean_rew=-0.009
------------------------------------------
| time/                   |              |
|    fps                  | 1207         |
|    iterations           | 86           |
|    time_elapsed         | 291          |
|    total_timesteps      | 352256       |
| train/                  |              |
|    approx_kl            | 0.0008247545 |
|    clip_fraction        | 0.00625      |
|    clip_range           | 0.2          |
|    entropy_loss         | -0.0626      |
|    explained_variance   | 0.867        |
|    learning_rate        | 0.0003       |
|    loss                 | 0.00874      |
|    n_updates            | 850          |
|    policy_gradient_loss | -0.000209    |
|    value_loss           | 0.0188       |
------------------------------------------
  step  355000/500000 ( 71.0%)  mean_rew=-0.004
-----------------------------------------
| time/                   |             |
|    fps                  | 1208        |
|    iterations           | 87          |
|    time_elapsed         | 294         |
|    total_timesteps      | 356352      |
| train/                  |             |
|    approx_kl            | 0.003135718 |
|    clip_fraction        | 0.00513     |
|    clip_range           | 0.2         |
|    entropy_loss         | -0.0721     |
|    explained_variance   | 0.9         |
|    learning_rate        | 0.0003      |
|    loss                 | 0.00224     |
|    n_updates            | 860         |
|    policy_gradient_loss | -6.62e-05   |
|    value_loss           | 0.0111      |
-----------------------------------------
  step  360000/500000 ( 72.0%)  mean_rew=+0.000
-----------------------------------------
| time/                   |             |
|    fps                  | 1208        |
|    iterations           | 88          |
|    time_elapsed         | 298         |
|    total_timesteps      | 360448      |
| train/                  |             |
|    approx_kl            | 0.005002896 |
|    clip_fraction        | 0.0201      |
|    clip_range           | 0.2         |
|    entropy_loss         | -0.0722     |
|    explained_variance   | 0.898       |
|    learning_rate        | 0.0003      |
|    loss                 | 0.0032      |
|    n_updates            | 870         |
|    policy_gradient_loss | -0.000737   |
|    value_loss           | 0.0135      |
-----------------------------------------
-------------------------------------------
| time/                   |               |
|    fps                  | 1208          |
|    iterations           | 89            |
|    time_elapsed         | 301           |
|    total_timesteps      | 364544        |
| train/                  |               |
|    approx_kl            | 0.00021665069 |
|    clip_fraction        | 0.00476       |
|    clip_range           | 0.2           |
|    entropy_loss         | -0.0589       |
|    explained_variance   | 0.862         |
|    learning_rate        | 0.0003        |
|    loss                 | 0.0162        |
|    n_updates            | 880           |
|    policy_gradient_loss | -4.29e-05     |
|    value_loss           | 0.0194        |
-------------------------------------------
  step  365000/500000 ( 73.0%)  mean_rew=+0.000
-----------------------------------------
| time/                   |             |
|    fps                  | 1209        |
|    iterations           | 90          |
|    time_elapsed         | 304         |
|    total_timesteps      | 368640      |
| train/                  |             |
|    approx_kl            | 0.001538483 |
|    clip_fraction        | 0.00508     |
|    clip_range           | 0.2         |
|    entropy_loss         | -0.0547     |
|    explained_variance   | 0.882       |
|    learning_rate        | 0.0003      |
|    loss                 | -0.00123    |
|    n_updates            | 890         |
|    policy_gradient_loss | -6e-05      |
|    value_loss           | 0.0153      |
-----------------------------------------
  step  370000/500000 ( 74.0%)  mean_rew=-0.049
-------------------------------------------
| time/                   |               |
|    fps                  | 1209          |
|    iterations           | 91            |
|    time_elapsed         | 308           |
|    total_timesteps      | 372736        |
| train/                  |               |
|    approx_kl            | 0.00020289491 |
|    clip_fraction        | 0.00566       |
|    clip_range           | 0.2           |
|    entropy_loss         | -0.046        |
|    explained_variance   | 0.895         |
|    learning_rate        | 0.0003        |
|    loss                 | 0.00649       |
|    n_updates            | 900           |
|    policy_gradient_loss | -5.01e-05     |
|    value_loss           | 0.0122        |
-------------------------------------------
  step  375000/500000 ( 75.0%)  mean_rew=+0.000
-------------------------------------------
| time/                   |               |
|    fps                  | 1210          |
|    iterations           | 92            |
|    time_elapsed         | 311           |
|    total_timesteps      | 376832        |
| train/                  |               |
|    approx_kl            | 0.00015738467 |
|    clip_fraction        | 0.00239       |
|    clip_range           | 0.2           |
|    entropy_loss         | -0.0493       |
|    explained_variance   | 0.893         |
|    learning_rate        | 0.0003        |
|    loss                 | 0.00764       |
|    n_updates            | 910           |
|    policy_gradient_loss | -4.58e-05     |
|    value_loss           | 0.0142        |
-------------------------------------------
  step  380000/500000 ( 76.0%)  mean_rew=-0.004
-------------------------------------------
| time/                   |               |
|    fps                  | 1211          |
|    iterations           | 93            |
|    time_elapsed         | 314           |
|    total_timesteps      | 380928        |
| train/                  |               |
|    approx_kl            | 0.00038326194 |
|    clip_fraction        | 0.00269       |
|    clip_range           | 0.2           |
|    entropy_loss         | -0.0406       |
|    explained_variance   | 0.818         |
|    learning_rate        | 0.0003        |
|    loss                 | 0.0069        |
|    n_updates            | 920           |
|    policy_gradient_loss | -0.000209     |
|    value_loss           | 0.0293        |
-------------------------------------------
  step  385000/500000 ( 77.0%)  mean_rew=-0.010
-------------------------------------------
| time/                   |               |
|    fps                  | 1212          |
|    iterations           | 94            |
|    time_elapsed         | 317           |
|    total_timesteps      | 385024        |
| train/                  |               |
|    approx_kl            | 8.7487235e-05 |
|    clip_fraction        | 0.00225       |
|    clip_range           | 0.2           |
|    entropy_loss         | -0.0388       |
|    explained_variance   | 0.899         |
|    learning_rate        | 0.0003        |
|    loss                 | 0.00584       |
|    n_updates            | 930           |
|    policy_gradient_loss | -1.36e-06     |
|    value_loss           | 0.0121        |
-------------------------------------------
-------------------------------------------
| time/                   |               |
|    fps                  | 1212          |
|    iterations           | 95            |
|    time_elapsed         | 320           |
|    total_timesteps      | 389120        |
| train/                  |               |
|    approx_kl            | 0.00083609426 |
|    clip_fraction        | 0.0031        |
|    clip_range           | 0.2           |
|    entropy_loss         | -0.0358       |
|    explained_variance   | 0.922         |
|    learning_rate        | 0.0003        |
|    loss                 | 0.00413       |
|    n_updates            | 940           |
|    policy_gradient_loss | -6.33e-05     |
|    value_loss           | 0.0106        |
-------------------------------------------
  step  390000/500000 ( 78.0%)  mean_rew=-0.012
------------------------------------------
| time/                   |              |
|    fps                  | 1213         |
|    iterations           | 96           |
|    time_elapsed         | 324          |
|    total_timesteps      | 393216       |
| train/                  |              |
|    approx_kl            | 0.0002169002 |
|    clip_fraction        | 0.00422      |
|    clip_range           | 0.2          |
|    entropy_loss         | -0.0318      |
|    explained_variance   | 0.868        |
|    learning_rate        | 0.0003       |
|    loss                 | 0.00746      |
|    n_updates            | 950          |
|    policy_gradient_loss | -7.7e-05     |
|    value_loss           | 0.0197       |
------------------------------------------
  step  395000/500000 ( 79.0%)  mean_rew=+0.000
-------------------------------------------
| time/                   |               |
|    fps                  | 1214          |
|    iterations           | 97            |
|    time_elapsed         | 327           |
|    total_timesteps      | 397312        |
| train/                  |               |
|    approx_kl            | 0.00015706306 |
|    clip_fraction        | 0.00105       |
|    clip_range           | 0.2           |
|    entropy_loss         | -0.0308       |
|    explained_variance   | 0.897         |
|    learning_rate        | 0.0003        |
|    loss                 | 0.00764       |
|    n_updates            | 960           |
|    policy_gradient_loss | 3.3e-05       |
|    value_loss           | 0.0136        |
-------------------------------------------
  step  400000/500000 ( 80.0%)  mean_rew=-0.006
-------------------------------------------
| time/                   |               |
|    fps                  | 1214          |
|    iterations           | 98            |
|    time_elapsed         | 330           |
|    total_timesteps      | 401408        |
| train/                  |               |
|    approx_kl            | 0.00013423861 |
|    clip_fraction        | 0.00261       |
|    clip_range           | 0.2           |
|    entropy_loss         | -0.0338       |
|    explained_variance   | 0.943         |
|    learning_rate        | 0.0003        |
|    loss                 | 0.00189       |
|    n_updates            | 970           |
|    policy_gradient_loss | -3.58e-05     |
|    value_loss           | 0.00685       |
-------------------------------------------
  step  405000/500000 ( 81.0%)  mean_rew=-0.013
------------------------------------------
| time/                   |              |
|    fps                  | 1215         |
|    iterations           | 99           |
|    time_elapsed         | 333          |
|    total_timesteps      | 405504       |
| train/                  |              |
|    approx_kl            | 8.115145e-05 |
|    clip_fraction        | 0.00149      |
|    clip_range           | 0.2          |
|    entropy_loss         | -0.0339      |
|    explained_variance   | 0.897        |
|    learning_rate        | 0.0003       |
|    loss                 | 0.00376      |
|    n_updates            | 980          |
|    policy_gradient_loss | 4.17e-05     |
|    value_loss           | 0.014        |
------------------------------------------
-------------------------------------------
| time/                   |               |
|    fps                  | 1216          |
|    iterations           | 100           |
|    time_elapsed         | 336           |
|    total_timesteps      | 409600        |
| train/                  |               |
|    approx_kl            | 0.00016214728 |
|    clip_fraction        | 0.00352       |
|    clip_range           | 0.2           |
|    entropy_loss         | -0.0295       |
|    explained_variance   | 0.851         |
|    learning_rate        | 0.0003        |
|    loss                 | 0.00777       |
|    n_updates            | 990           |
|    policy_gradient_loss | -6.41e-05     |
|    value_loss           | 0.0219        |
-------------------------------------------
  step  410000/500000 ( 82.0%)  mean_rew=-0.014
-----------------------------------------
| time/                   |             |
|    fps                  | 1216        |
|    iterations           | 101         |
|    time_elapsed         | 339         |
|    total_timesteps      | 413696      |
| train/                  |             |
|    approx_kl            | 0.004617542 |
|    clip_fraction        | 0.0412      |
|    clip_range           | 0.2         |
|    entropy_loss         | -0.0613     |
|    explained_variance   | 0.908       |
|    learning_rate        | 0.0003      |
|    loss                 | -0.00477    |
|    n_updates            | 1000        |
|    policy_gradient_loss | -0.0023     |
|    value_loss           | 0.0102      |
-----------------------------------------
  step  415000/500000 ( 83.0%)  mean_rew=+0.000
-----------------------------------------
| time/                   |             |
|    fps                  | 1217        |
|    iterations           | 102         |
|    time_elapsed         | 343         |
|    total_timesteps      | 417792      |
| train/                  |             |
|    approx_kl            | 0.010286048 |
|    clip_fraction        | 0.0219      |
|    clip_range           | 0.2         |
|    entropy_loss         | -0.0691     |
|    explained_variance   | 0.887       |
|    learning_rate        | 0.0003      |
|    loss                 | 0.00512     |
|    n_updates            | 1010        |
|    policy_gradient_loss | -0.000185   |
|    value_loss           | 0.0155      |
-----------------------------------------
  step  420000/500000 ( 84.0%)  mean_rew=-0.005
------------------------------------------
| time/                   |              |
|    fps                  | 1218         |
|    iterations           | 103          |
|    time_elapsed         | 346          |
|    total_timesteps      | 421888       |
| train/                  |              |
|    approx_kl            | 0.0004926994 |
|    clip_fraction        | 0.00647      |
|    clip_range           | 0.2          |
|    entropy_loss         | -0.0644      |
|    explained_variance   | 0.817        |
|    learning_rate        | 0.0003       |
|    loss                 | 0.0154       |
|    n_updates            | 1020         |
|    policy_gradient_loss | -0.00037     |
|    value_loss           | 0.0302       |
------------------------------------------
  step  425000/500000 ( 85.0%)  mean_rew=-0.004
------------------------------------------
| time/                   |              |
|    fps                  | 1218         |
|    iterations           | 104          |
|    time_elapsed         | 349          |
|    total_timesteps      | 425984       |
| train/                  |              |
|    approx_kl            | 0.0002488761 |
|    clip_fraction        | 0.00295      |
|    clip_range           | 0.2          |
|    entropy_loss         | -0.052       |
|    explained_variance   | 0.906        |
|    learning_rate        | 0.0003       |
|    loss                 | 0.00265      |
|    n_updates            | 1030         |
|    policy_gradient_loss | -8.18e-05    |
|    value_loss           | 0.0117       |
------------------------------------------
  step  430000/500000 ( 86.0%)  mean_rew=+0.000
-------------------------------------------
| time/                   |               |
|    fps                  | 1218          |
|    iterations           | 105           |
|    time_elapsed         | 352           |
|    total_timesteps      | 430080        |
| train/                  |               |
|    approx_kl            | 0.00032837183 |
|    clip_fraction        | 0.00542       |
|    clip_range           | 0.2           |
|    entropy_loss         | -0.051        |
|    explained_variance   | 0.912         |
|    learning_rate        | 0.0003        |
|    loss                 | 0.00499       |
|    n_updates            | 1040          |
|    policy_gradient_loss | 1.27e-05      |
|    value_loss           | 0.0123        |
-------------------------------------------
-------------------------------------------
| time/                   |               |
|    fps                  | 1219          |
|    iterations           | 106           |
|    time_elapsed         | 356           |
|    total_timesteps      | 434176        |
| train/                  |               |
|    approx_kl            | 0.00030629413 |
|    clip_fraction        | 0.00527       |
|    clip_range           | 0.2           |
|    entropy_loss         | -0.0519       |
|    explained_variance   | 0.792         |
|    learning_rate        | 0.0003        |
|    loss                 | 0.0186        |
|    n_updates            | 1050          |
|    policy_gradient_loss | -0.000213     |
|    value_loss           | 0.0374        |
-------------------------------------------
  step  435000/500000 ( 87.0%)  mean_rew=+0.000
-------------------------------------------
| time/                   |               |
|    fps                  | 1220          |
|    iterations           | 107           |
|    time_elapsed         | 359           |
|    total_timesteps      | 438272        |
| train/                  |               |
|    approx_kl            | 0.00022372932 |
|    clip_fraction        | 0.00305       |
|    clip_range           | 0.2           |
|    entropy_loss         | -0.0517       |
|    explained_variance   | 0.881         |
|    learning_rate        | 0.0003        |
|    loss                 | 0.00883       |
|    n_updates            | 1060          |
|    policy_gradient_loss | -4.34e-05     |
|    value_loss           | 0.0193        |
-------------------------------------------
  step  440000/500000 ( 88.0%)  mean_rew=-0.013
------------------------------------------
| time/                   |              |
|    fps                  | 1220         |
|    iterations           | 108          |
|    time_elapsed         | 362          |
|    total_timesteps      | 442368       |
| train/                  |              |
|    approx_kl            | 0.0002827174 |
|    clip_fraction        | 0.00461      |
|    clip_range           | 0.2          |
|    entropy_loss         | -0.0446      |
|    explained_variance   | 0.902        |
|    learning_rate        | 0.0003       |
|    loss                 | 0.00454      |
|    n_updates            | 1070         |
|    policy_gradient_loss | -0.000363    |
|    value_loss           | 0.0125       |
------------------------------------------
  step  445000/500000 ( 89.0%)  mean_rew=-0.007
-----------------------------------------
| time/                   |             |
|    fps                  | 1220        |
|    iterations           | 109         |
|    time_elapsed         | 365         |
|    total_timesteps      | 446464      |
| train/                  |             |
|    approx_kl            | 0.001576185 |
|    clip_fraction        | 0.00396     |
|    clip_range           | 0.2         |
|    entropy_loss         | -0.032      |
|    explained_variance   | 0.813       |
|    learning_rate        | 0.0003      |
|    loss                 | 0.0359      |
|    n_updates            | 1080        |
|    policy_gradient_loss | -0.000261   |
|    value_loss           | 0.0326      |
-----------------------------------------
  step  450000/500000 ( 90.0%)  mean_rew=-0.004
-------------------------------------------
| time/                   |               |
|    fps                  | 1221          |
|    iterations           | 110           |
|    time_elapsed         | 368           |
|    total_timesteps      | 450560        |
| train/                  |               |
|    approx_kl            | 0.00026933686 |
|    clip_fraction        | 0.00193       |
|    clip_range           | 0.2           |
|    entropy_loss         | -0.0302       |
|    explained_variance   | 0.855         |
|    learning_rate        | 0.0003        |
|    loss                 | 0.00877       |
|    n_updates            | 1090          |
|    policy_gradient_loss | -7.29e-05     |
|    value_loss           | 0.0252        |
-------------------------------------------
-------------------------------------------
| time/                   |               |
|    fps                  | 1222          |
|    iterations           | 111           |
|    time_elapsed         | 372           |
|    total_timesteps      | 454656        |
| train/                  |               |
|    approx_kl            | 0.00044658655 |
|    clip_fraction        | 0.00234       |
|    clip_range           | 0.2           |
|    entropy_loss         | -0.0301       |
|    explained_variance   | 0.905         |
|    learning_rate        | 0.0003        |
|    loss                 | 0.00666       |
|    n_updates            | 1100          |
|    policy_gradient_loss | -0.000131     |
|    value_loss           | 0.0129        |
-------------------------------------------
  step  455000/500000 ( 91.0%)  mean_rew=+0.000
-------------------------------------------
| time/                   |               |
|    fps                  | 1222          |
|    iterations           | 112           |
|    time_elapsed         | 375           |
|    total_timesteps      | 458752        |
| train/                  |               |
|    approx_kl            | 0.00063209026 |
|    clip_fraction        | 0.00332       |
|    clip_range           | 0.2           |
|    entropy_loss         | -0.0277       |
|    explained_variance   | 0.93          |
|    learning_rate        | 0.0003        |
|    loss                 | 0.00526       |
|    n_updates            | 1110          |
|    policy_gradient_loss | -4.45e-05     |
|    value_loss           | 0.0104        |
-------------------------------------------
  step  460000/500000 ( 92.0%)  mean_rew=+0.000
--------------------------------------------
| time/                   |                |
|    fps                  | 1222           |
|    iterations           | 113            |
|    time_elapsed         | 378            |
|    total_timesteps      | 462848         |
| train/                  |                |
|    approx_kl            | 0.000116604686 |
|    clip_fraction        | 0.00286        |
|    clip_range           | 0.2            |
|    entropy_loss         | -0.0221        |
|    explained_variance   | 0.812          |
|    learning_rate        | 0.0003         |
|    loss                 | 0.0311         |
|    n_updates            | 1120           |
|    policy_gradient_loss | -8.48e-05      |
|    value_loss           | 0.0336         |
--------------------------------------------
  step  465000/500000 ( 93.0%)  mean_rew=+0.000
-------------------------------------------
| time/                   |               |
|    fps                  | 1223          |
|    iterations           | 114           |
|    time_elapsed         | 381           |
|    total_timesteps      | 466944        |
| train/                  |               |
|    approx_kl            | 0.00024978284 |
|    clip_fraction        | 0.00281       |
|    clip_range           | 0.2           |
|    entropy_loss         | -0.0229       |
|    explained_variance   | 0.863         |
|    learning_rate        | 0.0003        |
|    loss                 | 0.0102        |
|    n_updates            | 1130          |
|    policy_gradient_loss | -0.000162     |
|    value_loss           | 0.0242        |
-------------------------------------------
  step  470000/500000 ( 94.0%)  mean_rew=-0.011
-------------------------------------------
| time/                   |               |
|    fps                  | 1223          |
|    iterations           | 115           |
|    time_elapsed         | 384           |
|    total_timesteps      | 471040        |
| train/                  |               |
|    approx_kl            | 0.00017790962 |
|    clip_fraction        | 0.00237       |
|    clip_range           | 0.2           |
|    entropy_loss         | -0.0211       |
|    explained_variance   | 0.911         |
|    learning_rate        | 0.0003        |
|    loss                 | 0.00714       |
|    n_updates            | 1140          |
|    policy_gradient_loss | -6.25e-05     |
|    value_loss           | 0.0112        |
-------------------------------------------
  step  475000/500000 ( 95.0%)  mean_rew=-0.008
-------------------------------------------
| time/                   |               |
|    fps                  | 1224          |
|    iterations           | 116           |
|    time_elapsed         | 388           |
|    total_timesteps      | 475136        |
| train/                  |               |
|    approx_kl            | 0.00017125407 |
|    clip_fraction        | 0.00151       |
|    clip_range           | 0.2           |
|    entropy_loss         | -0.0165       |
|    explained_variance   | 0.921         |
|    learning_rate        | 0.0003        |
|    loss                 | 0.00537       |
|    n_updates            | 1150          |
|    policy_gradient_loss | -5.77e-05     |
|    value_loss           | 0.0121        |
-------------------------------------------
-----------------------------------------
| time/                   |             |
|    fps                  | 1224        |
|    iterations           | 117         |
|    time_elapsed         | 391         |
|    total_timesteps      | 479232      |
| train/                  |             |
|    approx_kl            | 0.008341707 |
|    clip_fraction        | 0.0183      |
|    clip_range           | 0.2         |
|    entropy_loss         | -0.041      |
|    explained_variance   | 0.888       |
|    learning_rate        | 0.0003      |
|    loss                 | -0.00287    |
|    n_updates            | 1160        |
|    policy_gradient_loss | -0.000538   |
|    value_loss           | 0.0176      |
-----------------------------------------
  step  480000/500000 ( 96.0%)  mean_rew=-0.004
------------------------------------------
| time/                   |              |
|    fps                  | 1225         |
|    iterations           | 118          |
|    time_elapsed         | 394          |
|    total_timesteps      | 483328       |
| train/                  |              |
|    approx_kl            | 0.0057069543 |
|    clip_fraction        | 0.0229       |
|    clip_range           | 0.2          |
|    entropy_loss         | -0.122       |
|    explained_variance   | 0.912        |
|    learning_rate        | 0.0003       |
|    loss                 | 0.00778      |
|    n_updates            | 1170         |
|    policy_gradient_loss | -0.000694    |
|    value_loss           | 0.0109       |
------------------------------------------
  step  485000/500000 ( 97.0%)  mean_rew=-0.010
------------------------------------------
| time/                   |              |
|    fps                  | 1225         |
|    iterations           | 119          |
|    time_elapsed         | 397          |
|    total_timesteps      | 487424       |
| train/                  |              |
|    approx_kl            | 0.0016539223 |
|    clip_fraction        | 0.0201       |
|    clip_range           | 0.2          |
|    entropy_loss         | -0.125       |
|    explained_variance   | 0.882        |
|    learning_rate        | 0.0003       |
|    loss                 | 0.0111       |
|    n_updates            | 1180         |
|    policy_gradient_loss | -5.58e-05    |
|    value_loss           | 0.0181       |
------------------------------------------
  step  490000/500000 ( 98.0%)  mean_rew=-0.002
-------------------------------------------
| time/                   |               |
|    fps                  | 1226          |
|    iterations           | 120           |
|    time_elapsed         | 400           |
|    total_timesteps      | 491520        |
| train/                  |               |
|    approx_kl            | 0.00065869995 |
|    clip_fraction        | 0.0122        |
|    clip_range           | 0.2           |
|    entropy_loss         | -0.119        |
|    explained_variance   | 0.877         |
|    learning_rate        | 0.0003        |
|    loss                 | 0.0116        |
|    n_updates            | 1190          |
|    policy_gradient_loss | -0.000436     |
|    value_loss           | 0.0191        |
-------------------------------------------
  step  495000/500000 ( 99.0%)  mean_rew=-0.006
------------------------------------------
| time/                   |              |
|    fps                  | 1226         |
|    iterations           | 121          |
|    time_elapsed         | 404          |
|    total_timesteps      | 495616       |
| train/                  |              |
|    approx_kl            | 0.0007079543 |
|    clip_fraction        | 0.0106       |
|    clip_range           | 0.2          |
|    entropy_loss         | -0.112       |
|    explained_variance   | 0.88         |
|    learning_rate        | 0.0003       |
|    loss                 | 0.0105       |
|    n_updates            | 1200         |
|    policy_gradient_loss | -6.23e-05    |
|    value_loss           | 0.0178       |
------------------------------------------
-------------------------------------------
| time/                   |               |
|    fps                  | 1227          |
|    iterations           | 122           |
|    time_elapsed         | 407           |
|    total_timesteps      | 499712        |
| train/                  |               |
|    approx_kl            | 0.00061078975 |
|    clip_fraction        | 0.00659       |
|    clip_range           | 0.2           |
|    entropy_loss         | -0.103        |
|    explained_variance   | 0.903         |
|    learning_rate        | 0.0003        |
|    loss                 | 0.00595       |
|    n_updates            | 1210          |
|    policy_gradient_loss | 0.000154      |
|    value_loss           | 0.0123        |
-------------------------------------------
  step  500000/500000 (100.0%)  mean_rew=+0.000
------------------------------------------
| time/                   |              |
|    fps                  | 1227         |
|    iterations           | 123          |
|    time_elapsed         | 410          |
|    total_timesteps      | 503808       |
| train/                  |              |
|    approx_kl            | 0.0057727536 |
|    clip_fraction        | 0.0183       |
|    clip_range           | 0.2          |
|    entropy_loss         | -0.0802      |
|    explained_variance   | 0.922        |
|    learning_rate        | 0.0003       |
|    loss                 | 0.00564      |
|    n_updates            | 1220         |
|    policy_gradient_loss | -0.000387    |
|    value_loss           | 0.0106       |
------------------------------------------
[cologne8-PPO] Done. Saved -> exp_cologne8_real/ppo_wait-clip_s5678
