Using libsumo as traci as requested by environment variable.
[cologne8-PPO] 8 agents | reward=wait-clip | seed=314
  obs=(7,) | act=Discrete(4)
Using cpu device
-----------------------------
| time/              |      |
|    fps             | 1585 |
|    iterations      | 1    |
|    time_elapsed    | 2    |
|    total_timesteps | 4096 |
-----------------------------
  step    5000/500000 (  1.0%)  mean_rew=-0.070
-----------------------------------------
| time/                   |             |
|    fps                  | 1310        |
|    iterations           | 2           |
|    time_elapsed         | 6           |
|    total_timesteps      | 8192        |
| train/                  |             |
|    approx_kl            | 0.009560013 |
|    clip_fraction        | 0.0587      |
|    clip_range           | 0.2         |
|    entropy_loss         | -1.38       |
|    explained_variance   | 0.00891     |
|    learning_rate        | 0.0003      |
|    loss                 | 39          |
|    n_updates            | 10          |
|    policy_gradient_loss | -0.00635    |
|    value_loss           | 85.2        |
-----------------------------------------
  step   10000/500000 (  2.0%)  mean_rew=-0.220
-----------------------------------------
| time/                   |             |
|    fps                  | 1280        |
|    iterations           | 3           |
|    time_elapsed         | 9           |
|    total_timesteps      | 12288       |
| train/                  |             |
|    approx_kl            | 0.010147741 |
|    clip_fraction        | 0.0646      |
|    clip_range           | 0.2         |
|    entropy_loss         | -1.36       |
|    explained_variance   | 0.167       |
|    learning_rate        | 0.0003      |
|    loss                 | 5.27        |
|    n_updates            | 20          |
|    policy_gradient_loss | -0.00564    |
|    value_loss           | 43.2        |
-----------------------------------------
  step   15000/500000 (  3.0%)  mean_rew=-0.029
-----------------------------------------
| time/                   |             |
|    fps                  | 1251        |
|    iterations           | 4           |
|    time_elapsed         | 13          |
|    total_timesteps      | 16384       |
| train/                  |             |
|    approx_kl            | 0.012741536 |
|    clip_fraction        | 0.133       |
|    clip_range           | 0.2         |
|    entropy_loss         | -1.31       |
|    explained_variance   | 0.488       |
|    learning_rate        | 0.0003      |
|    loss                 | 11          |
|    n_updates            | 30          |
|    policy_gradient_loss | -0.0096     |
|    value_loss           | 13.4        |
-----------------------------------------
  step   20000/500000 (  4.0%)  mean_rew=-0.021
----------------------------------------
| time/                   |            |
|    fps                  | 1232       |
|    iterations           | 5          |
|    time_elapsed         | 16         |
|    total_timesteps      | 20480      |
| train/                  |            |
|    approx_kl            | 0.01073162 |
|    clip_fraction        | 0.0947     |
|    clip_range           | 0.2        |
|    entropy_loss         | -1.25      |
|    explained_variance   | 0.684      |
|    learning_rate        | 0.0003     |
|    loss                 | 3.44       |
|    n_updates            | 40         |
|    policy_gradient_loss | -0.0104    |
|    value_loss           | 7.18       |
----------------------------------------
----------------------------------------
| time/                   |            |
|    fps                  | 1232       |
|    iterations           | 6          |
|    time_elapsed         | 19         |
|    total_timesteps      | 24576      |
| train/                  |            |
|    approx_kl            | 0.01637737 |
|    clip_fraction        | 0.141      |
|    clip_range           | 0.2        |
|    entropy_loss         | -1.21      |
|    explained_variance   | 0.724      |
|    learning_rate        | 0.0003     |
|    loss                 | 2.34       |
|    n_updates            | 50         |
|    policy_gradient_loss | -0.0135    |
|    value_loss           | 5.89       |
----------------------------------------
  step   25000/500000 (  5.0%)  mean_rew=-0.040
-----------------------------------------
| time/                   |             |
|    fps                  | 1229        |
|    iterations           | 7           |
|    time_elapsed         | 23          |
|    total_timesteps      | 28672       |
| train/                  |             |
|    approx_kl            | 0.009149892 |
|    clip_fraction        | 0.103       |
|    clip_range           | 0.2         |
|    entropy_loss         | -1.13       |
|    explained_variance   | 0.845       |
|    learning_rate        | 0.0003      |
|    loss                 | 1.18        |
|    n_updates            | 60          |
|    policy_gradient_loss | -0.00604    |
|    value_loss           | 2.64        |
-----------------------------------------
  step   30000/500000 (  6.0%)  mean_rew=-0.016
-----------------------------------------
| time/                   |             |
|    fps                  | 1224        |
|    iterations           | 8           |
|    time_elapsed         | 26          |
|    total_timesteps      | 32768       |
| train/                  |             |
|    approx_kl            | 0.013423168 |
|    clip_fraction        | 0.122       |
|    clip_range           | 0.2         |
|    entropy_loss         | -1.04       |
|    explained_variance   | 0.917       |
|    learning_rate        | 0.0003      |
|    loss                 | 0.456       |
|    n_updates            | 70          |
|    policy_gradient_loss | -0.00753    |
|    value_loss           | 1.2         |
-----------------------------------------
  step   35000/500000 (  7.0%)  mean_rew=+0.000
-----------------------------------------
| time/                   |             |
|    fps                  | 1223        |
|    iterations           | 9           |
|    time_elapsed         | 30          |
|    total_timesteps      | 36864       |
| train/                  |             |
|    approx_kl            | 0.010467589 |
|    clip_fraction        | 0.0825      |
|    clip_range           | 0.2         |
|    entropy_loss         | -0.958      |
|    explained_variance   | 0.867       |
|    learning_rate        | 0.0003      |
|    loss                 | 0.416       |
|    n_updates            | 80          |
|    policy_gradient_loss | -0.00444    |
|    value_loss           | 1.7         |
-----------------------------------------
  step   40000/500000 (  8.0%)  mean_rew=-0.015
-----------------------------------------
| time/                   |             |
|    fps                  | 1228        |
|    iterations           | 10          |
|    time_elapsed         | 33          |
|    total_timesteps      | 40960       |
| train/                  |             |
|    approx_kl            | 0.008449213 |
|    clip_fraction        | 0.104       |
|    clip_range           | 0.2         |
|    entropy_loss         | -0.863      |
|    explained_variance   | 0.874       |
|    learning_rate        | 0.0003      |
|    loss                 | 0.364       |
|    n_updates            | 90          |
|    policy_gradient_loss | -0.00627    |
|    value_loss           | 0.993       |
-----------------------------------------
  step   45000/500000 (  9.0%)  mean_rew=-0.004
-----------------------------------------
| time/                   |             |
|    fps                  | 1226        |
|    iterations           | 11          |
|    time_elapsed         | 36          |
|    total_timesteps      | 45056       |
| train/                  |             |
|    approx_kl            | 0.015143237 |
|    clip_fraction        | 0.12        |
|    clip_range           | 0.2         |
|    entropy_loss         | -0.753      |
|    explained_variance   | 0.865       |
|    learning_rate        | 0.0003      |
|    loss                 | 0.301       |
|    n_updates            | 100         |
|    policy_gradient_loss | -0.00657    |
|    value_loss           | 0.662       |
-----------------------------------------
-----------------------------------------
| time/                   |             |
|    fps                  | 1223        |
|    iterations           | 12          |
|    time_elapsed         | 40          |
|    total_timesteps      | 49152       |
| train/                  |             |
|    approx_kl            | 0.009606284 |
|    clip_fraction        | 0.0946      |
|    clip_range           | 0.2         |
|    entropy_loss         | -0.657      |
|    explained_variance   | 0.955       |
|    learning_rate        | 0.0003      |
|    loss                 | 0.0993      |
|    n_updates            | 110         |
|    policy_gradient_loss | -0.00605    |
|    value_loss           | 0.153       |
-----------------------------------------
  step   50000/500000 ( 10.0%)  mean_rew=-0.015
------------------------------------------
| time/                   |              |
|    fps                  | 1223         |
|    iterations           | 13           |
|    time_elapsed         | 43           |
|    total_timesteps      | 53248        |
| train/                  |              |
|    approx_kl            | 0.0040652184 |
|    clip_fraction        | 0.0277       |
|    clip_range           | 0.2          |
|    entropy_loss         | -0.64        |
|    explained_variance   | 0.893        |
|    learning_rate        | 0.0003       |
|    loss                 | 0.188        |
|    n_updates            | 120          |
|    policy_gradient_loss | -0.00187     |
|    value_loss           | 0.333        |
------------------------------------------
  step   55000/500000 ( 11.0%)  mean_rew=-0.002
-----------------------------------------
| time/                   |             |
|    fps                  | 1224        |
|    iterations           | 14          |
|    time_elapsed         | 46          |
|    total_timesteps      | 57344       |
| train/                  |             |
|    approx_kl            | 0.007379802 |
|    clip_fraction        | 0.0715      |
|    clip_range           | 0.2         |
|    entropy_loss         | -0.567      |
|    explained_variance   | 0.892       |
|    learning_rate        | 0.0003      |
|    loss                 | 0.157       |
|    n_updates            | 130         |
|    policy_gradient_loss | -0.00397    |
|    value_loss           | 0.257       |
-----------------------------------------
  step   60000/500000 ( 12.0%)  mean_rew=+0.000
------------------------------------------
| time/                   |              |
|    fps                  | 1222         |
|    iterations           | 15           |
|    time_elapsed         | 50           |
|    total_timesteps      | 61440        |
| train/                  |              |
|    approx_kl            | 0.0046426393 |
|    clip_fraction        | 0.05         |
|    clip_range           | 0.2          |
|    entropy_loss         | -0.504       |
|    explained_variance   | 0.957        |
|    learning_rate        | 0.0003       |
|    loss                 | 0.0279       |
|    n_updates            | 140          |
|    policy_gradient_loss | -0.00428     |
|    value_loss           | 0.0651       |
------------------------------------------
  step   65000/500000 ( 13.0%)  mean_rew=-0.031
------------------------------------------
| time/                   |              |
|    fps                  | 1221         |
|    iterations           | 16           |
|    time_elapsed         | 53           |
|    total_timesteps      | 65536        |
| train/                  |              |
|    approx_kl            | 0.0025735446 |
|    clip_fraction        | 0.0358       |
|    clip_range           | 0.2          |
|    entropy_loss         | -0.448       |
|    explained_variance   | 0.887        |
|    learning_rate        | 0.0003       |
|    loss                 | 0.116        |
|    n_updates            | 150          |
|    policy_gradient_loss | -0.00294     |
|    value_loss           | 0.202        |
------------------------------------------
------------------------------------------
| time/                   |              |
|    fps                  | 1224         |
|    iterations           | 17           |
|    time_elapsed         | 56           |
|    total_timesteps      | 69632        |
| train/                  |              |
|    approx_kl            | 0.0031131275 |
|    clip_fraction        | 0.0363       |
|    clip_range           | 0.2          |
|    entropy_loss         | -0.429       |
|    explained_variance   | 0.904        |
|    learning_rate        | 0.0003       |
|    loss                 | 0.0562       |
|    n_updates            | 160          |
|    policy_gradient_loss | -0.0026      |
|    value_loss           | 0.108        |
------------------------------------------
  step   70000/500000 ( 14.0%)  mean_rew=-0.012
------------------------------------------
| time/                   |              |
|    fps                  | 1222         |
|    iterations           | 18           |
|    time_elapsed         | 60           |
|    total_timesteps      | 73728        |
| train/                  |              |
|    approx_kl            | 0.0027668793 |
|    clip_fraction        | 0.025        |
|    clip_range           | 0.2          |
|    entropy_loss         | -0.386       |
|    explained_variance   | 0.903        |
|    learning_rate        | 0.0003       |
|    loss                 | 0.0191       |
|    n_updates            | 170          |
|    policy_gradient_loss | -0.00243     |
|    value_loss           | 0.0885       |
------------------------------------------
  step   75000/500000 ( 15.0%)  mean_rew=-0.007
------------------------------------------
| time/                   |              |
|    fps                  | 1221         |
|    iterations           | 19           |
|    time_elapsed         | 63           |
|    total_timesteps      | 77824        |
| train/                  |              |
|    approx_kl            | 0.0041708173 |
|    clip_fraction        | 0.0564       |
|    clip_range           | 0.2          |
|    entropy_loss         | -0.345       |
|    explained_variance   | 0.964        |
|    learning_rate        | 0.0003       |
|    loss                 | 0.0114       |
|    n_updates            | 180          |
|    policy_gradient_loss | -0.00362     |
|    value_loss           | 0.027        |
------------------------------------------
  step   80000/500000 ( 16.0%)  mean_rew=-0.014
------------------------------------------
| time/                   |              |
|    fps                  | 1223         |
|    iterations           | 20           |
|    time_elapsed         | 66           |
|    total_timesteps      | 81920        |
| train/                  |              |
|    approx_kl            | 0.0019546226 |
|    clip_fraction        | 0.0182       |
|    clip_range           | 0.2          |
|    entropy_loss         | -0.302       |
|    explained_variance   | 0.903        |
|    learning_rate        | 0.0003       |
|    loss                 | 0.0168       |
|    n_updates            | 190          |
|    policy_gradient_loss | -0.00138     |
|    value_loss           | 0.0636       |
------------------------------------------
  step   85000/500000 ( 17.0%)  mean_rew=-0.007
-----------------------------------------
| time/                   |             |
|    fps                  | 1222        |
|    iterations           | 21          |
|    time_elapsed         | 70          |
|    total_timesteps      | 86016       |
| train/                  |             |
|    approx_kl            | 0.004395662 |
|    clip_fraction        | 0.0383      |
|    clip_range           | 0.2         |
|    entropy_loss         | -0.282      |
|    explained_variance   | 0.904       |
|    learning_rate        | 0.0003      |
|    loss                 | 0.0144      |
|    n_updates            | 200         |
|    policy_gradient_loss | -0.00277    |
|    value_loss           | 0.0467      |
-----------------------------------------
  step   90000/500000 ( 18.0%)  mean_rew=-0.007
------------------------------------------
| time/                   |              |
|    fps                  | 1221         |
|    iterations           | 22           |
|    time_elapsed         | 73           |
|    total_timesteps      | 90112        |
| train/                  |              |
|    approx_kl            | 0.0023652383 |
|    clip_fraction        | 0.027        |
|    clip_range           | 0.2          |
|    entropy_loss         | -0.269       |
|    explained_variance   | 0.956        |
|    learning_rate        | 0.0003       |
|    loss                 | 0.0119       |
|    n_updates            | 210          |
|    policy_gradient_loss | -0.00243     |
|    value_loss           | 0.0208       |
------------------------------------------
------------------------------------------
| time/                   |              |
|    fps                  | 1221         |
|    iterations           | 23           |
|    time_elapsed         | 77           |
|    total_timesteps      | 94208        |
| train/                  |              |
|    approx_kl            | 0.0015916869 |
|    clip_fraction        | 0.0178       |
|    clip_range           | 0.2          |
|    entropy_loss         | -0.241       |
|    explained_variance   | 0.905        |
|    learning_rate        | 0.0003       |
|    loss                 | 0.0163       |
|    n_updates            | 220          |
|    policy_gradient_loss | -0.00127     |
|    value_loss           | 0.037        |
------------------------------------------
  step   95000/500000 ( 19.0%)  mean_rew=-0.004
-----------------------------------------
| time/                   |             |
|    fps                  | 1222        |
|    iterations           | 24          |
|    time_elapsed         | 80          |
|    total_timesteps      | 98304       |
| train/                  |             |
|    approx_kl            | 0.002536584 |
|    clip_fraction        | 0.0419      |
|    clip_range           | 0.2         |
|    entropy_loss         | -0.238      |
|    explained_variance   | 0.904       |
|    learning_rate        | 0.0003      |
|    loss                 | 0.0263      |
|    n_updates            | 230         |
|    policy_gradient_loss | -0.00134    |
|    value_loss           | 0.0343      |
-----------------------------------------
  step  100000/500000 ( 20.0%)  mean_rew=-0.002
------------------------------------------
| time/                   |              |
|    fps                  | 1221         |
|    iterations           | 25           |
|    time_elapsed         | 83           |
|    total_timesteps      | 102400       |
| train/                  |              |
|    approx_kl            | 0.0018671248 |
|    clip_fraction        | 0.0237       |
|    clip_range           | 0.2          |
|    entropy_loss         | -0.231       |
|    explained_variance   | 0.912        |
|    learning_rate        | 0.0003       |
|    loss                 | 0.00603      |
|    n_updates            | 240          |
|    policy_gradient_loss | -0.00178     |
|    value_loss           | 0.0225       |
------------------------------------------
  step  105000/500000 ( 21.0%)  mean_rew=-0.008
-----------------------------------------
| time/                   |             |
|    fps                  | 1221        |
|    iterations           | 26          |
|    time_elapsed         | 87          |
|    total_timesteps      | 106496      |
| train/                  |             |
|    approx_kl            | 0.001467286 |
|    clip_fraction        | 0.0177      |
|    clip_range           | 0.2         |
|    entropy_loss         | -0.236      |
|    explained_variance   | 0.866       |
|    learning_rate        | 0.0003      |
|    loss                 | 0.04        |
|    n_updates            | 250         |
|    policy_gradient_loss | -0.000531   |
|    value_loss           | 0.044       |
-----------------------------------------
  step  110000/500000 ( 22.0%)  mean_rew=-0.004
-----------------------------------------
| time/                   |             |
|    fps                  | 1222        |
|    iterations           | 27          |
|    time_elapsed         | 90          |
|    total_timesteps      | 110592      |
| train/                  |             |
|    approx_kl            | 0.002776703 |
|    clip_fraction        | 0.0353      |
|    clip_range           | 0.2         |
|    entropy_loss         | -0.227      |
|    explained_variance   | 0.907       |
|    learning_rate        | 0.0003      |
|    loss                 | 0.0176      |
|    n_updates            | 260         |
|    policy_gradient_loss | -0.000954   |
|    value_loss           | 0.0257      |
-----------------------------------------
------------------------------------------
| time/                   |              |
|    fps                  | 1221         |
|    iterations           | 28           |
|    time_elapsed         | 93           |
|    total_timesteps      | 114688       |
| train/                  |              |
|    approx_kl            | 0.0009761175 |
|    clip_fraction        | 0.0103       |
|    clip_range           | 0.2          |
|    entropy_loss         | -0.212       |
|    explained_variance   | 0.917        |
|    learning_rate        | 0.0003       |
|    loss                 | 0.00418      |
|    n_updates            | 270          |
|    policy_gradient_loss | -0.000967    |
|    value_loss           | 0.0174       |
------------------------------------------
  step  115000/500000 ( 23.0%)  mean_rew=-0.007
------------------------------------------
| time/                   |              |
|    fps                  | 1220         |
|    iterations           | 29           |
|    time_elapsed         | 97           |
|    total_timesteps      | 118784       |
| train/                  |              |
|    approx_kl            | 0.0013466921 |
|    clip_fraction        | 0.0128       |
|    clip_range           | 0.2          |
|    entropy_loss         | -0.192       |
|    explained_variance   | 0.934        |
|    learning_rate        | 0.0003       |
|    loss                 | 0.00903      |
|    n_updates            | 280          |
|    policy_gradient_loss | -0.00192     |
|    value_loss           | 0.0152       |
------------------------------------------
  step  120000/500000 ( 24.0%)  mean_rew=-0.004
------------------------------------------
| time/                   |              |
|    fps                  | 1220         |
|    iterations           | 30           |
|    time_elapsed         | 100          |
|    total_timesteps      | 122880       |
| train/                  |              |
|    approx_kl            | 0.0014959816 |
|    clip_fraction        | 0.0104       |
|    clip_range           | 0.2          |
|    entropy_loss         | -0.18        |
|    explained_variance   | 0.805        |
|    learning_rate        | 0.0003       |
|    loss                 | 0.0258       |
|    n_updates            | 290          |
|    policy_gradient_loss | -0.000698    |
|    value_loss           | 0.0501       |
------------------------------------------
  step  125000/500000 ( 25.0%)  mean_rew=-0.016
------------------------------------------
| time/                   |              |
|    fps                  | 1221         |
|    iterations           | 31           |
|    time_elapsed         | 103          |
|    total_timesteps      | 126976       |
| train/                  |              |
|    approx_kl            | 0.0018136473 |
|    clip_fraction        | 0.0145       |
|    clip_range           | 0.2          |
|    entropy_loss         | -0.165       |
|    explained_variance   | 0.893        |
|    learning_rate        | 0.0003       |
|    loss                 | 0.0082       |
|    n_updates            | 300          |
|    policy_gradient_loss | -0.00105     |
|    value_loss           | 0.0235       |
------------------------------------------
  step  130000/500000 ( 26.0%)  mean_rew=-0.009
------------------------------------------
| time/                   |              |
|    fps                  | 1220         |
|    iterations           | 32           |
|    time_elapsed         | 107          |
|    total_timesteps      | 131072       |
| train/                  |              |
|    approx_kl            | 0.0010312462 |
|    clip_fraction        | 0.00679      |
|    clip_range           | 0.2          |
|    entropy_loss         | -0.155       |
|    explained_variance   | 0.903        |
|    learning_rate        | 0.0003       |
|    loss                 | 0.01         |
|    n_updates            | 310          |
|    policy_gradient_loss | -0.00063     |
|    value_loss           | 0.015        |
------------------------------------------
  step  135000/500000 ( 27.0%)  mean_rew=+0.000
------------------------------------------
| time/                   |              |
|    fps                  | 1220         |
|    iterations           | 33           |
|    time_elapsed         | 110          |
|    total_timesteps      | 135168       |
| train/                  |              |
|    approx_kl            | 0.0006189493 |
|    clip_fraction        | 0.00322      |
|    clip_range           | 0.2          |
|    entropy_loss         | -0.155       |
|    explained_variance   | 0.926        |
|    learning_rate        | 0.0003       |
|    loss                 | 0.00776      |
|    n_updates            | 320          |
|    policy_gradient_loss | -0.000357    |
|    value_loss           | 0.0134       |
------------------------------------------
------------------------------------------
| time/                   |              |
|    fps                  | 1221         |
|    iterations           | 34           |
|    time_elapsed         | 113          |
|    total_timesteps      | 139264       |
| train/                  |              |
|    approx_kl            | 0.0023157864 |
|    clip_fraction        | 0.0194       |
|    clip_range           | 0.2          |
|    entropy_loss         | -0.156       |
|    explained_variance   | 0.891        |
|    learning_rate        | 0.0003       |
|    loss                 | 0.00586      |
|    n_updates            | 330          |
|    policy_gradient_loss | -0.00051     |
|    value_loss           | 0.0197       |
------------------------------------------
  step  140000/500000 ( 28.0%)  mean_rew=-0.008
-------------------------------------------
| time/                   |               |
|    fps                  | 1221          |
|    iterations           | 35            |
|    time_elapsed         | 117           |
|    total_timesteps      | 143360        |
| train/                  |               |
|    approx_kl            | 0.00050009484 |
|    clip_fraction        | 0.00735       |
|    clip_range           | 0.2           |
|    entropy_loss         | -0.149        |
|    explained_variance   | 0.856         |
|    learning_rate        | 0.0003        |
|    loss                 | 0.00765       |
|    n_updates            | 340           |
|    policy_gradient_loss | -0.000214     |
|    value_loss           | 0.0249        |
-------------------------------------------
  step  145000/500000 ( 29.0%)  mean_rew=-0.004
------------------------------------------
| time/                   |              |
|    fps                  | 1219         |
|    iterations           | 36           |
|    time_elapsed         | 120          |
|    total_timesteps      | 147456       |
| train/                  |              |
|    approx_kl            | 0.0014423501 |
|    clip_fraction        | 0.012        |
|    clip_range           | 0.2          |
|    entropy_loss         | -0.142       |
|    explained_variance   | 0.922        |
|    learning_rate        | 0.0003       |
|    loss                 | 0.00275      |
|    n_updates            | 350          |
|    policy_gradient_loss | -0.000529    |
|    value_loss           | 0.0131       |
------------------------------------------
  step  150000/500000 ( 30.0%)  mean_rew=-0.006
------------------------------------------
| time/                   |              |
|    fps                  | 1219         |
|    iterations           | 37           |
|    time_elapsed         | 124          |
|    total_timesteps      | 151552       |
| train/                  |              |
|    approx_kl            | 0.0017758056 |
|    clip_fraction        | 0.0183       |
|    clip_range           | 0.2          |
|    entropy_loss         | -0.131       |
|    explained_variance   | 0.86         |
|    learning_rate        | 0.0003       |
|    loss                 | 0.00774      |
|    n_updates            | 360          |
|    policy_gradient_loss | -0.000449    |
|    value_loss           | 0.025        |
------------------------------------------
  step  155000/500000 ( 31.0%)  mean_rew=-0.004
------------------------------------------
| time/                   |              |
|    fps                  | 1220         |
|    iterations           | 38           |
|    time_elapsed         | 127          |
|    total_timesteps      | 155648       |
| train/                  |              |
|    approx_kl            | 0.0011015779 |
|    clip_fraction        | 0.0133       |
|    clip_range           | 0.2          |
|    entropy_loss         | -0.13        |
|    explained_variance   | 0.892        |
|    learning_rate        | 0.0003       |
|    loss                 | 0.00845      |
|    n_updates            | 370          |
|    policy_gradient_loss | -0.000525    |
|    value_loss           | 0.0173       |
------------------------------------------
------------------------------------------
| time/                   |              |
|    fps                  | 1219         |
|    iterations           | 39           |
|    time_elapsed         | 130          |
|    total_timesteps      | 159744       |
| train/                  |              |
|    approx_kl            | 0.0010565962 |
|    clip_fraction        | 0.00945      |
|    clip_range           | 0.2          |
|    entropy_loss         | -0.13        |
|    explained_variance   | 0.891        |
|    learning_rate        | 0.0003       |
|    loss                 | 0.00718      |
|    n_updates            | 380          |
|    policy_gradient_loss | -0.000577    |
|    value_loss           | 0.0159       |
------------------------------------------
  step  160000/500000 ( 32.0%)  mean_rew=+0.000
-------------------------------------------
| time/                   |               |
|    fps                  | 1219          |
|    iterations           | 40            |
|    time_elapsed         | 134           |
|    total_timesteps      | 163840        |
| train/                  |               |
|    approx_kl            | 0.00085224526 |
|    clip_fraction        | 0.014         |
|    clip_range           | 0.2           |
|    entropy_loss         | -0.129        |
|    explained_variance   | 0.936         |
|    learning_rate        | 0.0003        |
|    loss                 | 0.00242       |
|    n_updates            | 390           |
|    policy_gradient_loss | -0.0003       |
|    value_loss           | 0.00967       |
-------------------------------------------
  step  165000/500000 ( 33.0%)  mean_rew=-0.009
-------------------------------------------
| time/                   |               |
|    fps                  | 1220          |
|    iterations           | 41            |
|    time_elapsed         | 137           |
|    total_timesteps      | 167936        |
| train/                  |               |
|    approx_kl            | 0.00095054193 |
|    clip_fraction        | 0.0106        |
|    clip_range           | 0.2           |
|    entropy_loss         | -0.125        |
|    explained_variance   | 0.889         |
|    learning_rate        | 0.0003        |
|    loss                 | 0.0064        |
|    n_updates            | 400           |
|    policy_gradient_loss | -0.000405     |
|    value_loss           | 0.0176        |
-------------------------------------------
  step  170000/500000 ( 34.0%)  mean_rew=+0.000
------------------------------------------
| time/                   |              |
|    fps                  | 1219         |
|    iterations           | 42           |
|    time_elapsed         | 141          |
|    total_timesteps      | 172032       |
| train/                  |              |
|    approx_kl            | 0.0006744801 |
|    clip_fraction        | 0.00715      |
|    clip_range           | 0.2          |
|    entropy_loss         | -0.119       |
|    explained_variance   | 0.91         |
|    learning_rate        | 0.0003       |
|    loss                 | 0.00483      |
|    n_updates            | 410          |
|    policy_gradient_loss | -4.18e-05    |
|    value_loss           | 0.0116       |
------------------------------------------
  step  175000/500000 ( 35.0%)  mean_rew=-0.005
------------------------------------------
| time/                   |              |
|    fps                  | 1218         |
|    iterations           | 43           |
|    time_elapsed         | 144          |
|    total_timesteps      | 176128       |
| train/                  |              |
|    approx_kl            | 0.0004708693 |
|    clip_fraction        | 0.00659      |
|    clip_range           | 0.2          |
|    entropy_loss         | -0.115       |
|    explained_variance   | 0.929        |
|    learning_rate        | 0.0003       |
|    loss                 | 0.00531      |
|    n_updates            | 420          |
|    policy_gradient_loss | -0.000287    |
|    value_loss           | 0.0101       |
------------------------------------------
  step  180000/500000 ( 36.0%)  mean_rew=-0.005
-------------------------------------------
| time/                   |               |
|    fps                  | 1218          |
|    iterations           | 44            |
|    time_elapsed         | 147           |
|    total_timesteps      | 180224        |
| train/                  |               |
|    approx_kl            | 0.00037700328 |
|    clip_fraction        | 0.00845       |
|    clip_range           | 0.2           |
|    entropy_loss         | -0.109        |
|    explained_variance   | 0.872         |
|    learning_rate        | 0.0003        |
|    loss                 | 0.00864       |
|    n_updates            | 430           |
|    policy_gradient_loss | -0.0002       |
|    value_loss           | 0.0203        |
-------------------------------------------
------------------------------------------
| time/                   |              |
|    fps                  | 1219         |
|    iterations           | 45           |
|    time_elapsed         | 151          |
|    total_timesteps      | 184320       |
| train/                  |              |
|    approx_kl            | 0.0006079569 |
|    clip_fraction        | 0.0071       |
|    clip_range           | 0.2          |
|    entropy_loss         | -0.108       |
|    explained_variance   | 0.89         |
|    learning_rate        | 0.0003       |
|    loss                 | 0.00415      |
|    n_updates            | 440          |
|    policy_gradient_loss | -0.000253    |
|    value_loss           | 0.0158       |
------------------------------------------
  step  185000/500000 ( 37.0%)  mean_rew=-0.004
-------------------------------------------
| time/                   |               |
|    fps                  | 1218          |
|    iterations           | 46            |
|    time_elapsed         | 154           |
|    total_timesteps      | 188416        |
| train/                  |               |
|    approx_kl            | 0.00060029293 |
|    clip_fraction        | 0.00862       |
|    clip_range           | 0.2           |
|    entropy_loss         | -0.113        |
|    explained_variance   | 0.907         |
|    learning_rate        | 0.0003        |
|    loss                 | 0.011         |
|    n_updates            | 450           |
|    policy_gradient_loss | -0.000327     |
|    value_loss           | 0.0115        |
-------------------------------------------
  step  190000/500000 ( 38.0%)  mean_rew=-0.005
------------------------------------------
| time/                   |              |
|    fps                  | 1218         |
|    iterations           | 47           |
|    time_elapsed         | 158          |
|    total_timesteps      | 192512       |
| train/                  |              |
|    approx_kl            | 0.0136248255 |
|    clip_fraction        | 0.0218       |
|    clip_range           | 0.2          |
|    entropy_loss         | -0.0782      |
|    explained_variance   | 0.931        |
|    learning_rate        | 0.0003       |
|    loss                 | 0.00529      |
|    n_updates            | 460          |
|    policy_gradient_loss | -0.000812    |
|    value_loss           | 0.00955      |
------------------------------------------
  step  195000/500000 ( 39.0%)  mean_rew=+0.000
-------------------------------------------
| time/                   |               |
|    fps                  | 1219          |
|    iterations           | 48            |
|    time_elapsed         | 161           |
|    total_timesteps      | 196608        |
| train/                  |               |
|    approx_kl            | 0.00021571168 |
|    clip_fraction        | 0.00398       |
|    clip_range           | 0.2           |
|    entropy_loss         | -0.0772       |
|    explained_variance   | 0.889         |
|    learning_rate        | 0.0003        |
|    loss                 | 0.0055        |
|    n_updates            | 470           |
|    policy_gradient_loss | -5.3e-05      |
|    value_loss           | 0.0165        |
-------------------------------------------
  step  200000/500000 ( 40.0%)  mean_rew=+0.000
-------------------------------------------
| time/                   |               |
|    fps                  | 1218          |
|    iterations           | 49            |
|    time_elapsed         | 164           |
|    total_timesteps      | 200704        |
| train/                  |               |
|    approx_kl            | 0.00044456372 |
|    clip_fraction        | 0.00649       |
|    clip_range           | 0.2           |
|    entropy_loss         | -0.0712       |
|    explained_variance   | 0.898         |
|    learning_rate        | 0.0003        |
|    loss                 | 0.0095        |
|    n_updates            | 480           |
|    policy_gradient_loss | -0.000397     |
|    value_loss           | 0.0128        |
-------------------------------------------
-------------------------------------------
| time/                   |               |
|    fps                  | 1218          |
|    iterations           | 50            |
|    time_elapsed         | 168           |
|    total_timesteps      | 204800        |
| train/                  |               |
|    approx_kl            | 0.00032350002 |
|    clip_fraction        | 0.00146       |
|    clip_range           | 0.2           |
|    entropy_loss         | -0.0684       |
|    explained_variance   | 0.594         |
|    learning_rate        | 0.0003        |
|    loss                 | 0.129         |
|    n_updates            | 490           |
|    policy_gradient_loss | -0.000175     |
|    value_loss           | 0.109         |
-------------------------------------------
  step  205000/500000 ( 41.0%)  mean_rew=-0.007
------------------------------------------
| time/                   |              |
|    fps                  | 1218         |
|    iterations           | 51           |
|    time_elapsed         | 171          |
|    total_timesteps      | 208896       |
| train/                  |              |
|    approx_kl            | 0.0004003336 |
|    clip_fraction        | 0.00457      |
|    clip_range           | 0.2          |
|    entropy_loss         | -0.0586      |
|    explained_variance   | 0.802        |
|    learning_rate        | 0.0003       |
|    loss                 | 0.0362       |
|    n_updates            | 500          |
|    policy_gradient_loss | -0.000132    |
|    value_loss           | 0.0431       |
------------------------------------------
  step  210000/500000 ( 42.0%)  mean_rew=-0.005
-----------------------------------------
| time/                   |             |
|    fps                  | 1219        |
|    iterations           | 52          |
|    time_elapsed         | 174         |
|    total_timesteps      | 212992      |
| train/                  |             |
|    approx_kl            | 0.012010729 |
|    clip_fraction        | 0.0182      |
|    clip_range           | 0.2         |
|    entropy_loss         | -0.0857     |
|    explained_variance   | 0.892       |
|    learning_rate        | 0.0003      |
|    loss                 | 0.00402     |
|    n_updates            | 510         |
|    policy_gradient_loss | -0.000817   |
|    value_loss           | 0.0182      |
-----------------------------------------
  step  215000/500000 ( 43.0%)  mean_rew=-0.004
------------------------------------------
| time/                   |              |
|    fps                  | 1217         |
|    iterations           | 53           |
|    time_elapsed         | 178          |
|    total_timesteps      | 217088       |
| train/                  |              |
|    approx_kl            | 0.0032547014 |
|    clip_fraction        | 0.0147       |
|    clip_range           | 0.2          |
|    entropy_loss         | -0.13        |
|    explained_variance   | 0.366        |
|    learning_rate        | 0.0003       |
|    loss                 | 0.119        |
|    n_updates            | 520          |
|    policy_gradient_loss | -0.000319    |
|    value_loss           | 0.419        |
------------------------------------------
  step  220000/500000 ( 44.0%)  mean_rew=-0.010
-----------------------------------------
| time/                   |             |
|    fps                  | 1217        |
|    iterations           | 54          |
|    time_elapsed         | 181         |
|    total_timesteps      | 221184      |
| train/                  |             |
|    approx_kl            | 0.000882199 |
|    clip_fraction        | 0.0139      |
|    clip_range           | 0.2         |
|    entropy_loss         | -0.116      |
|    explained_variance   | 0.882       |
|    learning_rate        | 0.0003      |
|    loss                 | 0.012       |
|    n_updates            | 530         |
|    policy_gradient_loss | -7.21e-05   |
|    value_loss           | 0.0275      |
-----------------------------------------
  step  225000/500000 ( 45.0%)  mean_rew=+0.000
------------------------------------------
| time/                   |              |
|    fps                  | 1218         |
|    iterations           | 55           |
|    time_elapsed         | 184          |
|    total_timesteps      | 225280       |
| train/                  |              |
|    approx_kl            | 0.0008573306 |
|    clip_fraction        | 0.00767      |
|    clip_range           | 0.2          |
|    entropy_loss         | -0.103       |
|    explained_variance   | 0.636        |
|    learning_rate        | 0.0003       |
|    loss                 | 0.0407       |
|    n_updates            | 540          |
|    policy_gradient_loss | -0.000327    |
|    value_loss           | 0.14         |
------------------------------------------
-----------------------------------------
| time/                   |             |
|    fps                  | 1217        |
|    iterations           | 56          |
|    time_elapsed         | 188         |
|    total_timesteps      | 229376      |
| train/                  |             |
|    approx_kl            | 0.006250619 |
|    clip_fraction        | 0.0227      |
|    clip_range           | 0.2         |
|    entropy_loss         | -0.13       |
|    explained_variance   | 0.892       |
|    learning_rate        | 0.0003      |
|    loss                 | 0.00657     |
|    n_updates            | 550         |
|    policy_gradient_loss | -0.000811   |
|    value_loss           | 0.0192      |
-----------------------------------------
  step  230000/500000 ( 46.0%)  mean_rew=-0.006
------------------------------------------
| time/                   |              |
|    fps                  | 1217         |
|    iterations           | 57           |
|    time_elapsed         | 191          |
|    total_timesteps      | 233472       |
| train/                  |              |
|    approx_kl            | 0.0010692349 |
|    clip_fraction        | 0.0228       |
|    clip_range           | 0.2          |
|    entropy_loss         | -0.13        |
|    explained_variance   | 0.913        |
|    learning_rate        | 0.0003       |
|    loss                 | 0.00901      |
|    n_updates            | 560          |
|    policy_gradient_loss | -0.000322    |
|    value_loss           | 0.0183       |
------------------------------------------
  step  235000/500000 ( 47.0%)  mean_rew=-0.005
-------------------------------------------
| time/                   |               |
|    fps                  | 1217          |
|    iterations           | 58            |
|    time_elapsed         | 195           |
|    total_timesteps      | 237568        |
| train/                  |               |
|    approx_kl            | 0.00086663844 |
|    clip_fraction        | 0.0075        |
|    clip_range           | 0.2           |
|    entropy_loss         | -0.125        |
|    explained_variance   | 0.889         |
|    learning_rate        | 0.0003        |
|    loss                 | 0.00999       |
|    n_updates            | 570           |
|    policy_gradient_loss | -0.000206     |
|    value_loss           | 0.0205        |
-------------------------------------------
  step  240000/500000 ( 48.0%)  mean_rew=-0.005
-------------------------------------------
| time/                   |               |
|    fps                  | 1218          |
|    iterations           | 59            |
|    time_elapsed         | 198           |
|    total_timesteps      | 241664        |
| train/                  |               |
|    approx_kl            | 0.00089609285 |
|    clip_fraction        | 0.0139        |
|    clip_range           | 0.2           |
|    entropy_loss         | -0.108        |
|    explained_variance   | 0.886         |
|    learning_rate        | 0.0003        |
|    loss                 | 0.00683       |
|    n_updates            | 580           |
|    policy_gradient_loss | -0.000525     |
|    value_loss           | 0.0194        |
-------------------------------------------
  step  245000/500000 ( 49.0%)  mean_rew=-0.002
------------------------------------------
| time/                   |              |
|    fps                  | 1217         |
|    iterations           | 60           |
|    time_elapsed         | 201          |
|    total_timesteps      | 245760       |
| train/                  |              |
|    approx_kl            | 0.0005808875 |
|    clip_fraction        | 0.00874      |
|    clip_range           | 0.2          |
|    entropy_loss         | -0.122       |
|    explained_variance   | 0.937        |
|    learning_rate        | 0.0003       |
|    loss                 | 0.00519      |
|    n_updates            | 590          |
|    policy_gradient_loss | -0.000297    |
|    value_loss           | 0.00975      |
------------------------------------------
------------------------------------------
| time/                   |              |
|    fps                  | 1217         |
|    iterations           | 61           |
|    time_elapsed         | 205          |
|    total_timesteps      | 249856       |
| train/                  |              |
|    approx_kl            | 0.0002621934 |
|    clip_fraction        | 0.0051       |
|    clip_range           | 0.2          |
|    entropy_loss         | -0.121       |
|    explained_variance   | 0.866        |
|    learning_rate        | 0.0003       |
|    loss                 | 0.0236       |
|    n_updates            | 600          |
|    policy_gradient_loss | -0.000121    |
|    value_loss           | 0.0248       |
------------------------------------------
  step  250000/500000 ( 50.0%)  mean_rew=+0.000
------------------------------------------
| time/                   |              |
|    fps                  | 1218         |
|    iterations           | 62           |
|    time_elapsed         | 208          |
|    total_timesteps      | 253952       |
| train/                  |              |
|    approx_kl            | 0.0005215677 |
|    clip_fraction        | 0.00737      |
|    clip_range           | 0.2          |
|    entropy_loss         | -0.11        |
|    explained_variance   | 0.879        |
|    learning_rate        | 0.0003       |
|    loss                 | 0.0128       |
|    n_updates            | 610          |
|    policy_gradient_loss | -0.000213    |
|    value_loss           | 0.0215       |
------------------------------------------
  step  255000/500000 ( 51.0%)  mean_rew=-0.011
-----------------------------------------
| time/                   |             |
|    fps                  | 1217        |
|    iterations           | 63          |
|    time_elapsed         | 211         |
|    total_timesteps      | 258048      |
| train/                  |             |
|    approx_kl            | 0.003384213 |
|    clip_fraction        | 0.014       |
|    clip_range           | 0.2         |
|    entropy_loss         | -0.118      |
|    explained_variance   | 0.906       |
|    learning_rate        | 0.0003      |
|    loss                 | 0.00879     |
|    n_updates            | 620         |
|    policy_gradient_loss | -0.000524   |
|    value_loss           | 0.0127      |
-----------------------------------------
  step  260000/500000 ( 52.0%)  mean_rew=-0.001
-------------------------------------------
| time/                   |               |
|    fps                  | 1217          |
|    iterations           | 64            |
|    time_elapsed         | 215           |
|    total_timesteps      | 262144        |
| train/                  |               |
|    approx_kl            | 0.00045279867 |
|    clip_fraction        | 0.0084        |
|    clip_range           | 0.2           |
|    entropy_loss         | -0.122        |
|    explained_variance   | 0.92          |
|    learning_rate        | 0.0003        |
|    loss                 | 0.00653       |
|    n_updates            | 630           |
|    policy_gradient_loss | -0.000582     |
|    value_loss           | 0.0122        |
-------------------------------------------
  step  265000/500000 ( 53.0%)  mean_rew=-0.004
------------------------------------------
| time/                   |              |
|    fps                  | 1217         |
|    iterations           | 65           |
|    time_elapsed         | 218          |
|    total_timesteps      | 266240       |
| train/                  |              |
|    approx_kl            | 0.0009289768 |
|    clip_fraction        | 0.0122       |
|    clip_range           | 0.2          |
|    entropy_loss         | -0.111       |
|    explained_variance   | 0.885        |
|    learning_rate        | 0.0003       |
|    loss                 | 0.00715      |
|    n_updates            | 640          |
|    policy_gradient_loss | -0.000241    |
|    value_loss           | 0.0181       |
------------------------------------------
  step  270000/500000 ( 54.0%)  mean_rew=-0.002
------------------------------------------
| time/                   |              |
|    fps                  | 1217         |
|    iterations           | 66           |
|    time_elapsed         | 222          |
|    total_timesteps      | 270336       |
| train/                  |              |
|    approx_kl            | 0.0006129516 |
|    clip_fraction        | 0.00396      |
|    clip_range           | 0.2          |
|    entropy_loss         | -0.105       |
|    explained_variance   | 0.906        |
|    learning_rate        | 0.0003       |
|    loss                 | 0.00727      |
|    n_updates            | 650          |
|    policy_gradient_loss | -0.000249    |
|    value_loss           | 0.013        |
------------------------------------------
------------------------------------------
| time/                   |              |
|    fps                  | 1216         |
|    iterations           | 67           |
|    time_elapsed         | 225          |
|    total_timesteps      | 274432       |
| train/                  |              |
|    approx_kl            | 0.0020308006 |
|    clip_fraction        | 0.0214       |
|    clip_range           | 0.2          |
|    entropy_loss         | -0.0917      |
|    explained_variance   | 0.894        |
|    learning_rate        | 0.0003       |
|    loss                 | 0.00463      |
|    n_updates            | 660          |
|    policy_gradient_loss | -0.000555    |
|    value_loss           | 0.0166       |
------------------------------------------
  step  275000/500000 ( 55.0%)  mean_rew=+0.000
------------------------------------------
| time/                   |              |
|    fps                  | 1216         |
|    iterations           | 68           |
|    time_elapsed         | 228          |
|    total_timesteps      | 278528       |
| train/                  |              |
|    approx_kl            | 0.0006144529 |
|    clip_fraction        | 0.00713      |
|    clip_range           | 0.2          |
|    entropy_loss         | -0.0866      |
|    explained_variance   | 0.879        |
|    learning_rate        | 0.0003       |
|    loss                 | 0.00919      |
|    n_updates            | 670          |
|    policy_gradient_loss | -0.000173    |
|    value_loss           | 0.0193       |
------------------------------------------
  step  280000/500000 ( 56.0%)  mean_rew=-0.002
-------------------------------------------
| time/                   |               |
|    fps                  | 1217          |
|    iterations           | 69            |
|    time_elapsed         | 232           |
|    total_timesteps      | 282624        |
| train/                  |               |
|    approx_kl            | 0.00029411365 |
|    clip_fraction        | 0.00535       |
|    clip_range           | 0.2           |
|    entropy_loss         | -0.0803       |
|    explained_variance   | 0.886         |
|    learning_rate        | 0.0003        |
|    loss                 | 0.00571       |
|    n_updates            | 680           |
|    policy_gradient_loss | -0.000147     |
|    value_loss           | 0.0177        |
-------------------------------------------
  step  285000/500000 ( 57.0%)  mean_rew=-0.002
-------------------------------------------
| time/                   |               |
|    fps                  | 1217          |
|    iterations           | 70            |
|    time_elapsed         | 235           |
|    total_timesteps      | 286720        |
| train/                  |               |
|    approx_kl            | 0.00069154776 |
|    clip_fraction        | 0.00808       |
|    clip_range           | 0.2           |
|    entropy_loss         | -0.0849       |
|    explained_variance   | 0.91          |
|    learning_rate        | 0.0003        |
|    loss                 | 0.00476       |
|    n_updates            | 690           |
|    policy_gradient_loss | -0.000163     |
|    value_loss           | 0.0109        |
-------------------------------------------
  step  290000/500000 ( 58.0%)  mean_rew=-0.006
------------------------------------------
| time/                   |              |
|    fps                  | 1216         |
|    iterations           | 71           |
|    time_elapsed         | 239          |
|    total_timesteps      | 290816       |
| train/                  |              |
|    approx_kl            | 0.0005414355 |
|    clip_fraction        | 0.00552      |
|    clip_range           | 0.2          |
|    entropy_loss         | -0.0855      |
|    explained_variance   | 0.928        |
|    learning_rate        | 0.0003       |
|    loss                 | 0.00402      |
|    n_updates            | 700          |
|    policy_gradient_loss | -0.000101    |
|    value_loss           | 0.01         |
------------------------------------------
-------------------------------------------
| time/                   |               |
|    fps                  | 1216          |
|    iterations           | 72            |
|    time_elapsed         | 242           |
|    total_timesteps      | 294912        |
| train/                  |               |
|    approx_kl            | 0.00026649568 |
|    clip_fraction        | 0.00579       |
|    clip_range           | 0.2           |
|    entropy_loss         | -0.0752       |
|    explained_variance   | 0.877         |
|    learning_rate        | 0.0003        |
|    loss                 | 0.00881       |
|    n_updates            | 710           |
|    policy_gradient_loss | -0.00011      |
|    value_loss           | 0.019         |
-------------------------------------------
  step  295000/500000 ( 59.0%)  mean_rew=-0.005
-------------------------------------------
| time/                   |               |
|    fps                  | 1216          |
|    iterations           | 73            |
|    time_elapsed         | 245           |
|    total_timesteps      | 299008        |
| train/                  |               |
|    approx_kl            | 0.00044190814 |
|    clip_fraction        | 0.00693       |
|    clip_range           | 0.2           |
|    entropy_loss         | -0.0632       |
|    explained_variance   | 0.913         |
|    learning_rate        | 0.0003        |
|    loss                 | 0.00309       |
|    n_updates            | 720           |
|    policy_gradient_loss | -0.000486     |
|    value_loss           | 0.0102        |
-------------------------------------------
  step  300000/500000 ( 60.0%)  mean_rew=+0.000
------------------------------------------
| time/                   |              |
|    fps                  | 1216         |
|    iterations           | 74           |
|    time_elapsed         | 249          |
|    total_timesteps      | 303104       |
| train/                  |              |
|    approx_kl            | 0.0037917371 |
|    clip_fraction        | 0.00898      |
|    clip_range           | 0.2          |
|    entropy_loss         | -0.0526      |
|    explained_variance   | 0.922        |
|    learning_rate        | 0.0003       |
|    loss                 | 0.00538      |
|    n_updates            | 730          |
|    policy_gradient_loss | -0.000328    |
|    value_loss           | 0.0106       |
------------------------------------------
  step  305000/500000 ( 61.0%)  mean_rew=-0.007
-------------------------------------------
| time/                   |               |
|    fps                  | 1216          |
|    iterations           | 75            |
|    time_elapsed         | 252           |
|    total_timesteps      | 307200        |
| train/                  |               |
|    approx_kl            | 0.00034823548 |
|    clip_fraction        | 0.00388       |
|    clip_range           | 0.2           |
|    entropy_loss         | -0.0412       |
|    explained_variance   | 0.517         |
|    learning_rate        | 0.0003        |
|    loss                 | 0.00882       |
|    n_updates            | 740           |
|    policy_gradient_loss | -7.97e-05     |
|    value_loss           | 0.148         |
-------------------------------------------
  step  310000/500000 ( 62.0%)  mean_rew=+0.000
-----------------------------------------
| time/                   |             |
|    fps                  | 1216        |
|    iterations           | 76          |
|    time_elapsed         | 255         |
|    total_timesteps      | 311296      |
| train/                  |             |
|    approx_kl            | 0.004870369 |
|    clip_fraction        | 0.00469     |
|    clip_range           | 0.2         |
|    entropy_loss         | -0.051      |
|    explained_variance   | 0.887       |
|    learning_rate        | 0.0003      |
|    loss                 | 0.0042      |
|    n_updates            | 750         |
|    policy_gradient_loss | -0.000294   |
|    value_loss           | 0.0189      |
-----------------------------------------
  step  315000/500000 ( 63.0%)  mean_rew=-0.007
-------------------------------------------
| time/                   |               |
|    fps                  | 1216          |
|    iterations           | 77            |
|    time_elapsed         | 259           |
|    total_timesteps      | 315392        |
| train/                  |               |
|    approx_kl            | 0.00051437883 |
|    clip_fraction        | 0.00547       |
|    clip_range           | 0.2           |
|    entropy_loss         | -0.0589       |
|    explained_variance   | 0.901         |
|    learning_rate        | 0.0003        |
|    loss                 | 0.00414       |
|    n_updates            | 760           |
|    policy_gradient_loss | -0.000175     |
|    value_loss           | 0.0138        |
-------------------------------------------
-------------------------------------------
| time/                   |               |
|    fps                  | 1216          |
|    iterations           | 78            |
|    time_elapsed         | 262           |
|    total_timesteps      | 319488        |
| train/                  |               |
|    approx_kl            | 0.00038102182 |
|    clip_fraction        | 0.00562       |
|    clip_range           | 0.2           |
|    entropy_loss         | -0.0604       |
|    explained_variance   | 0.925         |
|    learning_rate        | 0.0003        |
|    loss                 | 0.00408       |
|    n_updates            | 770           |
|    policy_gradient_loss | -0.000319     |
|    value_loss           | 0.0118        |
-------------------------------------------
  step  320000/500000 ( 64.0%)  mean_rew=-0.005
-------------------------------------------
| time/                   |               |
|    fps                  | 1216          |
|    iterations           | 79            |
|    time_elapsed         | 265           |
|    total_timesteps      | 323584        |
| train/                  |               |
|    approx_kl            | 0.00022904795 |
|    clip_fraction        | 0.003         |
|    clip_range           | 0.2           |
|    entropy_loss         | -0.0557       |
|    explained_variance   | 0.882         |
|    learning_rate        | 0.0003        |
|    loss                 | 0.00977       |
|    n_updates            | 780           |
|    policy_gradient_loss | 0.000168      |
|    value_loss           | 0.0205        |
-------------------------------------------
  step  325000/500000 ( 65.0%)  mean_rew=-0.005
-------------------------------------------
| time/                   |               |
|    fps                  | 1216          |
|    iterations           | 80            |
|    time_elapsed         | 269           |
|    total_timesteps      | 327680        |
| train/                  |               |
|    approx_kl            | 0.00025986697 |
|    clip_fraction        | 0.00581       |
|    clip_range           | 0.2           |
|    entropy_loss         | -0.0498       |
|    explained_variance   | 0.911         |
|    learning_rate        | 0.0003        |
|    loss                 | 0.00421       |
|    n_updates            | 790           |
|    policy_gradient_loss | -5.98e-05     |
|    value_loss           | 0.0121        |
-------------------------------------------
  step  330000/500000 ( 66.0%)  mean_rew=-0.001
------------------------------------------
| time/                   |              |
|    fps                  | 1215         |
|    iterations           | 81           |
|    time_elapsed         | 272          |
|    total_timesteps      | 331776       |
| train/                  |              |
|    approx_kl            | 0.0003993936 |
|    clip_fraction        | 0.00444      |
|    clip_range           | 0.2          |
|    entropy_loss         | -0.0492      |
|    explained_variance   | 0.915        |
|    learning_rate        | 0.0003       |
|    loss                 | 0.0079       |
|    n_updates            | 800          |
|    policy_gradient_loss | -0.000241    |
|    value_loss           | 0.0133       |
------------------------------------------
  step  335000/500000 ( 67.0%)  mean_rew=-0.004
------------------------------------------
| time/                   |              |
|    fps                  | 1215         |
|    iterations           | 82           |
|    time_elapsed         | 276          |
|    total_timesteps      | 335872       |
| train/                  |              |
|    approx_kl            | 0.0003450961 |
|    clip_fraction        | 0.00723      |
|    clip_range           | 0.2          |
|    entropy_loss         | -0.052       |
|    explained_variance   | 0.892        |
|    learning_rate        | 0.0003       |
|    loss                 | 0.00455      |
|    n_updates            | 810          |
|    policy_gradient_loss | -0.000334    |
|    value_loss           | 0.0174       |
------------------------------------------
-------------------------------------------
| time/                   |               |
|    fps                  | 1216          |
|    iterations           | 83            |
|    time_elapsed         | 279           |
|    total_timesteps      | 339968        |
| train/                  |               |
|    approx_kl            | 0.00081666716 |
|    clip_fraction        | 0.00767       |
|    clip_range           | 0.2           |
|    entropy_loss         | -0.049        |
|    explained_variance   | 0.898         |
|    learning_rate        | 0.0003        |
|    loss                 | 0.0089        |
|    n_updates            | 820           |
|    policy_gradient_loss | -0.000435     |
|    value_loss           | 0.0159        |
-------------------------------------------
  step  340000/500000 ( 68.0%)  mean_rew=+0.000
-------------------------------------------
| time/                   |               |
|    fps                  | 1216          |
|    iterations           | 84            |
|    time_elapsed         | 282           |
|    total_timesteps      | 344064        |
| train/                  |               |
|    approx_kl            | 0.00045951182 |
|    clip_fraction        | 0.00425       |
|    clip_range           | 0.2           |
|    entropy_loss         | -0.0484       |
|    explained_variance   | 0.899         |
|    learning_rate        | 0.0003        |
|    loss                 | 0.00752       |
|    n_updates            | 830           |
|    policy_gradient_loss | -0.00031      |
|    value_loss           | 0.0133        |
-------------------------------------------
  step  345000/500000 ( 69.0%)  mean_rew=+0.000
-----------------------------------------
| time/                   |             |
|    fps                  | 1216        |
|    iterations           | 85          |
|    time_elapsed         | 286         |
|    total_timesteps      | 348160      |
| train/                  |             |
|    approx_kl            | 0.000655678 |
|    clip_fraction        | 0.00559     |
|    clip_range           | 0.2         |
|    entropy_loss         | -0.0455     |
|    explained_variance   | 0.924       |
|    learning_rate        | 0.0003      |
|    loss                 | 0.00608     |
|    n_updates            | 840         |
|    policy_gradient_loss | -0.000348   |
|    value_loss           | 0.0113      |
-----------------------------------------
  step  350000/500000 ( 70.0%)  mean_rew=-0.001
-------------------------------------------
| time/                   |               |
|    fps                  | 1216          |
|    iterations           | 86            |
|    time_elapsed         | 289           |
|    total_timesteps      | 352256        |
| train/                  |               |
|    approx_kl            | 0.00023130252 |
|    clip_fraction        | 0.00242       |
|    clip_range           | 0.2           |
|    entropy_loss         | -0.0394       |
|    explained_variance   | 0.891         |
|    learning_rate        | 0.0003        |
|    loss                 | 0.0078        |
|    n_updates            | 850           |
|    policy_gradient_loss | 3.96e-05      |
|    value_loss           | 0.0169        |
-------------------------------------------
  step  355000/500000 ( 71.0%)  mean_rew=+0.000
-------------------------------------------
| time/                   |               |
|    fps                  | 1217          |
|    iterations           | 87            |
|    time_elapsed         | 292           |
|    total_timesteps      | 356352        |
| train/                  |               |
|    approx_kl            | 0.00033490296 |
|    clip_fraction        | 0.00391       |
|    clip_range           | 0.2           |
|    entropy_loss         | -0.0359       |
|    explained_variance   | 0.907         |
|    learning_rate        | 0.0003        |
|    loss                 | 0.00925       |
|    n_updates            | 860           |
|    policy_gradient_loss | -0.000342     |
|    value_loss           | 0.0116        |
-------------------------------------------
  step  360000/500000 ( 72.0%)  mean_rew=-0.001
------------------------------------------
| time/                   |              |
|    fps                  | 1217         |
|    iterations           | 88           |
|    time_elapsed         | 296          |
|    total_timesteps      | 360448       |
| train/                  |              |
|    approx_kl            | 0.0002008996 |
|    clip_fraction        | 0.0031       |
|    clip_range           | 0.2          |
|    entropy_loss         | -0.036       |
|    explained_variance   | 0.926        |
|    learning_rate        | 0.0003       |
|    loss                 | 0.00282      |
|    n_updates            | 870          |
|    policy_gradient_loss | -7.23e-05    |
|    value_loss           | 0.0106       |
------------------------------------------
-------------------------------------------
| time/                   |               |
|    fps                  | 1217          |
|    iterations           | 89            |
|    time_elapsed         | 299           |
|    total_timesteps      | 364544        |
| train/                  |               |
|    approx_kl            | 0.00026204722 |
|    clip_fraction        | 0.00251       |
|    clip_range           | 0.2           |
|    entropy_loss         | -0.0338       |
|    explained_variance   | 0.897         |
|    learning_rate        | 0.0003        |
|    loss                 | 0.00836       |
|    n_updates            | 880           |
|    policy_gradient_loss | -0.000137     |
|    value_loss           | 0.0155        |
-------------------------------------------
  step  365000/500000 ( 73.0%)  mean_rew=+0.000
-------------------------------------------
| time/                   |               |
|    fps                  | 1218          |
|    iterations           | 90            |
|    time_elapsed         | 302           |
|    total_timesteps      | 368640        |
| train/                  |               |
|    approx_kl            | 3.5498524e-05 |
|    clip_fraction        | 0.00173       |
|    clip_range           | 0.2           |
|    entropy_loss         | -0.0339       |
|    explained_variance   | 0.825         |
|    learning_rate        | 0.0003        |
|    loss                 | 0.0309        |
|    n_updates            | 890           |
|    policy_gradient_loss | -6.58e-05     |
|    value_loss           | 0.0304        |
-------------------------------------------
  step  370000/500000 ( 74.0%)  mean_rew=-0.019
------------------------------------------
| time/                   |              |
|    fps                  | 1218         |
|    iterations           | 91           |
|    time_elapsed         | 305          |
|    total_timesteps      | 372736       |
| train/                  |              |
|    approx_kl            | 0.0039444896 |
|    clip_fraction        | 0.00793      |
|    clip_range           | 0.2          |
|    entropy_loss         | -0.0531      |
|    explained_variance   | 0.896        |
|    learning_rate        | 0.0003       |
|    loss                 | 0.00559      |
|    n_updates            | 900          |
|    policy_gradient_loss | -0.000141    |
|    value_loss           | 0.015        |
------------------------------------------
  step  375000/500000 ( 75.0%)  mean_rew=-0.005
------------------------------------------
| time/                   |              |
|    fps                  | 1219         |
|    iterations           | 92           |
|    time_elapsed         | 309          |
|    total_timesteps      | 376832       |
| train/                  |              |
|    approx_kl            | 0.0016199962 |
|    clip_fraction        | 0.0123       |
|    clip_range           | 0.2          |
|    entropy_loss         | -0.0476      |
|    explained_variance   | 0.919        |
|    learning_rate        | 0.0003       |
|    loss                 | 0.00455      |
|    n_updates            | 910          |
|    policy_gradient_loss | -6.42e-05    |
|    value_loss           | 0.0127       |
------------------------------------------
  step  380000/500000 ( 76.0%)  mean_rew=+0.000
-------------------------------------------
| time/                   |               |
|    fps                  | 1220          |
|    iterations           | 93            |
|    time_elapsed         | 312           |
|    total_timesteps      | 380928        |
| train/                  |               |
|    approx_kl            | 0.00043536664 |
|    clip_fraction        | 0.00266       |
|    clip_range           | 0.2           |
|    entropy_loss         | -0.0501       |
|    explained_variance   | 0.896         |
|    learning_rate        | 0.0003        |
|    loss                 | 0.00846       |
|    n_updates            | 920           |
|    policy_gradient_loss | 3.94e-05      |
|    value_loss           | 0.0162        |
-------------------------------------------
  step  385000/500000 ( 77.0%)  mean_rew=-0.004
------------------------------------------
| time/                   |              |
|    fps                  | 1220         |
|    iterations           | 94           |
|    time_elapsed         | 315          |
|    total_timesteps      | 385024       |
| train/                  |              |
|    approx_kl            | 0.0062537873 |
|    clip_fraction        | 0.00854      |
|    clip_range           | 0.2          |
|    entropy_loss         | -0.0706      |
|    explained_variance   | 0.916        |
|    learning_rate        | 0.0003       |
|    loss                 | 0.0103       |
|    n_updates            | 930          |
|    policy_gradient_loss | -0.000317    |
|    value_loss           | 0.0107       |
------------------------------------------
-----------------------------------------
| time/                   |             |
|    fps                  | 1221        |
|    iterations           | 95          |
|    time_elapsed         | 318         |
|    total_timesteps      | 389120      |
| train/                  |             |
|    approx_kl            | 0.018874299 |
|    clip_fraction        | 0.021       |
|    clip_range           | 0.2         |
|    entropy_loss         | -0.0545     |
|    explained_variance   | 0.923       |
|    learning_rate        | 0.0003      |
|    loss                 | 0.000439    |
|    n_updates            | 940         |
|    policy_gradient_loss | -0.000427   |
|    value_loss           | 0.0112      |
-----------------------------------------
  step  390000/500000 ( 78.0%)  mean_rew=-0.014
-----------------------------------------
| time/                   |             |
|    fps                  | 1222        |
|    iterations           | 96          |
|    time_elapsed         | 321         |
|    total_timesteps      | 393216      |
| train/                  |             |
|    approx_kl            | 0.000919155 |
|    clip_fraction        | 0.00291     |
|    clip_range           | 0.2         |
|    entropy_loss         | -0.0391     |
|    explained_variance   | 0.884       |
|    learning_rate        | 0.0003      |
|    loss                 | 0.00684     |
|    n_updates            | 950         |
|    policy_gradient_loss | -0.000133   |
|    value_loss           | 0.0188      |
-----------------------------------------
  step  395000/500000 ( 79.0%)  mean_rew=-0.002
------------------------------------------
| time/                   |              |
|    fps                  | 1222         |
|    iterations           | 97           |
|    time_elapsed         | 324          |
|    total_timesteps      | 397312       |
| train/                  |              |
|    approx_kl            | 0.0012471783 |
|    clip_fraction        | 0.00227      |
|    clip_range           | 0.2          |
|    entropy_loss         | -0.0413      |
|    explained_variance   | 0.9          |
|    learning_rate        | 0.0003       |
|    loss                 | 0.00463      |
|    n_updates            | 960          |
|    policy_gradient_loss | -9.94e-05    |
|    value_loss           | 0.0146       |
------------------------------------------
  step  400000/500000 ( 80.0%)  mean_rew=-0.006
------------------------------------------
| time/                   |              |
|    fps                  | 1223         |
|    iterations           | 98           |
|    time_elapsed         | 328          |
|    total_timesteps      | 401408       |
| train/                  |              |
|    approx_kl            | 0.0017808897 |
|    clip_fraction        | 0.00518      |
|    clip_range           | 0.2          |
|    entropy_loss         | -0.041       |
|    explained_variance   | 0.56         |
|    learning_rate        | 0.0003       |
|    loss                 | 0.0958       |
|    n_updates            | 970          |
|    policy_gradient_loss | -5.86e-06    |
|    value_loss           | 0.136        |
------------------------------------------
  step  405000/500000 ( 81.0%)  mean_rew=-0.016
-------------------------------------------
| time/                   |               |
|    fps                  | 1223          |
|    iterations           | 99            |
|    time_elapsed         | 331           |
|    total_timesteps      | 405504        |
| train/                  |               |
|    approx_kl            | 0.00013506909 |
|    clip_fraction        | 0.00244       |
|    clip_range           | 0.2           |
|    entropy_loss         | -0.0327       |
|    explained_variance   | 0.901         |
|    learning_rate        | 0.0003        |
|    loss                 | 0.0127        |
|    n_updates            | 980           |
|    policy_gradient_loss | -0.000116     |
|    value_loss           | 0.019         |
-------------------------------------------
------------------------------------------
| time/                   |              |
|    fps                  | 1224         |
|    iterations           | 100          |
|    time_elapsed         | 334          |
|    total_timesteps      | 409600       |
| train/                  |              |
|    approx_kl            | 6.420388e-05 |
|    clip_fraction        | 0.00159      |
|    clip_range           | 0.2          |
|    entropy_loss         | -0.0332      |
|    explained_variance   | 0.645        |
|    learning_rate        | 0.0003       |
|    loss                 | 0.0285       |
|    n_updates            | 990          |
|    policy_gradient_loss | -2.6e-06     |
|    value_loss           | 0.109        |
------------------------------------------
  step  410000/500000 ( 82.0%)  mean_rew=-0.004
-------------------------------------------
| time/                   |               |
|    fps                  | 1225          |
|    iterations           | 101           |
|    time_elapsed         | 337           |
|    total_timesteps      | 413696        |
| train/                  |               |
|    approx_kl            | 0.00025262777 |
|    clip_fraction        | 0.00256       |
|    clip_range           | 0.2           |
|    entropy_loss         | -0.0277       |
|    explained_variance   | 0.899         |
|    learning_rate        | 0.0003        |
|    loss                 | 0.00863       |
|    n_updates            | 1000          |
|    policy_gradient_loss | -0.000131     |
|    value_loss           | 0.016         |
-------------------------------------------
  step  415000/500000 ( 83.0%)  mean_rew=-0.007
-------------------------------------------
| time/                   |               |
|    fps                  | 1225          |
|    iterations           | 102           |
|    time_elapsed         | 340           |
|    total_timesteps      | 417792        |
| train/                  |               |
|    approx_kl            | 0.00018570395 |
|    clip_fraction        | 0.00251       |
|    clip_range           | 0.2           |
|    entropy_loss         | -0.0232       |
|    explained_variance   | 0.882         |
|    learning_rate        | 0.0003        |
|    loss                 | 0.00487       |
|    n_updates            | 1010          |
|    policy_gradient_loss | -2.13e-05     |
|    value_loss           | 0.0238        |
-------------------------------------------
  step  420000/500000 ( 84.0%)  mean_rew=-0.007
-------------------------------------------
| time/                   |               |
|    fps                  | 1226          |
|    iterations           | 103           |
|    time_elapsed         | 343           |
|    total_timesteps      | 421888        |
| train/                  |               |
|    approx_kl            | 0.00018818631 |
|    clip_fraction        | 0.0033        |
|    clip_range           | 0.2           |
|    entropy_loss         | -0.0201       |
|    explained_variance   | 0.898         |
|    learning_rate        | 0.0003        |
|    loss                 | 0.00874       |
|    n_updates            | 1020          |
|    policy_gradient_loss | -0.000222     |
|    value_loss           | 0.0188        |
-------------------------------------------
  step  425000/500000 ( 85.0%)  mean_rew=-0.004
------------------------------------------
| time/                   |              |
|    fps                  | 1227         |
|    iterations           | 104          |
|    time_elapsed         | 347          |
|    total_timesteps      | 425984       |
| train/                  |              |
|    approx_kl            | 9.405306e-05 |
|    clip_fraction        | 0.00159      |
|    clip_range           | 0.2          |
|    entropy_loss         | -0.0203      |
|    explained_variance   | 0.909        |
|    learning_rate        | 0.0003       |
|    loss                 | 0.0128       |
|    n_updates            | 1030         |
|    policy_gradient_loss | -0.000247    |
|    value_loss           | 0.0143       |
------------------------------------------
  step  430000/500000 ( 86.0%)  mean_rew=-0.004
-------------------------------------------
| time/                   |               |
|    fps                  | 1227          |
|    iterations           | 105           |
|    time_elapsed         | 350           |
|    total_timesteps      | 430080        |
| train/                  |               |
|    approx_kl            | 0.00051156327 |
|    clip_fraction        | 0.0022        |
|    clip_range           | 0.2           |
|    entropy_loss         | -0.0209       |
|    explained_variance   | 0.934         |
|    learning_rate        | 0.0003        |
|    loss                 | 0.00967       |
|    n_updates            | 1040          |
|    policy_gradient_loss | -0.000135     |
|    value_loss           | 0.0112        |
-------------------------------------------
------------------------------------------
| time/                   |              |
|    fps                  | 1227         |
|    iterations           | 106          |
|    time_elapsed         | 353          |
|    total_timesteps      | 434176       |
| train/                  |              |
|    approx_kl            | 0.0013994197 |
|    clip_fraction        | 0.00332      |
|    clip_range           | 0.2          |
|    entropy_loss         | -0.0198      |
|    explained_variance   | 0.896        |
|    learning_rate        | 0.0003       |
|    loss                 | 0.0145       |
|    n_updates            | 1050         |
|    policy_gradient_loss | -0.000135    |
|    value_loss           | 0.0178       |
------------------------------------------
  step  435000/500000 ( 87.0%)  mean_rew=-0.010
-------------------------------------------
| time/                   |               |
|    fps                  | 1228          |
|    iterations           | 107           |
|    time_elapsed         | 356           |
|    total_timesteps      | 438272        |
| train/                  |               |
|    approx_kl            | 0.00011047479 |
|    clip_fraction        | 0.00149       |
|    clip_range           | 0.2           |
|    entropy_loss         | -0.0152       |
|    explained_variance   | 0.881         |
|    learning_rate        | 0.0003        |
|    loss                 | 0.00974       |
|    n_updates            | 1060          |
|    policy_gradient_loss | -7.54e-06     |
|    value_loss           | 0.0214        |
-------------------------------------------
  step  440000/500000 ( 88.0%)  mean_rew=-0.009
--------------------------------------------
| time/                   |                |
|    fps                  | 1229           |
|    iterations           | 108            |
|    time_elapsed         | 359            |
|    total_timesteps      | 442368         |
| train/                  |                |
|    approx_kl            | 0.000112038775 |
|    clip_fraction        | 0.00168        |
|    clip_range           | 0.2            |
|    entropy_loss         | -0.0144        |
|    explained_variance   | 0.912          |
|    learning_rate        | 0.0003         |
|    loss                 | 0.00563        |
|    n_updates            | 1070           |
|    policy_gradient_loss | -0.00015       |
|    value_loss           | 0.0125         |
--------------------------------------------
  step  445000/500000 ( 89.0%)  mean_rew=-0.002
-------------------------------------------
| time/                   |               |
|    fps                  | 1229          |
|    iterations           | 109           |
|    time_elapsed         | 363           |
|    total_timesteps      | 446464        |
| train/                  |               |
|    approx_kl            | 5.6658813e-05 |
|    clip_fraction        | 0.000977      |
|    clip_range           | 0.2           |
|    entropy_loss         | -0.016        |
|    explained_variance   | 0.92          |
|    learning_rate        | 0.0003        |
|    loss                 | 0.00645       |
|    n_updates            | 1080          |
|    policy_gradient_loss | -2.31e-05     |
|    value_loss           | 0.0131        |
-------------------------------------------
  step  450000/500000 ( 90.0%)  mean_rew=+0.000
-------------------------------------------
| time/                   |               |
|    fps                  | 1230          |
|    iterations           | 110           |
|    time_elapsed         | 366           |
|    total_timesteps      | 450560        |
| train/                  |               |
|    approx_kl            | 0.00013262885 |
|    clip_fraction        | 0.00112       |
|    clip_range           | 0.2           |
|    entropy_loss         | -0.0158       |
|    explained_variance   | 0.888         |
|    learning_rate        | 0.0003        |
|    loss                 | 0.0115        |
|    n_updates            | 1090          |
|    policy_gradient_loss | -0.000119     |
|    value_loss           | 0.0192        |
-------------------------------------------
------------------------------------------
| time/                   |              |
|    fps                  | 1230         |
|    iterations           | 111          |
|    time_elapsed         | 369          |
|    total_timesteps      | 454656       |
| train/                  |              |
|    approx_kl            | 0.0044257706 |
|    clip_fraction        | 0.0459       |
|    clip_range           | 0.2          |
|    entropy_loss         | -0.0471      |
|    explained_variance   | 0.909        |
|    learning_rate        | 0.0003       |
|    loss                 | 0.000625     |
|    n_updates            | 1100         |
|    policy_gradient_loss | -0.00198     |
|    value_loss           | 0.0124       |
------------------------------------------
  step  455000/500000 ( 91.0%)  mean_rew=+0.000
-----------------------------------------
| time/                   |             |
|    fps                  | 1231        |
|    iterations           | 112         |
|    time_elapsed         | 372         |
|    total_timesteps      | 458752      |
| train/                  |             |
|    approx_kl            | 0.005934924 |
|    clip_fraction        | 0.0343      |
|    clip_range           | 0.2         |
|    entropy_loss         | -0.0678     |
|    explained_variance   | 0.935       |
|    learning_rate        | 0.0003      |
|    loss                 | 0.00646     |
|    n_updates            | 1110        |
|    policy_gradient_loss | -0.000188   |
|    value_loss           | 0.00903     |
-----------------------------------------
  step  460000/500000 ( 92.0%)  mean_rew=-0.009
-----------------------------------------
| time/                   |             |
|    fps                  | 1231        |
|    iterations           | 113         |
|    time_elapsed         | 375         |
|    total_timesteps      | 462848      |
| train/                  |             |
|    approx_kl            | 0.000453712 |
|    clip_fraction        | 0.00605     |
|    clip_range           | 0.2         |
|    entropy_loss         | -0.058      |
|    explained_variance   | 0.877       |
|    learning_rate        | 0.0003      |
|    loss                 | 0.01        |
|    n_updates            | 1120        |
|    policy_gradient_loss | -0.000197   |
|    value_loss           | 0.0193      |
-----------------------------------------
  step  465000/500000 ( 93.0%)  mean_rew=+0.000
-------------------------------------------
| time/                   |               |
|    fps                  | 1232          |
|    iterations           | 114           |
|    time_elapsed         | 378           |
|    total_timesteps      | 466944        |
| train/                  |               |
|    approx_kl            | 0.00012287589 |
|    clip_fraction        | 0.00447       |
|    clip_range           | 0.2           |
|    entropy_loss         | -0.0595       |
|    explained_variance   | 0.892         |
|    learning_rate        | 0.0003        |
|    loss                 | 0.00484       |
|    n_updates            | 1130          |
|    policy_gradient_loss | -3.99e-05     |
|    value_loss           | 0.0161        |
-------------------------------------------
  step  470000/500000 ( 94.0%)  mean_rew=-0.004
-------------------------------------------
| time/                   |               |
|    fps                  | 1232          |
|    iterations           | 115           |
|    time_elapsed         | 382           |
|    total_timesteps      | 471040        |
| train/                  |               |
|    approx_kl            | 0.00031313117 |
|    clip_fraction        | 0.0104        |
|    clip_range           | 0.2           |
|    entropy_loss         | -0.072        |
|    explained_variance   | 0.913         |
|    learning_rate        | 0.0003        |
|    loss                 | 0.0053        |
|    n_updates            | 1140          |
|    policy_gradient_loss | -5.39e-05     |
|    value_loss           | 0.0103        |
-------------------------------------------
  step  475000/500000 ( 95.0%)  mean_rew=+0.000
----------------------------------------
| time/                   |            |
|    fps                  | 1233       |
|    iterations           | 116        |
|    time_elapsed         | 385        |
|    total_timesteps      | 475136     |
| train/                  |            |
|    approx_kl            | 0.01572692 |
|    clip_fraction        | 0.0143     |
|    clip_range           | 0.2        |
|    entropy_loss         | -0.029     |
|    explained_variance   | 0.898      |
|    learning_rate        | 0.0003     |
|    loss                 | 0.00837    |
|    n_updates            | 1150       |
|    policy_gradient_loss | -0.000391  |
|    value_loss           | 0.015      |
----------------------------------------
------------------------------------------
| time/                   |              |
|    fps                  | 1233         |
|    iterations           | 117          |
|    time_elapsed         | 388          |
|    total_timesteps      | 479232       |
| train/                  |              |
|    approx_kl            | 8.157625e-05 |
|    clip_fraction        | 0.00256      |
|    clip_range           | 0.2          |
|    entropy_loss         | -0.0236      |
|    explained_variance   | 0.886        |
|    learning_rate        | 0.0003       |
|    loss                 | 0.00791      |
|    n_updates            | 1160         |
|    policy_gradient_loss | -3.53e-05    |
|    value_loss           | 0.0175       |
------------------------------------------
  step  480000/500000 ( 96.0%)  mean_rew=-0.002
------------------------------------------
| time/                   |              |
|    fps                  | 1234         |
|    iterations           | 118          |
|    time_elapsed         | 391          |
|    total_timesteps      | 483328       |
| train/                  |              |
|    approx_kl            | 0.0036187163 |
|    clip_fraction        | 0.0427       |
|    clip_range           | 0.2          |
|    entropy_loss         | -0.0605      |
|    explained_variance   | 0.91         |
|    learning_rate        | 0.0003       |
|    loss                 | 0.00078      |
|    n_updates            | 1170         |
|    policy_gradient_loss | -0.00221     |
|    value_loss           | 0.0111       |
------------------------------------------
  step  485000/500000 ( 97.0%)  mean_rew=-0.015
-----------------------------------------
| time/                   |             |
|    fps                  | 1234        |
|    iterations           | 119         |
|    time_elapsed         | 394         |
|    total_timesteps      | 487424      |
| train/                  |             |
|    approx_kl            | 0.003887142 |
|    clip_fraction        | 0.0197      |
|    clip_range           | 0.2         |
|    entropy_loss         | -0.0671     |
|    explained_variance   | 0.852       |
|    learning_rate        | 0.0003      |
|    loss                 | 0.00689     |
|    n_updates            | 1180        |
|    policy_gradient_loss | -0.000109   |
|    value_loss           | 0.0232      |
-----------------------------------------
  step  490000/500000 ( 98.0%)  mean_rew=+0.000
------------------------------------------
| time/                   |              |
|    fps                  | 1235         |
|    iterations           | 120          |
|    time_elapsed         | 397          |
|    total_timesteps      | 491520       |
| train/                  |              |
|    approx_kl            | 0.0020556415 |
|    clip_fraction        | 0.00923      |
|    clip_range           | 0.2          |
|    entropy_loss         | -0.0604      |
|    explained_variance   | 0.684        |
|    learning_rate        | 0.0003       |
|    loss                 | 0.0765       |
|    n_updates            | 1190         |
|    policy_gradient_loss | -7.78e-05    |
|    value_loss           | 0.074        |
------------------------------------------
  step  495000/500000 ( 99.0%)  mean_rew=-0.004
-------------------------------------------
| time/                   |               |
|    fps                  | 1235          |
|    iterations           | 121           |
|    time_elapsed         | 401           |
|    total_timesteps      | 495616        |
| train/                  |               |
|    approx_kl            | 0.00035912258 |
|    clip_fraction        | 0.00288       |
|    clip_range           | 0.2           |
|    entropy_loss         | -0.0601       |
|    explained_variance   | 0.844         |
|    learning_rate        | 0.0003        |
|    loss                 | 0.0166        |
|    n_updates            | 1200          |
|    policy_gradient_loss | 7.93e-06      |
|    value_loss           | 0.0316        |
-------------------------------------------
------------------------------------------
| time/                   |              |
|    fps                  | 1234         |
|    iterations           | 122          |
|    time_elapsed         | 404          |
|    total_timesteps      | 499712       |
| train/                  |              |
|    approx_kl            | 0.0034095736 |
|    clip_fraction        | 0.0176       |
|    clip_range           | 0.2          |
|    entropy_loss         | -0.0774      |
|    explained_variance   | 0.903        |
|    learning_rate        | 0.0003       |
|    loss                 | 0.00548      |
|    n_updates            | 1210         |
|    policy_gradient_loss | -0.000324    |
|    value_loss           | 0.0149       |
------------------------------------------
  step  500000/500000 (100.0%)  mean_rew=+0.000
-----------------------------------------
| time/                   |             |
|    fps                  | 1234        |
|    iterations           | 123         |
|    time_elapsed         | 408         |
|    total_timesteps      | 503808      |
| train/                  |             |
|    approx_kl            | 0.016804747 |
|    clip_fraction        | 0.0172      |
|    clip_range           | 0.2         |
|    entropy_loss         | -0.0447     |
|    explained_variance   | 0.92        |
|    learning_rate        | 0.0003      |
|    loss                 | 0.00414     |
|    n_updates            | 1220        |
|    policy_gradient_loss | -0.000242   |
|    value_loss           | 0.0142      |
-----------------------------------------
[cologne8-PPO] Done. Saved -> /workspace/rl-traffic/exp_cologne8_real/ppo_wait-clip_s314
