Using libsumo as traci as requested by environment variable.
[cologne8-PPO] 8 agents | reward=wait-clip | seed=1234
  obs=(7,) | act=Discrete(4)
Using cpu device
-----------------------------
| time/              |      |
|    fps             | 1639 |
|    iterations      | 1    |
|    time_elapsed    | 2    |
|    total_timesteps | 4096 |
-----------------------------
  step    5000/500000 (  1.0%)  mean_rew=-0.169
-----------------------------------------
| time/                   |             |
|    fps                  | 1275        |
|    iterations           | 2           |
|    time_elapsed         | 6           |
|    total_timesteps      | 8192        |
| train/                  |             |
|    approx_kl            | 0.012282873 |
|    clip_fraction        | 0.0531      |
|    clip_range           | 0.2         |
|    entropy_loss         | -1.38       |
|    explained_variance   | 0.00749     |
|    learning_rate        | 0.0003      |
|    loss                 | 37.3        |
|    n_updates            | 10          |
|    policy_gradient_loss | -0.00682    |
|    value_loss           | 98.3        |
-----------------------------------------
  step   10000/500000 (  2.0%)  mean_rew=-0.251
-----------------------------------------
| time/                   |             |
|    fps                  | 1221        |
|    iterations           | 3           |
|    time_elapsed         | 10          |
|    total_timesteps      | 12288       |
| train/                  |             |
|    approx_kl            | 0.011862441 |
|    clip_fraction        | 0.0461      |
|    clip_range           | 0.2         |
|    entropy_loss         | -1.35       |
|    explained_variance   | 0.165       |
|    learning_rate        | 0.0003      |
|    loss                 | 21.2        |
|    n_updates            | 20          |
|    policy_gradient_loss | -0.00416    |
|    value_loss           | 43.4        |
-----------------------------------------
  step   15000/500000 (  3.0%)  mean_rew=-0.002
-----------------------------------------
| time/                   |             |
|    fps                  | 1177        |
|    iterations           | 4           |
|    time_elapsed         | 13          |
|    total_timesteps      | 16384       |
| train/                  |             |
|    approx_kl            | 0.010729529 |
|    clip_fraction        | 0.0841      |
|    clip_range           | 0.2         |
|    entropy_loss         | -1.29       |
|    explained_variance   | 0.519       |
|    learning_rate        | 0.0003      |
|    loss                 | 6.58        |
|    n_updates            | 30          |
|    policy_gradient_loss | -0.0081     |
|    value_loss           | 11.8        |
-----------------------------------------
  step   20000/500000 (  4.0%)  mean_rew=-0.134
-----------------------------------------
| time/                   |             |
|    fps                  | 1153        |
|    iterations           | 5           |
|    time_elapsed         | 17          |
|    total_timesteps      | 20480       |
| train/                  |             |
|    approx_kl            | 0.010930248 |
|    clip_fraction        | 0.0923      |
|    clip_range           | 0.2         |
|    entropy_loss         | -1.22       |
|    explained_variance   | 0.598       |
|    learning_rate        | 0.0003      |
|    loss                 | 4.75        |
|    n_updates            | 40          |
|    policy_gradient_loss | -0.00741    |
|    value_loss           | 10.3        |
-----------------------------------------
-----------------------------------------
| time/                   |             |
|    fps                  | 1145        |
|    iterations           | 6           |
|    time_elapsed         | 21          |
|    total_timesteps      | 24576       |
| train/                  |             |
|    approx_kl            | 0.011332549 |
|    clip_fraction        | 0.0814      |
|    clip_range           | 0.2         |
|    entropy_loss         | -1.2        |
|    explained_variance   | 0.738       |
|    learning_rate        | 0.0003      |
|    loss                 | 2.04        |
|    n_updates            | 50          |
|    policy_gradient_loss | -0.00798    |
|    value_loss           | 4.35        |
-----------------------------------------
  step   25000/500000 (  5.0%)  mean_rew=-0.024
-----------------------------------------
| time/                   |             |
|    fps                  | 1137        |
|    iterations           | 7           |
|    time_elapsed         | 25          |
|    total_timesteps      | 28672       |
| train/                  |             |
|    approx_kl            | 0.008829406 |
|    clip_fraction        | 0.1         |
|    clip_range           | 0.2         |
|    entropy_loss         | -1.1        |
|    explained_variance   | 0.599       |
|    learning_rate        | 0.0003      |
|    loss                 | 9.88        |
|    n_updates            | 60          |
|    policy_gradient_loss | -0.00913    |
|    value_loss           | 12.6        |
-----------------------------------------
  step   30000/500000 (  6.0%)  mean_rew=-0.049
-----------------------------------------
| time/                   |             |
|    fps                  | 1130        |
|    iterations           | 8           |
|    time_elapsed         | 28          |
|    total_timesteps      | 32768       |
| train/                  |             |
|    approx_kl            | 0.015441236 |
|    clip_fraction        | 0.12        |
|    clip_range           | 0.2         |
|    entropy_loss         | -1.04       |
|    explained_variance   | 0.836       |
|    learning_rate        | 0.0003      |
|    loss                 | 1.93        |
|    n_updates            | 70          |
|    policy_gradient_loss | -0.0108     |
|    value_loss           | 3.1         |
-----------------------------------------
  step   35000/500000 (  7.0%)  mean_rew=-0.001
-----------------------------------------
| time/                   |             |
|    fps                  | 1126        |
|    iterations           | 9           |
|    time_elapsed         | 32          |
|    total_timesteps      | 36864       |
| train/                  |             |
|    approx_kl            | 0.007548708 |
|    clip_fraction        | 0.0845      |
|    clip_range           | 0.2         |
|    entropy_loss         | -0.935      |
|    explained_variance   | 0.869       |
|    learning_rate        | 0.0003      |
|    loss                 | 1.46        |
|    n_updates            | 80          |
|    policy_gradient_loss | -0.00275    |
|    value_loss           | 1.77        |
-----------------------------------------
  step   40000/500000 (  8.0%)  mean_rew=-0.002
-----------------------------------------
| time/                   |             |
|    fps                  | 1127        |
|    iterations           | 10          |
|    time_elapsed         | 36          |
|    total_timesteps      | 40960       |
| train/                  |             |
|    approx_kl            | 0.008160257 |
|    clip_fraction        | 0.0939      |
|    clip_range           | 0.2         |
|    entropy_loss         | -0.827      |
|    explained_variance   | 0.863       |
|    learning_rate        | 0.0003      |
|    loss                 | 0.461       |
|    n_updates            | 90          |
|    policy_gradient_loss | -0.00511    |
|    value_loss           | 1.39        |
-----------------------------------------
  step   45000/500000 (  9.0%)  mean_rew=-0.007
------------------------------------------
| time/                   |              |
|    fps                  | 1124         |
|    iterations           | 11           |
|    time_elapsed         | 40           |
|    total_timesteps      | 45056        |
| train/                  |              |
|    approx_kl            | 0.0048809517 |
|    clip_fraction        | 0.0397       |
|    clip_range           | 0.2          |
|    entropy_loss         | -0.773       |
|    explained_variance   | 0.875        |
|    learning_rate        | 0.0003       |
|    loss                 | 0.246        |
|    n_updates            | 100          |
|    policy_gradient_loss | -0.00292     |
|    value_loss           | 0.742        |
------------------------------------------
-----------------------------------------
| time/                   |             |
|    fps                  | 1121        |
|    iterations           | 12          |
|    time_elapsed         | 43          |
|    total_timesteps      | 49152       |
| train/                  |             |
|    approx_kl            | 0.014239142 |
|    clip_fraction        | 0.0982      |
|    clip_range           | 0.2         |
|    entropy_loss         | -0.69       |
|    explained_variance   | 0.938       |
|    learning_rate        | 0.0003      |
|    loss                 | 0.0956      |
|    n_updates            | 110         |
|    policy_gradient_loss | -0.00573    |
|    value_loss           | 0.261       |
-----------------------------------------
  step   50000/500000 ( 10.0%)  mean_rew=-0.025
-----------------------------------------
| time/                   |             |
|    fps                  | 1121        |
|    iterations           | 13          |
|    time_elapsed         | 47          |
|    total_timesteps      | 53248       |
| train/                  |             |
|    approx_kl            | 0.005668916 |
|    clip_fraction        | 0.052       |
|    clip_range           | 0.2         |
|    entropy_loss         | -0.636      |
|    explained_variance   | 0.88        |
|    learning_rate        | 0.0003      |
|    loss                 | 0.449       |
|    n_updates            | 120         |
|    policy_gradient_loss | -0.00232    |
|    value_loss           | 0.482       |
-----------------------------------------
  step   55000/500000 ( 11.0%)  mean_rew=-0.014
------------------------------------------
| time/                   |              |
|    fps                  | 1120         |
|    iterations           | 14           |
|    time_elapsed         | 51           |
|    total_timesteps      | 57344        |
| train/                  |              |
|    approx_kl            | 0.0058020153 |
|    clip_fraction        | 0.0453       |
|    clip_range           | 0.2          |
|    entropy_loss         | -0.558       |
|    explained_variance   | 0.887        |
|    learning_rate        | 0.0003       |
|    loss                 | 0.0634       |
|    n_updates            | 130          |
|    policy_gradient_loss | -0.00274     |
|    value_loss           | 0.297        |
------------------------------------------
  step   60000/500000 ( 12.0%)  mean_rew=+0.000
-----------------------------------------
| time/                   |             |
|    fps                  | 1117        |
|    iterations           | 15          |
|    time_elapsed         | 54          |
|    total_timesteps      | 61440       |
| train/                  |             |
|    approx_kl            | 0.004191897 |
|    clip_fraction        | 0.0438      |
|    clip_range           | 0.2         |
|    entropy_loss         | -0.487      |
|    explained_variance   | 0.96        |
|    learning_rate        | 0.0003      |
|    loss                 | 0.0337      |
|    n_updates            | 140         |
|    policy_gradient_loss | -0.00302    |
|    value_loss           | 0.0634      |
-----------------------------------------
  step   65000/500000 ( 13.0%)  mean_rew=-0.010
-----------------------------------------
| time/                   |             |
|    fps                  | 1115        |
|    iterations           | 16          |
|    time_elapsed         | 58          |
|    total_timesteps      | 65536       |
| train/                  |             |
|    approx_kl            | 0.005242319 |
|    clip_fraction        | 0.039       |
|    clip_range           | 0.2         |
|    entropy_loss         | -0.462      |
|    explained_variance   | 0.898       |
|    learning_rate        | 0.0003      |
|    loss                 | 0.054       |
|    n_updates            | 150         |
|    policy_gradient_loss | -0.00161    |
|    value_loss           | 0.177       |
-----------------------------------------
------------------------------------------
| time/                   |              |
|    fps                  | 1116         |
|    iterations           | 17           |
|    time_elapsed         | 62           |
|    total_timesteps      | 69632        |
| train/                  |              |
|    approx_kl            | 0.0022639534 |
|    clip_fraction        | 0.0188       |
|    clip_range           | 0.2          |
|    entropy_loss         | -0.435       |
|    explained_variance   | 0.886        |
|    learning_rate        | 0.0003       |
|    loss                 | 0.0882       |
|    n_updates            | 160          |
|    policy_gradient_loss | -0.00117     |
|    value_loss           | 0.173        |
------------------------------------------
  step   70000/500000 ( 14.0%)  mean_rew=-0.006
-----------------------------------------
| time/                   |             |
|    fps                  | 1115        |
|    iterations           | 18          |
|    time_elapsed         | 66          |
|    total_timesteps      | 73728       |
| train/                  |             |
|    approx_kl            | 0.003223581 |
|    clip_fraction        | 0.0294      |
|    clip_range           | 0.2         |
|    entropy_loss         | -0.425      |
|    explained_variance   | 0.9         |
|    learning_rate        | 0.0003      |
|    loss                 | 0.0471      |
|    n_updates            | 170         |
|    policy_gradient_loss | -0.00137    |
|    value_loss           | 0.0931      |
-----------------------------------------
  step   75000/500000 ( 15.0%)  mean_rew=-0.014
------------------------------------------
| time/                   |              |
|    fps                  | 1112         |
|    iterations           | 19           |
|    time_elapsed         | 69           |
|    total_timesteps      | 77824        |
| train/                  |              |
|    approx_kl            | 0.0046084747 |
|    clip_fraction        | 0.0481       |
|    clip_range           | 0.2          |
|    entropy_loss         | -0.376       |
|    explained_variance   | 0.968        |
|    learning_rate        | 0.0003       |
|    loss                 | 0.00727      |
|    n_updates            | 180          |
|    policy_gradient_loss | -0.00355     |
|    value_loss           | 0.0262       |
------------------------------------------
  step   80000/500000 ( 16.0%)  mean_rew=-0.010
------------------------------------------
| time/                   |              |
|    fps                  | 1113         |
|    iterations           | 20           |
|    time_elapsed         | 73           |
|    total_timesteps      | 81920        |
| train/                  |              |
|    approx_kl            | 0.0022098604 |
|    clip_fraction        | 0.025        |
|    clip_range           | 0.2          |
|    entropy_loss         | -0.351       |
|    explained_variance   | 0.907        |
|    learning_rate        | 0.0003       |
|    loss                 | 0.0522       |
|    n_updates            | 190          |
|    policy_gradient_loss | -0.00196     |
|    value_loss           | 0.0662       |
------------------------------------------
  step   85000/500000 ( 17.0%)  mean_rew=-0.004
------------------------------------------
| time/                   |              |
|    fps                  | 1112         |
|    iterations           | 21           |
|    time_elapsed         | 77           |
|    total_timesteps      | 86016        |
| train/                  |              |
|    approx_kl            | 0.0020493546 |
|    clip_fraction        | 0.0225       |
|    clip_range           | 0.2          |
|    entropy_loss         | -0.342       |
|    explained_variance   | 0.909        |
|    learning_rate        | 0.0003       |
|    loss                 | 0.00609      |
|    n_updates            | 200          |
|    policy_gradient_loss | -0.00158     |
|    value_loss           | 0.0495       |
------------------------------------------
  step   90000/500000 ( 18.0%)  mean_rew=-0.002
------------------------------------------
| time/                   |              |
|    fps                  | 1110         |
|    iterations           | 22           |
|    time_elapsed         | 81           |
|    total_timesteps      | 90112        |
| train/                  |              |
|    approx_kl            | 0.0023883134 |
|    clip_fraction        | 0.0219       |
|    clip_range           | 0.2          |
|    entropy_loss         | -0.311       |
|    explained_variance   | 0.96         |
|    learning_rate        | 0.0003       |
|    loss                 | 0.0101       |
|    n_updates            | 210          |
|    policy_gradient_loss | -0.00193     |
|    value_loss           | 0.0205       |
------------------------------------------
-------------------------------------------
| time/                   |               |
|    fps                  | 1110          |
|    iterations           | 23            |
|    time_elapsed         | 84            |
|    total_timesteps      | 94208         |
| train/                  |               |
|    approx_kl            | 0.00093339686 |
|    clip_fraction        | 0.0154        |
|    clip_range           | 0.2           |
|    entropy_loss         | -0.293        |
|    explained_variance   | 0.903         |
|    learning_rate        | 0.0003        |
|    loss                 | 0.00877       |
|    n_updates            | 220           |
|    policy_gradient_loss | -0.000984     |
|    value_loss           | 0.0457        |
-------------------------------------------
  step   95000/500000 ( 19.0%)  mean_rew=+0.000
-----------------------------------------
| time/                   |             |
|    fps                  | 1111        |
|    iterations           | 24          |
|    time_elapsed         | 88          |
|    total_timesteps      | 98304       |
| train/                  |             |
|    approx_kl            | 0.006123192 |
|    clip_fraction        | 0.0317      |
|    clip_range           | 0.2         |
|    entropy_loss         | -0.293      |
|    explained_variance   | 0.906       |
|    learning_rate        | 0.0003      |
|    loss                 | 0.0202      |
|    n_updates            | 230         |
|    policy_gradient_loss | -0.00103    |
|    value_loss           | 0.0378      |
-----------------------------------------
  step  100000/500000 ( 20.0%)  mean_rew=+0.000
------------------------------------------
| time/                   |              |
|    fps                  | 1110         |
|    iterations           | 25           |
|    time_elapsed         | 92           |
|    total_timesteps      | 102400       |
| train/                  |              |
|    approx_kl            | 0.0017146503 |
|    clip_fraction        | 0.0177       |
|    clip_range           | 0.2          |
|    entropy_loss         | -0.261       |
|    explained_variance   | 0.903        |
|    learning_rate        | 0.0003       |
|    loss                 | 0.0173       |
|    n_updates            | 240          |
|    policy_gradient_loss | -0.00144     |
|    value_loss           | 0.0297       |
------------------------------------------
  step  105000/500000 ( 21.0%)  mean_rew=-0.004
------------------------------------------
| time/                   |              |
|    fps                  | 1109         |
|    iterations           | 26           |
|    time_elapsed         | 95           |
|    total_timesteps      | 106496       |
| train/                  |              |
|    approx_kl            | 0.0013881337 |
|    clip_fraction        | 0.0221       |
|    clip_range           | 0.2          |
|    entropy_loss         | -0.246       |
|    explained_variance   | 0.88         |
|    learning_rate        | 0.0003       |
|    loss                 | 0.0049       |
|    n_updates            | 250          |
|    policy_gradient_loss | -0.00186     |
|    value_loss           | 0.0439       |
------------------------------------------
  step  110000/500000 ( 22.0%)  mean_rew=+0.000
------------------------------------------
| time/                   |              |
|    fps                  | 1110         |
|    iterations           | 27           |
|    time_elapsed         | 99           |
|    total_timesteps      | 110592       |
| train/                  |              |
|    approx_kl            | 0.0008607132 |
|    clip_fraction        | 0.0124       |
|    clip_range           | 0.2          |
|    entropy_loss         | -0.23        |
|    explained_variance   | 0.777        |
|    learning_rate        | 0.0003       |
|    loss                 | 0.0434       |
|    n_updates            | 260          |
|    policy_gradient_loss | -0.00037     |
|    value_loss           | 0.09         |
------------------------------------------
------------------------------------------
| time/                   |              |
|    fps                  | 1109         |
|    iterations           | 28           |
|    time_elapsed         | 103          |
|    total_timesteps      | 114688       |
| train/                  |              |
|    approx_kl            | 0.0015948778 |
|    clip_fraction        | 0.0145       |
|    clip_range           | 0.2          |
|    entropy_loss         | -0.21        |
|    explained_variance   | 0.911        |
|    learning_rate        | 0.0003       |
|    loss                 | 0.00466      |
|    n_updates            | 270          |
|    policy_gradient_loss | -0.00125     |
|    value_loss           | 0.022        |
------------------------------------------
  step  115000/500000 ( 23.0%)  mean_rew=+0.000
------------------------------------------
| time/                   |              |
|    fps                  | 1108         |
|    iterations           | 29           |
|    time_elapsed         | 107          |
|    total_timesteps      | 118784       |
| train/                  |              |
|    approx_kl            | 0.0033207363 |
|    clip_fraction        | 0.0278       |
|    clip_range           | 0.2          |
|    entropy_loss         | -0.212       |
|    explained_variance   | 0.946        |
|    learning_rate        | 0.0003       |
|    loss                 | 0.00764      |
|    n_updates            | 280          |
|    policy_gradient_loss | -0.00118     |
|    value_loss           | 0.0142       |
------------------------------------------
  step  120000/500000 ( 24.0%)  mean_rew=+0.000
------------------------------------------
| time/                   |              |
|    fps                  | 1108         |
|    iterations           | 30           |
|    time_elapsed         | 110          |
|    total_timesteps      | 122880       |
| train/                  |              |
|    approx_kl            | 0.0027352185 |
|    clip_fraction        | 0.0156       |
|    clip_range           | 0.2          |
|    entropy_loss         | -0.208       |
|    explained_variance   | 0.887        |
|    learning_rate        | 0.0003       |
|    loss                 | 0.0152       |
|    n_updates            | 290          |
|    policy_gradient_loss | -0.000973    |
|    value_loss           | 0.0283       |
------------------------------------------
  step  125000/500000 ( 25.0%)  mean_rew=-0.015
------------------------------------------
| time/                   |              |
|    fps                  | 1108         |
|    iterations           | 31           |
|    time_elapsed         | 114          |
|    total_timesteps      | 126976       |
| train/                  |              |
|    approx_kl            | 0.0019391504 |
|    clip_fraction        | 0.012        |
|    clip_range           | 0.2          |
|    entropy_loss         | -0.197       |
|    explained_variance   | 0.906        |
|    learning_rate        | 0.0003       |
|    loss                 | 0.00991      |
|    n_updates            | 300          |
|    policy_gradient_loss | -0.000616    |
|    value_loss           | 0.0197       |
------------------------------------------
  step  130000/500000 ( 26.0%)  mean_rew=-0.011
------------------------------------------
| time/                   |              |
|    fps                  | 1107         |
|    iterations           | 32           |
|    time_elapsed         | 118          |
|    total_timesteps      | 131072       |
| train/                  |              |
|    approx_kl            | 0.0010042809 |
|    clip_fraction        | 0.00986      |
|    clip_range           | 0.2          |
|    entropy_loss         | -0.186       |
|    explained_variance   | 0.905        |
|    learning_rate        | 0.0003       |
|    loss                 | 0.00414      |
|    n_updates            | 310          |
|    policy_gradient_loss | -0.000931    |
|    value_loss           | 0.0168       |
------------------------------------------
  step  135000/500000 ( 27.0%)  mean_rew=-0.001
------------------------------------------
| time/                   |              |
|    fps                  | 1107         |
|    iterations           | 33           |
|    time_elapsed         | 122          |
|    total_timesteps      | 135168       |
| train/                  |              |
|    approx_kl            | 0.0014258967 |
|    clip_fraction        | 0.0228       |
|    clip_range           | 0.2          |
|    entropy_loss         | -0.166       |
|    explained_variance   | 0.941        |
|    learning_rate        | 0.0003       |
|    loss                 | 0.00777      |
|    n_updates            | 320          |
|    policy_gradient_loss | -0.00044     |
|    value_loss           | 0.0112       |
------------------------------------------
------------------------------------------
| time/                   |              |
|    fps                  | 1107         |
|    iterations           | 34           |
|    time_elapsed         | 125          |
|    total_timesteps      | 139264       |
| train/                  |              |
|    approx_kl            | 0.0009822454 |
|    clip_fraction        | 0.0021       |
|    clip_range           | 0.2          |
|    entropy_loss         | -0.161       |
|    explained_variance   | 0.846        |
|    learning_rate        | 0.0003       |
|    loss                 | 0.0157       |
|    n_updates            | 330          |
|    policy_gradient_loss | -7.57e-05    |
|    value_loss           | 0.032        |
------------------------------------------
  step  140000/500000 ( 28.0%)  mean_rew=-0.005
------------------------------------------
| time/                   |              |
|    fps                  | 1107         |
|    iterations           | 35           |
|    time_elapsed         | 129          |
|    total_timesteps      | 143360       |
| train/                  |              |
|    approx_kl            | 0.0012383213 |
|    clip_fraction        | 0.00806      |
|    clip_range           | 0.2          |
|    entropy_loss         | -0.145       |
|    explained_variance   | 0.911        |
|    learning_rate        | 0.0003       |
|    loss                 | 0.00863      |
|    n_updates            | 340          |
|    policy_gradient_loss | -0.00049     |
|    value_loss           | 0.0137       |
------------------------------------------
  step  145000/500000 ( 29.0%)  mean_rew=-0.005
------------------------------------------
| time/                   |              |
|    fps                  | 1106         |
|    iterations           | 36           |
|    time_elapsed         | 133          |
|    total_timesteps      | 147456       |
| train/                  |              |
|    approx_kl            | 0.0007375627 |
|    clip_fraction        | 0.0107       |
|    clip_range           | 0.2          |
|    entropy_loss         | -0.128       |
|    explained_variance   | 0.937        |
|    learning_rate        | 0.0003       |
|    loss                 | 0.00354      |
|    n_updates            | 350          |
|    policy_gradient_loss | -0.000405    |
|    value_loss           | 0.0108       |
------------------------------------------
  step  150000/500000 ( 30.0%)  mean_rew=-0.002
------------------------------------------
| time/                   |              |
|    fps                  | 1106         |
|    iterations           | 37           |
|    time_elapsed         | 137          |
|    total_timesteps      | 151552       |
| train/                  |              |
|    approx_kl            | 0.0006791569 |
|    clip_fraction        | 0.00876      |
|    clip_range           | 0.2          |
|    entropy_loss         | -0.114       |
|    explained_variance   | 0.893        |
|    learning_rate        | 0.0003       |
|    loss                 | 0.0085       |
|    n_updates            | 360          |
|    policy_gradient_loss | -0.000455    |
|    value_loss           | 0.0182       |
------------------------------------------
  step  155000/500000 ( 31.0%)  mean_rew=-0.005
------------------------------------------
| time/                   |              |
|    fps                  | 1106         |
|    iterations           | 38           |
|    time_elapsed         | 140          |
|    total_timesteps      | 155648       |
| train/                  |              |
|    approx_kl            | 0.0006821369 |
|    clip_fraction        | 0.00771      |
|    clip_range           | 0.2          |
|    entropy_loss         | -0.122       |
|    explained_variance   | 0.885        |
|    learning_rate        | 0.0003       |
|    loss                 | 0.0128       |
|    n_updates            | 370          |
|    policy_gradient_loss | -0.000421    |
|    value_loss           | 0.02         |
------------------------------------------
-------------------------------------------
| time/                   |               |
|    fps                  | 1105          |
|    iterations           | 39            |
|    time_elapsed         | 144           |
|    total_timesteps      | 159744        |
| train/                  |               |
|    approx_kl            | 0.00028989973 |
|    clip_fraction        | 0.00417       |
|    clip_range           | 0.2           |
|    entropy_loss         | -0.122        |
|    explained_variance   | 0.914         |
|    learning_rate        | 0.0003        |
|    loss                 | 0.0047        |
|    n_updates            | 380           |
|    policy_gradient_loss | 0.000101      |
|    value_loss           | 0.0118        |
-------------------------------------------
  step  160000/500000 ( 32.0%)  mean_rew=-0.005
------------------------------------------
| time/                   |              |
|    fps                  | 1105         |
|    iterations           | 40           |
|    time_elapsed         | 148          |
|    total_timesteps      | 163840       |
| train/                  |              |
|    approx_kl            | 0.0007591075 |
|    clip_fraction        | 0.0102       |
|    clip_range           | 0.2          |
|    entropy_loss         | -0.12        |
|    explained_variance   | 0.93         |
|    learning_rate        | 0.0003       |
|    loss                 | 0.00648      |
|    n_updates            | 390          |
|    policy_gradient_loss | -0.000857    |
|    value_loss           | 0.0106       |
------------------------------------------
  step  165000/500000 ( 33.0%)  mean_rew=-0.008
-------------------------------------------
| time/                   |               |
|    fps                  | 1105          |
|    iterations           | 41            |
|    time_elapsed         | 151           |
|    total_timesteps      | 167936        |
| train/                  |               |
|    approx_kl            | 0.00069299154 |
|    clip_fraction        | 0.00916       |
|    clip_range           | 0.2           |
|    entropy_loss         | -0.113        |
|    explained_variance   | 0.843         |
|    learning_rate        | 0.0003        |
|    loss                 | 0.00673       |
|    n_updates            | 400           |
|    policy_gradient_loss | -0.000174     |
|    value_loss           | 0.0263        |
-------------------------------------------
  step  170000/500000 ( 34.0%)  mean_rew=-0.001
-------------------------------------------
| time/                   |               |
|    fps                  | 1105          |
|    iterations           | 42            |
|    time_elapsed         | 155           |
|    total_timesteps      | 172032        |
| train/                  |               |
|    approx_kl            | 0.00085643126 |
|    clip_fraction        | 0.00779       |
|    clip_range           | 0.2           |
|    entropy_loss         | -0.11         |
|    explained_variance   | 0.914         |
|    learning_rate        | 0.0003        |
|    loss                 | 0.000541      |
|    n_updates            | 410           |
|    policy_gradient_loss | -0.000396     |
|    value_loss           | 0.0108        |
-------------------------------------------
  step  175000/500000 ( 35.0%)  mean_rew=-0.009
------------------------------------------
| time/                   |              |
|    fps                  | 1104         |
|    iterations           | 43           |
|    time_elapsed         | 159          |
|    total_timesteps      | 176128       |
| train/                  |              |
|    approx_kl            | 0.0005379339 |
|    clip_fraction        | 0.00559      |
|    clip_range           | 0.2          |
|    entropy_loss         | -0.104       |
|    explained_variance   | 0.93         |
|    learning_rate        | 0.0003       |
|    loss                 | 0.00423      |
|    n_updates            | 420          |
|    policy_gradient_loss | -5.97e-05    |
|    value_loss           | 0.00991      |
------------------------------------------
  step  180000/500000 ( 36.0%)  mean_rew=-0.009
------------------------------------------
| time/                   |              |
|    fps                  | 1104         |
|    iterations           | 44           |
|    time_elapsed         | 163          |
|    total_timesteps      | 180224       |
| train/                  |              |
|    approx_kl            | 0.0004918864 |
|    clip_fraction        | 0.00396      |
|    clip_range           | 0.2          |
|    entropy_loss         | -0.0984      |
|    explained_variance   | 0.894        |
|    learning_rate        | 0.0003       |
|    loss                 | 0.0114       |
|    n_updates            | 430          |
|    policy_gradient_loss | -4.26e-05    |
|    value_loss           | 0.0154       |
------------------------------------------
------------------------------------------
| time/                   |              |
|    fps                  | 1104         |
|    iterations           | 45           |
|    time_elapsed         | 166          |
|    total_timesteps      | 184320       |
| train/                  |              |
|    approx_kl            | 0.0006634068 |
|    clip_fraction        | 0.0111       |
|    clip_range           | 0.2          |
|    entropy_loss         | -0.0909      |
|    explained_variance   | 0.901        |
|    learning_rate        | 0.0003       |
|    loss                 | 0.00872      |
|    n_updates            | 440          |
|    policy_gradient_loss | -0.0005      |
|    value_loss           | 0.0136       |
------------------------------------------
  step  185000/500000 ( 37.0%)  mean_rew=-0.013
-------------------------------------------
| time/                   |               |
|    fps                  | 1104          |
|    iterations           | 46            |
|    time_elapsed         | 170           |
|    total_timesteps      | 188416        |
| train/                  |               |
|    approx_kl            | 0.00047347308 |
|    clip_fraction        | 0.00608       |
|    clip_range           | 0.2           |
|    entropy_loss         | -0.0864       |
|    explained_variance   | 0.894         |
|    learning_rate        | 0.0003        |
|    loss                 | 0.00649       |
|    n_updates            | 450           |
|    policy_gradient_loss | -0.000421     |
|    value_loss           | 0.0138        |
-------------------------------------------
  step  190000/500000 ( 38.0%)  mean_rew=+0.000
-----------------------------------------
| time/                   |             |
|    fps                  | 1103        |
|    iterations           | 47          |
|    time_elapsed         | 174         |
|    total_timesteps      | 192512      |
| train/                  |             |
|    approx_kl            | 0.000429356 |
|    clip_fraction        | 0.00596     |
|    clip_range           | 0.2         |
|    entropy_loss         | -0.0827     |
|    explained_variance   | 0.937       |
|    learning_rate        | 0.0003      |
|    loss                 | 0.00513     |
|    n_updates            | 460         |
|    policy_gradient_loss | -0.000182   |
|    value_loss           | 0.00819     |
-----------------------------------------
  step  195000/500000 ( 39.0%)  mean_rew=-0.005
-------------------------------------------
| time/                   |               |
|    fps                  | 1104          |
|    iterations           | 48            |
|    time_elapsed         | 178           |
|    total_timesteps      | 196608        |
| train/                  |               |
|    approx_kl            | 0.00086787046 |
|    clip_fraction        | 0.00825       |
|    clip_range           | 0.2           |
|    entropy_loss         | -0.0778       |
|    explained_variance   | 0.893         |
|    learning_rate        | 0.0003        |
|    loss                 | 0.00208       |
|    n_updates            | 470           |
|    policy_gradient_loss | -0.000465     |
|    value_loss           | 0.0139        |
-------------------------------------------
  step  200000/500000 ( 40.0%)  mean_rew=+0.000
------------------------------------------
| time/                   |              |
|    fps                  | 1103         |
|    iterations           | 49           |
|    time_elapsed         | 181          |
|    total_timesteps      | 200704       |
| train/                  |              |
|    approx_kl            | 0.0005669165 |
|    clip_fraction        | 0.00339      |
|    clip_range           | 0.2          |
|    entropy_loss         | -0.0736      |
|    explained_variance   | 0.867        |
|    learning_rate        | 0.0003       |
|    loss                 | 0.0103       |
|    n_updates            | 480          |
|    policy_gradient_loss | -0.000106    |
|    value_loss           | 0.0171       |
------------------------------------------
------------------------------------------
| time/                   |              |
|    fps                  | 1103         |
|    iterations           | 50           |
|    time_elapsed         | 185          |
|    total_timesteps      | 204800       |
| train/                  |              |
|    approx_kl            | 0.0077399467 |
|    clip_fraction        | 0.016        |
|    clip_range           | 0.2          |
|    entropy_loss         | -0.0532      |
|    explained_variance   | 0.88         |
|    learning_rate        | 0.0003       |
|    loss                 | 0.0144       |
|    n_updates            | 490          |
|    policy_gradient_loss | -0.000542    |
|    value_loss           | 0.0168       |
------------------------------------------
  step  205000/500000 ( 41.0%)  mean_rew=-0.001
-------------------------------------------
| time/                   |               |
|    fps                  | 1103          |
|    iterations           | 51            |
|    time_elapsed         | 189           |
|    total_timesteps      | 208896        |
| train/                  |               |
|    approx_kl            | 0.00014856324 |
|    clip_fraction        | 0.00129       |
|    clip_range           | 0.2           |
|    entropy_loss         | -0.0427       |
|    explained_variance   | 0.812         |
|    learning_rate        | 0.0003        |
|    loss                 | 0.015         |
|    n_updates            | 500           |
|    policy_gradient_loss | -6.14e-05     |
|    value_loss           | 0.0319        |
-------------------------------------------
  step  210000/500000 ( 42.0%)  mean_rew=+0.000
------------------------------------------
| time/                   |              |
|    fps                  | 1103         |
|    iterations           | 52           |
|    time_elapsed         | 193          |
|    total_timesteps      | 212992       |
| train/                  |              |
|    approx_kl            | 0.0007416562 |
|    clip_fraction        | 0.00562      |
|    clip_range           | 0.2          |
|    entropy_loss         | -0.042       |
|    explained_variance   | 0.893        |
|    learning_rate        | 0.0003       |
|    loss                 | 0.0125       |
|    n_updates            | 510          |
|    policy_gradient_loss | -0.00024     |
|    value_loss           | 0.0154       |
------------------------------------------
  step  215000/500000 ( 43.0%)  mean_rew=-0.001
------------------------------------------
| time/                   |              |
|    fps                  | 1102         |
|    iterations           | 53           |
|    time_elapsed         | 196          |
|    total_timesteps      | 217088       |
| train/                  |              |
|    approx_kl            | 0.0005970892 |
|    clip_fraction        | 0.00801      |
|    clip_range           | 0.2          |
|    entropy_loss         | -0.0433      |
|    explained_variance   | 0.934        |
|    learning_rate        | 0.0003       |
|    loss                 | 0.00198      |
|    n_updates            | 520          |
|    policy_gradient_loss | -0.000339    |
|    value_loss           | 0.00941      |
------------------------------------------
  step  220000/500000 ( 44.0%)  mean_rew=-0.005
-----------------------------------------
| time/                   |             |
|    fps                  | 1102        |
|    iterations           | 54          |
|    time_elapsed         | 200         |
|    total_timesteps      | 221184      |
| train/                  |             |
|    approx_kl            | 0.000995327 |
|    clip_fraction        | 0.00342     |
|    clip_range           | 0.2         |
|    entropy_loss         | -0.0346     |
|    explained_variance   | 0.9         |
|    learning_rate        | 0.0003      |
|    loss                 | 0.00425     |
|    n_updates            | 530         |
|    policy_gradient_loss | -0.000226   |
|    value_loss           | 0.015       |
-----------------------------------------
  step  225000/500000 ( 45.0%)  mean_rew=+0.000
-------------------------------------------
| time/                   |               |
|    fps                  | 1102          |
|    iterations           | 55            |
|    time_elapsed         | 204           |
|    total_timesteps      | 225280        |
| train/                  |               |
|    approx_kl            | 0.00016531878 |
|    clip_fraction        | 0.00364       |
|    clip_range           | 0.2           |
|    entropy_loss         | -0.0319       |
|    explained_variance   | 0.892         |
|    learning_rate        | 0.0003        |
|    loss                 | 0.0114        |
|    n_updates            | 540           |
|    policy_gradient_loss | -0.000162     |
|    value_loss           | 0.0148        |
-------------------------------------------
-------------------------------------------
| time/                   |               |
|    fps                  | 1102          |
|    iterations           | 56            |
|    time_elapsed         | 208           |
|    total_timesteps      | 229376        |
| train/                  |               |
|    approx_kl            | 0.00040238345 |
|    clip_fraction        | 0.00303       |
|    clip_range           | 0.2           |
|    entropy_loss         | -0.0333       |
|    explained_variance   | 0.906         |
|    learning_rate        | 0.0003        |
|    loss                 | 0.00778       |
|    n_updates            | 550           |
|    policy_gradient_loss | -0.000206     |
|    value_loss           | 0.0107        |
-------------------------------------------
  step  230000/500000 ( 46.0%)  mean_rew=-0.007
-------------------------------------------
| time/                   |               |
|    fps                  | 1101          |
|    iterations           | 57            |
|    time_elapsed         | 211           |
|    total_timesteps      | 233472        |
| train/                  |               |
|    approx_kl            | 0.00028171833 |
|    clip_fraction        | 0.00181       |
|    clip_range           | 0.2           |
|    entropy_loss         | -0.0325       |
|    explained_variance   | 0.934         |
|    learning_rate        | 0.0003        |
|    loss                 | 0.00765       |
|    n_updates            | 560           |
|    policy_gradient_loss | -8.39e-05     |
|    value_loss           | 0.00819       |
-------------------------------------------
  step  235000/500000 ( 47.0%)  mean_rew=+0.000
-------------------------------------------
| time/                   |               |
|    fps                  | 1102          |
|    iterations           | 58            |
|    time_elapsed         | 215           |
|    total_timesteps      | 237568        |
| train/                  |               |
|    approx_kl            | 0.00026687764 |
|    clip_fraction        | 0.00525       |
|    clip_range           | 0.2           |
|    entropy_loss         | -0.0324       |
|    explained_variance   | 0.781         |
|    learning_rate        | 0.0003        |
|    loss                 | 0.0103        |
|    n_updates            | 570           |
|    policy_gradient_loss | -0.000272     |
|    value_loss           | 0.0362        |
-------------------------------------------
  step  240000/500000 ( 48.0%)  mean_rew=-0.005
-------------------------------------------
| time/                   |               |
|    fps                  | 1102          |
|    iterations           | 59            |
|    time_elapsed         | 219           |
|    total_timesteps      | 241664        |
| train/                  |               |
|    approx_kl            | 0.00029705616 |
|    clip_fraction        | 0.00183       |
|    clip_range           | 0.2           |
|    entropy_loss         | -0.0361       |
|    explained_variance   | 0.881         |
|    learning_rate        | 0.0003        |
|    loss                 | 0.00925       |
|    n_updates            | 580           |
|    policy_gradient_loss | -2.68e-05     |
|    value_loss           | 0.0168        |
-------------------------------------------
  step  245000/500000 ( 49.0%)  mean_rew=-0.009
-------------------------------------------
| time/                   |               |
|    fps                  | 1101          |
|    iterations           | 60            |
|    time_elapsed         | 223           |
|    total_timesteps      | 245760        |
| train/                  |               |
|    approx_kl            | 0.00020189588 |
|    clip_fraction        | 0.00181       |
|    clip_range           | 0.2           |
|    entropy_loss         | -0.0402       |
|    explained_variance   | 0.937         |
|    learning_rate        | 0.0003        |
|    loss                 | 0.00497       |
|    n_updates            | 590           |
|    policy_gradient_loss | -7.5e-05      |
|    value_loss           | 0.00859       |
-------------------------------------------
------------------------------------------
| time/                   |              |
|    fps                  | 1101         |
|    iterations           | 61           |
|    time_elapsed         | 226          |
|    total_timesteps      | 249856       |
| train/                  |              |
|    approx_kl            | 0.0002169017 |
|    clip_fraction        | 0.0041       |
|    clip_range           | 0.2          |
|    entropy_loss         | -0.0382      |
|    explained_variance   | 0.902        |
|    learning_rate        | 0.0003       |
|    loss                 | 0.00489      |
|    n_updates            | 600          |
|    policy_gradient_loss | -0.000258    |
|    value_loss           | 0.0136       |
------------------------------------------
  step  250000/500000 ( 50.0%)  mean_rew=-0.005
-------------------------------------------
| time/                   |               |
|    fps                  | 1102          |
|    iterations           | 62            |
|    time_elapsed         | 230           |
|    total_timesteps      | 253952        |
| train/                  |               |
|    approx_kl            | 0.00028620177 |
|    clip_fraction        | 0.00247       |
|    clip_range           | 0.2           |
|    entropy_loss         | -0.0357       |
|    explained_variance   | 0.888         |
|    learning_rate        | 0.0003        |
|    loss                 | 0.00848       |
|    n_updates            | 610           |
|    policy_gradient_loss | -6.24e-05     |
|    value_loss           | 0.0159        |
-------------------------------------------
  step  255000/500000 ( 51.0%)  mean_rew=-0.014
-------------------------------------------
| time/                   |               |
|    fps                  | 1101          |
|    iterations           | 63            |
|    time_elapsed         | 234           |
|    total_timesteps      | 258048        |
| train/                  |               |
|    approx_kl            | 0.00026500877 |
|    clip_fraction        | 0.00444       |
|    clip_range           | 0.2           |
|    entropy_loss         | -0.0409       |
|    explained_variance   | 0.918         |
|    learning_rate        | 0.0003        |
|    loss                 | 0.00556       |
|    n_updates            | 620           |
|    policy_gradient_loss | -0.00049      |
|    value_loss           | 0.00962       |
-------------------------------------------
  step  260000/500000 ( 52.0%)  mean_rew=-0.002
------------------------------------------
| time/                   |              |
|    fps                  | 1101         |
|    iterations           | 64           |
|    time_elapsed         | 238          |
|    total_timesteps      | 262144       |
| train/                  |              |
|    approx_kl            | 0.0017435369 |
|    clip_fraction        | 0.0052       |
|    clip_range           | 0.2          |
|    entropy_loss         | -0.0368      |
|    explained_variance   | 0.936        |
|    learning_rate        | 0.0003       |
|    loss                 | 0.00305      |
|    n_updates            | 630          |
|    policy_gradient_loss | -0.000299    |
|    value_loss           | 0.00842      |
------------------------------------------
  step  265000/500000 ( 53.0%)  mean_rew=+0.000
-----------------------------------------
| time/                   |             |
|    fps                  | 1101        |
|    iterations           | 65          |
|    time_elapsed         | 241         |
|    total_timesteps      | 266240      |
| train/                  |             |
|    approx_kl            | 0.000382172 |
|    clip_fraction        | 0.00271     |
|    clip_range           | 0.2         |
|    entropy_loss         | -0.033      |
|    explained_variance   | 0.883       |
|    learning_rate        | 0.0003      |
|    loss                 | 0.00593     |
|    n_updates            | 640         |
|    policy_gradient_loss | -0.000119   |
|    value_loss           | 0.0171      |
-----------------------------------------
  step  270000/500000 ( 54.0%)  mean_rew=+0.000
-------------------------------------------
| time/                   |               |
|    fps                  | 1101          |
|    iterations           | 66            |
|    time_elapsed         | 245           |
|    total_timesteps      | 270336        |
| train/                  |               |
|    approx_kl            | 1.9878906e-05 |
|    clip_fraction        | 0.000562      |
|    clip_range           | 0.2           |
|    entropy_loss         | -0.031        |
|    explained_variance   | 0.911         |
|    learning_rate        | 0.0003        |
|    loss                 | 0.00358       |
|    n_updates            | 650           |
|    policy_gradient_loss | 0.000101      |
|    value_loss           | 0.0112        |
-------------------------------------------
-------------------------------------------
| time/                   |               |
|    fps                  | 1100          |
|    iterations           | 67            |
|    time_elapsed         | 249           |
|    total_timesteps      | 274432        |
| train/                  |               |
|    approx_kl            | 0.00024008697 |
|    clip_fraction        | 0.00271       |
|    clip_range           | 0.2           |
|    entropy_loss         | -0.0275       |
|    explained_variance   | 0.938         |
|    learning_rate        | 0.0003        |
|    loss                 | 0.00302       |
|    n_updates            | 660           |
|    policy_gradient_loss | -0.000232     |
|    value_loss           | 0.00801       |
-------------------------------------------
  step  275000/500000 ( 55.0%)  mean_rew=-0.002
-------------------------------------------
| time/                   |               |
|    fps                  | 1100          |
|    iterations           | 68            |
|    time_elapsed         | 253           |
|    total_timesteps      | 278528        |
| train/                  |               |
|    approx_kl            | 0.00016262823 |
|    clip_fraction        | 0.00164       |
|    clip_range           | 0.2           |
|    entropy_loss         | -0.0228       |
|    explained_variance   | 0.898         |
|    learning_rate        | 0.0003        |
|    loss                 | 0.0107        |
|    n_updates            | 670           |
|    policy_gradient_loss | -9.7e-05      |
|    value_loss           | 0.0137        |
-------------------------------------------
  step  280000/500000 ( 56.0%)  mean_rew=-0.005
-------------------------------------------
| time/                   |               |
|    fps                  | 1100          |
|    iterations           | 69            |
|    time_elapsed         | 256           |
|    total_timesteps      | 282624        |
| train/                  |               |
|    approx_kl            | 0.00032661337 |
|    clip_fraction        | 0.00149       |
|    clip_range           | 0.2           |
|    entropy_loss         | -0.0244       |
|    explained_variance   | 0.893         |
|    learning_rate        | 0.0003        |
|    loss                 | 0.00657       |
|    n_updates            | 680           |
|    policy_gradient_loss | -0.000174     |
|    value_loss           | 0.0147        |
-------------------------------------------
  step  285000/500000 ( 57.0%)  mean_rew=-0.004
-----------------------------------------
| time/                   |             |
|    fps                  | 1100        |
|    iterations           | 70          |
|    time_elapsed         | 260         |
|    total_timesteps      | 286720      |
| train/                  |             |
|    approx_kl            | 0.008659932 |
|    clip_fraction        | 0.0194      |
|    clip_range           | 0.2         |
|    entropy_loss         | -0.047      |
|    explained_variance   | 0.91        |
|    learning_rate        | 0.0003      |
|    loss                 | 0.00608     |
|    n_updates            | 690         |
|    policy_gradient_loss | -0.000488   |
|    value_loss           | 0.011       |
-----------------------------------------
  step  290000/500000 ( 58.0%)  mean_rew=-0.013
-------------------------------------------
| time/                   |               |
|    fps                  | 1101          |
|    iterations           | 71            |
|    time_elapsed         | 264           |
|    total_timesteps      | 290816        |
| train/                  |               |
|    approx_kl            | 0.00043512645 |
|    clip_fraction        | 0.0171        |
|    clip_range           | 0.2           |
|    entropy_loss         | -0.101        |
|    explained_variance   | 0.938         |
|    learning_rate        | 0.0003        |
|    loss                 | 0.00483       |
|    n_updates            | 700           |
|    policy_gradient_loss | 4.41e-05      |
|    value_loss           | 0.00813       |
-------------------------------------------
------------------------------------------
| time/                   |              |
|    fps                  | 1101         |
|    iterations           | 72           |
|    time_elapsed         | 267          |
|    total_timesteps      | 294912       |
| train/                  |              |
|    approx_kl            | 0.0009783745 |
|    clip_fraction        | 0.0172       |
|    clip_range           | 0.2          |
|    entropy_loss         | -0.0918      |
|    explained_variance   | 0.896        |
|    learning_rate        | 0.0003       |
|    loss                 | 0.00748      |
|    n_updates            | 710          |
|    policy_gradient_loss | -0.000298    |
|    value_loss           | 0.014        |
------------------------------------------
  step  295000/500000 ( 59.0%)  mean_rew=-0.014
-------------------------------------------
| time/                   |               |
|    fps                  | 1102          |
|    iterations           | 73            |
|    time_elapsed         | 271           |
|    total_timesteps      | 299008        |
| train/                  |               |
|    approx_kl            | 0.00067773333 |
|    clip_fraction        | 0.0156        |
|    clip_range           | 0.2           |
|    entropy_loss         | -0.0989       |
|    explained_variance   | 0.91          |
|    learning_rate        | 0.0003        |
|    loss                 | 0.00372       |
|    n_updates            | 720           |
|    policy_gradient_loss | 8.51e-05      |
|    value_loss           | 0.00966       |
-------------------------------------------
  step  300000/500000 ( 60.0%)  mean_rew=-0.005
------------------------------------------
| time/                   |              |
|    fps                  | 1101         |
|    iterations           | 74           |
|    time_elapsed         | 275          |
|    total_timesteps      | 303104       |
| train/                  |              |
|    approx_kl            | 0.0009172986 |
|    clip_fraction        | 0.00627      |
|    clip_range           | 0.2          |
|    entropy_loss         | -0.102       |
|    explained_variance   | 0.927        |
|    learning_rate        | 0.0003       |
|    loss                 | 0.00336      |
|    n_updates            | 730          |
|    policy_gradient_loss | -0.000159    |
|    value_loss           | 0.00868      |
------------------------------------------
  step  305000/500000 ( 61.0%)  mean_rew=-0.007
------------------------------------------
| time/                   |              |
|    fps                  | 1102         |
|    iterations           | 75           |
|    time_elapsed         | 278          |
|    total_timesteps      | 307200       |
| train/                  |              |
|    approx_kl            | 0.0005376467 |
|    clip_fraction        | 0.00732      |
|    clip_range           | 0.2          |
|    entropy_loss         | -0.101       |
|    explained_variance   | 0.88         |
|    learning_rate        | 0.0003       |
|    loss                 | 0.00326      |
|    n_updates            | 740          |
|    policy_gradient_loss | -0.000162    |
|    value_loss           | 0.0154       |
------------------------------------------
  step  310000/500000 ( 62.0%)  mean_rew=-0.001
------------------------------------------
| time/                   |              |
|    fps                  | 1102         |
|    iterations           | 76           |
|    time_elapsed         | 282          |
|    total_timesteps      | 311296       |
| train/                  |              |
|    approx_kl            | 0.0011841339 |
|    clip_fraction        | 0.00901      |
|    clip_range           | 0.2          |
|    entropy_loss         | -0.0935      |
|    explained_variance   | 0.888        |
|    learning_rate        | 0.0003       |
|    loss                 | 0.0108       |
|    n_updates            | 750          |
|    policy_gradient_loss | -0.000379    |
|    value_loss           | 0.0146       |
------------------------------------------
  step  315000/500000 ( 63.0%)  mean_rew=-0.009
-------------------------------------------
| time/                   |               |
|    fps                  | 1103          |
|    iterations           | 77            |
|    time_elapsed         | 285           |
|    total_timesteps      | 315392        |
| train/                  |               |
|    approx_kl            | 0.00089459674 |
|    clip_fraction        | 0.0146        |
|    clip_range           | 0.2           |
|    entropy_loss         | -0.0887       |
|    explained_variance   | 0.9           |
|    learning_rate        | 0.0003        |
|    loss                 | 0.00472       |
|    n_updates            | 760           |
|    policy_gradient_loss | -0.000502     |
|    value_loss           | 0.0117        |
-------------------------------------------
-----------------------------------------
| time/                   |             |
|    fps                  | 1103        |
|    iterations           | 78          |
|    time_elapsed         | 289         |
|    total_timesteps      | 319488      |
| train/                  |             |
|    approx_kl            | 0.014213575 |
|    clip_fraction        | 0.0165      |
|    clip_range           | 0.2         |
|    entropy_loss         | -0.0654     |
|    explained_variance   | 0.926       |
|    learning_rate        | 0.0003      |
|    loss                 | 0.00364     |
|    n_updates            | 770         |
|    policy_gradient_loss | -0.000497   |
|    value_loss           | 0.00929     |
-----------------------------------------
  step  320000/500000 ( 64.0%)  mean_rew=-0.010
-------------------------------------------
| time/                   |               |
|    fps                  | 1103          |
|    iterations           | 79            |
|    time_elapsed         | 293           |
|    total_timesteps      | 323584        |
| train/                  |               |
|    approx_kl            | 0.00037231506 |
|    clip_fraction        | 0.0054        |
|    clip_range           | 0.2           |
|    entropy_loss         | -0.0545       |
|    explained_variance   | 0.856         |
|    learning_rate        | 0.0003        |
|    loss                 | 0.00943       |
|    n_updates            | 780           |
|    policy_gradient_loss | -0.0002       |
|    value_loss           | 0.0201        |
-------------------------------------------
  step  325000/500000 ( 65.0%)  mean_rew=+0.000
-------------------------------------------
| time/                   |               |
|    fps                  | 1104          |
|    iterations           | 80            |
|    time_elapsed         | 296           |
|    total_timesteps      | 327680        |
| train/                  |               |
|    approx_kl            | 0.00071444246 |
|    clip_fraction        | 0.00476       |
|    clip_range           | 0.2           |
|    entropy_loss         | -0.0571       |
|    explained_variance   | 0.904         |
|    learning_rate        | 0.0003        |
|    loss                 | 0.00839       |
|    n_updates            | 790           |
|    policy_gradient_loss | -7.43e-05     |
|    value_loss           | 0.0104        |
-------------------------------------------
  step  330000/500000 ( 66.0%)  mean_rew=-0.009
-------------------------------------------
| time/                   |               |
|    fps                  | 1104          |
|    iterations           | 81            |
|    time_elapsed         | 300           |
|    total_timesteps      | 331776        |
| train/                  |               |
|    approx_kl            | 0.00066884264 |
|    clip_fraction        | 0.00911       |
|    clip_range           | 0.2           |
|    entropy_loss         | -0.057        |
|    explained_variance   | 0.923         |
|    learning_rate        | 0.0003        |
|    loss                 | 0.00133       |
|    n_updates            | 800           |
|    policy_gradient_loss | -0.000331     |
|    value_loss           | 0.00958       |
-------------------------------------------
  step  335000/500000 ( 67.0%)  mean_rew=+0.000
------------------------------------------
| time/                   |              |
|    fps                  | 1104         |
|    iterations           | 82           |
|    time_elapsed         | 304          |
|    total_timesteps      | 335872       |
| train/                  |              |
|    approx_kl            | 0.0005300844 |
|    clip_fraction        | 0.00537      |
|    clip_range           | 0.2          |
|    entropy_loss         | -0.0536      |
|    explained_variance   | 0.894        |
|    learning_rate        | 0.0003       |
|    loss                 | 0.0116       |
|    n_updates            | 810          |
|    policy_gradient_loss | -0.000217    |
|    value_loss           | 0.0135       |
------------------------------------------
-------------------------------------------
| time/                   |               |
|    fps                  | 1104          |
|    iterations           | 83            |
|    time_elapsed         | 307           |
|    total_timesteps      | 339968        |
| train/                  |               |
|    approx_kl            | 0.00033842822 |
|    clip_fraction        | 0.00796       |
|    clip_range           | 0.2           |
|    entropy_loss         | -0.0594       |
|    explained_variance   | 0.874         |
|    learning_rate        | 0.0003        |
|    loss                 | 0.00832       |
|    n_updates            | 820           |
|    policy_gradient_loss | -0.000172     |
|    value_loss           | 0.0167        |
-------------------------------------------
  step  340000/500000 ( 68.0%)  mean_rew=+0.000
------------------------------------------
| time/                   |              |
|    fps                  | 1105         |
|    iterations           | 84           |
|    time_elapsed         | 311          |
|    total_timesteps      | 344064       |
| train/                  |              |
|    approx_kl            | 0.0031187574 |
|    clip_fraction        | 0.00654      |
|    clip_range           | 0.2          |
|    entropy_loss         | -0.0607      |
|    explained_variance   | 0.906        |
|    learning_rate        | 0.0003       |
|    loss                 | 0.00396      |
|    n_updates            | 830          |
|    policy_gradient_loss | -0.000159    |
|    value_loss           | 0.0104       |
------------------------------------------
  step  345000/500000 ( 69.0%)  mean_rew=+0.000
-----------------------------------------
| time/                   |             |
|    fps                  | 1105        |
|    iterations           | 85          |
|    time_elapsed         | 314         |
|    total_timesteps      | 348160      |
| train/                  |             |
|    approx_kl            | 0.014061722 |
|    clip_fraction        | 0.0158      |
|    clip_range           | 0.2         |
|    entropy_loss         | -0.0452     |
|    explained_variance   | 0.923       |
|    learning_rate        | 0.0003      |
|    loss                 | 0.000827    |
|    n_updates            | 840         |
|    policy_gradient_loss | -0.000527   |
|    value_loss           | 0.00966     |
-----------------------------------------
  step  350000/500000 ( 70.0%)  mean_rew=-0.005
--------------------------------------------
| time/                   |                |
|    fps                  | 1105           |
|    iterations           | 86             |
|    time_elapsed         | 318            |
|    total_timesteps      | 352256         |
| train/                  |                |
|    approx_kl            | 0.000118606986 |
|    clip_fraction        | 0.00154        |
|    clip_range           | 0.2            |
|    entropy_loss         | -0.0324        |
|    explained_variance   | 0.899          |
|    learning_rate        | 0.0003         |
|    loss                 | 0.00455        |
|    n_updates            | 850            |
|    policy_gradient_loss | 8.09e-05       |
|    value_loss           | 0.0129         |
--------------------------------------------
  step  355000/500000 ( 71.0%)  mean_rew=+0.000
-------------------------------------------
| time/                   |               |
|    fps                  | 1106          |
|    iterations           | 87            |
|    time_elapsed         | 322           |
|    total_timesteps      | 356352        |
| train/                  |               |
|    approx_kl            | 0.00043133652 |
|    clip_fraction        | 0.00398       |
|    clip_range           | 0.2           |
|    entropy_loss         | -0.0323       |
|    explained_variance   | 0.89          |
|    learning_rate        | 0.0003        |
|    loss                 | 0.00209       |
|    n_updates            | 860           |
|    policy_gradient_loss | -5.5e-05      |
|    value_loss           | 0.0128        |
-------------------------------------------
  step  360000/500000 ( 72.0%)  mean_rew=-0.009
------------------------------------------
| time/                   |              |
|    fps                  | 1105         |
|    iterations           | 88           |
|    time_elapsed         | 326          |
|    total_timesteps      | 360448       |
| train/                  |              |
|    approx_kl            | 0.0003085165 |
|    clip_fraction        | 0.0012       |
|    clip_range           | 0.2          |
|    entropy_loss         | -0.0265      |
|    explained_variance   | 0.933        |
|    learning_rate        | 0.0003       |
|    loss                 | 0.00279      |
|    n_updates            | 870          |
|    policy_gradient_loss | -3.7e-05     |
|    value_loss           | 0.00809      |
------------------------------------------
-------------------------------------------
| time/                   |               |
|    fps                  | 1105          |
|    iterations           | 89            |
|    time_elapsed         | 329           |
|    total_timesteps      | 364544        |
| train/                  |               |
|    approx_kl            | 5.4293283e-05 |
|    clip_fraction        | 0.000317      |
|    clip_range           | 0.2           |
|    entropy_loss         | -0.0229       |
|    explained_variance   | 0.9           |
|    learning_rate        | 0.0003        |
|    loss                 | 0.00798       |
|    n_updates            | 880           |
|    policy_gradient_loss | 9.73e-06      |
|    value_loss           | 0.0126        |
-------------------------------------------
  step  365000/500000 ( 73.0%)  mean_rew=+0.000
------------------------------------------
| time/                   |              |
|    fps                  | 1106         |
|    iterations           | 90           |
|    time_elapsed         | 333          |
|    total_timesteps      | 368640       |
| train/                  |              |
|    approx_kl            | 0.0009217439 |
|    clip_fraction        | 0.00273      |
|    clip_range           | 0.2          |
|    entropy_loss         | -0.0303      |
|    explained_variance   | 0.903        |
|    learning_rate        | 0.0003       |
|    loss                 | 0.00373      |
|    n_updates            | 890          |
|    policy_gradient_loss | -0.000218    |
|    value_loss           | 0.0115       |
------------------------------------------
  step  370000/500000 ( 74.0%)  mean_rew=-0.002
-------------------------------------------
| time/                   |               |
|    fps                  | 1106          |
|    iterations           | 91            |
|    time_elapsed         | 336           |
|    total_timesteps      | 372736        |
| train/                  |               |
|    approx_kl            | 0.00032035465 |
|    clip_fraction        | 0.00393       |
|    clip_range           | 0.2           |
|    entropy_loss         | -0.0427       |
|    explained_variance   | 0.898         |
|    learning_rate        | 0.0003        |
|    loss                 | 0.00446       |
|    n_updates            | 900           |
|    policy_gradient_loss | -6.35e-05     |
|    value_loss           | 0.0116        |
-------------------------------------------
  step  375000/500000 ( 75.0%)  mean_rew=-0.005
-------------------------------------------
| time/                   |               |
|    fps                  | 1106          |
|    iterations           | 92            |
|    time_elapsed         | 340           |
|    total_timesteps      | 376832        |
| train/                  |               |
|    approx_kl            | 0.00031315623 |
|    clip_fraction        | 0.0075        |
|    clip_range           | 0.2           |
|    entropy_loss         | -0.0394       |
|    explained_variance   | 0.934         |
|    learning_rate        | 0.0003        |
|    loss                 | 0.00412       |
|    n_updates            | 910           |
|    policy_gradient_loss | -0.000112     |
|    value_loss           | 0.00774       |
-------------------------------------------
  step  380000/500000 ( 76.0%)  mean_rew=-0.002
------------------------------------------
| time/                   |              |
|    fps                  | 1107         |
|    iterations           | 93           |
|    time_elapsed         | 344          |
|    total_timesteps      | 380928       |
| train/                  |              |
|    approx_kl            | 0.0003353423 |
|    clip_fraction        | 0.00662      |
|    clip_range           | 0.2          |
|    entropy_loss         | -0.0367      |
|    explained_variance   | 0.73         |
|    learning_rate        | 0.0003       |
|    loss                 | 0.0383       |
|    n_updates            | 920          |
|    policy_gradient_loss | -0.000179    |
|    value_loss           | 0.0471       |
------------------------------------------
  step  385000/500000 ( 77.0%)  mean_rew=-0.007
-------------------------------------------
| time/                   |               |
|    fps                  | 1107          |
|    iterations           | 94            |
|    time_elapsed         | 347           |
|    total_timesteps      | 385024        |
| train/                  |               |
|    approx_kl            | 0.00042193406 |
|    clip_fraction        | 0.00212       |
|    clip_range           | 0.2           |
|    entropy_loss         | -0.0379       |
|    explained_variance   | 0.857         |
|    learning_rate        | 0.0003        |
|    loss                 | 0.00777       |
|    n_updates            | 930           |
|    policy_gradient_loss | -4.79e-05     |
|    value_loss           | 0.0186        |
-------------------------------------------
------------------------------------------
| time/                   |              |
|    fps                  | 1107         |
|    iterations           | 95           |
|    time_elapsed         | 351          |
|    total_timesteps      | 389120       |
| train/                  |              |
|    approx_kl            | 0.0027318653 |
|    clip_fraction        | 0.00842      |
|    clip_range           | 0.2          |
|    entropy_loss         | -0.0312      |
|    explained_variance   | 0.942        |
|    learning_rate        | 0.0003       |
|    loss                 | 0.00263      |
|    n_updates            | 940          |
|    policy_gradient_loss | -9.54e-05    |
|    value_loss           | 0.00761      |
------------------------------------------
  step  390000/500000 ( 78.0%)  mean_rew=-0.020
-------------------------------------------
| time/                   |               |
|    fps                  | 1107          |
|    iterations           | 96            |
|    time_elapsed         | 354           |
|    total_timesteps      | 393216        |
| train/                  |               |
|    approx_kl            | 0.00020122915 |
|    clip_fraction        | 0.00225       |
|    clip_range           | 0.2           |
|    entropy_loss         | -0.0258       |
|    explained_variance   | 0.897         |
|    learning_rate        | 0.0003        |
|    loss                 | 0.00591       |
|    n_updates            | 950           |
|    policy_gradient_loss | -7.17e-05     |
|    value_loss           | 0.0139        |
-------------------------------------------
  step  395000/500000 ( 79.0%)  mean_rew=-0.011
-------------------------------------------
| time/                   |               |
|    fps                  | 1108          |
|    iterations           | 97            |
|    time_elapsed         | 358           |
|    total_timesteps      | 397312        |
| train/                  |               |
|    approx_kl            | 0.00023281942 |
|    clip_fraction        | 0.00364       |
|    clip_range           | 0.2           |
|    entropy_loss         | -0.0282       |
|    explained_variance   | 0.898         |
|    learning_rate        | 0.0003        |
|    loss                 | 0.00567       |
|    n_updates            | 960           |
|    policy_gradient_loss | -5.46e-05     |
|    value_loss           | 0.0128        |
-------------------------------------------
  step  400000/500000 ( 80.0%)  mean_rew=+0.000
------------------------------------------
| time/                   |              |
|    fps                  | 1107         |
|    iterations           | 98           |
|    time_elapsed         | 362          |
|    total_timesteps      | 401408       |
| train/                  |              |
|    approx_kl            | 0.0008649262 |
|    clip_fraction        | 0.0032       |
|    clip_range           | 0.2          |
|    entropy_loss         | -0.0232      |
|    explained_variance   | 0.903        |
|    learning_rate        | 0.0003       |
|    loss                 | 0.00444      |
|    n_updates            | 970          |
|    policy_gradient_loss | -8.75e-05    |
|    value_loss           | 0.0133       |
------------------------------------------
  step  405000/500000 ( 81.0%)  mean_rew=-0.004
-----------------------------------------
| time/                   |             |
|    fps                  | 1108        |
|    iterations           | 99          |
|    time_elapsed         | 365         |
|    total_timesteps      | 405504      |
| train/                  |             |
|    approx_kl            | 0.000283159 |
|    clip_fraction        | 0.00364     |
|    clip_range           | 0.2         |
|    entropy_loss         | -0.0205     |
|    explained_variance   | 0.896       |
|    learning_rate        | 0.0003      |
|    loss                 | 0.0117      |
|    n_updates            | 980         |
|    policy_gradient_loss | -0.000185   |
|    value_loss           | 0.0154      |
-----------------------------------------
-----------------------------------------
| time/                   |             |
|    fps                  | 1108        |
|    iterations           | 100         |
|    time_elapsed         | 369         |
|    total_timesteps      | 409600      |
| train/                  |             |
|    approx_kl            | 0.013048403 |
|    clip_fraction        | 0.0221      |
|    clip_range           | 0.2         |
|    entropy_loss         | -0.0512     |
|    explained_variance   | 0.892       |
|    learning_rate        | 0.0003      |
|    loss                 | 0.00911     |
|    n_updates            | 990         |
|    policy_gradient_loss | -0.000248   |
|    value_loss           | 0.014       |
-----------------------------------------
  step  410000/500000 ( 82.0%)  mean_rew=-0.007
-------------------------------------------
| time/                   |               |
|    fps                  | 1108          |
|    iterations           | 101           |
|    time_elapsed         | 373           |
|    total_timesteps      | 413696        |
| train/                  |               |
|    approx_kl            | 0.00015982603 |
|    clip_fraction        | 0.00474       |
|    clip_range           | 0.2           |
|    entropy_loss         | -0.0626       |
|    explained_variance   | 0.91          |
|    learning_rate        | 0.0003        |
|    loss                 | 0.00333       |
|    n_updates            | 1000          |
|    policy_gradient_loss | 1.88e-05      |
|    value_loss           | 0.00972       |
-------------------------------------------
  step  415000/500000 ( 83.0%)  mean_rew=-0.009
------------------------------------------
| time/                   |              |
|    fps                  | 1108         |
|    iterations           | 102          |
|    time_elapsed         | 376          |
|    total_timesteps      | 417792       |
| train/                  |              |
|    approx_kl            | 0.0002949799 |
|    clip_fraction        | 0.0085       |
|    clip_range           | 0.2          |
|    entropy_loss         | -0.0668      |
|    explained_variance   | 0.901        |
|    learning_rate        | 0.0003       |
|    loss                 | 0.00527      |
|    n_updates            | 1010         |
|    policy_gradient_loss | -5.31e-06    |
|    value_loss           | 0.0125       |
------------------------------------------
  step  420000/500000 ( 84.0%)  mean_rew=-0.004
------------------------------------------
| time/                   |              |
|    fps                  | 1109         |
|    iterations           | 103          |
|    time_elapsed         | 380          |
|    total_timesteps      | 421888       |
| train/                  |              |
|    approx_kl            | 0.0008653251 |
|    clip_fraction        | 0.0119       |
|    clip_range           | 0.2          |
|    entropy_loss         | -0.0671      |
|    explained_variance   | 0.885        |
|    learning_rate        | 0.0003       |
|    loss                 | 0.00476      |
|    n_updates            | 1020         |
|    policy_gradient_loss | -0.000362    |
|    value_loss           | 0.0157       |
------------------------------------------
  step  425000/500000 ( 85.0%)  mean_rew=+0.000
----------------------------------------
| time/                   |            |
|    fps                  | 1109       |
|    iterations           | 104        |
|    time_elapsed         | 383        |
|    total_timesteps      | 425984     |
| train/                  |            |
|    approx_kl            | 0.00893714 |
|    clip_fraction        | 0.0147     |
|    clip_range           | 0.2        |
|    entropy_loss         | -0.0785    |
|    explained_variance   | 0.904      |
|    learning_rate        | 0.0003     |
|    loss                 | 0.00612    |
|    n_updates            | 1030       |
|    policy_gradient_loss | -0.000265  |
|    value_loss           | 0.0118     |
----------------------------------------
  step  430000/500000 ( 86.0%)  mean_rew=-0.005
------------------------------------------
| time/                   |              |
|    fps                  | 1109         |
|    iterations           | 105          |
|    time_elapsed         | 387          |
|    total_timesteps      | 430080       |
| train/                  |              |
|    approx_kl            | 0.0023917805 |
|    clip_fraction        | 0.0272       |
|    clip_range           | 0.2          |
|    entropy_loss         | -0.0793      |
|    explained_variance   | 0.94         |
|    learning_rate        | 0.0003       |
|    loss                 | 0.00358      |
|    n_updates            | 1040         |
|    policy_gradient_loss | -7.49e-05    |
|    value_loss           | 0.00767      |
------------------------------------------
-------------------------------------------
| time/                   |               |
|    fps                  | 1109          |
|    iterations           | 106           |
|    time_elapsed         | 391           |
|    total_timesteps      | 434176        |
| train/                  |               |
|    approx_kl            | 0.00084869284 |
|    clip_fraction        | 0.0104        |
|    clip_range           | 0.2           |
|    entropy_loss         | -0.0789       |
|    explained_variance   | 0.886         |
|    learning_rate        | 0.0003        |
|    loss                 | 0.00619       |
|    n_updates            | 1050          |
|    policy_gradient_loss | -0.000106     |
|    value_loss           | 0.0157        |
-------------------------------------------
  step  435000/500000 ( 87.0%)  mean_rew=+0.000
------------------------------------------
| time/                   |              |
|    fps                  | 1110         |
|    iterations           | 107          |
|    time_elapsed         | 394          |
|    total_timesteps      | 438272       |
| train/                  |              |
|    approx_kl            | 0.0014148437 |
|    clip_fraction        | 0.0211       |
|    clip_range           | 0.2          |
|    entropy_loss         | -0.0715      |
|    explained_variance   | 0.891        |
|    learning_rate        | 0.0003       |
|    loss                 | 0.00745      |
|    n_updates            | 1060         |
|    policy_gradient_loss | -0.000247    |
|    value_loss           | 0.0144       |
------------------------------------------
  step  440000/500000 ( 88.0%)  mean_rew=-0.016
------------------------------------------
| time/                   |              |
|    fps                  | 1110         |
|    iterations           | 108          |
|    time_elapsed         | 398          |
|    total_timesteps      | 442368       |
| train/                  |              |
|    approx_kl            | 0.0007609044 |
|    clip_fraction        | 0.0124       |
|    clip_range           | 0.2          |
|    entropy_loss         | -0.0697      |
|    explained_variance   | 0.872        |
|    learning_rate        | 0.0003       |
|    loss                 | 0.00267      |
|    n_updates            | 1070         |
|    policy_gradient_loss | -0.000495    |
|    value_loss           | 0.0161       |
------------------------------------------
  step  445000/500000 ( 89.0%)  mean_rew=-0.001
-------------------------------------------
| time/                   |               |
|    fps                  | 1111          |
|    iterations           | 109           |
|    time_elapsed         | 401           |
|    total_timesteps      | 446464        |
| train/                  |               |
|    approx_kl            | 0.00039427524 |
|    clip_fraction        | 0.00769       |
|    clip_range           | 0.2           |
|    entropy_loss         | -0.0655       |
|    explained_variance   | 0.925         |
|    learning_rate        | 0.0003        |
|    loss                 | 0.00381       |
|    n_updates            | 1080          |
|    policy_gradient_loss | -0.000154     |
|    value_loss           | 0.00964       |
-------------------------------------------
  step  450000/500000 ( 90.0%)  mean_rew=-0.005
------------------------------------------
| time/                   |              |
|    fps                  | 1111         |
|    iterations           | 110          |
|    time_elapsed         | 405          |
|    total_timesteps      | 450560       |
| train/                  |              |
|    approx_kl            | 0.0006846528 |
|    clip_fraction        | 0.0104       |
|    clip_range           | 0.2          |
|    entropy_loss         | -0.0645      |
|    explained_variance   | 0.885        |
|    learning_rate        | 0.0003       |
|    loss                 | 0.00783      |
|    n_updates            | 1090         |
|    policy_gradient_loss | -0.000177    |
|    value_loss           | 0.0157       |
------------------------------------------
------------------------------------------
| time/                   |              |
|    fps                  | 1112         |
|    iterations           | 111          |
|    time_elapsed         | 408          |
|    total_timesteps      | 454656       |
| train/                  |              |
|    approx_kl            | 0.0006786499 |
|    clip_fraction        | 0.0136       |
|    clip_range           | 0.2          |
|    entropy_loss         | -0.0617      |
|    explained_variance   | 0.911        |
|    learning_rate        | 0.0003       |
|    loss                 | 0.00207      |
|    n_updates            | 1100         |
|    policy_gradient_loss | -0.000414    |
|    value_loss           | 0.0101       |
------------------------------------------
  step  455000/500000 ( 91.0%)  mean_rew=+0.000
-------------------------------------------
| time/                   |               |
|    fps                  | 1112          |
|    iterations           | 112           |
|    time_elapsed         | 412           |
|    total_timesteps      | 458752        |
| train/                  |               |
|    approx_kl            | 0.00048334285 |
|    clip_fraction        | 0.0111        |
|    clip_range           | 0.2           |
|    entropy_loss         | -0.0571       |
|    explained_variance   | 0.934         |
|    learning_rate        | 0.0003        |
|    loss                 | 0.00519       |
|    n_updates            | 1110          |
|    policy_gradient_loss | -9.82e-05     |
|    value_loss           | 0.00797       |
-------------------------------------------
  step  460000/500000 ( 92.0%)  mean_rew=-0.002
-------------------------------------------
| time/                   |               |
|    fps                  | 1112          |
|    iterations           | 113           |
|    time_elapsed         | 416           |
|    total_timesteps      | 462848        |
| train/                  |               |
|    approx_kl            | 0.00032428998 |
|    clip_fraction        | 0.00623       |
|    clip_range           | 0.2           |
|    entropy_loss         | -0.0588       |
|    explained_variance   | 0.891         |
|    learning_rate        | 0.0003        |
|    loss                 | 0.00828       |
|    n_updates            | 1120          |
|    policy_gradient_loss | -0.000223     |
|    value_loss           | 0.014         |
-------------------------------------------
  step  465000/500000 ( 93.0%)  mean_rew=-0.011
------------------------------------------
| time/                   |              |
|    fps                  | 1113         |
|    iterations           | 114          |
|    time_elapsed         | 419          |
|    total_timesteps      | 466944       |
| train/                  |              |
|    approx_kl            | 0.0005132009 |
|    clip_fraction        | 0.00667      |
|    clip_range           | 0.2          |
|    entropy_loss         | -0.057       |
|    explained_variance   | 0.876        |
|    learning_rate        | 0.0003       |
|    loss                 | 0.00839      |
|    n_updates            | 1130         |
|    policy_gradient_loss | -0.000131    |
|    value_loss           | 0.0172       |
------------------------------------------
  step  470000/500000 ( 94.0%)  mean_rew=-0.010
-------------------------------------------
| time/                   |               |
|    fps                  | 1113          |
|    iterations           | 115           |
|    time_elapsed         | 423           |
|    total_timesteps      | 471040        |
| train/                  |               |
|    approx_kl            | 0.00037235222 |
|    clip_fraction        | 0.00544       |
|    clip_range           | 0.2           |
|    entropy_loss         | -0.048        |
|    explained_variance   | 0.912         |
|    learning_rate        | 0.0003        |
|    loss                 | 0.00421       |
|    n_updates            | 1140          |
|    policy_gradient_loss | -5.41e-05     |
|    value_loss           | 0.01          |
-------------------------------------------
  step  475000/500000 ( 95.0%)  mean_rew=+0.000
------------------------------------------
| time/                   |              |
|    fps                  | 1113         |
|    iterations           | 116          |
|    time_elapsed         | 426          |
|    total_timesteps      | 475136       |
| train/                  |              |
|    approx_kl            | 0.0003847608 |
|    clip_fraction        | 0.00459      |
|    clip_range           | 0.2          |
|    entropy_loss         | -0.0422      |
|    explained_variance   | 0.939        |
|    learning_rate        | 0.0003       |
|    loss                 | 0.00159      |
|    n_updates            | 1150         |
|    policy_gradient_loss | -1.17e-05    |
|    value_loss           | 0.0073       |
------------------------------------------
-------------------------------------------
| time/                   |               |
|    fps                  | 1114          |
|    iterations           | 117           |
|    time_elapsed         | 430           |
|    total_timesteps      | 479232        |
| train/                  |               |
|    approx_kl            | 0.00028302014 |
|    clip_fraction        | 0.00427       |
|    clip_range           | 0.2           |
|    entropy_loss         | -0.0382       |
|    explained_variance   | 0.887         |
|    learning_rate        | 0.0003        |
|    loss                 | 0.00433       |
|    n_updates            | 1160          |
|    policy_gradient_loss | -4.74e-05     |
|    value_loss           | 0.0145        |
-------------------------------------------
  step  480000/500000 ( 96.0%)  mean_rew=-0.007
-----------------------------------------
| time/                   |             |
|    fps                  | 1114        |
|    iterations           | 118         |
|    time_elapsed         | 433         |
|    total_timesteps      | 483328      |
| train/                  |             |
|    approx_kl            | 0.011091538 |
|    clip_fraction        | 0.0357      |
|    clip_range           | 0.2         |
|    entropy_loss         | -0.0749     |
|    explained_variance   | 0.879       |
|    learning_rate        | 0.0003      |
|    loss                 | 0.00328     |
|    n_updates            | 1170        |
|    policy_gradient_loss | -0.00057    |
|    value_loss           | 0.0146      |
-----------------------------------------
  step  485000/500000 ( 97.0%)  mean_rew=-0.006
------------------------------------------
| time/                   |              |
|    fps                  | 1114         |
|    iterations           | 119          |
|    time_elapsed         | 437          |
|    total_timesteps      | 487424       |
| train/                  |              |
|    approx_kl            | 0.0006511015 |
|    clip_fraction        | 0.0105       |
|    clip_range           | 0.2          |
|    entropy_loss         | -0.0711      |
|    explained_variance   | 0.933        |
|    learning_rate        | 0.0003       |
|    loss                 | 0.00627      |
|    n_updates            | 1180         |
|    policy_gradient_loss | -1.05e-05    |
|    value_loss           | 0.00823      |
------------------------------------------
  step  490000/500000 ( 98.0%)  mean_rew=-0.002
-----------------------------------------
| time/                   |             |
|    fps                  | 1115        |
|    iterations           | 120         |
|    time_elapsed         | 440         |
|    total_timesteps      | 491520      |
| train/                  |             |
|    approx_kl            | 0.002567518 |
|    clip_fraction        | 0.0159      |
|    clip_range           | 0.2         |
|    entropy_loss         | -0.0772     |
|    explained_variance   | 0.898       |
|    learning_rate        | 0.0003      |
|    loss                 | 0.00603     |
|    n_updates            | 1190        |
|    policy_gradient_loss | -0.000142   |
|    value_loss           | 0.0126      |
-----------------------------------------
  step  495000/500000 ( 99.0%)  mean_rew=-0.001
------------------------------------------
| time/                   |              |
|    fps                  | 1115         |
|    iterations           | 121          |
|    time_elapsed         | 444          |
|    total_timesteps      | 495616       |
| train/                  |              |
|    approx_kl            | 0.0002675677 |
|    clip_fraction        | 0.00686      |
|    clip_range           | 0.2          |
|    entropy_loss         | -0.0778      |
|    explained_variance   | 0.884        |
|    learning_rate        | 0.0003       |
|    loss                 | 0.00812      |
|    n_updates            | 1200         |
|    policy_gradient_loss | -2.49e-05    |
|    value_loss           | 0.0148       |
------------------------------------------
-------------------------------------------
| time/                   |               |
|    fps                  | 1115          |
|    iterations           | 122           |
|    time_elapsed         | 447           |
|    total_timesteps      | 499712        |
| train/                  |               |
|    approx_kl            | 0.00058208924 |
|    clip_fraction        | 0.0109        |
|    clip_range           | 0.2           |
|    entropy_loss         | -0.0812       |
|    explained_variance   | 0.883         |
|    learning_rate        | 0.0003        |
|    loss                 | 0.00961       |
|    n_updates            | 1210          |
|    policy_gradient_loss | -7.38e-05     |
|    value_loss           | 0.0144        |
-------------------------------------------
  step  500000/500000 (100.0%)  mean_rew=-0.006
-----------------------------------------
| time/                   |             |
|    fps                  | 1116        |
|    iterations           | 123         |
|    time_elapsed         | 451         |
|    total_timesteps      | 503808      |
| train/                  |             |
|    approx_kl            | 0.002783896 |
|    clip_fraction        | 0.0231      |
|    clip_range           | 0.2         |
|    entropy_loss         | -0.0687     |
|    explained_variance   | 0.915       |
|    learning_rate        | 0.0003      |
|    loss                 | 0.00579     |
|    n_updates            | 1220        |
|    policy_gradient_loss | -0.000116   |
|    value_loss           | 0.011       |
-----------------------------------------
[cologne8-PPO] Done. Saved -> exp_cologne8_real/ppo_wait-clip_s1234
