Using libsumo as traci as requested by environment variable.
[cologne8-PPO] 8 agents | reward=queue | seed=999
  obs=(7,) | act=Discrete(4)
Using cpu device
-----------------------------
| time/              |      |
|    fps             | 1439 |
|    iterations      | 1    |
|    time_elapsed    | 2    |
|    total_timesteps | 4096 |
-----------------------------
  step    5000/500000 (  1.0%)  mean_rew=-0.001
------------------------------------------
| time/                   |              |
|    fps                  | 1167         |
|    iterations           | 2            |
|    time_elapsed         | 7            |
|    total_timesteps      | 8192         |
| train/                  |              |
|    approx_kl            | 0.0120329745 |
|    clip_fraction        | 0.0393       |
|    clip_range           | 0.2          |
|    entropy_loss         | -1.38        |
|    explained_variance   | 0.27         |
|    learning_rate        | 0.0003       |
|    loss                 | 0.0143       |
|    n_updates            | 10           |
|    policy_gradient_loss | -0.00504     |
|    value_loss           | 0.00823      |
------------------------------------------
  step   10000/500000 (  2.0%)  mean_rew=-0.000
-----------------------------------------
| time/                   |             |
|    fps                  | 1179        |
|    iterations           | 3           |
|    time_elapsed         | 10          |
|    total_timesteps      | 12288       |
| train/                  |             |
|    approx_kl            | 0.008239664 |
|    clip_fraction        | 0.038       |
|    clip_range           | 0.2         |
|    entropy_loss         | -1.35       |
|    explained_variance   | 0.695       |
|    learning_rate        | 0.0003      |
|    loss                 | -0.00271    |
|    n_updates            | 20          |
|    policy_gradient_loss | -0.00455    |
|    value_loss           | 0.0062      |
-----------------------------------------
  step   15000/500000 (  3.0%)  mean_rew=-0.002
-----------------------------------------
| time/                   |             |
|    fps                  | 1174        |
|    iterations           | 4           |
|    time_elapsed         | 13          |
|    total_timesteps      | 16384       |
| train/                  |             |
|    approx_kl            | 0.010496761 |
|    clip_fraction        | 0.0715      |
|    clip_range           | 0.2         |
|    entropy_loss         | -1.32       |
|    explained_variance   | 0.752       |
|    learning_rate        | 0.0003      |
|    loss                 | -0.00827    |
|    n_updates            | 30          |
|    policy_gradient_loss | -0.006      |
|    value_loss           | 0.00387     |
-----------------------------------------
  step   20000/500000 (  4.0%)  mean_rew=-0.000
-----------------------------------------
| time/                   |             |
|    fps                  | 1168        |
|    iterations           | 5           |
|    time_elapsed         | 17          |
|    total_timesteps      | 20480       |
| train/                  |             |
|    approx_kl            | 0.010199231 |
|    clip_fraction        | 0.0817      |
|    clip_range           | 0.2         |
|    entropy_loss         | -1.27       |
|    explained_variance   | 0.84        |
|    learning_rate        | 0.0003      |
|    loss                 | -0.0162     |
|    n_updates            | 40          |
|    policy_gradient_loss | -0.00805    |
|    value_loss           | 0.00268     |
-----------------------------------------
-----------------------------------------
| time/                   |             |
|    fps                  | 1175        |
|    iterations           | 6           |
|    time_elapsed         | 20          |
|    total_timesteps      | 24576       |
| train/                  |             |
|    approx_kl            | 0.009556249 |
|    clip_fraction        | 0.0831      |
|    clip_range           | 0.2         |
|    entropy_loss         | -1.22       |
|    explained_variance   | 0.841       |
|    learning_rate        | 0.0003      |
|    loss                 | -0.00731    |
|    n_updates            | 50          |
|    policy_gradient_loss | -0.00623    |
|    value_loss           | 0.00242     |
-----------------------------------------
  step   25000/500000 (  5.0%)  mean_rew=-0.001
-----------------------------------------
| time/                   |             |
|    fps                  | 1178        |
|    iterations           | 7           |
|    time_elapsed         | 24          |
|    total_timesteps      | 28672       |
| train/                  |             |
|    approx_kl            | 0.013198787 |
|    clip_fraction        | 0.104       |
|    clip_range           | 0.2         |
|    entropy_loss         | -1.21       |
|    explained_variance   | 0.85        |
|    learning_rate        | 0.0003      |
|    loss                 | -0.00491    |
|    n_updates            | 60          |
|    policy_gradient_loss | -0.00784    |
|    value_loss           | 0.00214     |
-----------------------------------------
  step   30000/500000 (  6.0%)  mean_rew=-0.001
-----------------------------------------
| time/                   |             |
|    fps                  | 1177        |
|    iterations           | 8           |
|    time_elapsed         | 27          |
|    total_timesteps      | 32768       |
| train/                  |             |
|    approx_kl            | 0.009533079 |
|    clip_fraction        | 0.0723      |
|    clip_range           | 0.2         |
|    entropy_loss         | -1.17       |
|    explained_variance   | 0.836       |
|    learning_rate        | 0.0003      |
|    loss                 | 0.0164      |
|    n_updates            | 70          |
|    policy_gradient_loss | -0.00802    |
|    value_loss           | 0.00259     |
-----------------------------------------
  step   35000/500000 (  7.0%)  mean_rew=+0.000
-----------------------------------------
| time/                   |             |
|    fps                  | 1177        |
|    iterations           | 9           |
|    time_elapsed         | 31          |
|    total_timesteps      | 36864       |
| train/                  |             |
|    approx_kl            | 0.009873649 |
|    clip_fraction        | 0.106       |
|    clip_range           | 0.2         |
|    entropy_loss         | -1.12       |
|    explained_variance   | 0.847       |
|    learning_rate        | 0.0003      |
|    loss                 | -0.018      |
|    n_updates            | 80          |
|    policy_gradient_loss | -0.00814    |
|    value_loss           | 0.00214     |
-----------------------------------------
  step   40000/500000 (  8.0%)  mean_rew=-0.001
-----------------------------------------
| time/                   |             |
|    fps                  | 1182        |
|    iterations           | 10          |
|    time_elapsed         | 34          |
|    total_timesteps      | 40960       |
| train/                  |             |
|    approx_kl            | 0.008051505 |
|    clip_fraction        | 0.0589      |
|    clip_range           | 0.2         |
|    entropy_loss         | -1.06       |
|    explained_variance   | 0.862       |
|    learning_rate        | 0.0003      |
|    loss                 | 0.00753     |
|    n_updates            | 90          |
|    policy_gradient_loss | -0.00385    |
|    value_loss           | 0.00157     |
-----------------------------------------
  step   45000/500000 (  9.0%)  mean_rew=-0.001
----------------------------------------
| time/                   |            |
|    fps                  | 1184       |
|    iterations           | 11         |
|    time_elapsed         | 38         |
|    total_timesteps      | 45056      |
| train/                  |            |
|    approx_kl            | 0.01190874 |
|    clip_fraction        | 0.116      |
|    clip_range           | 0.2        |
|    entropy_loss         | -1         |
|    explained_variance   | 0.895      |
|    learning_rate        | 0.0003     |
|    loss                 | -0.01      |
|    n_updates            | 100        |
|    policy_gradient_loss | -0.00697   |
|    value_loss           | 0.000744   |
----------------------------------------
-----------------------------------------
| time/                   |             |
|    fps                  | 1183        |
|    iterations           | 12          |
|    time_elapsed         | 41          |
|    total_timesteps      | 49152       |
| train/                  |             |
|    approx_kl            | 0.011652784 |
|    clip_fraction        | 0.125       |
|    clip_range           | 0.2         |
|    entropy_loss         | -0.89       |
|    explained_variance   | 0.956       |
|    learning_rate        | 0.0003      |
|    loss                 | -0.0292     |
|    n_updates            | 110         |
|    policy_gradient_loss | -0.00863    |
|    value_loss           | 0.000274    |
-----------------------------------------
  step   50000/500000 ( 10.0%)  mean_rew=+0.001
------------------------------------------
| time/                   |              |
|    fps                  | 1186         |
|    iterations           | 13           |
|    time_elapsed         | 44           |
|    total_timesteps      | 53248        |
| train/                  |              |
|    approx_kl            | 0.0048181787 |
|    clip_fraction        | 0.0508       |
|    clip_range           | 0.2          |
|    entropy_loss         | -0.888       |
|    explained_variance   | 0.874        |
|    learning_rate        | 0.0003       |
|    loss                 | -0.00818     |
|    n_updates            | 120          |
|    policy_gradient_loss | -0.00434     |
|    value_loss           | 0.000784     |
------------------------------------------
  step   55000/500000 ( 11.0%)  mean_rew=-0.001
-----------------------------------------
| time/                   |             |
|    fps                  | 1188        |
|    iterations           | 14          |
|    time_elapsed         | 48          |
|    total_timesteps      | 57344       |
| train/                  |             |
|    approx_kl            | 0.007578922 |
|    clip_fraction        | 0.0449      |
|    clip_range           | 0.2         |
|    entropy_loss         | -0.814      |
|    explained_variance   | 0.885       |
|    learning_rate        | 0.0003      |
|    loss                 | 0.0012      |
|    n_updates            | 130         |
|    policy_gradient_loss | -0.00319    |
|    value_loss           | 0.000524    |
-----------------------------------------
  step   60000/500000 ( 12.0%)  mean_rew=+0.002
-----------------------------------------
| time/                   |             |
|    fps                  | 1188        |
|    iterations           | 15          |
|    time_elapsed         | 51          |
|    total_timesteps      | 61440       |
| train/                  |             |
|    approx_kl            | 0.004922238 |
|    clip_fraction        | 0.041       |
|    clip_range           | 0.2         |
|    entropy_loss         | -0.766      |
|    explained_variance   | 0.948       |
|    learning_rate        | 0.0003      |
|    loss                 | 0.000574    |
|    n_updates            | 140         |
|    policy_gradient_loss | -0.00251    |
|    value_loss           | 0.000226    |
-----------------------------------------
  step   65000/500000 ( 13.0%)  mean_rew=-0.003
-----------------------------------------
| time/                   |             |
|    fps                  | 1188        |
|    iterations           | 16          |
|    time_elapsed         | 55          |
|    total_timesteps      | 65536       |
| train/                  |             |
|    approx_kl            | 0.007832428 |
|    clip_fraction        | 0.0805      |
|    clip_range           | 0.2         |
|    entropy_loss         | -0.702      |
|    explained_variance   | 0.876       |
|    learning_rate        | 0.0003      |
|    loss                 | 0.0151      |
|    n_updates            | 150         |
|    policy_gradient_loss | -0.00454    |
|    value_loss           | 0.000569    |
-----------------------------------------
------------------------------------------
| time/                   |              |
|    fps                  | 1191         |
|    iterations           | 17           |
|    time_elapsed         | 58           |
|    total_timesteps      | 69632        |
| train/                  |              |
|    approx_kl            | 0.0049133403 |
|    clip_fraction        | 0.0592       |
|    clip_range           | 0.2          |
|    entropy_loss         | -0.649       |
|    explained_variance   | 0.878        |
|    learning_rate        | 0.0003       |
|    loss                 | -0.0162      |
|    n_updates            | 160          |
|    policy_gradient_loss | -0.00442     |
|    value_loss           | 0.000455     |
------------------------------------------
  step   70000/500000 ( 14.0%)  mean_rew=-0.002
------------------------------------------
| time/                   |              |
|    fps                  | 1192         |
|    iterations           | 18           |
|    time_elapsed         | 61           |
|    total_timesteps      | 73728        |
| train/                  |              |
|    approx_kl            | 0.0034110877 |
|    clip_fraction        | 0.0397       |
|    clip_range           | 0.2          |
|    entropy_loss         | -0.586       |
|    explained_variance   | 0.895        |
|    learning_rate        | 0.0003       |
|    loss                 | -0.00944     |
|    n_updates            | 170          |
|    policy_gradient_loss | -0.00277     |
|    value_loss           | 0.000256     |
------------------------------------------
  step   75000/500000 ( 15.0%)  mean_rew=-0.002
-----------------------------------------
| time/                   |             |
|    fps                  | 1192        |
|    iterations           | 19          |
|    time_elapsed         | 65          |
|    total_timesteps      | 77824       |
| train/                  |             |
|    approx_kl            | 0.004514471 |
|    clip_fraction        | 0.0502      |
|    clip_range           | 0.2         |
|    entropy_loss         | -0.564      |
|    explained_variance   | 0.94        |
|    learning_rate        | 0.0003      |
|    loss                 | -0.011      |
|    n_updates            | 180         |
|    policy_gradient_loss | -0.00412    |
|    value_loss           | 0.00016     |
-----------------------------------------
  step   80000/500000 ( 16.0%)  mean_rew=+0.000
-----------------------------------------
| time/                   |             |
|    fps                  | 1194        |
|    iterations           | 20          |
|    time_elapsed         | 68          |
|    total_timesteps      | 81920       |
| train/                  |             |
|    approx_kl            | 0.004811772 |
|    clip_fraction        | 0.0443      |
|    clip_range           | 0.2         |
|    entropy_loss         | -0.523      |
|    explained_variance   | 0.889       |
|    learning_rate        | 0.0003      |
|    loss                 | 0.00896     |
|    n_updates            | 190         |
|    policy_gradient_loss | -0.00228    |
|    value_loss           | 0.000294    |
-----------------------------------------
  step   85000/500000 ( 17.0%)  mean_rew=+0.000
----------------------------------------
| time/                   |            |
|    fps                  | 1195       |
|    iterations           | 21         |
|    time_elapsed         | 71         |
|    total_timesteps      | 86016      |
| train/                  |            |
|    approx_kl            | 0.00340585 |
|    clip_fraction        | 0.0454     |
|    clip_range           | 0.2        |
|    entropy_loss         | -0.487     |
|    explained_variance   | 0.899      |
|    learning_rate        | 0.0003     |
|    loss                 | 0.00406    |
|    n_updates            | 200        |
|    policy_gradient_loss | -0.00267   |
|    value_loss           | 0.000203   |
----------------------------------------
  step   90000/500000 ( 18.0%)  mean_rew=+0.000
------------------------------------------
| time/                   |              |
|    fps                  | 1194         |
|    iterations           | 22           |
|    time_elapsed         | 75           |
|    total_timesteps      | 90112        |
| train/                  |              |
|    approx_kl            | 0.0032880465 |
|    clip_fraction        | 0.0347       |
|    clip_range           | 0.2          |
|    entropy_loss         | -0.445       |
|    explained_variance   | 0.943        |
|    learning_rate        | 0.0003       |
|    loss                 | -0.00573     |
|    n_updates            | 210          |
|    policy_gradient_loss | -0.00235     |
|    value_loss           | 0.000117     |
------------------------------------------
------------------------------------------
| time/                   |              |
|    fps                  | 1194         |
|    iterations           | 23           |
|    time_elapsed         | 78           |
|    total_timesteps      | 94208        |
| train/                  |              |
|    approx_kl            | 0.0030738432 |
|    clip_fraction        | 0.031        |
|    clip_range           | 0.2          |
|    entropy_loss         | -0.407       |
|    explained_variance   | 0.889        |
|    learning_rate        | 0.0003       |
|    loss                 | -0.0053      |
|    n_updates            | 220          |
|    policy_gradient_loss | -0.00247     |
|    value_loss           | 0.000213     |
------------------------------------------
  step   95000/500000 ( 19.0%)  mean_rew=-0.000
-----------------------------------------
| time/                   |             |
|    fps                  | 1196        |
|    iterations           | 24          |
|    time_elapsed         | 82          |
|    total_timesteps      | 98304       |
| train/                  |             |
|    approx_kl            | 0.002177997 |
|    clip_fraction        | 0.0201      |
|    clip_range           | 0.2         |
|    entropy_loss         | -0.38       |
|    explained_variance   | 0.866       |
|    learning_rate        | 0.0003      |
|    loss                 | 0.00304     |
|    n_updates            | 230         |
|    policy_gradient_loss | -0.00217    |
|    value_loss           | 0.000243    |
-----------------------------------------
  step  100000/500000 ( 20.0%)  mean_rew=+0.001
------------------------------------------
| time/                   |              |
|    fps                  | 1195         |
|    iterations           | 25           |
|    time_elapsed         | 85           |
|    total_timesteps      | 102400       |
| train/                  |              |
|    approx_kl            | 0.0014609029 |
|    clip_fraction        | 0.017        |
|    clip_range           | 0.2          |
|    entropy_loss         | -0.351       |
|    explained_variance   | 0.897        |
|    learning_rate        | 0.0003       |
|    loss                 | -0.00403     |
|    n_updates            | 240          |
|    policy_gradient_loss | -0.00128     |
|    value_loss           | 0.000138     |
------------------------------------------
  step  105000/500000 ( 21.0%)  mean_rew=-0.001
------------------------------------------
| time/                   |              |
|    fps                  | 1195         |
|    iterations           | 26           |
|    time_elapsed         | 89           |
|    total_timesteps      | 106496       |
| train/                  |              |
|    approx_kl            | 0.0017781829 |
|    clip_fraction        | 0.0315       |
|    clip_range           | 0.2          |
|    entropy_loss         | -0.318       |
|    explained_variance   | 0.92         |
|    learning_rate        | 0.0003       |
|    loss                 | 0.00215      |
|    n_updates            | 250          |
|    policy_gradient_loss | -0.00271     |
|    value_loss           | 0.000123     |
------------------------------------------
  step  110000/500000 ( 22.0%)  mean_rew=+0.000
------------------------------------------
| time/                   |              |
|    fps                  | 1196         |
|    iterations           | 27           |
|    time_elapsed         | 92           |
|    total_timesteps      | 110592       |
| train/                  |              |
|    approx_kl            | 0.0021231954 |
|    clip_fraction        | 0.0142       |
|    clip_range           | 0.2          |
|    entropy_loss         | -0.29        |
|    explained_variance   | 0.875        |
|    learning_rate        | 0.0003       |
|    loss                 | 0.00225      |
|    n_updates            | 260          |
|    policy_gradient_loss | -0.00118     |
|    value_loss           | 0.000193     |
------------------------------------------
------------------------------------------
| time/                   |              |
|    fps                  | 1196         |
|    iterations           | 28           |
|    time_elapsed         | 95           |
|    total_timesteps      | 114688       |
| train/                  |              |
|    approx_kl            | 0.0011791167 |
|    clip_fraction        | 0.0163       |
|    clip_range           | 0.2          |
|    entropy_loss         | -0.293       |
|    explained_variance   | 0.91         |
|    learning_rate        | 0.0003       |
|    loss                 | -0.00637     |
|    n_updates            | 270          |
|    policy_gradient_loss | -0.000619    |
|    value_loss           | 0.000107     |
------------------------------------------
  step  115000/500000 ( 23.0%)  mean_rew=-0.002
-------------------------------------------
| time/                   |               |
|    fps                  | 1196          |
|    iterations           | 29            |
|    time_elapsed         | 99            |
|    total_timesteps      | 118784        |
| train/                  |               |
|    approx_kl            | 0.00082500896 |
|    clip_fraction        | 0.00745       |
|    clip_range           | 0.2           |
|    entropy_loss         | -0.287        |
|    explained_variance   | 0.937         |
|    learning_rate        | 0.0003        |
|    loss                 | 0.000411      |
|    n_updates            | 280           |
|    policy_gradient_loss | -0.00035      |
|    value_loss           | 7.87e-05      |
-------------------------------------------
  step  120000/500000 ( 24.0%)  mean_rew=-0.001
------------------------------------------
| time/                   |              |
|    fps                  | 1195         |
|    iterations           | 30           |
|    time_elapsed         | 102          |
|    total_timesteps      | 122880       |
| train/                  |              |
|    approx_kl            | 0.0025155493 |
|    clip_fraction        | 0.0196       |
|    clip_range           | 0.2          |
|    entropy_loss         | -0.28        |
|    explained_variance   | 0.886        |
|    learning_rate        | 0.0003       |
|    loss                 | -0.000852    |
|    n_updates            | 290          |
|    policy_gradient_loss | -0.000994    |
|    value_loss           | 0.000146     |
------------------------------------------
  step  125000/500000 ( 25.0%)  mean_rew=+0.000
------------------------------------------
| time/                   |              |
|    fps                  | 1196         |
|    iterations           | 31           |
|    time_elapsed         | 106          |
|    total_timesteps      | 126976       |
| train/                  |              |
|    approx_kl            | 0.0016460157 |
|    clip_fraction        | 0.0211       |
|    clip_range           | 0.2          |
|    entropy_loss         | -0.263       |
|    explained_variance   | 0.867        |
|    learning_rate        | 0.0003       |
|    loss                 | -0.00617     |
|    n_updates            | 300          |
|    policy_gradient_loss | -0.00162     |
|    value_loss           | 0.000175     |
------------------------------------------
  step  130000/500000 ( 26.0%)  mean_rew=-0.001
------------------------------------------
| time/                   |              |
|    fps                  | 1196         |
|    iterations           | 32           |
|    time_elapsed         | 109          |
|    total_timesteps      | 131072       |
| train/                  |              |
|    approx_kl            | 0.0010529507 |
|    clip_fraction        | 0.015        |
|    clip_range           | 0.2          |
|    entropy_loss         | -0.239       |
|    explained_variance   | 0.904        |
|    learning_rate        | 0.0003       |
|    loss                 | 0.00524      |
|    n_updates            | 310          |
|    policy_gradient_loss | -0.00104     |
|    value_loss           | 0.000104     |
------------------------------------------
  step  135000/500000 ( 27.0%)  mean_rew=-0.002
------------------------------------------
| time/                   |              |
|    fps                  | 1196         |
|    iterations           | 33           |
|    time_elapsed         | 112          |
|    total_timesteps      | 135168       |
| train/                  |              |
|    approx_kl            | 0.0018759972 |
|    clip_fraction        | 0.0229       |
|    clip_range           | 0.2          |
|    entropy_loss         | -0.225       |
|    explained_variance   | 0.925        |
|    learning_rate        | 0.0003       |
|    loss                 | -0.00492     |
|    n_updates            | 320          |
|    policy_gradient_loss | -0.00139     |
|    value_loss           | 8.56e-05     |
------------------------------------------
------------------------------------------
| time/                   |              |
|    fps                  | 1197         |
|    iterations           | 34           |
|    time_elapsed         | 116          |
|    total_timesteps      | 139264       |
| train/                  |              |
|    approx_kl            | 0.0018424434 |
|    clip_fraction        | 0.0232       |
|    clip_range           | 0.2          |
|    entropy_loss         | -0.217       |
|    explained_variance   | 0.88         |
|    learning_rate        | 0.0003       |
|    loss                 | 0.00157      |
|    n_updates            | 330          |
|    policy_gradient_loss | -0.00115     |
|    value_loss           | 0.000141     |
------------------------------------------
  step  140000/500000 ( 28.0%)  mean_rew=-0.003
-----------------------------------------
| time/                   |             |
|    fps                  | 1197        |
|    iterations           | 35          |
|    time_elapsed         | 119         |
|    total_timesteps      | 143360      |
| train/                  |             |
|    approx_kl            | 0.001264218 |
|    clip_fraction        | 0.015       |
|    clip_range           | 0.2         |
|    entropy_loss         | -0.199      |
|    explained_variance   | 0.906       |
|    learning_rate        | 0.0003      |
|    loss                 | -0.000875   |
|    n_updates            | 340         |
|    policy_gradient_loss | -0.000957   |
|    value_loss           | 8.79e-05    |
-----------------------------------------
  step  145000/500000 ( 29.0%)  mean_rew=-0.000
------------------------------------------
| time/                   |              |
|    fps                  | 1196         |
|    iterations           | 36           |
|    time_elapsed         | 123          |
|    total_timesteps      | 147456       |
| train/                  |              |
|    approx_kl            | 0.0021139423 |
|    clip_fraction        | 0.0275       |
|    clip_range           | 0.2          |
|    entropy_loss         | -0.19        |
|    explained_variance   | 0.93         |
|    learning_rate        | 0.0003       |
|    loss                 | -0.00493     |
|    n_updates            | 350          |
|    policy_gradient_loss | -0.00149     |
|    value_loss           | 7.4e-05      |
------------------------------------------
  step  150000/500000 ( 30.0%)  mean_rew=-0.001
-----------------------------------------
| time/                   |             |
|    fps                  | 1196        |
|    iterations           | 37          |
|    time_elapsed         | 126         |
|    total_timesteps      | 151552      |
| train/                  |             |
|    approx_kl            | 0.001679818 |
|    clip_fraction        | 0.019       |
|    clip_range           | 0.2         |
|    entropy_loss         | -0.174      |
|    explained_variance   | 0.889       |
|    learning_rate        | 0.0003      |
|    loss                 | -0.000882   |
|    n_updates            | 360         |
|    policy_gradient_loss | -0.00132    |
|    value_loss           | 0.000121    |
-----------------------------------------
  step  155000/500000 ( 31.0%)  mean_rew=+0.001
------------------------------------------
| time/                   |              |
|    fps                  | 1196         |
|    iterations           | 38           |
|    time_elapsed         | 130          |
|    total_timesteps      | 155648       |
| train/                  |              |
|    approx_kl            | 0.0017092058 |
|    clip_fraction        | 0.0155       |
|    clip_range           | 0.2          |
|    entropy_loss         | -0.172       |
|    explained_variance   | 0.886        |
|    learning_rate        | 0.0003       |
|    loss                 | 0.00217      |
|    n_updates            | 370          |
|    policy_gradient_loss | -0.00097     |
|    value_loss           | 0.000117     |
------------------------------------------
------------------------------------------
| time/                   |              |
|    fps                  | 1196         |
|    iterations           | 39           |
|    time_elapsed         | 133          |
|    total_timesteps      | 159744       |
| train/                  |              |
|    approx_kl            | 0.0016933423 |
|    clip_fraction        | 0.0206       |
|    clip_range           | 0.2          |
|    entropy_loss         | -0.176       |
|    explained_variance   | 0.873        |
|    learning_rate        | 0.0003       |
|    loss                 | -0.00311     |
|    n_updates            | 380          |
|    policy_gradient_loss | -0.000831    |
|    value_loss           | 0.000127     |
------------------------------------------
  step  160000/500000 ( 32.0%)  mean_rew=+0.000
------------------------------------------
| time/                   |              |
|    fps                  | 1196         |
|    iterations           | 40           |
|    time_elapsed         | 136          |
|    total_timesteps      | 163840       |
| train/                  |              |
|    approx_kl            | 0.0014725175 |
|    clip_fraction        | 0.0145       |
|    clip_range           | 0.2          |
|    entropy_loss         | -0.166       |
|    explained_variance   | 0.912        |
|    learning_rate        | 0.0003       |
|    loss                 | -0.00216     |
|    n_updates            | 390          |
|    policy_gradient_loss | -0.001       |
|    value_loss           | 9.3e-05      |
------------------------------------------
  step  165000/500000 ( 33.0%)  mean_rew=-0.001
-------------------------------------------
| time/                   |               |
|    fps                  | 1197          |
|    iterations           | 41            |
|    time_elapsed         | 140           |
|    total_timesteps      | 167936        |
| train/                  |               |
|    approx_kl            | 0.00094429386 |
|    clip_fraction        | 0.0071        |
|    clip_range           | 0.2           |
|    entropy_loss         | -0.159        |
|    explained_variance   | 0.877         |
|    learning_rate        | 0.0003        |
|    loss                 | 0.00306       |
|    n_updates            | 400           |
|    policy_gradient_loss | -0.000322     |
|    value_loss           | 0.00014       |
-------------------------------------------
  step  170000/500000 ( 34.0%)  mean_rew=-0.001
------------------------------------------
| time/                   |              |
|    fps                  | 1197         |
|    iterations           | 42           |
|    time_elapsed         | 143          |
|    total_timesteps      | 172032       |
| train/                  |              |
|    approx_kl            | 0.0031310872 |
|    clip_fraction        | 0.0109       |
|    clip_range           | 0.2          |
|    entropy_loss         | -0.168       |
|    explained_variance   | 0.903        |
|    learning_rate        | 0.0003       |
|    loss                 | -0.00516     |
|    n_updates            | 410          |
|    policy_gradient_loss | -0.00081     |
|    value_loss           | 8.5e-05      |
------------------------------------------
  step  175000/500000 ( 35.0%)  mean_rew=-0.001
------------------------------------------
| time/                   |              |
|    fps                  | 1196         |
|    iterations           | 43           |
|    time_elapsed         | 147          |
|    total_timesteps      | 176128       |
| train/                  |              |
|    approx_kl            | 0.0016471692 |
|    clip_fraction        | 0.0157       |
|    clip_range           | 0.2          |
|    entropy_loss         | -0.181       |
|    explained_variance   | 0.932        |
|    learning_rate        | 0.0003       |
|    loss                 | 0.00445      |
|    n_updates            | 420          |
|    policy_gradient_loss | -0.000721    |
|    value_loss           | 6.26e-05     |
------------------------------------------
  step  180000/500000 ( 36.0%)  mean_rew=-0.001
-----------------------------------------
| time/                   |             |
|    fps                  | 1197        |
|    iterations           | 44          |
|    time_elapsed         | 150         |
|    total_timesteps      | 180224      |
| train/                  |             |
|    approx_kl            | 0.001539361 |
|    clip_fraction        | 0.016       |
|    clip_range           | 0.2         |
|    entropy_loss         | -0.161      |
|    explained_variance   | 0.881       |
|    learning_rate        | 0.0003      |
|    loss                 | -0.00499    |
|    n_updates            | 430         |
|    policy_gradient_loss | -0.000704   |
|    value_loss           | 0.000124    |
-----------------------------------------
-----------------------------------------
| time/                   |             |
|    fps                  | 1197        |
|    iterations           | 45          |
|    time_elapsed         | 153         |
|    total_timesteps      | 184320      |
| train/                  |             |
|    approx_kl            | 0.009855202 |
|    clip_fraction        | 0.0224      |
|    clip_range           | 0.2         |
|    entropy_loss         | -0.184      |
|    explained_variance   | 0.892       |
|    learning_rate        | 0.0003      |
|    loss                 | 0.000953    |
|    n_updates            | 440         |
|    policy_gradient_loss | -0.00093    |
|    value_loss           | 0.000108    |
-----------------------------------------
  step  185000/500000 ( 37.0%)  mean_rew=-0.003
------------------------------------------
| time/                   |              |
|    fps                  | 1197         |
|    iterations           | 46           |
|    time_elapsed         | 157          |
|    total_timesteps      | 188416       |
| train/                  |              |
|    approx_kl            | 0.0017921668 |
|    clip_fraction        | 0.00977      |
|    clip_range           | 0.2          |
|    entropy_loss         | -0.183       |
|    explained_variance   | 0.864        |
|    learning_rate        | 0.0003       |
|    loss                 | -0.000336    |
|    n_updates            | 450          |
|    policy_gradient_loss | -0.000897    |
|    value_loss           | 0.000134     |
------------------------------------------
  step  190000/500000 ( 38.0%)  mean_rew=-0.001
----------------------------------------
| time/                   |            |
|    fps                  | 1196       |
|    iterations           | 47         |
|    time_elapsed         | 160        |
|    total_timesteps      | 192512     |
| train/                  |            |
|    approx_kl            | 0.04992032 |
|    clip_fraction        | 0.115      |
|    clip_range           | 0.2        |
|    entropy_loss         | -0.241     |
|    explained_variance   | 0.917      |
|    learning_rate        | 0.0003     |
|    loss                 | -0.031     |
|    n_updates            | 460        |
|    policy_gradient_loss | -0.00945   |
|    value_loss           | 7.84e-05   |
----------------------------------------
  step  195000/500000 ( 39.0%)  mean_rew=-0.067
-----------------------------------------
| time/                   |             |
|    fps                  | 1170        |
|    iterations           | 48          |
|    time_elapsed         | 167         |
|    total_timesteps      | 196608      |
| train/                  |             |
|    approx_kl            | 0.004115486 |
|    clip_fraction        | 0.0563      |
|    clip_range           | 0.2         |
|    entropy_loss         | -0.319      |
|    explained_variance   | 0.252       |
|    learning_rate        | 0.0003      |
|    loss                 | -0.0221     |
|    n_updates            | 470         |
|    policy_gradient_loss | -0.00119    |
|    value_loss           | 0.0189      |
-----------------------------------------
  step  200000/500000 ( 40.0%)  mean_rew=-0.001
-----------------------------------------
| time/                   |             |
|    fps                  | 1171        |
|    iterations           | 49          |
|    time_elapsed         | 171         |
|    total_timesteps      | 200704      |
| train/                  |             |
|    approx_kl            | 0.008314507 |
|    clip_fraction        | 0.0452      |
|    clip_range           | 0.2         |
|    entropy_loss         | -0.367      |
|    explained_variance   | 0.717       |
|    learning_rate        | 0.0003      |
|    loss                 | 0.00266     |
|    n_updates            | 480         |
|    policy_gradient_loss | 0.00136     |
|    value_loss           | 0.242       |
-----------------------------------------
-----------------------------------------
| time/                   |             |
|    fps                  | 1171        |
|    iterations           | 50          |
|    time_elapsed         | 174         |
|    total_timesteps      | 204800      |
| train/                  |             |
|    approx_kl            | 0.003024165 |
|    clip_fraction        | 0.0392      |
|    clip_range           | 0.2         |
|    entropy_loss         | -0.299      |
|    explained_variance   | 0.754       |
|    learning_rate        | 0.0003      |
|    loss                 | -0.00508    |
|    n_updates            | 490         |
|    policy_gradient_loss | -0.00204    |
|    value_loss           | 0.00181     |
-----------------------------------------
  step  205000/500000 ( 41.0%)  mean_rew=+0.000
------------------------------------------
| time/                   |              |
|    fps                  | 1172         |
|    iterations           | 51           |
|    time_elapsed         | 178          |
|    total_timesteps      | 208896       |
| train/                  |              |
|    approx_kl            | 0.0021515996 |
|    clip_fraction        | 0.0173       |
|    clip_range           | 0.2          |
|    entropy_loss         | -0.292       |
|    explained_variance   | 0.668        |
|    learning_rate        | 0.0003       |
|    loss                 | -4.8e-05     |
|    n_updates            | 500          |
|    policy_gradient_loss | -0.00038     |
|    value_loss           | 0.00202      |
------------------------------------------
  step  210000/500000 ( 42.0%)  mean_rew=-0.001
------------------------------------------
| time/                   |              |
|    fps                  | 1173         |
|    iterations           | 52           |
|    time_elapsed         | 181          |
|    total_timesteps      | 212992       |
| train/                  |              |
|    approx_kl            | 0.0018536577 |
|    clip_fraction        | 0.012        |
|    clip_range           | 0.2          |
|    entropy_loss         | -0.294       |
|    explained_variance   | 0.744        |
|    learning_rate        | 0.0003       |
|    loss                 | 6.4e-05      |
|    n_updates            | 510          |
|    policy_gradient_loss | 0.000105     |
|    value_loss           | 0.00112      |
------------------------------------------
  step  215000/500000 ( 43.0%)  mean_rew=+0.001
------------------------------------------
| time/                   |              |
|    fps                  | 1173         |
|    iterations           | 53           |
|    time_elapsed         | 185          |
|    total_timesteps      | 217088       |
| train/                  |              |
|    approx_kl            | 0.0016584992 |
|    clip_fraction        | 0.0245       |
|    clip_range           | 0.2          |
|    entropy_loss         | -0.29        |
|    explained_variance   | 0.734        |
|    learning_rate        | 0.0003       |
|    loss                 | 0.00128      |
|    n_updates            | 520          |
|    policy_gradient_loss | -0.00136     |
|    value_loss           | 0.000862     |
------------------------------------------
  step  220000/500000 ( 44.0%)  mean_rew=+0.000
------------------------------------------
| time/                   |              |
|    fps                  | 1173         |
|    iterations           | 54           |
|    time_elapsed         | 188          |
|    total_timesteps      | 221184       |
| train/                  |              |
|    approx_kl            | 0.0028113695 |
|    clip_fraction        | 0.0351       |
|    clip_range           | 0.2          |
|    entropy_loss         | -0.259       |
|    explained_variance   | 0.677        |
|    learning_rate        | 0.0003       |
|    loss                 | 0.000533     |
|    n_updates            | 530          |
|    policy_gradient_loss | -0.00245     |
|    value_loss           | 0.00106      |
------------------------------------------
  step  225000/500000 ( 45.0%)  mean_rew=+0.000
------------------------------------------
| time/                   |              |
|    fps                  | 1174         |
|    iterations           | 55           |
|    time_elapsed         | 191          |
|    total_timesteps      | 225280       |
| train/                  |              |
|    approx_kl            | 0.0017721163 |
|    clip_fraction        | 0.0249       |
|    clip_range           | 0.2          |
|    entropy_loss         | -0.26        |
|    explained_variance   | 0.677        |
|    learning_rate        | 0.0003       |
|    loss                 | 0.00071      |
|    n_updates            | 540          |
|    policy_gradient_loss | -0.00161     |
|    value_loss           | 0.000893     |
------------------------------------------
-----------------------------------------
| time/                   |             |
|    fps                  | 1175        |
|    iterations           | 56          |
|    time_elapsed         | 195         |
|    total_timesteps      | 229376      |
| train/                  |             |
|    approx_kl            | 0.001724435 |
|    clip_fraction        | 0.019       |
|    clip_range           | 0.2         |
|    entropy_loss         | -0.248      |
|    explained_variance   | 0.652       |
|    learning_rate        | 0.0003      |
|    loss                 | -0.000804   |
|    n_updates            | 550         |
|    policy_gradient_loss | -0.000974   |
|    value_loss           | 0.000627    |
-----------------------------------------
  step  230000/500000 ( 46.0%)  mean_rew=-0.002
------------------------------------------
| time/                   |              |
|    fps                  | 1175         |
|    iterations           | 57           |
|    time_elapsed         | 198          |
|    total_timesteps      | 233472       |
| train/                  |              |
|    approx_kl            | 0.0021105106 |
|    clip_fraction        | 0.0176       |
|    clip_range           | 0.2          |
|    entropy_loss         | -0.223       |
|    explained_variance   | 0.604        |
|    learning_rate        | 0.0003       |
|    loss                 | 0.0024       |
|    n_updates            | 560          |
|    policy_gradient_loss | -0.00117     |
|    value_loss           | 0.000914     |
------------------------------------------
  step  235000/500000 ( 47.0%)  mean_rew=+0.000
------------------------------------------
| time/                   |              |
|    fps                  | 1176         |
|    iterations           | 58           |
|    time_elapsed         | 202          |
|    total_timesteps      | 237568       |
| train/                  |              |
|    approx_kl            | 0.0016211299 |
|    clip_fraction        | 0.024        |
|    clip_range           | 0.2          |
|    entropy_loss         | -0.209       |
|    explained_variance   | 0.672        |
|    learning_rate        | 0.0003       |
|    loss                 | 0.0134       |
|    n_updates            | 570          |
|    policy_gradient_loss | -0.00107     |
|    value_loss           | 0.000657     |
------------------------------------------
  step  240000/500000 ( 48.0%)  mean_rew=+0.000
------------------------------------------
| time/                   |              |
|    fps                  | 1176         |
|    iterations           | 59           |
|    time_elapsed         | 205          |
|    total_timesteps      | 241664       |
| train/                  |              |
|    approx_kl            | 0.0011419232 |
|    clip_fraction        | 0.0161       |
|    clip_range           | 0.2          |
|    entropy_loss         | -0.201       |
|    explained_variance   | 0.686        |
|    learning_rate        | 0.0003       |
|    loss                 | 0.0033       |
|    n_updates            | 580          |
|    policy_gradient_loss | -0.000589    |
|    value_loss           | 0.000531     |
------------------------------------------
  step  245000/500000 ( 49.0%)  mean_rew=-0.001
------------------------------------------
| time/                   |              |
|    fps                  | 1176         |
|    iterations           | 60           |
|    time_elapsed         | 208          |
|    total_timesteps      | 245760       |
| train/                  |              |
|    approx_kl            | 0.0010898018 |
|    clip_fraction        | 0.0113       |
|    clip_range           | 0.2          |
|    entropy_loss         | -0.188       |
|    explained_variance   | 0.696        |
|    learning_rate        | 0.0003       |
|    loss                 | 0.0022       |
|    n_updates            | 590          |
|    policy_gradient_loss | -0.000432    |
|    value_loss           | 0.00047      |
------------------------------------------
------------------------------------------
| time/                   |              |
|    fps                  | 1176         |
|    iterations           | 61           |
|    time_elapsed         | 212          |
|    total_timesteps      | 249856       |
| train/                  |              |
|    approx_kl            | 0.0011460775 |
|    clip_fraction        | 0.018        |
|    clip_range           | 0.2          |
|    entropy_loss         | -0.174       |
|    explained_variance   | 0.7          |
|    learning_rate        | 0.0003       |
|    loss                 | -0.000663    |
|    n_updates            | 600          |
|    policy_gradient_loss | -0.00083     |
|    value_loss           | 0.000507     |
------------------------------------------
  step  250000/500000 ( 50.0%)  mean_rew=+0.001
------------------------------------------
| time/                   |              |
|    fps                  | 1177         |
|    iterations           | 62           |
|    time_elapsed         | 215          |
|    total_timesteps      | 253952       |
| train/                  |              |
|    approx_kl            | 0.0071225436 |
|    clip_fraction        | 0.0227       |
|    clip_range           | 0.2          |
|    entropy_loss         | -0.187       |
|    explained_variance   | 0.696        |
|    learning_rate        | 0.0003       |
|    loss                 | 0.00257      |
|    n_updates            | 610          |
|    policy_gradient_loss | -0.00125     |
|    value_loss           | 0.000451     |
------------------------------------------
  step  255000/500000 ( 51.0%)  mean_rew=-0.002
------------------------------------------
| time/                   |              |
|    fps                  | 1177         |
|    iterations           | 63           |
|    time_elapsed         | 219          |
|    total_timesteps      | 258048       |
| train/                  |              |
|    approx_kl            | 0.0012219108 |
|    clip_fraction        | 0.016        |
|    clip_range           | 0.2          |
|    entropy_loss         | -0.176       |
|    explained_variance   | 0.716        |
|    learning_rate        | 0.0003       |
|    loss                 | -0.00342     |
|    n_updates            | 620          |
|    policy_gradient_loss | -0.000777    |
|    value_loss           | 0.000286     |
------------------------------------------
  step  260000/500000 ( 52.0%)  mean_rew=+0.001
-----------------------------------------
| time/                   |             |
|    fps                  | 1177        |
|    iterations           | 64          |
|    time_elapsed         | 222         |
|    total_timesteps      | 262144      |
| train/                  |             |
|    approx_kl            | 0.000972686 |
|    clip_fraction        | 0.0128      |
|    clip_range           | 0.2         |
|    entropy_loss         | -0.174      |
|    explained_variance   | 0.721       |
|    learning_rate        | 0.0003      |
|    loss                 | -0.000634   |
|    n_updates            | 630         |
|    policy_gradient_loss | -0.000577   |
|    value_loss           | 0.000372    |
-----------------------------------------
  step  265000/500000 ( 53.0%)  mean_rew=+0.001
-------------------------------------------
| time/                   |               |
|    fps                  | 1178          |
|    iterations           | 65            |
|    time_elapsed         | 225           |
|    total_timesteps      | 266240        |
| train/                  |               |
|    approx_kl            | 0.00069361256 |
|    clip_fraction        | 0.00942       |
|    clip_range           | 0.2           |
|    entropy_loss         | -0.159        |
|    explained_variance   | 0.758         |
|    learning_rate        | 0.0003        |
|    loss                 | -0.000551     |
|    n_updates            | 640           |
|    policy_gradient_loss | -0.00047      |
|    value_loss           | 0.000304      |
-------------------------------------------
  step  270000/500000 ( 54.0%)  mean_rew=-0.000
------------------------------------------
| time/                   |              |
|    fps                  | 1178         |
|    iterations           | 66           |
|    time_elapsed         | 229          |
|    total_timesteps      | 270336       |
| train/                  |              |
|    approx_kl            | 0.0010030288 |
|    clip_fraction        | 0.00664      |
|    clip_range           | 0.2          |
|    entropy_loss         | -0.154       |
|    explained_variance   | 0.755        |
|    learning_rate        | 0.0003       |
|    loss                 | 0.00336      |
|    n_updates            | 650          |
|    policy_gradient_loss | -0.000162    |
|    value_loss           | 0.000248     |
------------------------------------------
------------------------------------------
| time/                   |              |
|    fps                  | 1178         |
|    iterations           | 67           |
|    time_elapsed         | 232          |
|    total_timesteps      | 274432       |
| train/                  |              |
|    approx_kl            | 0.0014767875 |
|    clip_fraction        | 0.0179       |
|    clip_range           | 0.2          |
|    entropy_loss         | -0.154       |
|    explained_variance   | 0.796        |
|    learning_rate        | 0.0003       |
|    loss                 | -0.00486     |
|    n_updates            | 660          |
|    policy_gradient_loss | -0.000804    |
|    value_loss           | 0.000225     |
------------------------------------------
  step  275000/500000 ( 55.0%)  mean_rew=-0.001
-----------------------------------------
| time/                   |             |
|    fps                  | 1178        |
|    iterations           | 68          |
|    time_elapsed         | 236         |
|    total_timesteps      | 278528      |
| train/                  |             |
|    approx_kl            | 0.001370006 |
|    clip_fraction        | 0.014       |
|    clip_range           | 0.2         |
|    entropy_loss         | -0.144      |
|    explained_variance   | 0.783       |
|    learning_rate        | 0.0003      |
|    loss                 | 0.000344    |
|    n_updates            | 670         |
|    policy_gradient_loss | -0.000516   |
|    value_loss           | 0.000247    |
-----------------------------------------
  step  280000/500000 ( 56.0%)  mean_rew=-0.002
------------------------------------------
| time/                   |              |
|    fps                  | 1179         |
|    iterations           | 69           |
|    time_elapsed         | 239          |
|    total_timesteps      | 282624       |
| train/                  |              |
|    approx_kl            | 0.0008339454 |
|    clip_fraction        | 0.0127       |
|    clip_range           | 0.2          |
|    entropy_loss         | -0.135       |
|    explained_variance   | 0.805        |
|    learning_rate        | 0.0003       |
|    loss                 | -0.00317     |
|    n_updates            | 680          |
|    policy_gradient_loss | -0.000319    |
|    value_loss           | 0.000218     |
------------------------------------------
  step  285000/500000 ( 57.0%)  mean_rew=-0.001
-------------------------------------------
| time/                   |               |
|    fps                  | 1179          |
|    iterations           | 70            |
|    time_elapsed         | 243           |
|    total_timesteps      | 286720        |
| train/                  |               |
|    approx_kl            | 0.00058464764 |
|    clip_fraction        | 0.00798       |
|    clip_range           | 0.2           |
|    entropy_loss         | -0.13         |
|    explained_variance   | 0.811         |
|    learning_rate        | 0.0003        |
|    loss                 | 0.00169       |
|    n_updates            | 690           |
|    policy_gradient_loss | -0.000246     |
|    value_loss           | 0.000165      |
-------------------------------------------
  step  290000/500000 ( 58.0%)  mean_rew=+0.002
------------------------------------------
| time/                   |              |
|    fps                  | 1179         |
|    iterations           | 71           |
|    time_elapsed         | 246          |
|    total_timesteps      | 290816       |
| train/                  |              |
|    approx_kl            | 0.0006530975 |
|    clip_fraction        | 0.00867      |
|    clip_range           | 0.2          |
|    entropy_loss         | -0.131       |
|    explained_variance   | 0.843        |
|    learning_rate        | 0.0003       |
|    loss                 | -0.00323     |
|    n_updates            | 700          |
|    policy_gradient_loss | -0.000312    |
|    value_loss           | 0.000151     |
------------------------------------------
------------------------------------------
| time/                   |              |
|    fps                  | 1180         |
|    iterations           | 72           |
|    time_elapsed         | 249          |
|    total_timesteps      | 294912       |
| train/                  |              |
|    approx_kl            | 0.0010134645 |
|    clip_fraction        | 0.0103       |
|    clip_range           | 0.2          |
|    entropy_loss         | -0.129       |
|    explained_variance   | 0.819        |
|    learning_rate        | 0.0003       |
|    loss                 | 0.00125      |
|    n_updates            | 710          |
|    policy_gradient_loss | -0.000761    |
|    value_loss           | 0.000184     |
------------------------------------------
  step  295000/500000 ( 59.0%)  mean_rew=-0.001
-------------------------------------------
| time/                   |               |
|    fps                  | 1180          |
|    iterations           | 73            |
|    time_elapsed         | 253           |
|    total_timesteps      | 299008        |
| train/                  |               |
|    approx_kl            | 0.00047905833 |
|    clip_fraction        | 0.00862       |
|    clip_range           | 0.2           |
|    entropy_loss         | -0.131        |
|    explained_variance   | 0.824         |
|    learning_rate        | 0.0003        |
|    loss                 | -0.0034       |
|    n_updates            | 720           |
|    policy_gradient_loss | -0.000179     |
|    value_loss           | 0.000134      |
-------------------------------------------
  step  300000/500000 ( 60.0%)  mean_rew=-0.000
-------------------------------------------
| time/                   |               |
|    fps                  | 1180          |
|    iterations           | 74            |
|    time_elapsed         | 256           |
|    total_timesteps      | 303104        |
| train/                  |               |
|    approx_kl            | 0.00056560984 |
|    clip_fraction        | 0.011         |
|    clip_range           | 0.2           |
|    entropy_loss         | -0.122        |
|    explained_variance   | 0.863         |
|    learning_rate        | 0.0003        |
|    loss                 | -0.00217      |
|    n_updates            | 730           |
|    policy_gradient_loss | -0.000846     |
|    value_loss           | 0.000121      |
-------------------------------------------
  step  305000/500000 ( 61.0%)  mean_rew=-0.001
-----------------------------------------
| time/                   |             |
|    fps                  | 1180        |
|    iterations           | 75          |
|    time_elapsed         | 260         |
|    total_timesteps      | 307200      |
| train/                  |             |
|    approx_kl            | 0.000798228 |
|    clip_fraction        | 0.0102      |
|    clip_range           | 0.2         |
|    entropy_loss         | -0.122      |
|    explained_variance   | 0.841       |
|    learning_rate        | 0.0003      |
|    loss                 | -0.000474   |
|    n_updates            | 740         |
|    policy_gradient_loss | -0.00025    |
|    value_loss           | 0.000149    |
-----------------------------------------
  step  310000/500000 ( 62.0%)  mean_rew=-0.001
-------------------------------------------
| time/                   |               |
|    fps                  | 1180          |
|    iterations           | 76            |
|    time_elapsed         | 263           |
|    total_timesteps      | 311296        |
| train/                  |               |
|    approx_kl            | 0.00062427926 |
|    clip_fraction        | 0.0103        |
|    clip_range           | 0.2           |
|    entropy_loss         | -0.13         |
|    explained_variance   | 0.846         |
|    learning_rate        | 0.0003        |
|    loss                 | -0.00279      |
|    n_updates            | 750           |
|    policy_gradient_loss | -0.000259     |
|    value_loss           | 0.000146      |
-------------------------------------------
  step  315000/500000 ( 63.0%)  mean_rew=-0.004
------------------------------------------
| time/                   |              |
|    fps                  | 1180         |
|    iterations           | 77           |
|    time_elapsed         | 267          |
|    total_timesteps      | 315392       |
| train/                  |              |
|    approx_kl            | 0.0025417653 |
|    clip_fraction        | 0.00837      |
|    clip_range           | 0.2          |
|    entropy_loss         | -0.143       |
|    explained_variance   | 0.873        |
|    learning_rate        | 0.0003       |
|    loss                 | -0.00234     |
|    n_updates            | 760          |
|    policy_gradient_loss | -0.000792    |
|    value_loss           | 0.000101     |
------------------------------------------
------------------------------------------
| time/                   |              |
|    fps                  | 1180         |
|    iterations           | 78           |
|    time_elapsed         | 270          |
|    total_timesteps      | 319488       |
| train/                  |              |
|    approx_kl            | 0.0012424876 |
|    clip_fraction        | 0.0105       |
|    clip_range           | 0.2          |
|    entropy_loss         | -0.157       |
|    explained_variance   | 0.907        |
|    learning_rate        | 0.0003       |
|    loss                 | -0.00362     |
|    n_updates            | 770          |
|    policy_gradient_loss | -0.000258    |
|    value_loss           | 8.59e-05     |
------------------------------------------
  step  320000/500000 ( 64.0%)  mean_rew=-0.001
------------------------------------------
| time/                   |              |
|    fps                  | 1181         |
|    iterations           | 79           |
|    time_elapsed         | 273          |
|    total_timesteps      | 323584       |
| train/                  |              |
|    approx_kl            | 0.0013431665 |
|    clip_fraction        | 0.0166       |
|    clip_range           | 0.2          |
|    entropy_loss         | -0.143       |
|    explained_variance   | 0.87         |
|    learning_rate        | 0.0003       |
|    loss                 | -0.000605    |
|    n_updates            | 780          |
|    policy_gradient_loss | -0.000935    |
|    value_loss           | 0.000131     |
------------------------------------------
  step  325000/500000 ( 65.0%)  mean_rew=+0.001
------------------------------------------
| time/                   |              |
|    fps                  | 1181         |
|    iterations           | 80           |
|    time_elapsed         | 277          |
|    total_timesteps      | 327680       |
| train/                  |              |
|    approx_kl            | 0.0011480838 |
|    clip_fraction        | 0.0139       |
|    clip_range           | 0.2          |
|    entropy_loss         | -0.142       |
|    explained_variance   | 0.892        |
|    learning_rate        | 0.0003       |
|    loss                 | -0.00104     |
|    n_updates            | 790          |
|    policy_gradient_loss | -0.00084     |
|    value_loss           | 8.65e-05     |
------------------------------------------
  step  330000/500000 ( 66.0%)  mean_rew=-0.001
------------------------------------------
| time/                   |              |
|    fps                  | 1181         |
|    iterations           | 81           |
|    time_elapsed         | 280          |
|    total_timesteps      | 331776       |
| train/                  |              |
|    approx_kl            | 0.0009361286 |
|    clip_fraction        | 0.00969      |
|    clip_range           | 0.2          |
|    entropy_loss         | -0.135       |
|    explained_variance   | 0.909        |
|    learning_rate        | 0.0003       |
|    loss                 | -0.00211     |
|    n_updates            | 800          |
|    policy_gradient_loss | -0.000507    |
|    value_loss           | 8.15e-05     |
------------------------------------------
  step  335000/500000 ( 67.0%)  mean_rew=+0.000
-------------------------------------------
| time/                   |               |
|    fps                  | 1181          |
|    iterations           | 82            |
|    time_elapsed         | 284           |
|    total_timesteps      | 335872        |
| train/                  |               |
|    approx_kl            | 0.00087406137 |
|    clip_fraction        | 0.0112        |
|    clip_range           | 0.2           |
|    entropy_loss         | -0.132        |
|    explained_variance   | 0.865         |
|    learning_rate        | 0.0003        |
|    loss                 | 4.21e-05      |
|    n_updates            | 810           |
|    policy_gradient_loss | -0.000262     |
|    value_loss           | 0.00013       |
-------------------------------------------
------------------------------------------
| time/                   |              |
|    fps                  | 1182         |
|    iterations           | 83           |
|    time_elapsed         | 287          |
|    total_timesteps      | 339968       |
| train/                  |              |
|    approx_kl            | 0.0006833975 |
|    clip_fraction        | 0.00576      |
|    clip_range           | 0.2          |
|    entropy_loss         | -0.122       |
|    explained_variance   | 0.877        |
|    learning_rate        | 0.0003       |
|    loss                 | 0.00408      |
|    n_updates            | 820          |
|    policy_gradient_loss | -0.000379    |
|    value_loss           | 0.000118     |
------------------------------------------
  step  340000/500000 ( 68.0%)  mean_rew=+0.000
-------------------------------------------
| time/                   |               |
|    fps                  | 1182          |
|    iterations           | 84            |
|    time_elapsed         | 290           |
|    total_timesteps      | 344064        |
| train/                  |               |
|    approx_kl            | 0.00062101503 |
|    clip_fraction        | 0.0137        |
|    clip_range           | 0.2           |
|    entropy_loss         | -0.121        |
|    explained_variance   | 0.893         |
|    learning_rate        | 0.0003        |
|    loss                 | -0.0015       |
|    n_updates            | 830           |
|    policy_gradient_loss | -0.000676     |
|    value_loss           | 9.38e-05      |
-------------------------------------------
  step  345000/500000 ( 69.0%)  mean_rew=+0.000
-------------------------------------------
| time/                   |               |
|    fps                  | 1183          |
|    iterations           | 85            |
|    time_elapsed         | 294           |
|    total_timesteps      | 348160        |
| train/                  |               |
|    approx_kl            | 0.00024371673 |
|    clip_fraction        | 0.0083        |
|    clip_range           | 0.2           |
|    entropy_loss         | -0.121        |
|    explained_variance   | 0.9           |
|    learning_rate        | 0.0003        |
|    loss                 | -0.00151      |
|    n_updates            | 840           |
|    policy_gradient_loss | -0.000447     |
|    value_loss           | 9.54e-05      |
-------------------------------------------
  step  350000/500000 ( 70.0%)  mean_rew=-0.000
-------------------------------------------
| time/                   |               |
|    fps                  | 1184          |
|    iterations           | 86            |
|    time_elapsed         | 297           |
|    total_timesteps      | 352256        |
| train/                  |               |
|    approx_kl            | 0.00054920604 |
|    clip_fraction        | 0.00593       |
|    clip_range           | 0.2           |
|    entropy_loss         | -0.125        |
|    explained_variance   | 0.892         |
|    learning_rate        | 0.0003        |
|    loss                 | 0.00154       |
|    n_updates            | 850           |
|    policy_gradient_loss | -6.62e-05     |
|    value_loss           | 0.000103      |
-------------------------------------------
  step  355000/500000 ( 71.0%)  mean_rew=+0.000
------------------------------------------
| time/                   |              |
|    fps                  | 1184         |
|    iterations           | 87           |
|    time_elapsed         | 300          |
|    total_timesteps      | 356352       |
| train/                  |              |
|    approx_kl            | 0.0011355885 |
|    clip_fraction        | 0.0156       |
|    clip_range           | 0.2          |
|    entropy_loss         | -0.109       |
|    explained_variance   | 0.904        |
|    learning_rate        | 0.0003       |
|    loss                 | -0.00254     |
|    n_updates            | 860          |
|    policy_gradient_loss | -0.0012      |
|    value_loss           | 7.56e-05     |
------------------------------------------
  step  360000/500000 ( 72.0%)  mean_rew=-0.001
-------------------------------------------
| time/                   |               |
|    fps                  | 1185          |
|    iterations           | 88            |
|    time_elapsed         | 304           |
|    total_timesteps      | 360448        |
| train/                  |               |
|    approx_kl            | 0.00062082696 |
|    clip_fraction        | 0.0119        |
|    clip_range           | 0.2           |
|    entropy_loss         | -0.111        |
|    explained_variance   | 0.905         |
|    learning_rate        | 0.0003        |
|    loss                 | 0.00871       |
|    n_updates            | 870           |
|    policy_gradient_loss | -0.000467     |
|    value_loss           | 8.68e-05      |
-------------------------------------------
-------------------------------------------
| time/                   |               |
|    fps                  | 1186          |
|    iterations           | 89            |
|    time_elapsed         | 307           |
|    total_timesteps      | 364544        |
| train/                  |               |
|    approx_kl            | 0.00044881087 |
|    clip_fraction        | 0.0104        |
|    clip_range           | 0.2           |
|    entropy_loss         | -0.107        |
|    explained_variance   | 0.858         |
|    learning_rate        | 0.0003        |
|    loss                 | -0.000337     |
|    n_updates            | 880           |
|    policy_gradient_loss | -0.000538     |
|    value_loss           | 0.000149      |
-------------------------------------------
  step  365000/500000 ( 73.0%)  mean_rew=-0.001
------------------------------------------
| time/                   |              |
|    fps                  | 1187         |
|    iterations           | 90           |
|    time_elapsed         | 310          |
|    total_timesteps      | 368640       |
| train/                  |              |
|    approx_kl            | 0.0005945497 |
|    clip_fraction        | 0.00408      |
|    clip_range           | 0.2          |
|    entropy_loss         | -0.102       |
|    explained_variance   | 0.888        |
|    learning_rate        | 0.0003       |
|    loss                 | 0.00197      |
|    n_updates            | 890          |
|    policy_gradient_loss | -8.08e-05    |
|    value_loss           | 0.000108     |
------------------------------------------
  step  370000/500000 ( 74.0%)  mean_rew=+0.000
------------------------------------------
| time/                   |              |
|    fps                  | 1188         |
|    iterations           | 91           |
|    time_elapsed         | 313          |
|    total_timesteps      | 372736       |
| train/                  |              |
|    approx_kl            | 0.0005310024 |
|    clip_fraction        | 0.01         |
|    clip_range           | 0.2          |
|    entropy_loss         | -0.0953      |
|    explained_variance   | 0.88         |
|    learning_rate        | 0.0003       |
|    loss                 | 0.00751      |
|    n_updates            | 900          |
|    policy_gradient_loss | -0.000548    |
|    value_loss           | 0.000111     |
------------------------------------------
  step  375000/500000 ( 75.0%)  mean_rew=-0.002
-----------------------------------------
| time/                   |             |
|    fps                  | 1189        |
|    iterations           | 92          |
|    time_elapsed         | 316         |
|    total_timesteps      | 376832      |
| train/                  |             |
|    approx_kl            | 0.000706909 |
|    clip_fraction        | 0.00422     |
|    clip_range           | 0.2         |
|    entropy_loss         | -0.0838     |
|    explained_variance   | 0.922       |
|    learning_rate        | 0.0003      |
|    loss                 | -4.24e-05   |
|    n_updates            | 910         |
|    policy_gradient_loss | -0.000352   |
|    value_loss           | 7.48e-05    |
-----------------------------------------
  step  380000/500000 ( 76.0%)  mean_rew=+0.000
------------------------------------------
| time/                   |              |
|    fps                  | 1190         |
|    iterations           | 93           |
|    time_elapsed         | 320          |
|    total_timesteps      | 380928       |
| train/                  |              |
|    approx_kl            | 0.0006338728 |
|    clip_fraction        | 0.0095       |
|    clip_range           | 0.2          |
|    entropy_loss         | -0.0748      |
|    explained_variance   | 0.881        |
|    learning_rate        | 0.0003       |
|    loss                 | -0.0048      |
|    n_updates            | 920          |
|    policy_gradient_loss | -0.000987    |
|    value_loss           | 0.000118     |
------------------------------------------
  step  385000/500000 ( 77.0%)  mean_rew=+0.000
-------------------------------------------
| time/                   |               |
|    fps                  | 1191          |
|    iterations           | 94            |
|    time_elapsed         | 323           |
|    total_timesteps      | 385024        |
| train/                  |               |
|    approx_kl            | 0.00060211594 |
|    clip_fraction        | 0.013         |
|    clip_range           | 0.2           |
|    entropy_loss         | -0.0759       |
|    explained_variance   | 0.904         |
|    learning_rate        | 0.0003        |
|    loss                 | -0.000355     |
|    n_updates            | 930           |
|    policy_gradient_loss | -0.000995     |
|    value_loss           | 7.59e-05      |
-------------------------------------------
------------------------------------------
| time/                   |              |
|    fps                  | 1191         |
|    iterations           | 95           |
|    time_elapsed         | 326          |
|    total_timesteps      | 389120       |
| train/                  |              |
|    approx_kl            | 0.0006238711 |
|    clip_fraction        | 0.00659      |
|    clip_range           | 0.2          |
|    entropy_loss         | -0.0784      |
|    explained_variance   | 0.908        |
|    learning_rate        | 0.0003       |
|    loss                 | 3.25e-05     |
|    n_updates            | 940          |
|    policy_gradient_loss | -0.000362    |
|    value_loss           | 8.32e-05     |
------------------------------------------
  step  390000/500000 ( 78.0%)  mean_rew=-0.002
-----------------------------------------
| time/                   |             |
|    fps                  | 1192        |
|    iterations           | 96          |
|    time_elapsed         | 329         |
|    total_timesteps      | 393216      |
| train/                  |             |
|    approx_kl            | 0.000653505 |
|    clip_fraction        | 0.00496     |
|    clip_range           | 0.2         |
|    entropy_loss         | -0.0712     |
|    explained_variance   | 0.877       |
|    learning_rate        | 0.0003      |
|    loss                 | -0.000403   |
|    n_updates            | 950         |
|    policy_gradient_loss | -0.000148   |
|    value_loss           | 0.00012     |
-----------------------------------------
  step  395000/500000 ( 79.0%)  mean_rew=-0.001
------------------------------------------
| time/                   |              |
|    fps                  | 1193         |
|    iterations           | 97           |
|    time_elapsed         | 332          |
|    total_timesteps      | 397312       |
| train/                  |              |
|    approx_kl            | 0.0004757261 |
|    clip_fraction        | 0.00483      |
|    clip_range           | 0.2          |
|    entropy_loss         | -0.0691      |
|    explained_variance   | 0.9          |
|    learning_rate        | 0.0003       |
|    loss                 | 0.000572     |
|    n_updates            | 960          |
|    policy_gradient_loss | -0.000202    |
|    value_loss           | 9.08e-05     |
------------------------------------------
  step  400000/500000 ( 80.0%)  mean_rew=+0.001
-------------------------------------------
| time/                   |               |
|    fps                  | 1194          |
|    iterations           | 98            |
|    time_elapsed         | 336           |
|    total_timesteps      | 401408        |
| train/                  |               |
|    approx_kl            | 0.00039337028 |
|    clip_fraction        | 0.00725       |
|    clip_range           | 0.2           |
|    entropy_loss         | -0.0716       |
|    explained_variance   | 0.933         |
|    learning_rate        | 0.0003        |
|    loss                 | -0.00199      |
|    n_updates            | 970           |
|    policy_gradient_loss | -0.000283     |
|    value_loss           | 6.09e-05      |
-------------------------------------------
  step  405000/500000 ( 81.0%)  mean_rew=-0.003
-------------------------------------------
| time/                   |               |
|    fps                  | 1194          |
|    iterations           | 99            |
|    time_elapsed         | 339           |
|    total_timesteps      | 405504        |
| train/                  |               |
|    approx_kl            | 0.00038395112 |
|    clip_fraction        | 0.00845       |
|    clip_range           | 0.2           |
|    entropy_loss         | -0.0754       |
|    explained_variance   | 0.896         |
|    learning_rate        | 0.0003        |
|    loss                 | 0.000208      |
|    n_updates            | 980           |
|    policy_gradient_loss | -0.000686     |
|    value_loss           | 0.000102      |
-------------------------------------------
-------------------------------------------
| time/                   |               |
|    fps                  | 1196          |
|    iterations           | 100           |
|    time_elapsed         | 342           |
|    total_timesteps      | 409600        |
| train/                  |               |
|    approx_kl            | 0.00061524747 |
|    clip_fraction        | 0.00796       |
|    clip_range           | 0.2           |
|    entropy_loss         | -0.0657       |
|    explained_variance   | 0.868         |
|    learning_rate        | 0.0003        |
|    loss                 | 0.00203       |
|    n_updates            | 990           |
|    policy_gradient_loss | -0.000752     |
|    value_loss           | 0.000137      |
-------------------------------------------
  step  410000/500000 ( 82.0%)  mean_rew=-0.001
-----------------------------------------
| time/                   |             |
|    fps                  | 1196        |
|    iterations           | 101         |
|    time_elapsed         | 345         |
|    total_timesteps      | 413696      |
| train/                  |             |
|    approx_kl            | 0.002464837 |
|    clip_fraction        | 0.00806     |
|    clip_range           | 0.2         |
|    entropy_loss         | -0.0752     |
|    explained_variance   | 0.906       |
|    learning_rate        | 0.0003      |
|    loss                 | -0.000529   |
|    n_updates            | 1000        |
|    policy_gradient_loss | -0.000459   |
|    value_loss           | 7.85e-05    |
-----------------------------------------
  step  415000/500000 ( 83.0%)  mean_rew=+0.000
------------------------------------------
| time/                   |              |
|    fps                  | 1197         |
|    iterations           | 102          |
|    time_elapsed         | 348          |
|    total_timesteps      | 417792       |
| train/                  |              |
|    approx_kl            | 0.0005745709 |
|    clip_fraction        | 0.00701      |
|    clip_range           | 0.2          |
|    entropy_loss         | -0.0972      |
|    explained_variance   | 0.924        |
|    learning_rate        | 0.0003       |
|    loss                 | 0.000255     |
|    n_updates            | 1010         |
|    policy_gradient_loss | -0.000206    |
|    value_loss           | 7.09e-05     |
------------------------------------------
  step  420000/500000 ( 84.0%)  mean_rew=-0.001
------------------------------------------
| time/                   |              |
|    fps                  | 1198         |
|    iterations           | 103          |
|    time_elapsed         | 352          |
|    total_timesteps      | 421888       |
| train/                  |              |
|    approx_kl            | 0.0004956819 |
|    clip_fraction        | 0.00408      |
|    clip_range           | 0.2          |
|    entropy_loss         | -0.0843      |
|    explained_variance   | 0.887        |
|    learning_rate        | 0.0003       |
|    loss                 | 0.000346     |
|    n_updates            | 1020         |
|    policy_gradient_loss | -1.15e-05    |
|    value_loss           | 0.000113     |
------------------------------------------
  step  425000/500000 ( 85.0%)  mean_rew=-0.000
-------------------------------------------
| time/                   |               |
|    fps                  | 1199          |
|    iterations           | 104           |
|    time_elapsed         | 355           |
|    total_timesteps      | 425984        |
| train/                  |               |
|    approx_kl            | 0.00044618873 |
|    clip_fraction        | 0.00452       |
|    clip_range           | 0.2           |
|    entropy_loss         | -0.0833       |
|    explained_variance   | 0.904         |
|    learning_rate        | 0.0003        |
|    loss                 | 0.00222       |
|    n_updates            | 1030          |
|    policy_gradient_loss | -5.15e-05     |
|    value_loss           | 8.48e-05      |
-------------------------------------------
  step  430000/500000 ( 86.0%)  mean_rew=+0.002
-------------------------------------------
| time/                   |               |
|    fps                  | 1199          |
|    iterations           | 105           |
|    time_elapsed         | 358           |
|    total_timesteps      | 430080        |
| train/                  |               |
|    approx_kl            | 0.00028446032 |
|    clip_fraction        | 0.00684       |
|    clip_range           | 0.2           |
|    entropy_loss         | -0.0839       |
|    explained_variance   | 0.925         |
|    learning_rate        | 0.0003        |
|    loss                 | -0.00154      |
|    n_updates            | 1040          |
|    policy_gradient_loss | -0.000639     |
|    value_loss           | 6.99e-05      |
-------------------------------------------
-------------------------------------------
| time/                   |               |
|    fps                  | 1200          |
|    iterations           | 106           |
|    time_elapsed         | 361           |
|    total_timesteps      | 434176        |
| train/                  |               |
|    approx_kl            | 0.00054294424 |
|    clip_fraction        | 0.00903       |
|    clip_range           | 0.2           |
|    entropy_loss         | -0.0855       |
|    explained_variance   | 0.879         |
|    learning_rate        | 0.0003        |
|    loss                 | -0.000585     |
|    n_updates            | 1050          |
|    policy_gradient_loss | -0.000227     |
|    value_loss           | 0.00012       |
-------------------------------------------
  step  435000/500000 ( 87.0%)  mean_rew=+0.001
-------------------------------------------
| time/                   |               |
|    fps                  | 1201          |
|    iterations           | 107           |
|    time_elapsed         | 364           |
|    total_timesteps      | 438272        |
| train/                  |               |
|    approx_kl            | 0.00040509604 |
|    clip_fraction        | 0.00364       |
|    clip_range           | 0.2           |
|    entropy_loss         | -0.0811       |
|    explained_variance   | 0.878         |
|    learning_rate        | 0.0003        |
|    loss                 | -0.000721     |
|    n_updates            | 1060          |
|    policy_gradient_loss | -0.00026      |
|    value_loss           | 0.000116      |
-------------------------------------------
  step  440000/500000 ( 88.0%)  mean_rew=+0.001
-------------------------------------------
| time/                   |               |
|    fps                  | 1201          |
|    iterations           | 108           |
|    time_elapsed         | 368           |
|    total_timesteps      | 442368        |
| train/                  |               |
|    approx_kl            | 0.00039064704 |
|    clip_fraction        | 0.00771       |
|    clip_range           | 0.2           |
|    entropy_loss         | -0.0762       |
|    explained_variance   | 0.905         |
|    learning_rate        | 0.0003        |
|    loss                 | 0.00353       |
|    n_updates            | 1070          |
|    policy_gradient_loss | -0.000334     |
|    value_loss           | 7.53e-05      |
-------------------------------------------
  step  445000/500000 ( 89.0%)  mean_rew=+0.001
-------------------------------------------
| time/                   |               |
|    fps                  | 1201          |
|    iterations           | 109           |
|    time_elapsed         | 371           |
|    total_timesteps      | 446464        |
| train/                  |               |
|    approx_kl            | 0.00049957976 |
|    clip_fraction        | 0.00505       |
|    clip_range           | 0.2           |
|    entropy_loss         | -0.0741       |
|    explained_variance   | 0.923         |
|    learning_rate        | 0.0003        |
|    loss                 | 0.00036       |
|    n_updates            | 1080          |
|    policy_gradient_loss | -0.000308     |
|    value_loss           | 6.8e-05       |
-------------------------------------------
  step  450000/500000 ( 90.0%)  mean_rew=+0.001
------------------------------------------
| time/                   |              |
|    fps                  | 1202         |
|    iterations           | 110          |
|    time_elapsed         | 374          |
|    total_timesteps      | 450560       |
| train/                  |              |
|    approx_kl            | 0.0003344334 |
|    clip_fraction        | 0.00674      |
|    clip_range           | 0.2          |
|    entropy_loss         | -0.0751      |
|    explained_variance   | 0.883        |
|    learning_rate        | 0.0003       |
|    loss                 | 0.000574     |
|    n_updates            | 1090         |
|    policy_gradient_loss | -0.000476    |
|    value_loss           | 0.000116     |
------------------------------------------
-------------------------------------------
| time/                   |               |
|    fps                  | 1203          |
|    iterations           | 111           |
|    time_elapsed         | 377           |
|    total_timesteps      | 454656        |
| train/                  |               |
|    approx_kl            | 0.00041176012 |
|    clip_fraction        | 0.00535       |
|    clip_range           | 0.2           |
|    entropy_loss         | -0.0749       |
|    explained_variance   | 0.903         |
|    learning_rate        | 0.0003        |
|    loss                 | 4.02e-05      |
|    n_updates            | 1100          |
|    policy_gradient_loss | -0.00015      |
|    value_loss           | 8.45e-05      |
-------------------------------------------
  step  455000/500000 ( 91.0%)  mean_rew=-0.001
------------------------------------------
| time/                   |              |
|    fps                  | 1203         |
|    iterations           | 112          |
|    time_elapsed         | 381          |
|    total_timesteps      | 458752       |
| train/                  |              |
|    approx_kl            | 0.0022524341 |
|    clip_fraction        | 0.00732      |
|    clip_range           | 0.2          |
|    entropy_loss         | -0.068       |
|    explained_variance   | 0.907        |
|    learning_rate        | 0.0003       |
|    loss                 | -0.000762    |
|    n_updates            | 1110         |
|    policy_gradient_loss | -0.000342    |
|    value_loss           | 8.86e-05     |
------------------------------------------
  step  460000/500000 ( 92.0%)  mean_rew=-0.002
-------------------------------------------
| time/                   |               |
|    fps                  | 1204          |
|    iterations           | 113           |
|    time_elapsed         | 384           |
|    total_timesteps      | 462848        |
| train/                  |               |
|    approx_kl            | 0.00036749127 |
|    clip_fraction        | 0.00354       |
|    clip_range           | 0.2           |
|    entropy_loss         | -0.0726       |
|    explained_variance   | 0.886         |
|    learning_rate        | 0.0003        |
|    loss                 | 0.00049       |
|    n_updates            | 1120          |
|    policy_gradient_loss | 1.35e-05      |
|    value_loss           | 0.000107      |
-------------------------------------------
  step  465000/500000 ( 93.0%)  mean_rew=-0.001
-------------------------------------------
| time/                   |               |
|    fps                  | 1205          |
|    iterations           | 114           |
|    time_elapsed         | 387           |
|    total_timesteps      | 466944        |
| train/                  |               |
|    approx_kl            | 0.00043642664 |
|    clip_fraction        | 0.00742       |
|    clip_range           | 0.2           |
|    entropy_loss         | -0.0756       |
|    explained_variance   | 0.874         |
|    learning_rate        | 0.0003        |
|    loss                 | -0.000711     |
|    n_updates            | 1130          |
|    policy_gradient_loss | -0.000323     |
|    value_loss           | 0.000128      |
-------------------------------------------
  step  470000/500000 ( 94.0%)  mean_rew=-0.000
------------------------------------------
| time/                   |              |
|    fps                  | 1205         |
|    iterations           | 115          |
|    time_elapsed         | 390          |
|    total_timesteps      | 471040       |
| train/                  |              |
|    approx_kl            | 0.0012671112 |
|    clip_fraction        | 0.00679      |
|    clip_range           | 0.2          |
|    entropy_loss         | -0.07        |
|    explained_variance   | 0.896        |
|    learning_rate        | 0.0003       |
|    loss                 | 0.00474      |
|    n_updates            | 1140         |
|    policy_gradient_loss | -0.000727    |
|    value_loss           | 8.62e-05     |
------------------------------------------
  step  475000/500000 ( 95.0%)  mean_rew=-0.001
------------------------------------------
| time/                   |              |
|    fps                  | 1206         |
|    iterations           | 116          |
|    time_elapsed         | 393          |
|    total_timesteps      | 475136       |
| train/                  |              |
|    approx_kl            | 0.0006137964 |
|    clip_fraction        | 0.012        |
|    clip_range           | 0.2          |
|    entropy_loss         | -0.0969      |
|    explained_variance   | 0.902        |
|    learning_rate        | 0.0003       |
|    loss                 | -0.0114      |
|    n_updates            | 1150         |
|    policy_gradient_loss | -0.000475    |
|    value_loss           | 9.43e-05     |
------------------------------------------
-----------------------------------------
| time/                   |             |
|    fps                  | 1206        |
|    iterations           | 117         |
|    time_elapsed         | 397         |
|    total_timesteps      | 479232      |
| train/                  |             |
|    approx_kl            | 0.015940744 |
|    clip_fraction        | 0.0193      |
|    clip_range           | 0.2         |
|    entropy_loss         | -0.0698     |
|    explained_variance   | 0.875       |
|    learning_rate        | 0.0003      |
|    loss                 | 3.52e-05    |
|    n_updates            | 1160        |
|    policy_gradient_loss | -0.0012     |
|    value_loss           | 0.000135    |
-----------------------------------------
  step  480000/500000 ( 96.0%)  mean_rew=-0.001
-------------------------------------------
| time/                   |               |
|    fps                  | 1205          |
|    iterations           | 118           |
|    time_elapsed         | 400           |
|    total_timesteps      | 483328        |
| train/                  |               |
|    approx_kl            | 0.00093569147 |
|    clip_fraction        | 0.00652       |
|    clip_range           | 0.2           |
|    entropy_loss         | -0.0719       |
|    explained_variance   | 0.904         |
|    learning_rate        | 0.0003        |
|    loss                 | -0.00141      |
|    n_updates            | 1170          |
|    policy_gradient_loss | -0.000266     |
|    value_loss           | 8.38e-05      |
-------------------------------------------
  step  485000/500000 ( 97.0%)  mean_rew=-0.000
-------------------------------------------
| time/                   |               |
|    fps                  | 1205          |
|    iterations           | 119           |
|    time_elapsed         | 404           |
|    total_timesteps      | 487424        |
| train/                  |               |
|    approx_kl            | 0.00048017426 |
|    clip_fraction        | 0.00645       |
|    clip_range           | 0.2           |
|    entropy_loss         | -0.0655       |
|    explained_variance   | 0.923         |
|    learning_rate        | 0.0003        |
|    loss                 | 0.000405      |
|    n_updates            | 1180          |
|    policy_gradient_loss | -0.000118     |
|    value_loss           | 7.2e-05       |
-------------------------------------------
  step  490000/500000 ( 98.0%)  mean_rew=+0.001
-------------------------------------------
| time/                   |               |
|    fps                  | 1205          |
|    iterations           | 120           |
|    time_elapsed         | 407           |
|    total_timesteps      | 491520        |
| train/                  |               |
|    approx_kl            | 0.00023605804 |
|    clip_fraction        | 0.00374       |
|    clip_range           | 0.2           |
|    entropy_loss         | -0.0645       |
|    explained_variance   | 0.877         |
|    learning_rate        | 0.0003        |
|    loss                 | 0.000658      |
|    n_updates            | 1190          |
|    policy_gradient_loss | -0.000178     |
|    value_loss           | 0.000123      |
-------------------------------------------
  step  495000/500000 ( 99.0%)  mean_rew=-0.001
------------------------------------------
| time/                   |              |
|    fps                  | 1206         |
|    iterations           | 121          |
|    time_elapsed         | 410          |
|    total_timesteps      | 495616       |
| train/                  |              |
|    approx_kl            | 0.0002983004 |
|    clip_fraction        | 0.0062       |
|    clip_range           | 0.2          |
|    entropy_loss         | -0.0715      |
|    explained_variance   | 0.874        |
|    learning_rate        | 0.0003       |
|    loss                 | -0.00121     |
|    n_updates            | 1200         |
|    policy_gradient_loss | -0.000177    |
|    value_loss           | 0.000132     |
------------------------------------------
------------------------------------------
| time/                   |              |
|    fps                  | 1206         |
|    iterations           | 122          |
|    time_elapsed         | 414          |
|    total_timesteps      | 499712       |
| train/                  |              |
|    approx_kl            | 0.0005241146 |
|    clip_fraction        | 0.00667      |
|    clip_range           | 0.2          |
|    entropy_loss         | -0.0712      |
|    explained_variance   | 0.891        |
|    learning_rate        | 0.0003       |
|    loss                 | 0.000677     |
|    n_updates            | 1210         |
|    policy_gradient_loss | -0.00046     |
|    value_loss           | 9.69e-05     |
------------------------------------------
  step  500000/500000 (100.0%)  mean_rew=+0.000
-------------------------------------------
| time/                   |               |
|    fps                  | 1196          |
|    iterations           | 123           |
|    time_elapsed         | 420           |
|    total_timesteps      | 503808        |
| train/                  |               |
|    approx_kl            | 0.00034726132 |
|    clip_fraction        | 0.00305       |
|    clip_range           | 0.2           |
|    entropy_loss         | -0.0611       |
|    explained_variance   | 0.922         |
|    learning_rate        | 0.0003        |
|    loss                 | 0.00066       |
|    n_updates            | 1220          |
|    policy_gradient_loss | -0.000221     |
|    value_loss           | 7.45e-05      |
-------------------------------------------
[cologne8-PPO] Done. Saved -> /workspace/rl-traffic/exp_cologne8_real/ppo_queue_s999
