Using libsumo as traci as requested by environment variable.
[cologne8-PPO] 8 agents | reward=queue | seed=2025
  obs=(7,) | act=Discrete(4)
Using cpu device
-----------------------------
| time/              |      |
|    fps             | 1590 |
|    iterations      | 1    |
|    time_elapsed    | 2    |
|    total_timesteps | 4096 |
-----------------------------
  step    5000/500000 (  1.0%)  mean_rew=-0.003
-----------------------------------------
| time/                   |             |
|    fps                  | 1338        |
|    iterations           | 2           |
|    time_elapsed         | 6           |
|    total_timesteps      | 8192        |
| train/                  |             |
|    approx_kl            | 0.004185486 |
|    clip_fraction        | 0           |
|    clip_range           | 0.2         |
|    entropy_loss         | -1.39       |
|    explained_variance   | 0.233       |
|    learning_rate        | 0.0003      |
|    loss                 | 0.00278     |
|    n_updates            | 10          |
|    policy_gradient_loss | -0.000691   |
|    value_loss           | 0.0106      |
-----------------------------------------
  step   10000/500000 (  2.0%)  mean_rew=+0.001
-----------------------------------------
| time/                   |             |
|    fps                  | 1299        |
|    iterations           | 3           |
|    time_elapsed         | 9           |
|    total_timesteps      | 12288       |
| train/                  |             |
|    approx_kl            | 0.016036164 |
|    clip_fraction        | 0.0731      |
|    clip_range           | 0.2         |
|    entropy_loss         | -1.37       |
|    explained_variance   | 0.724       |
|    learning_rate        | 0.0003      |
|    loss                 | -0.0226     |
|    n_updates            | 20          |
|    policy_gradient_loss | -0.00756    |
|    value_loss           | 0.00814     |
-----------------------------------------
  step   15000/500000 (  3.0%)  mean_rew=+0.000
-----------------------------------------
| time/                   |             |
|    fps                  | 1270        |
|    iterations           | 4           |
|    time_elapsed         | 12          |
|    total_timesteps      | 16384       |
| train/                  |             |
|    approx_kl            | 0.010842193 |
|    clip_fraction        | 0.0295      |
|    clip_range           | 0.2         |
|    entropy_loss         | -1.34       |
|    explained_variance   | 0.811       |
|    learning_rate        | 0.0003      |
|    loss                 | -0.0104     |
|    n_updates            | 30          |
|    policy_gradient_loss | -0.00224    |
|    value_loss           | 0.00362     |
-----------------------------------------
  step   20000/500000 (  4.0%)  mean_rew=-0.003
-----------------------------------------
| time/                   |             |
|    fps                  | 1242        |
|    iterations           | 5           |
|    time_elapsed         | 16          |
|    total_timesteps      | 20480       |
| train/                  |             |
|    approx_kl            | 0.010176261 |
|    clip_fraction        | 0.0871      |
|    clip_range           | 0.2         |
|    entropy_loss         | -1.3        |
|    explained_variance   | 0.859       |
|    learning_rate        | 0.0003      |
|    loss                 | 0.00363     |
|    n_updates            | 40          |
|    policy_gradient_loss | -0.0101     |
|    value_loss           | 0.003       |
-----------------------------------------
----------------------------------------
| time/                   |            |
|    fps                  | 1240       |
|    iterations           | 6          |
|    time_elapsed         | 19         |
|    total_timesteps      | 24576      |
| train/                  |            |
|    approx_kl            | 0.00787767 |
|    clip_fraction        | 0.0464     |
|    clip_range           | 0.2        |
|    entropy_loss         | -1.26      |
|    explained_variance   | 0.848      |
|    learning_rate        | 0.0003     |
|    loss                 | -0.00921   |
|    n_updates            | 50         |
|    policy_gradient_loss | -0.0049    |
|    value_loss           | 0.00315    |
----------------------------------------
  step   25000/500000 (  5.0%)  mean_rew=-0.001
-----------------------------------------
| time/                   |             |
|    fps                  | 1239        |
|    iterations           | 7           |
|    time_elapsed         | 23          |
|    total_timesteps      | 28672       |
| train/                  |             |
|    approx_kl            | 0.010496441 |
|    clip_fraction        | 0.121       |
|    clip_range           | 0.2         |
|    entropy_loss         | -1.21       |
|    explained_variance   | 0.855       |
|    learning_rate        | 0.0003      |
|    loss                 | -0.0123     |
|    n_updates            | 60          |
|    policy_gradient_loss | -0.00741    |
|    value_loss           | 0.00256     |
-----------------------------------------
  step   30000/500000 (  6.0%)  mean_rew=+0.001
-----------------------------------------
| time/                   |             |
|    fps                  | 1233        |
|    iterations           | 8           |
|    time_elapsed         | 26          |
|    total_timesteps      | 32768       |
| train/                  |             |
|    approx_kl            | 0.013108954 |
|    clip_fraction        | 0.151       |
|    clip_range           | 0.2         |
|    entropy_loss         | -1.15       |
|    explained_variance   | 0.93        |
|    learning_rate        | 0.0003      |
|    loss                 | -0.0322     |
|    n_updates            | 70          |
|    policy_gradient_loss | -0.0113     |
|    value_loss           | 0.00104     |
-----------------------------------------
  step   35000/500000 (  7.0%)  mean_rew=+0.002
-----------------------------------------
| time/                   |             |
|    fps                  | 1231        |
|    iterations           | 9           |
|    time_elapsed         | 29          |
|    total_timesteps      | 36864       |
| train/                  |             |
|    approx_kl            | 0.008634798 |
|    clip_fraction        | 0.0864      |
|    clip_range           | 0.2         |
|    entropy_loss         | -1.07       |
|    explained_variance   | 0.894       |
|    learning_rate        | 0.0003      |
|    loss                 | -0.00886    |
|    n_updates            | 80          |
|    policy_gradient_loss | -0.00582    |
|    value_loss           | 0.00151     |
-----------------------------------------
  step   40000/500000 (  8.0%)  mean_rew=-0.002
----------------------------------------
| time/                   |            |
|    fps                  | 1235       |
|    iterations           | 10         |
|    time_elapsed         | 33         |
|    total_timesteps      | 40960      |
| train/                  |            |
|    approx_kl            | 0.01147717 |
|    clip_fraction        | 0.0868     |
|    clip_range           | 0.2        |
|    entropy_loss         | -0.991     |
|    explained_variance   | 0.889      |
|    learning_rate        | 0.0003     |
|    loss                 | -0.0189    |
|    n_updates            | 90         |
|    policy_gradient_loss | -0.0066    |
|    value_loss           | 0.00136    |
----------------------------------------
  step   45000/500000 (  9.0%)  mean_rew=-0.000
------------------------------------------
| time/                   |              |
|    fps                  | 1233         |
|    iterations           | 11           |
|    time_elapsed         | 36           |
|    total_timesteps      | 45056        |
| train/                  |              |
|    approx_kl            | 0.0057958877 |
|    clip_fraction        | 0.0322       |
|    clip_range           | 0.2          |
|    entropy_loss         | -0.953       |
|    explained_variance   | 0.906        |
|    learning_rate        | 0.0003       |
|    loss                 | 0.0119       |
|    n_updates            | 100          |
|    policy_gradient_loss | -0.00226     |
|    value_loss           | 0.000633     |
------------------------------------------
------------------------------------------
| time/                   |              |
|    fps                  | 1230         |
|    iterations           | 12           |
|    time_elapsed         | 39           |
|    total_timesteps      | 49152        |
| train/                  |              |
|    approx_kl            | 0.0065980693 |
|    clip_fraction        | 0.0669       |
|    clip_range           | 0.2          |
|    entropy_loss         | -0.885       |
|    explained_variance   | 0.948        |
|    learning_rate        | 0.0003       |
|    loss                 | -0.0196      |
|    n_updates            | 110          |
|    policy_gradient_loss | -0.00509     |
|    value_loss           | 0.000364     |
------------------------------------------
  step   50000/500000 ( 10.0%)  mean_rew=-0.002
-----------------------------------------
| time/                   |             |
|    fps                  | 1232        |
|    iterations           | 13          |
|    time_elapsed         | 43          |
|    total_timesteps      | 53248       |
| train/                  |             |
|    approx_kl            | 0.005455166 |
|    clip_fraction        | 0.0406      |
|    clip_range           | 0.2         |
|    entropy_loss         | -0.843      |
|    explained_variance   | 0.894       |
|    learning_rate        | 0.0003      |
|    loss                 | -0.00674    |
|    n_updates            | 120         |
|    policy_gradient_loss | -0.0028     |
|    value_loss           | 0.000703    |
-----------------------------------------
  step   55000/500000 ( 11.0%)  mean_rew=-0.002
------------------------------------------
| time/                   |              |
|    fps                  | 1232         |
|    iterations           | 14           |
|    time_elapsed         | 46           |
|    total_timesteps      | 57344        |
| train/                  |              |
|    approx_kl            | 0.0069209794 |
|    clip_fraction        | 0.0637       |
|    clip_range           | 0.2          |
|    entropy_loss         | -0.773       |
|    explained_variance   | 0.904        |
|    learning_rate        | 0.0003       |
|    loss                 | -0.00856     |
|    n_updates            | 130          |
|    policy_gradient_loss | -0.00458     |
|    value_loss           | 0.000511     |
------------------------------------------
  step   60000/500000 ( 12.0%)  mean_rew=+0.001
-----------------------------------------
| time/                   |             |
|    fps                  | 1229        |
|    iterations           | 15          |
|    time_elapsed         | 49          |
|    total_timesteps      | 61440       |
| train/                  |             |
|    approx_kl            | 0.006044413 |
|    clip_fraction        | 0.0695      |
|    clip_range           | 0.2         |
|    entropy_loss         | -0.698      |
|    explained_variance   | 0.947       |
|    learning_rate        | 0.0003      |
|    loss                 | 0.00813     |
|    n_updates            | 140         |
|    policy_gradient_loss | -0.00481    |
|    value_loss           | 0.000242    |
-----------------------------------------
  step   65000/500000 ( 13.0%)  mean_rew=-0.002
------------------------------------------
| time/                   |              |
|    fps                  | 1229         |
|    iterations           | 16           |
|    time_elapsed         | 53           |
|    total_timesteps      | 65536        |
| train/                  |              |
|    approx_kl            | 0.0058127427 |
|    clip_fraction        | 0.0592       |
|    clip_range           | 0.2          |
|    entropy_loss         | -0.62        |
|    explained_variance   | 0.876        |
|    learning_rate        | 0.0003       |
|    loss                 | -0.00266     |
|    n_updates            | 150          |
|    policy_gradient_loss | -0.00496     |
|    value_loss           | 0.000562     |
------------------------------------------
------------------------------------------
| time/                   |              |
|    fps                  | 1230         |
|    iterations           | 17           |
|    time_elapsed         | 56           |
|    total_timesteps      | 69632        |
| train/                  |              |
|    approx_kl            | 0.0021952596 |
|    clip_fraction        | 0.0269       |
|    clip_range           | 0.2          |
|    entropy_loss         | -0.575       |
|    explained_variance   | 0.891        |
|    learning_rate        | 0.0003       |
|    loss                 | -0.00258     |
|    n_updates            | 160          |
|    policy_gradient_loss | -0.00163     |
|    value_loss           | 0.000416     |
------------------------------------------
  step   70000/500000 ( 14.0%)  mean_rew=-0.001
------------------------------------------
| time/                   |              |
|    fps                  | 1229         |
|    iterations           | 18           |
|    time_elapsed         | 59           |
|    total_timesteps      | 73728        |
| train/                  |              |
|    approx_kl            | 0.0026829145 |
|    clip_fraction        | 0.0373       |
|    clip_range           | 0.2          |
|    entropy_loss         | -0.58        |
|    explained_variance   | 0.911        |
|    learning_rate        | 0.0003       |
|    loss                 | -0.0117      |
|    n_updates            | 170          |
|    policy_gradient_loss | -0.00211     |
|    value_loss           | 0.000232     |
------------------------------------------
  step   75000/500000 ( 15.0%)  mean_rew=-0.002
------------------------------------------
| time/                   |              |
|    fps                  | 1229         |
|    iterations           | 19           |
|    time_elapsed         | 63           |
|    total_timesteps      | 77824        |
| train/                  |              |
|    approx_kl            | 0.0033692755 |
|    clip_fraction        | 0.0317       |
|    clip_range           | 0.2          |
|    entropy_loss         | -0.552       |
|    explained_variance   | 0.949        |
|    learning_rate        | 0.0003       |
|    loss                 | -0.00177     |
|    n_updates            | 180          |
|    policy_gradient_loss | -0.00165     |
|    value_loss           | 0.000144     |
------------------------------------------
  step   80000/500000 ( 16.0%)  mean_rew=-0.002
------------------------------------------
| time/                   |              |
|    fps                  | 1230         |
|    iterations           | 20           |
|    time_elapsed         | 66           |
|    total_timesteps      | 81920        |
| train/                  |              |
|    approx_kl            | 0.0034468193 |
|    clip_fraction        | 0.0331       |
|    clip_range           | 0.2          |
|    entropy_loss         | -0.521       |
|    explained_variance   | 0.904        |
|    learning_rate        | 0.0003       |
|    loss                 | -0.00125     |
|    n_updates            | 190          |
|    policy_gradient_loss | -0.00183     |
|    value_loss           | 0.00025      |
------------------------------------------
  step   85000/500000 ( 17.0%)  mean_rew=-0.000
-----------------------------------------
| time/                   |             |
|    fps                  | 1229        |
|    iterations           | 21          |
|    time_elapsed         | 69          |
|    total_timesteps      | 86016       |
| train/                  |             |
|    approx_kl            | 0.004145682 |
|    clip_fraction        | 0.0678      |
|    clip_range           | 0.2         |
|    entropy_loss         | -0.477      |
|    explained_variance   | 0.899       |
|    learning_rate        | 0.0003      |
|    loss                 | 0.00331     |
|    n_updates            | 200         |
|    policy_gradient_loss | -0.0048     |
|    value_loss           | 0.000205    |
-----------------------------------------
  step   90000/500000 ( 18.0%)  mean_rew=+0.000
------------------------------------------
| time/                   |              |
|    fps                  | 1227         |
|    iterations           | 22           |
|    time_elapsed         | 73           |
|    total_timesteps      | 90112        |
| train/                  |              |
|    approx_kl            | 0.0030317162 |
|    clip_fraction        | 0.0333       |
|    clip_range           | 0.2          |
|    entropy_loss         | -0.451       |
|    explained_variance   | 0.94         |
|    learning_rate        | 0.0003       |
|    loss                 | -0.00149     |
|    n_updates            | 210          |
|    policy_gradient_loss | -0.00164     |
|    value_loss           | 0.000123     |
------------------------------------------
------------------------------------------
| time/                   |              |
|    fps                  | 1226         |
|    iterations           | 23           |
|    time_elapsed         | 76           |
|    total_timesteps      | 94208        |
| train/                  |              |
|    approx_kl            | 0.0027019465 |
|    clip_fraction        | 0.027        |
|    clip_range           | 0.2          |
|    entropy_loss         | -0.421       |
|    explained_variance   | 0.871        |
|    learning_rate        | 0.0003       |
|    loss                 | -0.0131      |
|    n_updates            | 220          |
|    policy_gradient_loss | -0.00184     |
|    value_loss           | 0.000275     |
------------------------------------------
  step   95000/500000 ( 19.0%)  mean_rew=+0.000
------------------------------------------
| time/                   |              |
|    fps                  | 1228         |
|    iterations           | 24           |
|    time_elapsed         | 80           |
|    total_timesteps      | 98304        |
| train/                  |              |
|    approx_kl            | 0.0026637248 |
|    clip_fraction        | 0.0238       |
|    clip_range           | 0.2          |
|    entropy_loss         | -0.393       |
|    explained_variance   | 0.891        |
|    learning_rate        | 0.0003       |
|    loss                 | 0.00102      |
|    n_updates            | 230          |
|    policy_gradient_loss | -0.00111     |
|    value_loss           | 0.000203     |
------------------------------------------
  step  100000/500000 ( 20.0%)  mean_rew=+0.001
------------------------------------------
| time/                   |              |
|    fps                  | 1227         |
|    iterations           | 25           |
|    time_elapsed         | 83           |
|    total_timesteps      | 102400       |
| train/                  |              |
|    approx_kl            | 0.0028827873 |
|    clip_fraction        | 0.041        |
|    clip_range           | 0.2          |
|    entropy_loss         | -0.414       |
|    explained_variance   | 0.904        |
|    learning_rate        | 0.0003       |
|    loss                 | -0.00773     |
|    n_updates            | 240          |
|    policy_gradient_loss | -0.00244     |
|    value_loss           | 0.000135     |
------------------------------------------
  step  105000/500000 ( 21.0%)  mean_rew=-0.001
------------------------------------------
| time/                   |              |
|    fps                  | 1227         |
|    iterations           | 26           |
|    time_elapsed         | 86           |
|    total_timesteps      | 106496       |
| train/                  |              |
|    approx_kl            | 0.0035045044 |
|    clip_fraction        | 0.0347       |
|    clip_range           | 0.2          |
|    entropy_loss         | -0.398       |
|    explained_variance   | 0.935        |
|    learning_rate        | 0.0003       |
|    loss                 | -0.00459     |
|    n_updates            | 250          |
|    policy_gradient_loss | -0.00222     |
|    value_loss           | 0.000106     |
------------------------------------------
  step  110000/500000 ( 22.0%)  mean_rew=+0.001
-----------------------------------------
| time/                   |             |
|    fps                  | 1227        |
|    iterations           | 27          |
|    time_elapsed         | 90          |
|    total_timesteps      | 110592      |
| train/                  |             |
|    approx_kl            | 0.003613914 |
|    clip_fraction        | 0.0315      |
|    clip_range           | 0.2         |
|    entropy_loss         | -0.358      |
|    explained_variance   | 0.891       |
|    learning_rate        | 0.0003      |
|    loss                 | -0.00426    |
|    n_updates            | 260         |
|    policy_gradient_loss | -0.00141    |
|    value_loss           | 0.000187    |
-----------------------------------------
------------------------------------------
| time/                   |              |
|    fps                  | 1227         |
|    iterations           | 28           |
|    time_elapsed         | 93           |
|    total_timesteps      | 114688       |
| train/                  |              |
|    approx_kl            | 0.0023722327 |
|    clip_fraction        | 0.0194       |
|    clip_range           | 0.2          |
|    entropy_loss         | -0.327       |
|    explained_variance   | 0.909        |
|    learning_rate        | 0.0003       |
|    loss                 | -0.00898     |
|    n_updates            | 270          |
|    policy_gradient_loss | -0.00196     |
|    value_loss           | 0.000116     |
------------------------------------------
  step  115000/500000 ( 23.0%)  mean_rew=-0.001
------------------------------------------
| time/                   |              |
|    fps                  | 1226         |
|    iterations           | 29           |
|    time_elapsed         | 96           |
|    total_timesteps      | 118784       |
| train/                  |              |
|    approx_kl            | 0.0019648382 |
|    clip_fraction        | 0.0199       |
|    clip_range           | 0.2          |
|    entropy_loss         | -0.287       |
|    explained_variance   | 0.931        |
|    learning_rate        | 0.0003       |
|    loss                 | 0.00043      |
|    n_updates            | 280          |
|    policy_gradient_loss | -0.00163     |
|    value_loss           | 9.74e-05     |
------------------------------------------
  step  120000/500000 ( 24.0%)  mean_rew=-0.001
------------------------------------------
| time/                   |              |
|    fps                  | 1226         |
|    iterations           | 30           |
|    time_elapsed         | 100          |
|    total_timesteps      | 122880       |
| train/                  |              |
|    approx_kl            | 0.0013280866 |
|    clip_fraction        | 0.0165       |
|    clip_range           | 0.2          |
|    entropy_loss         | -0.275       |
|    explained_variance   | 0.871        |
|    learning_rate        | 0.0003       |
|    loss                 | -0.000198    |
|    n_updates            | 290          |
|    policy_gradient_loss | -0.00085     |
|    value_loss           | 0.000191     |
------------------------------------------
  step  125000/500000 ( 25.0%)  mean_rew=-0.001
------------------------------------------
| time/                   |              |
|    fps                  | 1227         |
|    iterations           | 31           |
|    time_elapsed         | 103          |
|    total_timesteps      | 126976       |
| train/                  |              |
|    approx_kl            | 0.0020131827 |
|    clip_fraction        | 0.015        |
|    clip_range           | 0.2          |
|    entropy_loss         | -0.279       |
|    explained_variance   | 0.889        |
|    learning_rate        | 0.0003       |
|    loss                 | 0.000549     |
|    n_updates            | 300          |
|    policy_gradient_loss | -0.000384    |
|    value_loss           | 0.000157     |
------------------------------------------
  step  130000/500000 ( 26.0%)  mean_rew=-0.001
------------------------------------------
| time/                   |              |
|    fps                  | 1226         |
|    iterations           | 32           |
|    time_elapsed         | 106          |
|    total_timesteps      | 131072       |
| train/                  |              |
|    approx_kl            | 0.0026027898 |
|    clip_fraction        | 0.033        |
|    clip_range           | 0.2          |
|    entropy_loss         | -0.259       |
|    explained_variance   | 0.9          |
|    learning_rate        | 0.0003       |
|    loss                 | -0.00472     |
|    n_updates            | 310          |
|    policy_gradient_loss | -0.00229     |
|    value_loss           | 0.000116     |
------------------------------------------
  step  135000/500000 ( 27.0%)  mean_rew=-0.001
------------------------------------------
| time/                   |              |
|    fps                  | 1226         |
|    iterations           | 33           |
|    time_elapsed         | 110          |
|    total_timesteps      | 135168       |
| train/                  |              |
|    approx_kl            | 0.0018080791 |
|    clip_fraction        | 0.028        |
|    clip_range           | 0.2          |
|    entropy_loss         | -0.263       |
|    explained_variance   | 0.937        |
|    learning_rate        | 0.0003       |
|    loss                 | -0.000201    |
|    n_updates            | 320          |
|    policy_gradient_loss | -0.00122     |
|    value_loss           | 7.35e-05     |
------------------------------------------
-----------------------------------------
| time/                   |             |
|    fps                  | 1227        |
|    iterations           | 34          |
|    time_elapsed         | 113         |
|    total_timesteps      | 139264      |
| train/                  |             |
|    approx_kl            | 0.001416961 |
|    clip_fraction        | 0.0234      |
|    clip_range           | 0.2         |
|    entropy_loss         | -0.253      |
|    explained_variance   | 0.878       |
|    learning_rate        | 0.0003      |
|    loss                 | -0.000228   |
|    n_updates            | 330         |
|    policy_gradient_loss | -0.00107    |
|    value_loss           | 0.000153    |
-----------------------------------------
  step  140000/500000 ( 28.0%)  mean_rew=-0.000
------------------------------------------
| time/                   |              |
|    fps                  | 1227         |
|    iterations           | 35           |
|    time_elapsed         | 116          |
|    total_timesteps      | 143360       |
| train/                  |              |
|    approx_kl            | 0.0020563193 |
|    clip_fraction        | 0.0193       |
|    clip_range           | 0.2          |
|    entropy_loss         | -0.252       |
|    explained_variance   | 0.912        |
|    learning_rate        | 0.0003       |
|    loss                 | 0.00203      |
|    n_updates            | 340          |
|    policy_gradient_loss | -0.00114     |
|    value_loss           | 8.62e-05     |
------------------------------------------
  step  145000/500000 ( 29.0%)  mean_rew=-0.001
------------------------------------------
| time/                   |              |
|    fps                  | 1226         |
|    iterations           | 36           |
|    time_elapsed         | 120          |
|    total_timesteps      | 147456       |
| train/                  |              |
|    approx_kl            | 0.0012212412 |
|    clip_fraction        | 0.0101       |
|    clip_range           | 0.2          |
|    entropy_loss         | -0.237       |
|    explained_variance   | 0.908        |
|    learning_rate        | 0.0003       |
|    loss                 | 0.00392      |
|    n_updates            | 350          |
|    policy_gradient_loss | -0.000263    |
|    value_loss           | 0.000109     |
------------------------------------------
  step  150000/500000 ( 30.0%)  mean_rew=-0.001
------------------------------------------
| time/                   |              |
|    fps                  | 1226         |
|    iterations           | 37           |
|    time_elapsed         | 123          |
|    total_timesteps      | 151552       |
| train/                  |              |
|    approx_kl            | 0.0017500762 |
|    clip_fraction        | 0.0153       |
|    clip_range           | 0.2          |
|    entropy_loss         | -0.234       |
|    explained_variance   | 0.886        |
|    learning_rate        | 0.0003       |
|    loss                 | 0.00302      |
|    n_updates            | 360          |
|    policy_gradient_loss | -0.000369    |
|    value_loss           | 0.000138     |
------------------------------------------
  step  155000/500000 ( 31.0%)  mean_rew=-0.001
------------------------------------------
| time/                   |              |
|    fps                  | 1226         |
|    iterations           | 38           |
|    time_elapsed         | 126          |
|    total_timesteps      | 155648       |
| train/                  |              |
|    approx_kl            | 0.0013119957 |
|    clip_fraction        | 0.0174       |
|    clip_range           | 0.2          |
|    entropy_loss         | -0.226       |
|    explained_variance   | 0.872        |
|    learning_rate        | 0.0003       |
|    loss                 | -0.00512     |
|    n_updates            | 370          |
|    policy_gradient_loss | -0.00125     |
|    value_loss           | 0.000158     |
------------------------------------------
------------------------------------------
| time/                   |              |
|    fps                  | 1226         |
|    iterations           | 39           |
|    time_elapsed         | 130          |
|    total_timesteps      | 159744       |
| train/                  |              |
|    approx_kl            | 0.0014224495 |
|    clip_fraction        | 0.0138       |
|    clip_range           | 0.2          |
|    entropy_loss         | -0.225       |
|    explained_variance   | 0.894        |
|    learning_rate        | 0.0003       |
|    loss                 | -1.1e-05     |
|    n_updates            | 380          |
|    policy_gradient_loss | -0.000463    |
|    value_loss           | 0.00011      |
------------------------------------------
  step  160000/500000 ( 32.0%)  mean_rew=-0.001
-----------------------------------------
| time/                   |             |
|    fps                  | 1226        |
|    iterations           | 40          |
|    time_elapsed         | 133         |
|    total_timesteps      | 163840      |
| train/                  |             |
|    approx_kl            | 0.002036781 |
|    clip_fraction        | 0.0157      |
|    clip_range           | 0.2         |
|    entropy_loss         | -0.216      |
|    explained_variance   | 0.93        |
|    learning_rate        | 0.0003      |
|    loss                 | 0.0021      |
|    n_updates            | 390         |
|    policy_gradient_loss | -0.00109    |
|    value_loss           | 7.46e-05    |
-----------------------------------------
  step  165000/500000 ( 33.0%)  mean_rew=-0.000
------------------------------------------
| time/                   |              |
|    fps                  | 1227         |
|    iterations           | 41           |
|    time_elapsed         | 136          |
|    total_timesteps      | 167936       |
| train/                  |              |
|    approx_kl            | 0.0016269088 |
|    clip_fraction        | 0.0245       |
|    clip_range           | 0.2          |
|    entropy_loss         | -0.206       |
|    explained_variance   | 0.881        |
|    learning_rate        | 0.0003       |
|    loss                 | -0.00427     |
|    n_updates            | 400          |
|    policy_gradient_loss | -0.00131     |
|    value_loss           | 0.000134     |
------------------------------------------
  step  170000/500000 ( 34.0%)  mean_rew=-0.000
------------------------------------------
| time/                   |              |
|    fps                  | 1227         |
|    iterations           | 42           |
|    time_elapsed         | 140          |
|    total_timesteps      | 172032       |
| train/                  |              |
|    approx_kl            | 0.0014433233 |
|    clip_fraction        | 0.0201       |
|    clip_range           | 0.2          |
|    entropy_loss         | -0.199       |
|    explained_variance   | 0.902        |
|    learning_rate        | 0.0003       |
|    loss                 | -0.00288     |
|    n_updates            | 410          |
|    policy_gradient_loss | -0.00129     |
|    value_loss           | 9.05e-05     |
------------------------------------------
  step  175000/500000 ( 35.0%)  mean_rew=+0.002
------------------------------------------
| time/                   |              |
|    fps                  | 1226         |
|    iterations           | 43           |
|    time_elapsed         | 143          |
|    total_timesteps      | 176128       |
| train/                  |              |
|    approx_kl            | 0.0012264522 |
|    clip_fraction        | 0.0118       |
|    clip_range           | 0.2          |
|    entropy_loss         | -0.172       |
|    explained_variance   | 0.919        |
|    learning_rate        | 0.0003       |
|    loss                 | -0.00225     |
|    n_updates            | 420          |
|    policy_gradient_loss | -0.000926    |
|    value_loss           | 8.21e-05     |
------------------------------------------
  step  180000/500000 ( 36.0%)  mean_rew=-0.000
-------------------------------------------
| time/                   |               |
|    fps                  | 1226          |
|    iterations           | 44            |
|    time_elapsed         | 146           |
|    total_timesteps      | 180224        |
| train/                  |               |
|    approx_kl            | 0.00095760205 |
|    clip_fraction        | 0.0109        |
|    clip_range           | 0.2           |
|    entropy_loss         | -0.158        |
|    explained_variance   | 0.889         |
|    learning_rate        | 0.0003        |
|    loss                 | -0.000781     |
|    n_updates            | 430           |
|    policy_gradient_loss | -0.000198     |
|    value_loss           | 0.000115      |
-------------------------------------------
-------------------------------------------
| time/                   |               |
|    fps                  | 1226          |
|    iterations           | 45            |
|    time_elapsed         | 150           |
|    total_timesteps      | 184320        |
| train/                  |               |
|    approx_kl            | 0.00051142194 |
|    clip_fraction        | 0.00769       |
|    clip_range           | 0.2           |
|    entropy_loss         | -0.155        |
|    explained_variance   | 0.882         |
|    learning_rate        | 0.0003        |
|    loss                 | 0.00235       |
|    n_updates            | 440           |
|    policy_gradient_loss | -0.0003       |
|    value_loss           | 0.000117      |
-------------------------------------------
  step  185000/500000 ( 37.0%)  mean_rew=-0.002
-------------------------------------------
| time/                   |               |
|    fps                  | 1226          |
|    iterations           | 46            |
|    time_elapsed         | 153           |
|    total_timesteps      | 188416        |
| train/                  |               |
|    approx_kl            | 0.00091589306 |
|    clip_fraction        | 0.0101        |
|    clip_range           | 0.2           |
|    entropy_loss         | -0.155        |
|    explained_variance   | 0.893         |
|    learning_rate        | 0.0003        |
|    loss                 | 0.000511      |
|    n_updates            | 450           |
|    policy_gradient_loss | -0.000309     |
|    value_loss           | 9.17e-05      |
-------------------------------------------
  step  190000/500000 ( 38.0%)  mean_rew=-0.000
------------------------------------------
| time/                   |              |
|    fps                  | 1226         |
|    iterations           | 47           |
|    time_elapsed         | 157          |
|    total_timesteps      | 192512       |
| train/                  |              |
|    approx_kl            | 0.0009104585 |
|    clip_fraction        | 0.00688      |
|    clip_range           | 0.2          |
|    entropy_loss         | -0.147       |
|    explained_variance   | 0.923        |
|    learning_rate        | 0.0003       |
|    loss                 | -0.000643    |
|    n_updates            | 460          |
|    policy_gradient_loss | -0.000225    |
|    value_loss           | 7.05e-05     |
------------------------------------------
  step  195000/500000 ( 39.0%)  mean_rew=-0.000
------------------------------------------
| time/                   |              |
|    fps                  | 1226         |
|    iterations           | 48           |
|    time_elapsed         | 160          |
|    total_timesteps      | 196608       |
| train/                  |              |
|    approx_kl            | 0.0005896522 |
|    clip_fraction        | 0.00688      |
|    clip_range           | 0.2          |
|    entropy_loss         | -0.14        |
|    explained_variance   | 0.872        |
|    learning_rate        | 0.0003       |
|    loss                 | -0.000536    |
|    n_updates            | 470          |
|    policy_gradient_loss | -0.000391    |
|    value_loss           | 0.000126     |
------------------------------------------
  step  200000/500000 ( 40.0%)  mean_rew=+0.000
-------------------------------------------
| time/                   |               |
|    fps                  | 1226          |
|    iterations           | 49            |
|    time_elapsed         | 163           |
|    total_timesteps      | 200704        |
| train/                  |               |
|    approx_kl            | 0.00026493936 |
|    clip_fraction        | 0.00496       |
|    clip_range           | 0.2           |
|    entropy_loss         | -0.137        |
|    explained_variance   | 0.899         |
|    learning_rate        | 0.0003        |
|    loss                 | 0.00112       |
|    n_updates            | 480           |
|    policy_gradient_loss | -0.000361     |
|    value_loss           | 8.14e-05      |
-------------------------------------------
-------------------------------------------
| time/                   |               |
|    fps                  | 1225          |
|    iterations           | 50            |
|    time_elapsed         | 167           |
|    total_timesteps      | 204800        |
| train/                  |               |
|    approx_kl            | 0.00069137744 |
|    clip_fraction        | 0.00999       |
|    clip_range           | 0.2           |
|    entropy_loss         | -0.128        |
|    explained_variance   | 0.931         |
|    learning_rate        | 0.0003        |
|    loss                 | 0.00011       |
|    n_updates            | 490           |
|    policy_gradient_loss | -0.000291     |
|    value_loss           | 6.02e-05      |
-------------------------------------------
  step  205000/500000 ( 41.0%)  mean_rew=+0.000
----------------------------------------
| time/                   |            |
|    fps                  | 1226       |
|    iterations           | 51         |
|    time_elapsed         | 170        |
|    total_timesteps      | 208896     |
| train/                  |            |
|    approx_kl            | 0.00145875 |
|    clip_fraction        | 0.0124     |
|    clip_range           | 0.2        |
|    entropy_loss         | -0.12      |
|    explained_variance   | 0.876      |
|    learning_rate        | 0.0003     |
|    loss                 | -0.00111   |
|    n_updates            | 500        |
|    policy_gradient_loss | -0.000602  |
|    value_loss           | 0.000116   |
----------------------------------------
  step  210000/500000 ( 42.0%)  mean_rew=-0.001
-------------------------------------------
| time/                   |               |
|    fps                  | 1226          |
|    iterations           | 52            |
|    time_elapsed         | 173           |
|    total_timesteps      | 212992        |
| train/                  |               |
|    approx_kl            | 0.00044781092 |
|    clip_fraction        | 0.00613       |
|    clip_range           | 0.2           |
|    entropy_loss         | -0.118        |
|    explained_variance   | 0.887         |
|    learning_rate        | 0.0003        |
|    loss                 | 0.00114       |
|    n_updates            | 510           |
|    policy_gradient_loss | -0.000261     |
|    value_loss           | 0.000104      |
-------------------------------------------
  step  215000/500000 ( 43.0%)  mean_rew=+0.000
-------------------------------------------
| time/                   |               |
|    fps                  | 1226          |
|    iterations           | 53            |
|    time_elapsed         | 177           |
|    total_timesteps      | 217088        |
| train/                  |               |
|    approx_kl            | 0.00069139147 |
|    clip_fraction        | 0.00989       |
|    clip_range           | 0.2           |
|    entropy_loss         | -0.126        |
|    explained_variance   | 0.918         |
|    learning_rate        | 0.0003        |
|    loss                 | 0.000566      |
|    n_updates            | 520           |
|    policy_gradient_loss | -0.00049      |
|    value_loss           | 6.64e-05      |
-------------------------------------------
  step  220000/500000 ( 44.0%)  mean_rew=+0.000
------------------------------------------
| time/                   |              |
|    fps                  | 1226         |
|    iterations           | 54           |
|    time_elapsed         | 180          |
|    total_timesteps      | 221184       |
| train/                  |              |
|    approx_kl            | 0.0012807539 |
|    clip_fraction        | 0.0156       |
|    clip_range           | 0.2          |
|    entropy_loss         | -0.141       |
|    explained_variance   | 0.87         |
|    learning_rate        | 0.0003       |
|    loss                 | 3.6e-05      |
|    n_updates            | 530          |
|    policy_gradient_loss | -0.000666    |
|    value_loss           | 0.000135     |
------------------------------------------
  step  225000/500000 ( 45.0%)  mean_rew=+0.000
------------------------------------------
| time/                   |              |
|    fps                  | 1227         |
|    iterations           | 55           |
|    time_elapsed         | 183          |
|    total_timesteps      | 225280       |
| train/                  |              |
|    approx_kl            | 0.0008807214 |
|    clip_fraction        | 0.0142       |
|    clip_range           | 0.2          |
|    entropy_loss         | -0.146       |
|    explained_variance   | 0.874        |
|    learning_rate        | 0.0003       |
|    loss                 | -0.00289     |
|    n_updates            | 540          |
|    policy_gradient_loss | -0.000536    |
|    value_loss           | 0.000133     |
------------------------------------------
------------------------------------------
| time/                   |              |
|    fps                  | 1226         |
|    iterations           | 56           |
|    time_elapsed         | 186          |
|    total_timesteps      | 229376       |
| train/                  |              |
|    approx_kl            | 0.0011616386 |
|    clip_fraction        | 0.0144       |
|    clip_range           | 0.2          |
|    entropy_loss         | -0.137       |
|    explained_variance   | 0.898        |
|    learning_rate        | 0.0003       |
|    loss                 | -0.00242     |
|    n_updates            | 550          |
|    policy_gradient_loss | -0.000675    |
|    value_loss           | 7.81e-05     |
------------------------------------------
  step  230000/500000 ( 46.0%)  mean_rew=-0.000
------------------------------------------
| time/                   |              |
|    fps                  | 1226         |
|    iterations           | 57           |
|    time_elapsed         | 190          |
|    total_timesteps      | 233472       |
| train/                  |              |
|    approx_kl            | 0.0007047453 |
|    clip_fraction        | 0.00574      |
|    clip_range           | 0.2          |
|    entropy_loss         | -0.139       |
|    explained_variance   | 0.916        |
|    learning_rate        | 0.0003       |
|    loss                 | -0.00133     |
|    n_updates            | 560          |
|    policy_gradient_loss | -0.000277    |
|    value_loss           | 7.74e-05     |
------------------------------------------
  step  235000/500000 ( 47.0%)  mean_rew=-0.001
-------------------------------------------
| time/                   |               |
|    fps                  | 1226          |
|    iterations           | 58            |
|    time_elapsed         | 193           |
|    total_timesteps      | 237568        |
| train/                  |               |
|    approx_kl            | 0.00049595884 |
|    clip_fraction        | 0.0061        |
|    clip_range           | 0.2           |
|    entropy_loss         | -0.142        |
|    explained_variance   | 0.868         |
|    learning_rate        | 0.0003        |
|    loss                 | -0.00171      |
|    n_updates            | 570           |
|    policy_gradient_loss | -0.000118     |
|    value_loss           | 0.000141      |
-------------------------------------------
  step  240000/500000 ( 48.0%)  mean_rew=-0.001
------------------------------------------
| time/                   |              |
|    fps                  | 1226         |
|    iterations           | 59           |
|    time_elapsed         | 197          |
|    total_timesteps      | 241664       |
| train/                  |              |
|    approx_kl            | 0.0011269734 |
|    clip_fraction        | 0.00603      |
|    clip_range           | 0.2          |
|    entropy_loss         | -0.137       |
|    explained_variance   | 0.892        |
|    learning_rate        | 0.0003       |
|    loss                 | 0.000873     |
|    n_updates            | 580          |
|    policy_gradient_loss | -0.000327    |
|    value_loss           | 0.000103     |
------------------------------------------
  step  245000/500000 ( 49.0%)  mean_rew=+0.001
-------------------------------------------
| time/                   |               |
|    fps                  | 1226          |
|    iterations           | 60            |
|    time_elapsed         | 200           |
|    total_timesteps      | 245760        |
| train/                  |               |
|    approx_kl            | 0.00060175546 |
|    clip_fraction        | 0.00757       |
|    clip_range           | 0.2           |
|    entropy_loss         | -0.15         |
|    explained_variance   | 0.932         |
|    learning_rate        | 0.0003        |
|    loss                 | -0.00189      |
|    n_updates            | 590           |
|    policy_gradient_loss | -0.00021      |
|    value_loss           | 6.89e-05      |
-------------------------------------------
------------------------------------------
| time/                   |              |
|    fps                  | 1225         |
|    iterations           | 61           |
|    time_elapsed         | 203          |
|    total_timesteps      | 249856       |
| train/                  |              |
|    approx_kl            | 0.0007666324 |
|    clip_fraction        | 0.0105       |
|    clip_range           | 0.2          |
|    entropy_loss         | -0.152       |
|    explained_variance   | 0.881        |
|    learning_rate        | 0.0003       |
|    loss                 | 0.000666     |
|    n_updates            | 600          |
|    policy_gradient_loss | -0.000492    |
|    value_loss           | 0.000129     |
------------------------------------------
  step  250000/500000 ( 50.0%)  mean_rew=+0.001
-------------------------------------------
| time/                   |               |
|    fps                  | 1226          |
|    iterations           | 62            |
|    time_elapsed         | 207           |
|    total_timesteps      | 253952        |
| train/                  |               |
|    approx_kl            | 0.00091434486 |
|    clip_fraction        | 0.00874       |
|    clip_range           | 0.2           |
|    entropy_loss         | -0.133        |
|    explained_variance   | 0.884         |
|    learning_rate        | 0.0003        |
|    loss                 | 0.00439       |
|    n_updates            | 610           |
|    policy_gradient_loss | -0.000325     |
|    value_loss           | 0.000125      |
-------------------------------------------
  step  255000/500000 ( 51.0%)  mean_rew=-0.000
------------------------------------------
| time/                   |              |
|    fps                  | 1225         |
|    iterations           | 63           |
|    time_elapsed         | 210          |
|    total_timesteps      | 258048       |
| train/                  |              |
|    approx_kl            | 0.0003550354 |
|    clip_fraction        | 0.00391      |
|    clip_range           | 0.2          |
|    entropy_loss         | -0.13        |
|    explained_variance   | 0.909        |
|    learning_rate        | 0.0003       |
|    loss                 | -0.00316     |
|    n_updates            | 620          |
|    policy_gradient_loss | -0.000158    |
|    value_loss           | 7.56e-05     |
------------------------------------------
  step  260000/500000 ( 52.0%)  mean_rew=+0.000
------------------------------------------
| time/                   |              |
|    fps                  | 1225         |
|    iterations           | 64           |
|    time_elapsed         | 213          |
|    total_timesteps      | 262144       |
| train/                  |              |
|    approx_kl            | 0.0007542324 |
|    clip_fraction        | 0.00974      |
|    clip_range           | 0.2          |
|    entropy_loss         | -0.124       |
|    explained_variance   | 0.925        |
|    learning_rate        | 0.0003       |
|    loss                 | 0.00303      |
|    n_updates            | 630          |
|    policy_gradient_loss | -0.000614    |
|    value_loss           | 7.29e-05     |
------------------------------------------
  step  265000/500000 ( 53.0%)  mean_rew=-0.000
------------------------------------------
| time/                   |              |
|    fps                  | 1225         |
|    iterations           | 65           |
|    time_elapsed         | 217          |
|    total_timesteps      | 266240       |
| train/                  |              |
|    approx_kl            | 0.0005607144 |
|    clip_fraction        | 0.013        |
|    clip_range           | 0.2          |
|    entropy_loss         | -0.13        |
|    explained_variance   | 0.889        |
|    learning_rate        | 0.0003       |
|    loss                 | -0.00176     |
|    n_updates            | 640          |
|    policy_gradient_loss | -0.000774    |
|    value_loss           | 0.000114     |
------------------------------------------
  step  270000/500000 ( 54.0%)  mean_rew=+0.001
-------------------------------------------
| time/                   |               |
|    fps                  | 1225          |
|    iterations           | 66            |
|    time_elapsed         | 220           |
|    total_timesteps      | 270336        |
| train/                  |               |
|    approx_kl            | 0.00071343087 |
|    clip_fraction        | 0.00867       |
|    clip_range           | 0.2           |
|    entropy_loss         | -0.128        |
|    explained_variance   | 0.895         |
|    learning_rate        | 0.0003        |
|    loss                 | 0.00109       |
|    n_updates            | 650           |
|    policy_gradient_loss | -0.000474     |
|    value_loss           | 9.22e-05      |
-------------------------------------------
-------------------------------------------
| time/                   |               |
|    fps                  | 1225          |
|    iterations           | 67            |
|    time_elapsed         | 223           |
|    total_timesteps      | 274432        |
| train/                  |               |
|    approx_kl            | 0.00066863885 |
|    clip_fraction        | 0.00837       |
|    clip_range           | 0.2           |
|    entropy_loss         | -0.135        |
|    explained_variance   | 0.907         |
|    learning_rate        | 0.0003        |
|    loss                 | 0.000313      |
|    n_updates            | 660           |
|    policy_gradient_loss | -3.92e-05     |
|    value_loss           | 8.75e-05      |
-------------------------------------------
  step  275000/500000 ( 55.0%)  mean_rew=+0.000
-------------------------------------------
| time/                   |               |
|    fps                  | 1225          |
|    iterations           | 68            |
|    time_elapsed         | 227           |
|    total_timesteps      | 278528        |
| train/                  |               |
|    approx_kl            | 0.00090751995 |
|    clip_fraction        | 0.0161        |
|    clip_range           | 0.2           |
|    entropy_loss         | -0.136        |
|    explained_variance   | 0.867         |
|    learning_rate        | 0.0003        |
|    loss                 | 0.00138       |
|    n_updates            | 670           |
|    policy_gradient_loss | -0.000805     |
|    value_loss           | 0.000133      |
-------------------------------------------
  step  280000/500000 ( 56.0%)  mean_rew=-0.002
------------------------------------------
| time/                   |              |
|    fps                  | 1225         |
|    iterations           | 69           |
|    time_elapsed         | 230          |
|    total_timesteps      | 282624       |
| train/                  |              |
|    approx_kl            | 0.0016445178 |
|    clip_fraction        | 0.0132       |
|    clip_range           | 0.2          |
|    entropy_loss         | -0.119       |
|    explained_variance   | 0.865        |
|    learning_rate        | 0.0003       |
|    loss                 | 0.00222      |
|    n_updates            | 680          |
|    policy_gradient_loss | -0.000556    |
|    value_loss           | 0.000138     |
------------------------------------------
  step  285000/500000 ( 57.0%)  mean_rew=+0.001
-----------------------------------------
| time/                   |             |
|    fps                  | 1225        |
|    iterations           | 70          |
|    time_elapsed         | 233         |
|    total_timesteps      | 286720      |
| train/                  |             |
|    approx_kl            | 0.019225772 |
|    clip_fraction        | 0.0155      |
|    clip_range           | 0.2         |
|    entropy_loss         | -0.144      |
|    explained_variance   | 0.911       |
|    learning_rate        | 0.0003      |
|    loss                 | -0.00642    |
|    n_updates            | 690         |
|    policy_gradient_loss | -0.0011     |
|    value_loss           | 7.29e-05    |
-----------------------------------------
  step  290000/500000 ( 58.0%)  mean_rew=+0.001
------------------------------------------
| time/                   |              |
|    fps                  | 1225         |
|    iterations           | 71           |
|    time_elapsed         | 237          |
|    total_timesteps      | 290816       |
| train/                  |              |
|    approx_kl            | 0.0014855731 |
|    clip_fraction        | 0.0169       |
|    clip_range           | 0.2          |
|    entropy_loss         | -0.155       |
|    explained_variance   | 0.915        |
|    learning_rate        | 0.0003       |
|    loss                 | -0.00114     |
|    n_updates            | 700          |
|    policy_gradient_loss | -0.00062     |
|    value_loss           | 7.89e-05     |
------------------------------------------
-----------------------------------------
| time/                   |             |
|    fps                  | 1225        |
|    iterations           | 72          |
|    time_elapsed         | 240         |
|    total_timesteps      | 294912      |
| train/                  |             |
|    approx_kl            | 0.000604768 |
|    clip_fraction        | 0.0093      |
|    clip_range           | 0.2         |
|    entropy_loss         | -0.156      |
|    explained_variance   | 0.873       |
|    learning_rate        | 0.0003      |
|    loss                 | -0.00127    |
|    n_updates            | 710         |
|    policy_gradient_loss | -0.000459   |
|    value_loss           | 0.000129    |
-----------------------------------------
  step  295000/500000 ( 59.0%)  mean_rew=-0.001
-------------------------------------------
| time/                   |               |
|    fps                  | 1225          |
|    iterations           | 73            |
|    time_elapsed         | 244           |
|    total_timesteps      | 299008        |
| train/                  |               |
|    approx_kl            | 0.00092061644 |
|    clip_fraction        | 0.0142        |
|    clip_range           | 0.2           |
|    entropy_loss         | -0.149        |
|    explained_variance   | 0.903         |
|    learning_rate        | 0.0003        |
|    loss                 | -0.00181      |
|    n_updates            | 720           |
|    policy_gradient_loss | -0.000487     |
|    value_loss           | 7.61e-05      |
-------------------------------------------
  step  300000/500000 ( 60.0%)  mean_rew=+0.000
------------------------------------------
| time/                   |              |
|    fps                  | 1224         |
|    iterations           | 74           |
|    time_elapsed         | 247          |
|    total_timesteps      | 303104       |
| train/                  |              |
|    approx_kl            | 0.0061487593 |
|    clip_fraction        | 0.024        |
|    clip_range           | 0.2          |
|    entropy_loss         | -0.124       |
|    explained_variance   | 0.918        |
|    learning_rate        | 0.0003       |
|    loss                 | -0.000414    |
|    n_updates            | 730          |
|    policy_gradient_loss | -0.00099     |
|    value_loss           | 7.42e-05     |
------------------------------------------
  step  305000/500000 ( 61.0%)  mean_rew=-0.001
-------------------------------------------
| time/                   |               |
|    fps                  | 1224          |
|    iterations           | 75            |
|    time_elapsed         | 250           |
|    total_timesteps      | 307200        |
| train/                  |               |
|    approx_kl            | 0.00082587695 |
|    clip_fraction        | 0.0119        |
|    clip_range           | 0.2           |
|    entropy_loss         | -0.108        |
|    explained_variance   | 0.882         |
|    learning_rate        | 0.0003        |
|    loss                 | -0.00155      |
|    n_updates            | 740           |
|    policy_gradient_loss | -0.000366     |
|    value_loss           | 0.00012       |
-------------------------------------------
  step  310000/500000 ( 62.0%)  mean_rew=+0.000
------------------------------------------
| time/                   |              |
|    fps                  | 1225         |
|    iterations           | 76           |
|    time_elapsed         | 254          |
|    total_timesteps      | 311296       |
| train/                  |              |
|    approx_kl            | 0.0010665026 |
|    clip_fraction        | 0.0155       |
|    clip_range           | 0.2          |
|    entropy_loss         | -0.0914      |
|    explained_variance   | 0.877        |
|    learning_rate        | 0.0003       |
|    loss                 | -0.00222     |
|    n_updates            | 750          |
|    policy_gradient_loss | -0.000822    |
|    value_loss           | 0.000125     |
------------------------------------------
  step  315000/500000 ( 63.0%)  mean_rew=-0.003
-------------------------------------------
| time/                   |               |
|    fps                  | 1225          |
|    iterations           | 77            |
|    time_elapsed         | 257           |
|    total_timesteps      | 315392        |
| train/                  |               |
|    approx_kl            | 0.00063581776 |
|    clip_fraction        | 0.0121        |
|    clip_range           | 0.2           |
|    entropy_loss         | -0.0841       |
|    explained_variance   | 0.901         |
|    learning_rate        | 0.0003        |
|    loss                 | -0.00169      |
|    n_updates            | 760           |
|    policy_gradient_loss | -0.000779     |
|    value_loss           | 8.4e-05       |
-------------------------------------------
-----------------------------------------
| time/                   |             |
|    fps                  | 1224        |
|    iterations           | 78          |
|    time_elapsed         | 260         |
|    total_timesteps      | 319488      |
| train/                  |             |
|    approx_kl            | 0.000847135 |
|    clip_fraction        | 0.00481     |
|    clip_range           | 0.2         |
|    entropy_loss         | -0.0768     |
|    explained_variance   | 0.916       |
|    learning_rate        | 0.0003      |
|    loss                 | -0.00129    |
|    n_updates            | 770         |
|    policy_gradient_loss | -0.000411   |
|    value_loss           | 7.23e-05    |
-----------------------------------------
  step  320000/500000 ( 64.0%)  mean_rew=+0.000
-------------------------------------------
| time/                   |               |
|    fps                  | 1225          |
|    iterations           | 79            |
|    time_elapsed         | 264           |
|    total_timesteps      | 323584        |
| train/                  |               |
|    approx_kl            | 0.00024258217 |
|    clip_fraction        | 0.00476       |
|    clip_range           | 0.2           |
|    entropy_loss         | -0.077        |
|    explained_variance   | 0.874         |
|    learning_rate        | 0.0003        |
|    loss                 | 0.000244      |
|    n_updates            | 780           |
|    policy_gradient_loss | -0.000383     |
|    value_loss           | 0.000125      |
-------------------------------------------
  step  325000/500000 ( 65.0%)  mean_rew=-0.000
------------------------------------------
| time/                   |              |
|    fps                  | 1225         |
|    iterations           | 80           |
|    time_elapsed         | 267          |
|    total_timesteps      | 327680       |
| train/                  |              |
|    approx_kl            | 0.0005615415 |
|    clip_fraction        | 0.0064       |
|    clip_range           | 0.2          |
|    entropy_loss         | -0.0792      |
|    explained_variance   | 0.905        |
|    learning_rate        | 0.0003       |
|    loss                 | -0.000145    |
|    n_updates            | 790          |
|    policy_gradient_loss | -0.000526    |
|    value_loss           | 7.68e-05     |
------------------------------------------
  step  330000/500000 ( 66.0%)  mean_rew=-0.001
-------------------------------------------
| time/                   |               |
|    fps                  | 1224          |
|    iterations           | 81            |
|    time_elapsed         | 270           |
|    total_timesteps      | 331776        |
| train/                  |               |
|    approx_kl            | 0.00021590834 |
|    clip_fraction        | 0.00344       |
|    clip_range           | 0.2           |
|    entropy_loss         | -0.0768       |
|    explained_variance   | 0.905         |
|    learning_rate        | 0.0003        |
|    loss                 | -0.00011      |
|    n_updates            | 800           |
|    policy_gradient_loss | -0.000438     |
|    value_loss           | 8.94e-05      |
-------------------------------------------
  step  335000/500000 ( 67.0%)  mean_rew=-0.002
------------------------------------------
| time/                   |              |
|    fps                  | 1224         |
|    iterations           | 82           |
|    time_elapsed         | 274          |
|    total_timesteps      | 335872       |
| train/                  |              |
|    approx_kl            | 0.0004314069 |
|    clip_fraction        | 0.00959      |
|    clip_range           | 0.2          |
|    entropy_loss         | -0.0698      |
|    explained_variance   | 0.888        |
|    learning_rate        | 0.0003       |
|    loss                 | 1.87e-05     |
|    n_updates            | 810          |
|    policy_gradient_loss | -0.000435    |
|    value_loss           | 0.000108     |
------------------------------------------
-------------------------------------------
| time/                   |               |
|    fps                  | 1225          |
|    iterations           | 83            |
|    time_elapsed         | 277           |
|    total_timesteps      | 339968        |
| train/                  |               |
|    approx_kl            | 0.00022995826 |
|    clip_fraction        | 0.00308       |
|    clip_range           | 0.2           |
|    entropy_loss         | -0.0671       |
|    explained_variance   | 0.887         |
|    learning_rate        | 0.0003        |
|    loss                 | -0.000282     |
|    n_updates            | 820           |
|    policy_gradient_loss | -6.18e-05     |
|    value_loss           | 0.000113      |
-------------------------------------------
  step  340000/500000 ( 68.0%)  mean_rew=+0.000
--------------------------------------------
| time/                   |                |
|    fps                  | 1225           |
|    iterations           | 84             |
|    time_elapsed         | 280            |
|    total_timesteps      | 344064         |
| train/                  |                |
|    approx_kl            | 0.000103642524 |
|    clip_fraction        | 0.00378        |
|    clip_range           | 0.2            |
|    entropy_loss         | -0.0675        |
|    explained_variance   | 0.896          |
|    learning_rate        | 0.0003         |
|    loss                 | 0.000134       |
|    n_updates            | 830            |
|    policy_gradient_loss | 3.53e-05       |
|    value_loss           | 8.95e-05       |
--------------------------------------------
  step  345000/500000 ( 69.0%)  mean_rew=-0.000
------------------------------------------
| time/                   |              |
|    fps                  | 1225         |
|    iterations           | 85           |
|    time_elapsed         | 284          |
|    total_timesteps      | 348160       |
| train/                  |              |
|    approx_kl            | 0.0005734754 |
|    clip_fraction        | 0.00774      |
|    clip_range           | 0.2          |
|    entropy_loss         | -0.058       |
|    explained_variance   | 0.911        |
|    learning_rate        | 0.0003       |
|    loss                 | 0.000149     |
|    n_updates            | 840          |
|    policy_gradient_loss | -0.000384    |
|    value_loss           | 7.81e-05     |
------------------------------------------
  step  350000/500000 ( 70.0%)  mean_rew=+0.000
------------------------------------------
| time/                   |              |
|    fps                  | 1225         |
|    iterations           | 86           |
|    time_elapsed         | 287          |
|    total_timesteps      | 352256       |
| train/                  |              |
|    approx_kl            | 0.0003733738 |
|    clip_fraction        | 0.00325      |
|    clip_range           | 0.2          |
|    entropy_loss         | -0.0557      |
|    explained_variance   | 0.884        |
|    learning_rate        | 0.0003       |
|    loss                 | -0.000623    |
|    n_updates            | 850          |
|    policy_gradient_loss | -0.000185    |
|    value_loss           | 0.00011      |
------------------------------------------
  step  355000/500000 ( 71.0%)  mean_rew=-0.000
------------------------------------------
| time/                   |              |
|    fps                  | 1225         |
|    iterations           | 87           |
|    time_elapsed         | 290          |
|    total_timesteps      | 356352       |
| train/                  |              |
|    approx_kl            | 0.0019511329 |
|    clip_fraction        | 0.00779      |
|    clip_range           | 0.2          |
|    entropy_loss         | -0.0598      |
|    explained_variance   | 0.905        |
|    learning_rate        | 0.0003       |
|    loss                 | 0.00056      |
|    n_updates            | 860          |
|    policy_gradient_loss | -0.000548    |
|    value_loss           | 7.6e-05      |
------------------------------------------
  step  360000/500000 ( 72.0%)  mean_rew=-0.001
------------------------------------------
| time/                   |              |
|    fps                  | 1226         |
|    iterations           | 88           |
|    time_elapsed         | 293          |
|    total_timesteps      | 360448       |
| train/                  |              |
|    approx_kl            | 0.0002824794 |
|    clip_fraction        | 0.00645      |
|    clip_range           | 0.2          |
|    entropy_loss         | -0.0569      |
|    explained_variance   | 0.911        |
|    learning_rate        | 0.0003       |
|    loss                 | 0.000313     |
|    n_updates            | 870          |
|    policy_gradient_loss | -0.000306    |
|    value_loss           | 8.35e-05     |
------------------------------------------
-------------------------------------------
| time/                   |               |
|    fps                  | 1226          |
|    iterations           | 89            |
|    time_elapsed         | 297           |
|    total_timesteps      | 364544        |
| train/                  |               |
|    approx_kl            | 0.00023502114 |
|    clip_fraction        | 0.00186       |
|    clip_range           | 0.2           |
|    entropy_loss         | -0.0554       |
|    explained_variance   | 0.889         |
|    learning_rate        | 0.0003        |
|    loss                 | 3.32e-06      |
|    n_updates            | 880           |
|    policy_gradient_loss | 6.74e-05      |
|    value_loss           | 0.00011       |
-------------------------------------------
  step  365000/500000 ( 73.0%)  mean_rew=-0.001
------------------------------------------
| time/                   |              |
|    fps                  | 1227         |
|    iterations           | 90           |
|    time_elapsed         | 300          |
|    total_timesteps      | 368640       |
| train/                  |              |
|    approx_kl            | 0.0003955419 |
|    clip_fraction        | 0.00361      |
|    clip_range           | 0.2          |
|    entropy_loss         | -0.0503      |
|    explained_variance   | 0.883        |
|    learning_rate        | 0.0003       |
|    loss                 | -0.000392    |
|    n_updates            | 890          |
|    policy_gradient_loss | -0.000404    |
|    value_loss           | 0.000109     |
------------------------------------------
  step  370000/500000 ( 74.0%)  mean_rew=-0.001
------------------------------------------
| time/                   |              |
|    fps                  | 1227         |
|    iterations           | 91           |
|    time_elapsed         | 303          |
|    total_timesteps      | 372736       |
| train/                  |              |
|    approx_kl            | 0.0004887511 |
|    clip_fraction        | 0.00718      |
|    clip_range           | 0.2          |
|    entropy_loss         | -0.0474      |
|    explained_variance   | 0.894        |
|    learning_rate        | 0.0003       |
|    loss                 | -0.000793    |
|    n_updates            | 900          |
|    policy_gradient_loss | -0.000187    |
|    value_loss           | 9.16e-05     |
------------------------------------------
  step  375000/500000 ( 75.0%)  mean_rew=-0.001
------------------------------------------
| time/                   |              |
|    fps                  | 1227         |
|    iterations           | 92           |
|    time_elapsed         | 306          |
|    total_timesteps      | 376832       |
| train/                  |              |
|    approx_kl            | 0.0008316412 |
|    clip_fraction        | 0.00488      |
|    clip_range           | 0.2          |
|    entropy_loss         | -0.0439      |
|    explained_variance   | 0.915        |
|    learning_rate        | 0.0003       |
|    loss                 | -0.00132     |
|    n_updates            | 910          |
|    policy_gradient_loss | -4.32e-05    |
|    value_loss           | 8.03e-05     |
------------------------------------------
  step  380000/500000 ( 76.0%)  mean_rew=+0.000
-------------------------------------------
| time/                   |               |
|    fps                  | 1229          |
|    iterations           | 93            |
|    time_elapsed         | 309           |
|    total_timesteps      | 380928        |
| train/                  |               |
|    approx_kl            | 0.00028008549 |
|    clip_fraction        | 0.00237       |
|    clip_range           | 0.2           |
|    entropy_loss         | -0.036        |
|    explained_variance   | 0.868         |
|    learning_rate        | 0.0003        |
|    loss                 | 0.00168       |
|    n_updates            | 920           |
|    policy_gradient_loss | -0.000166     |
|    value_loss           | 0.000138      |
-------------------------------------------
  step  385000/500000 ( 77.0%)  mean_rew=-0.001
------------------------------------------
| time/                   |              |
|    fps                  | 1230         |
|    iterations           | 94           |
|    time_elapsed         | 312          |
|    total_timesteps      | 385024       |
| train/                  |              |
|    approx_kl            | 0.0003601457 |
|    clip_fraction        | 0.00391      |
|    clip_range           | 0.2          |
|    entropy_loss         | -0.0415      |
|    explained_variance   | 0.9          |
|    learning_rate        | 0.0003       |
|    loss                 | -0.000173    |
|    n_updates            | 930          |
|    policy_gradient_loss | 9.48e-05     |
|    value_loss           | 8.38e-05     |
------------------------------------------
-------------------------------------------
| time/                   |               |
|    fps                  | 1231          |
|    iterations           | 95            |
|    time_elapsed         | 316           |
|    total_timesteps      | 389120        |
| train/                  |               |
|    approx_kl            | 0.00031042134 |
|    clip_fraction        | 0.00415       |
|    clip_range           | 0.2           |
|    entropy_loss         | -0.0393       |
|    explained_variance   | 0.913         |
|    learning_rate        | 0.0003        |
|    loss                 | -3.94e-05     |
|    n_updates            | 940           |
|    policy_gradient_loss | -4.55e-05     |
|    value_loss           | 8.19e-05      |
-------------------------------------------
  step  390000/500000 ( 78.0%)  mean_rew=-0.001
------------------------------------------
| time/                   |              |
|    fps                  | 1232         |
|    iterations           | 96           |
|    time_elapsed         | 319          |
|    total_timesteps      | 393216       |
| train/                  |              |
|    approx_kl            | 0.0003220861 |
|    clip_fraction        | 0.00488      |
|    clip_range           | 0.2          |
|    entropy_loss         | -0.0394      |
|    explained_variance   | 0.885        |
|    learning_rate        | 0.0003       |
|    loss                 | -0.00187     |
|    n_updates            | 950          |
|    policy_gradient_loss | -0.000309    |
|    value_loss           | 0.000118     |
------------------------------------------
  step  395000/500000 ( 79.0%)  mean_rew=-0.001
-------------------------------------------
| time/                   |               |
|    fps                  | 1233          |
|    iterations           | 97            |
|    time_elapsed         | 322           |
|    total_timesteps      | 397312        |
| train/                  |               |
|    approx_kl            | 0.00017327961 |
|    clip_fraction        | 0.00398       |
|    clip_range           | 0.2           |
|    entropy_loss         | -0.0429       |
|    explained_variance   | 0.89          |
|    learning_rate        | 0.0003        |
|    loss                 | -0.000159     |
|    n_updates            | 960           |
|    policy_gradient_loss | -0.000149     |
|    value_loss           | 0.000108      |
-------------------------------------------
  step  400000/500000 ( 80.0%)  mean_rew=+0.000
-------------------------------------------
| time/                   |               |
|    fps                  | 1234          |
|    iterations           | 98            |
|    time_elapsed         | 325           |
|    total_timesteps      | 401408        |
| train/                  |               |
|    approx_kl            | 0.00019782013 |
|    clip_fraction        | 0.00464       |
|    clip_range           | 0.2           |
|    entropy_loss         | -0.0447       |
|    explained_variance   | 0.941         |
|    learning_rate        | 0.0003        |
|    loss                 | 0.000101      |
|    n_updates            | 970           |
|    policy_gradient_loss | -0.000115     |
|    value_loss           | 5.69e-05      |
-------------------------------------------
  step  405000/500000 ( 81.0%)  mean_rew=+0.003
------------------------------------------
| time/                   |              |
|    fps                  | 1235         |
|    iterations           | 99           |
|    time_elapsed         | 328          |
|    total_timesteps      | 405504       |
| train/                  |              |
|    approx_kl            | 0.0011968489 |
|    clip_fraction        | 0.00554      |
|    clip_range           | 0.2          |
|    entropy_loss         | -0.0468      |
|    explained_variance   | 0.897        |
|    learning_rate        | 0.0003       |
|    loss                 | -0.000265    |
|    n_updates            | 980          |
|    policy_gradient_loss | -0.000129    |
|    value_loss           | 0.000107     |
------------------------------------------
------------------------------------------
| time/                   |              |
|    fps                  | 1236         |
|    iterations           | 100          |
|    time_elapsed         | 331          |
|    total_timesteps      | 409600       |
| train/                  |              |
|    approx_kl            | 0.0002035123 |
|    clip_fraction        | 0.00383      |
|    clip_range           | 0.2          |
|    entropy_loss         | -0.0438      |
|    explained_variance   | 0.882        |
|    learning_rate        | 0.0003       |
|    loss                 | -8.59e-05    |
|    n_updates            | 990          |
|    policy_gradient_loss | 3.66e-05     |
|    value_loss           | 0.000123     |
------------------------------------------
  step  410000/500000 ( 82.0%)  mean_rew=-0.001
------------------------------------------
| time/                   |              |
|    fps                  | 1237         |
|    iterations           | 101          |
|    time_elapsed         | 334          |
|    total_timesteps      | 413696       |
| train/                  |              |
|    approx_kl            | 0.0010583999 |
|    clip_fraction        | 0.00251      |
|    clip_range           | 0.2          |
|    entropy_loss         | -0.0428      |
|    explained_variance   | 0.91         |
|    learning_rate        | 0.0003       |
|    loss                 | -0.000991    |
|    n_updates            | 1000         |
|    policy_gradient_loss | -6.89e-05    |
|    value_loss           | 7.92e-05     |
------------------------------------------
  step  415000/500000 ( 83.0%)  mean_rew=-0.000
-------------------------------------------
| time/                   |               |
|    fps                  | 1238          |
|    iterations           | 102           |
|    time_elapsed         | 337           |
|    total_timesteps      | 417792        |
| train/                  |               |
|    approx_kl            | 0.00030803477 |
|    clip_fraction        | 0.0052        |
|    clip_range           | 0.2           |
|    entropy_loss         | -0.0475       |
|    explained_variance   | 0.933         |
|    learning_rate        | 0.0003        |
|    loss                 | -0.000321     |
|    n_updates            | 1010          |
|    policy_gradient_loss | -0.000331     |
|    value_loss           | 6.22e-05      |
-------------------------------------------
  step  420000/500000 ( 84.0%)  mean_rew=-0.000
------------------------------------------
| time/                   |              |
|    fps                  | 1239         |
|    iterations           | 103          |
|    time_elapsed         | 340          |
|    total_timesteps      | 421888       |
| train/                  |              |
|    approx_kl            | 0.0004842598 |
|    clip_fraction        | 0.00464      |
|    clip_range           | 0.2          |
|    entropy_loss         | -0.0439      |
|    explained_variance   | 0.884        |
|    learning_rate        | 0.0003       |
|    loss                 | 0.000548     |
|    n_updates            | 1020         |
|    policy_gradient_loss | -0.000195    |
|    value_loss           | 0.000117     |
------------------------------------------
  step  425000/500000 ( 85.0%)  mean_rew=-0.000
------------------------------------------
| time/                   |              |
|    fps                  | 1240         |
|    iterations           | 104          |
|    time_elapsed         | 343          |
|    total_timesteps      | 425984       |
| train/                  |              |
|    approx_kl            | 0.0008101538 |
|    clip_fraction        | 0.00571      |
|    clip_range           | 0.2          |
|    entropy_loss         | -0.049       |
|    explained_variance   | 0.9          |
|    learning_rate        | 0.0003       |
|    loss                 | -0.00017     |
|    n_updates            | 1030         |
|    policy_gradient_loss | -0.000451    |
|    value_loss           | 9.16e-05     |
------------------------------------------
  step  430000/500000 ( 86.0%)  mean_rew=-0.001
-------------------------------------------
| time/                   |               |
|    fps                  | 1240          |
|    iterations           | 105           |
|    time_elapsed         | 346           |
|    total_timesteps      | 430080        |
| train/                  |               |
|    approx_kl            | 0.00081938255 |
|    clip_fraction        | 0.00522       |
|    clip_range           | 0.2           |
|    entropy_loss         | -0.0445       |
|    explained_variance   | 0.941         |
|    learning_rate        | 0.0003        |
|    loss                 | -0.000365     |
|    n_updates            | 1040          |
|    policy_gradient_loss | -0.000224     |
|    value_loss           | 5.4e-05       |
-------------------------------------------
-------------------------------------------
| time/                   |               |
|    fps                  | 1241          |
|    iterations           | 106           |
|    time_elapsed         | 349           |
|    total_timesteps      | 434176        |
| train/                  |               |
|    approx_kl            | 0.00044211437 |
|    clip_fraction        | 0.00535       |
|    clip_range           | 0.2           |
|    entropy_loss         | -0.0381       |
|    explained_variance   | 0.885         |
|    learning_rate        | 0.0003        |
|    loss                 | -0.000377     |
|    n_updates            | 1050          |
|    policy_gradient_loss | -0.000277     |
|    value_loss           | 0.000111      |
-------------------------------------------
  step  435000/500000 ( 87.0%)  mean_rew=-0.001
------------------------------------------
| time/                   |              |
|    fps                  | 1243         |
|    iterations           | 107          |
|    time_elapsed         | 352          |
|    total_timesteps      | 438272       |
| train/                  |              |
|    approx_kl            | 9.247898e-05 |
|    clip_fraction        | 0.00234      |
|    clip_range           | 0.2          |
|    entropy_loss         | -0.0365      |
|    explained_variance   | 0.871        |
|    learning_rate        | 0.0003       |
|    loss                 | 0.000534     |
|    n_updates            | 1060         |
|    policy_gradient_loss | -3.1e-05     |
|    value_loss           | 0.000126     |
------------------------------------------
  step  440000/500000 ( 88.0%)  mean_rew=-0.002
------------------------------------------
| time/                   |              |
|    fps                  | 1243         |
|    iterations           | 108          |
|    time_elapsed         | 355          |
|    total_timesteps      | 442368       |
| train/                  |              |
|    approx_kl            | 0.0070264116 |
|    clip_fraction        | 0.0629       |
|    clip_range           | 0.2          |
|    entropy_loss         | -0.0975      |
|    explained_variance   | 0.901        |
|    learning_rate        | 0.0003       |
|    loss                 | -0.0037      |
|    n_updates            | 1070         |
|    policy_gradient_loss | -0.00342     |
|    value_loss           | 7.99e-05     |
------------------------------------------
  step  445000/500000 ( 89.0%)  mean_rew=-0.000
-------------------------------------------
| time/                   |               |
|    fps                  | 1244          |
|    iterations           | 109           |
|    time_elapsed         | 358           |
|    total_timesteps      | 446464        |
| train/                  |               |
|    approx_kl            | 0.00030212637 |
|    clip_fraction        | 0.00813       |
|    clip_range           | 0.2           |
|    entropy_loss         | -0.101        |
|    explained_variance   | 0.927         |
|    learning_rate        | 0.0003        |
|    loss                 | -8.01e-05     |
|    n_updates            | 1080          |
|    policy_gradient_loss | 6.23e-05      |
|    value_loss           | 6.69e-05      |
-------------------------------------------
  step  450000/500000 ( 90.0%)  mean_rew=+0.001
------------------------------------------
| time/                   |              |
|    fps                  | 1245         |
|    iterations           | 110          |
|    time_elapsed         | 361          |
|    total_timesteps      | 450560       |
| train/                  |              |
|    approx_kl            | 0.0008598852 |
|    clip_fraction        | 0.00991      |
|    clip_range           | 0.2          |
|    entropy_loss         | -0.103       |
|    explained_variance   | 0.875        |
|    learning_rate        | 0.0003       |
|    loss                 | 0.000216     |
|    n_updates            | 1090         |
|    policy_gradient_loss | -0.000237    |
|    value_loss           | 0.000119     |
------------------------------------------
------------------------------------------
| time/                   |              |
|    fps                  | 1246         |
|    iterations           | 111          |
|    time_elapsed         | 364          |
|    total_timesteps      | 454656       |
| train/                  |              |
|    approx_kl            | 0.0006736147 |
|    clip_fraction        | 0.00762      |
|    clip_range           | 0.2          |
|    entropy_loss         | -0.0984      |
|    explained_variance   | 0.893        |
|    learning_rate        | 0.0003       |
|    loss                 | 0.000802     |
|    n_updates            | 1100         |
|    policy_gradient_loss | -0.000277    |
|    value_loss           | 9.34e-05     |
------------------------------------------
  step  455000/500000 ( 91.0%)  mean_rew=-0.000
------------------------------------------
| time/                   |              |
|    fps                  | 1247         |
|    iterations           | 112          |
|    time_elapsed         | 367          |
|    total_timesteps      | 458752       |
| train/                  |              |
|    approx_kl            | 0.0016758707 |
|    clip_fraction        | 0.00483      |
|    clip_range           | 0.2          |
|    entropy_loss         | -0.0963      |
|    explained_variance   | 0.924        |
|    learning_rate        | 0.0003       |
|    loss                 | 0.00201      |
|    n_updates            | 1110         |
|    policy_gradient_loss | 4.28e-05     |
|    value_loss           | 6.75e-05     |
------------------------------------------
  step  460000/500000 ( 92.0%)  mean_rew=-0.001
------------------------------------------
| time/                   |              |
|    fps                  | 1247         |
|    iterations           | 113          |
|    time_elapsed         | 371          |
|    total_timesteps      | 462848       |
| train/                  |              |
|    approx_kl            | 0.0005262472 |
|    clip_fraction        | 0.00698      |
|    clip_range           | 0.2          |
|    entropy_loss         | -0.0872      |
|    explained_variance   | 0.869        |
|    learning_rate        | 0.0003       |
|    loss                 | 0.000266     |
|    n_updates            | 1120         |
|    policy_gradient_loss | -0.000194    |
|    value_loss           | 0.000128     |
------------------------------------------
  step  465000/500000 ( 93.0%)  mean_rew=-0.002
-------------------------------------------
| time/                   |               |
|    fps                  | 1248          |
|    iterations           | 114           |
|    time_elapsed         | 373           |
|    total_timesteps      | 466944        |
| train/                  |               |
|    approx_kl            | 0.00044108086 |
|    clip_fraction        | 0.00974       |
|    clip_range           | 0.2           |
|    entropy_loss         | -0.0788       |
|    explained_variance   | 0.887         |
|    learning_rate        | 0.0003        |
|    loss                 | 0.000151      |
|    n_updates            | 1130          |
|    policy_gradient_loss | -0.000376     |
|    value_loss           | 0.000111      |
-------------------------------------------
  step  470000/500000 ( 94.0%)  mean_rew=-0.001
-------------------------------------------
| time/                   |               |
|    fps                  | 1249          |
|    iterations           | 115           |
|    time_elapsed         | 377           |
|    total_timesteps      | 471040        |
| train/                  |               |
|    approx_kl            | 0.00032211043 |
|    clip_fraction        | 0.0074        |
|    clip_range           | 0.2           |
|    entropy_loss         | -0.0779       |
|    explained_variance   | 0.905         |
|    learning_rate        | 0.0003        |
|    loss                 | 0.000523      |
|    n_updates            | 1140          |
|    policy_gradient_loss | -0.000114     |
|    value_loss           | 7.73e-05      |
-------------------------------------------
  step  475000/500000 ( 95.0%)  mean_rew=-0.001
------------------------------------------
| time/                   |              |
|    fps                  | 1249         |
|    iterations           | 116          |
|    time_elapsed         | 380          |
|    total_timesteps      | 475136       |
| train/                  |              |
|    approx_kl            | 0.0005615846 |
|    clip_fraction        | 0.0129       |
|    clip_range           | 0.2          |
|    entropy_loss         | -0.0782      |
|    explained_variance   | 0.925        |
|    learning_rate        | 0.0003       |
|    loss                 | -0.000239    |
|    n_updates            | 1150         |
|    policy_gradient_loss | -0.000241    |
|    value_loss           | 6.48e-05     |
------------------------------------------
------------------------------------------
| time/                   |              |
|    fps                  | 1250         |
|    iterations           | 117          |
|    time_elapsed         | 383          |
|    total_timesteps      | 479232       |
| train/                  |              |
|    approx_kl            | 0.0003967874 |
|    clip_fraction        | 0.00654      |
|    clip_range           | 0.2          |
|    entropy_loss         | -0.0698      |
|    explained_variance   | 0.881        |
|    learning_rate        | 0.0003       |
|    loss                 | 5.27e-06     |
|    n_updates            | 1160         |
|    policy_gradient_loss | -0.000407    |
|    value_loss           | 0.000112     |
------------------------------------------
  step  480000/500000 ( 96.0%)  mean_rew=-0.004
-------------------------------------------
| time/                   |               |
|    fps                  | 1251          |
|    iterations           | 118           |
|    time_elapsed         | 386           |
|    total_timesteps      | 483328        |
| train/                  |               |
|    approx_kl            | 0.00033996312 |
|    clip_fraction        | 0.0051        |
|    clip_range           | 0.2           |
|    entropy_loss         | -0.0702       |
|    explained_variance   | 0.897         |
|    learning_rate        | 0.0003        |
|    loss                 | 0.000364      |
|    n_updates            | 1170          |
|    policy_gradient_loss | 3.4e-05       |
|    value_loss           | 8.6e-05       |
-------------------------------------------
  step  485000/500000 ( 97.0%)  mean_rew=-0.002
------------------------------------------
| time/                   |              |
|    fps                  | 1251         |
|    iterations           | 119          |
|    time_elapsed         | 389          |
|    total_timesteps      | 487424       |
| train/                  |              |
|    approx_kl            | 0.0005093563 |
|    clip_fraction        | 0.00901      |
|    clip_range           | 0.2          |
|    entropy_loss         | -0.0625      |
|    explained_variance   | 0.914        |
|    learning_rate        | 0.0003       |
|    loss                 | -0.00144     |
|    n_updates            | 1180         |
|    policy_gradient_loss | -0.000248    |
|    value_loss           | 7.83e-05     |
------------------------------------------
  step  490000/500000 ( 98.0%)  mean_rew=+0.001
-------------------------------------------
| time/                   |               |
|    fps                  | 1252          |
|    iterations           | 120           |
|    time_elapsed         | 392           |
|    total_timesteps      | 491520        |
| train/                  |               |
|    approx_kl            | 0.00032849784 |
|    clip_fraction        | 0.00583       |
|    clip_range           | 0.2           |
|    entropy_loss         | -0.0555       |
|    explained_variance   | 0.873         |
|    learning_rate        | 0.0003        |
|    loss                 | 1.83e-05      |
|    n_updates            | 1190          |
|    policy_gradient_loss | -5.05e-05     |
|    value_loss           | 0.000119      |
-------------------------------------------
  step  495000/500000 ( 99.0%)  mean_rew=+0.000
-------------------------------------------
| time/                   |               |
|    fps                  | 1253          |
|    iterations           | 121           |
|    time_elapsed         | 395           |
|    total_timesteps      | 495616        |
| train/                  |               |
|    approx_kl            | 0.00056604086 |
|    clip_fraction        | 0.00337       |
|    clip_range           | 0.2           |
|    entropy_loss         | -0.0521       |
|    explained_variance   | 0.87          |
|    learning_rate        | 0.0003        |
|    loss                 | -0.000559     |
|    n_updates            | 1200          |
|    policy_gradient_loss | -0.000174     |
|    value_loss           | 0.000133      |
-------------------------------------------
-------------------------------------------
| time/                   |               |
|    fps                  | 1253          |
|    iterations           | 122           |
|    time_elapsed         | 398           |
|    total_timesteps      | 499712        |
| train/                  |               |
|    approx_kl            | 0.00042286725 |
|    clip_fraction        | 0.00474       |
|    clip_range           | 0.2           |
|    entropy_loss         | -0.0515       |
|    explained_variance   | 0.9           |
|    learning_rate        | 0.0003        |
|    loss                 | 0.000151      |
|    n_updates            | 1210          |
|    policy_gradient_loss | -0.000144     |
|    value_loss           | 8.36e-05      |
-------------------------------------------
  step  500000/500000 (100.0%)  mean_rew=-0.002
-------------------------------------------
| time/                   |               |
|    fps                  | 1253          |
|    iterations           | 123           |
|    time_elapsed         | 401           |
|    total_timesteps      | 503808        |
| train/                  |               |
|    approx_kl            | 0.00033376046 |
|    clip_fraction        | 0.00354       |
|    clip_range           | 0.2           |
|    entropy_loss         | -0.0591       |
|    explained_variance   | 0.92          |
|    learning_rate        | 0.0003        |
|    loss                 | 0.000274      |
|    n_updates            | 1220          |
|    policy_gradient_loss | -4.48e-05     |
|    value_loss           | 7.56e-05      |
-------------------------------------------
[cologne8-PPO] Done. Saved -> /workspace/rl-traffic/exp_cologne8_real/ppo_queue_s2025
