Using libsumo as traci as requested by environment variable.
[cologne8-PPO] 8 agents | reward=wait-clip | seed=123
  obs=(7,) | act=Discrete(4)
Using cpu device
-----------------------------
| time/              |      |
|    fps             | 1529 |
|    iterations      | 1    |
|    time_elapsed    | 2    |
|    total_timesteps | 4096 |
-----------------------------
  step    5000/500000 (  1.0%)  mean_rew=-0.120
-----------------------------------------
| time/                   |             |
|    fps                  | 1239        |
|    iterations           | 2           |
|    time_elapsed         | 6           |
|    total_timesteps      | 8192        |
| train/                  |             |
|    approx_kl            | 0.014874907 |
|    clip_fraction        | 0.0464      |
|    clip_range           | 0.2         |
|    entropy_loss         | -1.38       |
|    explained_variance   | 0.00464     |
|    learning_rate        | 0.0003      |
|    loss                 | 45.7        |
|    n_updates            | 10          |
|    policy_gradient_loss | -0.00634    |
|    value_loss           | 154         |
-----------------------------------------
  step   10000/500000 (  2.0%)  mean_rew=-0.130
-----------------------------------------
| time/                   |             |
|    fps                  | 1225        |
|    iterations           | 3           |
|    time_elapsed         | 10          |
|    total_timesteps      | 12288       |
| train/                  |             |
|    approx_kl            | 0.011977401 |
|    clip_fraction        | 0.118       |
|    clip_range           | 0.2         |
|    entropy_loss         | -1.34       |
|    explained_variance   | 0.235       |
|    learning_rate        | 0.0003      |
|    loss                 | 10.5        |
|    n_updates            | 20          |
|    policy_gradient_loss | -0.00873    |
|    value_loss           | 21.9        |
-----------------------------------------
  step   15000/500000 (  3.0%)  mean_rew=-0.047
-----------------------------------------
| time/                   |             |
|    fps                  | 1199        |
|    iterations           | 4           |
|    time_elapsed         | 13          |
|    total_timesteps      | 16384       |
| train/                  |             |
|    approx_kl            | 0.010359068 |
|    clip_fraction        | 0.0704      |
|    clip_range           | 0.2         |
|    entropy_loss         | -1.29       |
|    explained_variance   | 0.378       |
|    learning_rate        | 0.0003      |
|    loss                 | 7.49        |
|    n_updates            | 30          |
|    policy_gradient_loss | -0.0066     |
|    value_loss           | 20.9        |
-----------------------------------------
  step   20000/500000 (  4.0%)  mean_rew=-0.106
-----------------------------------------
| time/                   |             |
|    fps                  | 1184        |
|    iterations           | 5           |
|    time_elapsed         | 17          |
|    total_timesteps      | 20480       |
| train/                  |             |
|    approx_kl            | 0.009714263 |
|    clip_fraction        | 0.0677      |
|    clip_range           | 0.2         |
|    entropy_loss         | -1.24       |
|    explained_variance   | 0.43        |
|    learning_rate        | 0.0003      |
|    loss                 | 15          |
|    n_updates            | 40          |
|    policy_gradient_loss | -0.00823    |
|    value_loss           | 30.4        |
-----------------------------------------
------------------------------------------
| time/                   |              |
|    fps                  | 1185         |
|    iterations           | 6            |
|    time_elapsed         | 20           |
|    total_timesteps      | 24576        |
| train/                  |              |
|    approx_kl            | 0.0093383575 |
|    clip_fraction        | 0.0675       |
|    clip_range           | 0.2          |
|    entropy_loss         | -1.23        |
|    explained_variance   | 0.602        |
|    learning_rate        | 0.0003       |
|    loss                 | 8.57         |
|    n_updates            | 50           |
|    policy_gradient_loss | -0.00964     |
|    value_loss           | 14.7         |
------------------------------------------
  step   25000/500000 (  5.0%)  mean_rew=-0.468
------------------------------------------
| time/                   |              |
|    fps                  | 1184         |
|    iterations           | 7            |
|    time_elapsed         | 24           |
|    total_timesteps      | 28672        |
| train/                  |              |
|    approx_kl            | 0.0116436295 |
|    clip_fraction        | 0.125        |
|    clip_range           | 0.2          |
|    entropy_loss         | -1.16        |
|    explained_variance   | 0.849        |
|    learning_rate        | 0.0003       |
|    loss                 | 1.05         |
|    n_updates            | 60           |
|    policy_gradient_loss | -0.00712     |
|    value_loss           | 3.82         |
------------------------------------------
  step   30000/500000 (  6.0%)  mean_rew=-0.006
-----------------------------------------
| time/                   |             |
|    fps                  | 1180        |
|    iterations           | 8           |
|    time_elapsed         | 27          |
|    total_timesteps      | 32768       |
| train/                  |             |
|    approx_kl            | 0.013692533 |
|    clip_fraction        | 0.0763      |
|    clip_range           | 0.2         |
|    entropy_loss         | -1.1        |
|    explained_variance   | 0.777       |
|    learning_rate        | 0.0003      |
|    loss                 | 5.45        |
|    n_updates            | 70          |
|    policy_gradient_loss | -0.00615    |
|    value_loss           | 6.82        |
-----------------------------------------
  step   35000/500000 (  7.0%)  mean_rew=+0.000
-----------------------------------------
| time/                   |             |
|    fps                  | 1179        |
|    iterations           | 9           |
|    time_elapsed         | 31          |
|    total_timesteps      | 36864       |
| train/                  |             |
|    approx_kl            | 0.011676655 |
|    clip_fraction        | 0.11        |
|    clip_range           | 0.2         |
|    entropy_loss         | -0.995      |
|    explained_variance   | 0.865       |
|    learning_rate        | 0.0003      |
|    loss                 | 2.09        |
|    n_updates            | 80          |
|    policy_gradient_loss | -0.00644    |
|    value_loss           | 2.74        |
-----------------------------------------
  step   40000/500000 (  8.0%)  mean_rew=-0.007
-----------------------------------------
| time/                   |             |
|    fps                  | 1184        |
|    iterations           | 10          |
|    time_elapsed         | 34          |
|    total_timesteps      | 40960       |
| train/                  |             |
|    approx_kl            | 0.011354024 |
|    clip_fraction        | 0.0849      |
|    clip_range           | 0.2         |
|    entropy_loss         | -0.9        |
|    explained_variance   | 0.878       |
|    learning_rate        | 0.0003      |
|    loss                 | 0.864       |
|    n_updates            | 90          |
|    policy_gradient_loss | -0.00649    |
|    value_loss           | 1.64        |
-----------------------------------------
  step   45000/500000 (  9.0%)  mean_rew=-0.010
------------------------------------------
| time/                   |              |
|    fps                  | 1181         |
|    iterations           | 11           |
|    time_elapsed         | 38           |
|    total_timesteps      | 45056        |
| train/                  |              |
|    approx_kl            | 0.0027603798 |
|    clip_fraction        | 0.0366       |
|    clip_range           | 0.2          |
|    entropy_loss         | -0.846       |
|    explained_variance   | 0.885        |
|    learning_rate        | 0.0003       |
|    loss                 | 0.363        |
|    n_updates            | 100          |
|    policy_gradient_loss | -0.00112     |
|    value_loss           | 0.999        |
------------------------------------------
-----------------------------------------
| time/                   |             |
|    fps                  | 1179        |
|    iterations           | 12          |
|    time_elapsed         | 41          |
|    total_timesteps      | 49152       |
| train/                  |             |
|    approx_kl            | 0.012209106 |
|    clip_fraction        | 0.116       |
|    clip_range           | 0.2         |
|    entropy_loss         | -0.757      |
|    explained_variance   | 0.928       |
|    learning_rate        | 0.0003      |
|    loss                 | 0.289       |
|    n_updates            | 110         |
|    policy_gradient_loss | -0.00845    |
|    value_loss           | 0.488       |
-----------------------------------------
  step   50000/500000 ( 10.0%)  mean_rew=-0.019
------------------------------------------
| time/                   |              |
|    fps                  | 1182         |
|    iterations           | 13           |
|    time_elapsed         | 45           |
|    total_timesteps      | 53248        |
| train/                  |              |
|    approx_kl            | 0.0031276955 |
|    clip_fraction        | 0.0283       |
|    clip_range           | 0.2          |
|    entropy_loss         | -0.714       |
|    explained_variance   | 0.882        |
|    learning_rate        | 0.0003       |
|    loss                 | 0.399        |
|    n_updates            | 120          |
|    policy_gradient_loss | -0.00164     |
|    value_loss           | 0.702        |
------------------------------------------
  step   55000/500000 ( 11.0%)  mean_rew=-0.006
-----------------------------------------
| time/                   |             |
|    fps                  | 1182        |
|    iterations           | 14          |
|    time_elapsed         | 48          |
|    total_timesteps      | 57344       |
| train/                  |             |
|    approx_kl            | 0.009508703 |
|    clip_fraction        | 0.0588      |
|    clip_range           | 0.2         |
|    entropy_loss         | -0.694      |
|    explained_variance   | 0.888       |
|    learning_rate        | 0.0003      |
|    loss                 | 0.211       |
|    n_updates            | 130         |
|    policy_gradient_loss | -0.00398    |
|    value_loss           | 0.447       |
-----------------------------------------
  step   60000/500000 ( 12.0%)  mean_rew=-0.001
------------------------------------------
| time/                   |              |
|    fps                  | 1181         |
|    iterations           | 15           |
|    time_elapsed         | 51           |
|    total_timesteps      | 61440        |
| train/                  |              |
|    approx_kl            | 0.0058178366 |
|    clip_fraction        | 0.0718       |
|    clip_range           | 0.2          |
|    entropy_loss         | -0.62        |
|    explained_variance   | 0.956        |
|    learning_rate        | 0.0003       |
|    loss                 | 0.0638       |
|    n_updates            | 140          |
|    policy_gradient_loss | -0.00562     |
|    value_loss           | 0.117        |
------------------------------------------
  step   65000/500000 ( 13.0%)  mean_rew=-0.010
------------------------------------------
| time/                   |              |
|    fps                  | 1181         |
|    iterations           | 16           |
|    time_elapsed         | 55           |
|    total_timesteps      | 65536        |
| train/                  |              |
|    approx_kl            | 0.0038074465 |
|    clip_fraction        | 0.0417       |
|    clip_range           | 0.2          |
|    entropy_loss         | -0.572       |
|    explained_variance   | 0.898        |
|    learning_rate        | 0.0003       |
|    loss                 | 0.0762       |
|    n_updates            | 150          |
|    policy_gradient_loss | -0.00161     |
|    value_loss           | 0.278        |
------------------------------------------
-----------------------------------------
| time/                   |             |
|    fps                  | 1183        |
|    iterations           | 17          |
|    time_elapsed         | 58          |
|    total_timesteps      | 69632       |
| train/                  |             |
|    approx_kl            | 0.004612493 |
|    clip_fraction        | 0.0721      |
|    clip_range           | 0.2         |
|    entropy_loss         | -0.512      |
|    explained_variance   | 0.88        |
|    learning_rate        | 0.0003      |
|    loss                 | 0.0903      |
|    n_updates            | 160         |
|    policy_gradient_loss | -0.006      |
|    value_loss           | 0.286       |
-----------------------------------------
  step   70000/500000 ( 14.0%)  mean_rew=-0.004
-----------------------------------------
| time/                   |             |
|    fps                  | 1183        |
|    iterations           | 18          |
|    time_elapsed         | 62          |
|    total_timesteps      | 73728       |
| train/                  |             |
|    approx_kl            | 0.002986913 |
|    clip_fraction        | 0.0269      |
|    clip_range           | 0.2         |
|    entropy_loss         | -0.484      |
|    explained_variance   | 0.897       |
|    learning_rate        | 0.0003      |
|    loss                 | 0.115       |
|    n_updates            | 170         |
|    policy_gradient_loss | -0.00103    |
|    value_loss           | 0.152       |
-----------------------------------------
  step   75000/500000 ( 15.0%)  mean_rew=-0.007
------------------------------------------
| time/                   |              |
|    fps                  | 1181         |
|    iterations           | 19           |
|    time_elapsed         | 65           |
|    total_timesteps      | 77824        |
| train/                  |              |
|    approx_kl            | 0.0042528496 |
|    clip_fraction        | 0.0365       |
|    clip_range           | 0.2          |
|    entropy_loss         | -0.438       |
|    explained_variance   | 0.97         |
|    learning_rate        | 0.0003       |
|    loss                 | 0.0111       |
|    n_updates            | 180          |
|    policy_gradient_loss | -0.00282     |
|    value_loss           | 0.0291       |
------------------------------------------
  step   80000/500000 ( 16.0%)  mean_rew=-0.010
----------------------------------------
| time/                   |            |
|    fps                  | 1184       |
|    iterations           | 20         |
|    time_elapsed         | 69         |
|    total_timesteps      | 81920      |
| train/                  |            |
|    approx_kl            | 0.00377953 |
|    clip_fraction        | 0.0346     |
|    clip_range           | 0.2        |
|    entropy_loss         | -0.404     |
|    explained_variance   | 0.902      |
|    learning_rate        | 0.0003     |
|    loss                 | 0.0497     |
|    n_updates            | 190        |
|    policy_gradient_loss | -0.00296   |
|    value_loss           | 0.105      |
----------------------------------------
  step   85000/500000 ( 17.0%)  mean_rew=-0.009
------------------------------------------
| time/                   |              |
|    fps                  | 1184         |
|    iterations           | 21           |
|    time_elapsed         | 72           |
|    total_timesteps      | 86016        |
| train/                  |              |
|    approx_kl            | 0.0061813304 |
|    clip_fraction        | 0.0375       |
|    clip_range           | 0.2          |
|    entropy_loss         | -0.353       |
|    explained_variance   | 0.901        |
|    learning_rate        | 0.0003       |
|    loss                 | 0.0442       |
|    n_updates            | 200          |
|    policy_gradient_loss | -0.00212     |
|    value_loss           | 0.0738       |
------------------------------------------
  step   90000/500000 ( 18.0%)  mean_rew=+0.000
-----------------------------------------
| time/                   |             |
|    fps                  | 1183        |
|    iterations           | 22          |
|    time_elapsed         | 76          |
|    total_timesteps      | 90112       |
| train/                  |             |
|    approx_kl            | 0.001726807 |
|    clip_fraction        | 0.0146      |
|    clip_range           | 0.2         |
|    entropy_loss         | -0.325      |
|    explained_variance   | 0.967       |
|    learning_rate        | 0.0003      |
|    loss                 | -0.00345    |
|    n_updates            | 210         |
|    policy_gradient_loss | -0.00154    |
|    value_loss           | 0.0196      |
-----------------------------------------
------------------------------------------
| time/                   |              |
|    fps                  | 1183         |
|    iterations           | 23           |
|    time_elapsed         | 79           |
|    total_timesteps      | 94208        |
| train/                  |              |
|    approx_kl            | 0.0058963904 |
|    clip_fraction        | 0.032        |
|    clip_range           | 0.2          |
|    entropy_loss         | -0.31        |
|    explained_variance   | 0.888        |
|    learning_rate        | 0.0003       |
|    loss                 | 0.0421       |
|    n_updates            | 220          |
|    policy_gradient_loss | -0.00168     |
|    value_loss           | 0.0717       |
------------------------------------------
  step   95000/500000 ( 19.0%)  mean_rew=-0.006
------------------------------------------
| time/                   |              |
|    fps                  | 1185         |
|    iterations           | 24           |
|    time_elapsed         | 82           |
|    total_timesteps      | 98304        |
| train/                  |              |
|    approx_kl            | 0.0021248609 |
|    clip_fraction        | 0.0159       |
|    clip_range           | 0.2          |
|    entropy_loss         | -0.287       |
|    explained_variance   | 0.901        |
|    learning_rate        | 0.0003       |
|    loss                 | 0.00915      |
|    n_updates            | 230          |
|    policy_gradient_loss | -0.00134     |
|    value_loss           | 0.0494       |
------------------------------------------
  step  100000/500000 ( 20.0%)  mean_rew=-0.006
------------------------------------------
| time/                   |              |
|    fps                  | 1185         |
|    iterations           | 25           |
|    time_elapsed         | 86           |
|    total_timesteps      | 102400       |
| train/                  |              |
|    approx_kl            | 0.0037454811 |
|    clip_fraction        | 0.0363       |
|    clip_range           | 0.2          |
|    entropy_loss         | -0.278       |
|    explained_variance   | 0.904        |
|    learning_rate        | 0.0003       |
|    loss                 | 0.0153       |
|    n_updates            | 240          |
|    policy_gradient_loss | -0.00341     |
|    value_loss           | 0.0344       |
------------------------------------------
  step  105000/500000 ( 21.0%)  mean_rew=-0.013
------------------------------------------
| time/                   |              |
|    fps                  | 1184         |
|    iterations           | 26           |
|    time_elapsed         | 89           |
|    total_timesteps      | 106496       |
| train/                  |              |
|    approx_kl            | 0.0035449658 |
|    clip_fraction        | 0.0287       |
|    clip_range           | 0.2          |
|    entropy_loss         | -0.258       |
|    explained_variance   | 0.942        |
|    learning_rate        | 0.0003       |
|    loss                 | 0.0116       |
|    n_updates            | 250          |
|    policy_gradient_loss | -0.00271     |
|    value_loss           | 0.0232       |
------------------------------------------
  step  110000/500000 ( 22.0%)  mean_rew=+0.000
------------------------------------------
| time/                   |              |
|    fps                  | 1185         |
|    iterations           | 27           |
|    time_elapsed         | 93           |
|    total_timesteps      | 110592       |
| train/                  |              |
|    approx_kl            | 0.0054509547 |
|    clip_fraction        | 0.0294       |
|    clip_range           | 0.2          |
|    entropy_loss         | -0.276       |
|    explained_variance   | 0.896        |
|    learning_rate        | 0.0003       |
|    loss                 | 0.0237       |
|    n_updates            | 260          |
|    policy_gradient_loss | -0.000878    |
|    value_loss           | 0.0361       |
------------------------------------------
------------------------------------------
| time/                   |              |
|    fps                  | 1185         |
|    iterations           | 28           |
|    time_elapsed         | 96           |
|    total_timesteps      | 114688       |
| train/                  |              |
|    approx_kl            | 0.0029702059 |
|    clip_fraction        | 0.0356       |
|    clip_range           | 0.2          |
|    entropy_loss         | -0.278       |
|    explained_variance   | 0.908        |
|    learning_rate        | 0.0003       |
|    loss                 | 0.00553      |
|    n_updates            | 270          |
|    policy_gradient_loss | -0.000871    |
|    value_loss           | 0.0242       |
------------------------------------------
  step  115000/500000 ( 23.0%)  mean_rew=+0.000
------------------------------------------
| time/                   |              |
|    fps                  | 1184         |
|    iterations           | 29           |
|    time_elapsed         | 100          |
|    total_timesteps      | 118784       |
| train/                  |              |
|    approx_kl            | 0.0021328714 |
|    clip_fraction        | 0.0183       |
|    clip_range           | 0.2          |
|    entropy_loss         | -0.276       |
|    explained_variance   | 0.769        |
|    learning_rate        | 0.0003       |
|    loss                 | 0.00293      |
|    n_updates            | 280          |
|    policy_gradient_loss | -0.000565    |
|    value_loss           | 0.0859       |
------------------------------------------
  step  120000/500000 ( 24.0%)  mean_rew=-0.004
------------------------------------------
| time/                   |              |
|    fps                  | 1184         |
|    iterations           | 30           |
|    time_elapsed         | 103          |
|    total_timesteps      | 122880       |
| train/                  |              |
|    approx_kl            | 0.0013436655 |
|    clip_fraction        | 0.0132       |
|    clip_range           | 0.2          |
|    entropy_loss         | -0.262       |
|    explained_variance   | 0.888        |
|    learning_rate        | 0.0003       |
|    loss                 | 0.0192       |
|    n_updates            | 290          |
|    policy_gradient_loss | -0.00111     |
|    value_loss           | 0.0318       |
------------------------------------------
  step  125000/500000 ( 25.0%)  mean_rew=-0.008
------------------------------------------
| time/                   |              |
|    fps                  | 1185         |
|    iterations           | 31           |
|    time_elapsed         | 107          |
|    total_timesteps      | 126976       |
| train/                  |              |
|    approx_kl            | 0.0020945296 |
|    clip_fraction        | 0.0295       |
|    clip_range           | 0.2          |
|    entropy_loss         | -0.244       |
|    explained_variance   | 0.899        |
|    learning_rate        | 0.0003       |
|    loss                 | 0.0121       |
|    n_updates            | 300          |
|    policy_gradient_loss | -0.000704    |
|    value_loss           | 0.0247       |
------------------------------------------
  step  130000/500000 ( 26.0%)  mean_rew=-0.011
------------------------------------------
| time/                   |              |
|    fps                  | 1184         |
|    iterations           | 32           |
|    time_elapsed         | 110          |
|    total_timesteps      | 131072       |
| train/                  |              |
|    approx_kl            | 0.0014050566 |
|    clip_fraction        | 0.0158       |
|    clip_range           | 0.2          |
|    entropy_loss         | -0.24        |
|    explained_variance   | 0.805        |
|    learning_rate        | 0.0003       |
|    loss                 | 0.00253      |
|    n_updates            | 310          |
|    policy_gradient_loss | -0.000571    |
|    value_loss           | 0.047        |
------------------------------------------
  step  135000/500000 ( 27.0%)  mean_rew=+0.000
------------------------------------------
| time/                   |              |
|    fps                  | 1184         |
|    iterations           | 33           |
|    time_elapsed         | 114          |
|    total_timesteps      | 135168       |
| train/                  |              |
|    approx_kl            | 0.0012589304 |
|    clip_fraction        | 0.0155       |
|    clip_range           | 0.2          |
|    entropy_loss         | -0.233       |
|    explained_variance   | 0.924        |
|    learning_rate        | 0.0003       |
|    loss                 | 0.00374      |
|    n_updates            | 320          |
|    policy_gradient_loss | -0.000825    |
|    value_loss           | 0.0166       |
------------------------------------------
-----------------------------------------
| time/                   |             |
|    fps                  | 1185        |
|    iterations           | 34          |
|    time_elapsed         | 117         |
|    total_timesteps      | 139264      |
| train/                  |             |
|    approx_kl            | 0.000813668 |
|    clip_fraction        | 0.00981     |
|    clip_range           | 0.2         |
|    entropy_loss         | -0.22       |
|    explained_variance   | 0.889       |
|    learning_rate        | 0.0003      |
|    loss                 | 0.00789     |
|    n_updates            | 330         |
|    policy_gradient_loss | -0.000587   |
|    value_loss           | 0.0237      |
-----------------------------------------
  step  140000/500000 ( 28.0%)  mean_rew=-0.001
------------------------------------------
| time/                   |              |
|    fps                  | 1184         |
|    iterations           | 35           |
|    time_elapsed         | 121          |
|    total_timesteps      | 143360       |
| train/                  |              |
|    approx_kl            | 0.0022333597 |
|    clip_fraction        | 0.0178       |
|    clip_range           | 0.2          |
|    entropy_loss         | -0.21        |
|    explained_variance   | 0.886        |
|    learning_rate        | 0.0003       |
|    loss                 | 0.00647      |
|    n_updates            | 340          |
|    policy_gradient_loss | -0.000559    |
|    value_loss           | 0.0213       |
------------------------------------------
  step  145000/500000 ( 29.0%)  mean_rew=-0.006
------------------------------------------
| time/                   |              |
|    fps                  | 1183         |
|    iterations           | 36           |
|    time_elapsed         | 124          |
|    total_timesteps      | 147456       |
| train/                  |              |
|    approx_kl            | 0.0014335823 |
|    clip_fraction        | 0.019        |
|    clip_range           | 0.2          |
|    entropy_loss         | -0.194       |
|    explained_variance   | 0.916        |
|    learning_rate        | 0.0003       |
|    loss                 | 2.39e-05     |
|    n_updates            | 350          |
|    policy_gradient_loss | -0.000722    |
|    value_loss           | 0.0162       |
------------------------------------------
  step  150000/500000 ( 30.0%)  mean_rew=+0.000
------------------------------------------
| time/                   |              |
|    fps                  | 1183         |
|    iterations           | 37           |
|    time_elapsed         | 128          |
|    total_timesteps      | 151552       |
| train/                  |              |
|    approx_kl            | 0.0008858847 |
|    clip_fraction        | 0.00461      |
|    clip_range           | 0.2          |
|    entropy_loss         | -0.193       |
|    explained_variance   | 0.898        |
|    learning_rate        | 0.0003       |
|    loss                 | 0.0112       |
|    n_updates            | 360          |
|    policy_gradient_loss | -0.000142    |
|    value_loss           | 0.0181       |
------------------------------------------
  step  155000/500000 ( 31.0%)  mean_rew=+0.000
------------------------------------------
| time/                   |              |
|    fps                  | 1184         |
|    iterations           | 38           |
|    time_elapsed         | 131          |
|    total_timesteps      | 155648       |
| train/                  |              |
|    approx_kl            | 0.0013284787 |
|    clip_fraction        | 0.0103       |
|    clip_range           | 0.2          |
|    entropy_loss         | -0.169       |
|    explained_variance   | 0.876        |
|    learning_rate        | 0.0003       |
|    loss                 | 0.00404      |
|    n_updates            | 370          |
|    policy_gradient_loss | -0.000297    |
|    value_loss           | 0.0228       |
------------------------------------------
------------------------------------------
| time/                   |              |
|    fps                  | 1183         |
|    iterations           | 39           |
|    time_elapsed         | 134          |
|    total_timesteps      | 159744       |
| train/                  |              |
|    approx_kl            | 0.0019960075 |
|    clip_fraction        | 0.0258       |
|    clip_range           | 0.2          |
|    entropy_loss         | -0.163       |
|    explained_variance   | 0.904        |
|    learning_rate        | 0.0003       |
|    loss                 | 0.00662      |
|    n_updates            | 380          |
|    policy_gradient_loss | -0.00126     |
|    value_loss           | 0.0142       |
------------------------------------------
  step  160000/500000 ( 32.0%)  mean_rew=+0.000
------------------------------------------
| time/                   |              |
|    fps                  | 1183         |
|    iterations           | 40           |
|    time_elapsed         | 138          |
|    total_timesteps      | 163840       |
| train/                  |              |
|    approx_kl            | 0.0020540794 |
|    clip_fraction        | 0.0156       |
|    clip_range           | 0.2          |
|    entropy_loss         | -0.153       |
|    explained_variance   | 0.915        |
|    learning_rate        | 0.0003       |
|    loss                 | 0.00629      |
|    n_updates            | 390          |
|    policy_gradient_loss | -0.000535    |
|    value_loss           | 0.0142       |
------------------------------------------
  step  165000/500000 ( 33.0%)  mean_rew=-0.001
------------------------------------------
| time/                   |              |
|    fps                  | 1184         |
|    iterations           | 41           |
|    time_elapsed         | 141          |
|    total_timesteps      | 167936       |
| train/                  |              |
|    approx_kl            | 0.0009413735 |
|    clip_fraction        | 0.0149       |
|    clip_range           | 0.2          |
|    entropy_loss         | -0.131       |
|    explained_variance   | 0.878        |
|    learning_rate        | 0.0003       |
|    loss                 | 0.00805      |
|    n_updates            | 400          |
|    policy_gradient_loss | -0.00106     |
|    value_loss           | 0.0201       |
------------------------------------------
  step  170000/500000 ( 34.0%)  mean_rew=+0.000
------------------------------------------
| time/                   |              |
|    fps                  | 1183         |
|    iterations           | 42           |
|    time_elapsed         | 145          |
|    total_timesteps      | 172032       |
| train/                  |              |
|    approx_kl            | 0.0006761278 |
|    clip_fraction        | 0.00696      |
|    clip_range           | 0.2          |
|    entropy_loss         | -0.127       |
|    explained_variance   | 0.906        |
|    learning_rate        | 0.0003       |
|    loss                 | 0.00169      |
|    n_updates            | 410          |
|    policy_gradient_loss | -0.000145    |
|    value_loss           | 0.0121       |
------------------------------------------
  step  175000/500000 ( 35.0%)  mean_rew=-0.005
------------------------------------------
| time/                   |              |
|    fps                  | 1183         |
|    iterations           | 43           |
|    time_elapsed         | 148          |
|    total_timesteps      | 176128       |
| train/                  |              |
|    approx_kl            | 0.0009449993 |
|    clip_fraction        | 0.0132       |
|    clip_range           | 0.2          |
|    entropy_loss         | -0.122       |
|    explained_variance   | 0.936        |
|    learning_rate        | 0.0003       |
|    loss                 | 0.00578      |
|    n_updates            | 420          |
|    policy_gradient_loss | -0.000505    |
|    value_loss           | 0.00871      |
------------------------------------------
  step  180000/500000 ( 36.0%)  mean_rew=-0.006
------------------------------------------
| time/                   |              |
|    fps                  | 1183         |
|    iterations           | 44           |
|    time_elapsed         | 152          |
|    total_timesteps      | 180224       |
| train/                  |              |
|    approx_kl            | 0.0006012885 |
|    clip_fraction        | 0.00737      |
|    clip_range           | 0.2          |
|    entropy_loss         | -0.123       |
|    explained_variance   | 0.879        |
|    learning_rate        | 0.0003       |
|    loss                 | 0.0124       |
|    n_updates            | 430          |
|    policy_gradient_loss | -0.000358    |
|    value_loss           | 0.0179       |
------------------------------------------
------------------------------------------
| time/                   |              |
|    fps                  | 1183         |
|    iterations           | 45           |
|    time_elapsed         | 155          |
|    total_timesteps      | 184320       |
| train/                  |              |
|    approx_kl            | 0.0013031438 |
|    clip_fraction        | 0.0156       |
|    clip_range           | 0.2          |
|    entropy_loss         | -0.12        |
|    explained_variance   | 0.904        |
|    learning_rate        | 0.0003       |
|    loss                 | 0.00557      |
|    n_updates            | 440          |
|    policy_gradient_loss | -0.00114     |
|    value_loss           | 0.013        |
------------------------------------------
  step  185000/500000 ( 37.0%)  mean_rew=-0.015
------------------------------------------
| time/                   |              |
|    fps                  | 1183         |
|    iterations           | 46           |
|    time_elapsed         | 159          |
|    total_timesteps      | 188416       |
| train/                  |              |
|    approx_kl            | 0.0009559794 |
|    clip_fraction        | 0.0138       |
|    clip_range           | 0.2          |
|    entropy_loss         | -0.108       |
|    explained_variance   | 0.895        |
|    learning_rate        | 0.0003       |
|    loss                 | 0.00388      |
|    n_updates            | 450          |
|    policy_gradient_loss | -0.0007      |
|    value_loss           | 0.0123       |
------------------------------------------
  step  190000/500000 ( 38.0%)  mean_rew=-0.002
------------------------------------------
| time/                   |              |
|    fps                  | 1183         |
|    iterations           | 47           |
|    time_elapsed         | 162          |
|    total_timesteps      | 192512       |
| train/                  |              |
|    approx_kl            | 0.0004035816 |
|    clip_fraction        | 0.00405      |
|    clip_range           | 0.2          |
|    entropy_loss         | -0.106       |
|    explained_variance   | 0.919        |
|    learning_rate        | 0.0003       |
|    loss                 | 0.00559      |
|    n_updates            | 460          |
|    policy_gradient_loss | -0.000177    |
|    value_loss           | 0.0104       |
------------------------------------------
  step  195000/500000 ( 39.0%)  mean_rew=-0.005
------------------------------------------
| time/                   |              |
|    fps                  | 1184         |
|    iterations           | 48           |
|    time_elapsed         | 166          |
|    total_timesteps      | 196608       |
| train/                  |              |
|    approx_kl            | 0.0005899976 |
|    clip_fraction        | 0.00874      |
|    clip_range           | 0.2          |
|    entropy_loss         | -0.0989      |
|    explained_variance   | 0.858        |
|    learning_rate        | 0.0003       |
|    loss                 | 0.0124       |
|    n_updates            | 470          |
|    policy_gradient_loss | -0.000275    |
|    value_loss           | 0.0205       |
------------------------------------------
  step  200000/500000 ( 40.0%)  mean_rew=-0.001
------------------------------------------
| time/                   |              |
|    fps                  | 1183         |
|    iterations           | 49           |
|    time_elapsed         | 169          |
|    total_timesteps      | 200704       |
| train/                  |              |
|    approx_kl            | 0.0025709001 |
|    clip_fraction        | 0.0105       |
|    clip_range           | 0.2          |
|    entropy_loss         | -0.113       |
|    explained_variance   | 0.901        |
|    learning_rate        | 0.0003       |
|    loss                 | 0.00961      |
|    n_updates            | 480          |
|    policy_gradient_loss | -0.000473    |
|    value_loss           | 0.0114       |
------------------------------------------
------------------------------------------
| time/                   |              |
|    fps                  | 1183         |
|    iterations           | 50           |
|    time_elapsed         | 173          |
|    total_timesteps      | 204800       |
| train/                  |              |
|    approx_kl            | 0.0024313477 |
|    clip_fraction        | 0.015        |
|    clip_range           | 0.2          |
|    entropy_loss         | -0.111       |
|    explained_variance   | 0.902        |
|    learning_rate        | 0.0003       |
|    loss                 | 0.00679      |
|    n_updates            | 490          |
|    policy_gradient_loss | -0.000706    |
|    value_loss           | 0.013        |
------------------------------------------
  step  205000/500000 ( 41.0%)  mean_rew=-0.004
------------------------------------------
| time/                   |              |
|    fps                  | 1183         |
|    iterations           | 51           |
|    time_elapsed         | 176          |
|    total_timesteps      | 208896       |
| train/                  |              |
|    approx_kl            | 0.0005364345 |
|    clip_fraction        | 0.00959      |
|    clip_range           | 0.2          |
|    entropy_loss         | -0.107       |
|    explained_variance   | 0.843        |
|    learning_rate        | 0.0003       |
|    loss                 | 0.0108       |
|    n_updates            | 500          |
|    policy_gradient_loss | -0.000632    |
|    value_loss           | 0.024        |
------------------------------------------
  step  210000/500000 ( 42.0%)  mean_rew=-0.004
------------------------------------------
| time/                   |              |
|    fps                  | 1184         |
|    iterations           | 52           |
|    time_elapsed         | 179          |
|    total_timesteps      | 212992       |
| train/                  |              |
|    approx_kl            | 0.0006686669 |
|    clip_fraction        | 0.00928      |
|    clip_range           | 0.2          |
|    entropy_loss         | -0.102       |
|    explained_variance   | 0.878        |
|    learning_rate        | 0.0003       |
|    loss                 | 0.00568      |
|    n_updates            | 510          |
|    policy_gradient_loss | -0.000289    |
|    value_loss           | 0.0172       |
------------------------------------------
  step  215000/500000 ( 43.0%)  mean_rew=-0.010
------------------------------------------
| time/                   |              |
|    fps                  | 1183         |
|    iterations           | 53           |
|    time_elapsed         | 183          |
|    total_timesteps      | 217088       |
| train/                  |              |
|    approx_kl            | 0.0008507375 |
|    clip_fraction        | 0.0112       |
|    clip_range           | 0.2          |
|    entropy_loss         | -0.0904      |
|    explained_variance   | 0.944        |
|    learning_rate        | 0.0003       |
|    loss                 | 0.00661      |
|    n_updates            | 520          |
|    policy_gradient_loss | -0.00028     |
|    value_loss           | 0.00702      |
------------------------------------------
  step  220000/500000 ( 44.0%)  mean_rew=-0.006
------------------------------------------
| time/                   |              |
|    fps                  | 1183         |
|    iterations           | 54           |
|    time_elapsed         | 186          |
|    total_timesteps      | 221184       |
| train/                  |              |
|    approx_kl            | 0.0005839958 |
|    clip_fraction        | 0.00701      |
|    clip_range           | 0.2          |
|    entropy_loss         | -0.0941      |
|    explained_variance   | 0.882        |
|    learning_rate        | 0.0003       |
|    loss                 | 0.0107       |
|    n_updates            | 530          |
|    policy_gradient_loss | -0.000266    |
|    value_loss           | 0.0173       |
------------------------------------------
  step  225000/500000 ( 45.0%)  mean_rew=-0.006
------------------------------------------
| time/                   |              |
|    fps                  | 1184         |
|    iterations           | 55           |
|    time_elapsed         | 190          |
|    total_timesteps      | 225280       |
| train/                  |              |
|    approx_kl            | 0.0007877566 |
|    clip_fraction        | 0.00767      |
|    clip_range           | 0.2          |
|    entropy_loss         | -0.0887      |
|    explained_variance   | 0.873        |
|    learning_rate        | 0.0003       |
|    loss                 | 0.00162      |
|    n_updates            | 540          |
|    policy_gradient_loss | -0.000379    |
|    value_loss           | 0.018        |
------------------------------------------
------------------------------------------
| time/                   |              |
|    fps                  | 1184         |
|    iterations           | 56           |
|    time_elapsed         | 193          |
|    total_timesteps      | 229376       |
| train/                  |              |
|    approx_kl            | 0.0006215102 |
|    clip_fraction        | 0.0131       |
|    clip_range           | 0.2          |
|    entropy_loss         | -0.0827      |
|    explained_variance   | 0.909        |
|    learning_rate        | 0.0003       |
|    loss                 | 0.00198      |
|    n_updates            | 550          |
|    policy_gradient_loss | -0.000814    |
|    value_loss           | 0.0103       |
------------------------------------------
  step  230000/500000 ( 46.0%)  mean_rew=+0.000
-------------------------------------------
| time/                   |               |
|    fps                  | 1183          |
|    iterations           | 57            |
|    time_elapsed         | 197           |
|    total_timesteps      | 233472        |
| train/                  |               |
|    approx_kl            | 0.00047530144 |
|    clip_fraction        | 0.00662       |
|    clip_range           | 0.2           |
|    entropy_loss         | -0.0766       |
|    explained_variance   | 0.904         |
|    learning_rate        | 0.0003        |
|    loss                 | 0.00982       |
|    n_updates            | 560           |
|    policy_gradient_loss | -0.000267     |
|    value_loss           | 0.0129        |
-------------------------------------------
  step  235000/500000 ( 47.0%)  mean_rew=-0.001
------------------------------------------
| time/                   |              |
|    fps                  | 1184         |
|    iterations           | 58           |
|    time_elapsed         | 200          |
|    total_timesteps      | 237568       |
| train/                  |              |
|    approx_kl            | 0.0009001246 |
|    clip_fraction        | 0.0115       |
|    clip_range           | 0.2          |
|    entropy_loss         | -0.0736      |
|    explained_variance   | 0.854        |
|    learning_rate        | 0.0003       |
|    loss                 | 0.0173       |
|    n_updates            | 570          |
|    policy_gradient_loss | -0.00111     |
|    value_loss           | 0.0224       |
------------------------------------------
  step  240000/500000 ( 48.0%)  mean_rew=-0.009
-------------------------------------------
| time/                   |               |
|    fps                  | 1184          |
|    iterations           | 59            |
|    time_elapsed         | 204           |
|    total_timesteps      | 241664        |
| train/                  |               |
|    approx_kl            | 0.00068687333 |
|    clip_fraction        | 0.0083        |
|    clip_range           | 0.2           |
|    entropy_loss         | -0.0694       |
|    explained_variance   | 0.895         |
|    learning_rate        | 0.0003        |
|    loss                 | 0.00867       |
|    n_updates            | 580           |
|    policy_gradient_loss | -0.000546     |
|    value_loss           | 0.0145        |
-------------------------------------------
  step  245000/500000 ( 49.0%)  mean_rew=-0.004
------------------------------------------
| time/                   |              |
|    fps                  | 1183         |
|    iterations           | 60           |
|    time_elapsed         | 207          |
|    total_timesteps      | 245760       |
| train/                  |              |
|    approx_kl            | 0.0006312097 |
|    clip_fraction        | 0.0043       |
|    clip_range           | 0.2          |
|    entropy_loss         | -0.0726      |
|    explained_variance   | 0.925        |
|    learning_rate        | 0.0003       |
|    loss                 | 0.00384      |
|    n_updates            | 590          |
|    policy_gradient_loss | -0.000181    |
|    value_loss           | 0.0106       |
------------------------------------------
-------------------------------------------
| time/                   |               |
|    fps                  | 1183          |
|    iterations           | 61            |
|    time_elapsed         | 211           |
|    total_timesteps      | 249856        |
| train/                  |               |
|    approx_kl            | 0.00043577983 |
|    clip_fraction        | 0.00823       |
|    clip_range           | 0.2           |
|    entropy_loss         | -0.0759       |
|    explained_variance   | 0.882         |
|    learning_rate        | 0.0003        |
|    loss                 | 0.00631       |
|    n_updates            | 600           |
|    policy_gradient_loss | -0.000301     |
|    value_loss           | 0.0175        |
-------------------------------------------
  step  250000/500000 ( 50.0%)  mean_rew=-0.004
----------------------------------------
| time/                   |            |
|    fps                  | 1184       |
|    iterations           | 62         |
|    time_elapsed         | 214        |
|    total_timesteps      | 253952     |
| train/                  |            |
|    approx_kl            | 0.00056593 |
|    clip_fraction        | 0.00513    |
|    clip_range           | 0.2        |
|    entropy_loss         | -0.0776    |
|    explained_variance   | 0.89       |
|    learning_rate        | 0.0003     |
|    loss                 | 0.00866    |
|    n_updates            | 610        |
|    policy_gradient_loss | -0.000239  |
|    value_loss           | 0.0158     |
----------------------------------------
  step  255000/500000 ( 51.0%)  mean_rew=-0.019
-----------------------------------------
| time/                   |             |
|    fps                  | 1183        |
|    iterations           | 63          |
|    time_elapsed         | 218         |
|    total_timesteps      | 258048      |
| train/                  |             |
|    approx_kl            | 0.009977117 |
|    clip_fraction        | 0.0272      |
|    clip_range           | 0.2         |
|    entropy_loss         | -0.122      |
|    explained_variance   | 0.908       |
|    learning_rate        | 0.0003      |
|    loss                 | 0.00277     |
|    n_updates            | 620         |
|    policy_gradient_loss | -0.00116    |
|    value_loss           | 0.0106      |
-----------------------------------------
  step  260000/500000 ( 52.0%)  mean_rew=-0.004
------------------------------------------
| time/                   |              |
|    fps                  | 1183         |
|    iterations           | 64           |
|    time_elapsed         | 221          |
|    total_timesteps      | 262144       |
| train/                  |              |
|    approx_kl            | 0.0015725059 |
|    clip_fraction        | 0.0157       |
|    clip_range           | 0.2          |
|    entropy_loss         | -0.136       |
|    explained_variance   | 0.904        |
|    learning_rate        | 0.0003       |
|    loss                 | 0.00488      |
|    n_updates            | 630          |
|    policy_gradient_loss | -0.000423    |
|    value_loss           | 0.0131       |
------------------------------------------
  step  265000/500000 ( 53.0%)  mean_rew=+0.000
------------------------------------------
| time/                   |              |
|    fps                  | 1183         |
|    iterations           | 65           |
|    time_elapsed         | 224          |
|    total_timesteps      | 266240       |
| train/                  |              |
|    approx_kl            | 0.0010316563 |
|    clip_fraction        | 0.0113       |
|    clip_range           | 0.2          |
|    entropy_loss         | -0.12        |
|    explained_variance   | 0.861        |
|    learning_rate        | 0.0003       |
|    loss                 | 0.0132       |
|    n_updates            | 640          |
|    policy_gradient_loss | -0.000293    |
|    value_loss           | 0.0211       |
------------------------------------------
  step  270000/500000 ( 54.0%)  mean_rew=-0.002
------------------------------------------
| time/                   |              |
|    fps                  | 1183         |
|    iterations           | 66           |
|    time_elapsed         | 228          |
|    total_timesteps      | 270336       |
| train/                  |              |
|    approx_kl            | 0.0010157444 |
|    clip_fraction        | 0.017        |
|    clip_range           | 0.2          |
|    entropy_loss         | -0.113       |
|    explained_variance   | 0.897        |
|    learning_rate        | 0.0003       |
|    loss                 | 0.00555      |
|    n_updates            | 650          |
|    policy_gradient_loss | -0.000835    |
|    value_loss           | 0.0131       |
------------------------------------------
-------------------------------------------
| time/                   |               |
|    fps                  | 1183          |
|    iterations           | 67            |
|    time_elapsed         | 231           |
|    total_timesteps      | 274432        |
| train/                  |               |
|    approx_kl            | 0.00095052714 |
|    clip_fraction        | 0.0162        |
|    clip_range           | 0.2           |
|    entropy_loss         | -0.106        |
|    explained_variance   | 0.924         |
|    learning_rate        | 0.0003        |
|    loss                 | -0.00342      |
|    n_updates            | 660           |
|    policy_gradient_loss | -0.000772     |
|    value_loss           | 0.0103        |
-------------------------------------------
  step  275000/500000 ( 55.0%)  mean_rew=-0.010
-------------------------------------------
| time/                   |               |
|    fps                  | 1182          |
|    iterations           | 68            |
|    time_elapsed         | 235           |
|    total_timesteps      | 278528        |
| train/                  |               |
|    approx_kl            | 0.00067523774 |
|    clip_fraction        | 0.0115        |
|    clip_range           | 0.2           |
|    entropy_loss         | -0.1          |
|    explained_variance   | 0.873         |
|    learning_rate        | 0.0003        |
|    loss                 | 0.00536       |
|    n_updates            | 670           |
|    policy_gradient_loss | -0.000168     |
|    value_loss           | 0.0191        |
-------------------------------------------
  step  280000/500000 ( 56.0%)  mean_rew=-0.002
-------------------------------------------
| time/                   |               |
|    fps                  | 1183          |
|    iterations           | 69            |
|    time_elapsed         | 238           |
|    total_timesteps      | 282624        |
| train/                  |               |
|    approx_kl            | 0.00075253705 |
|    clip_fraction        | 0.0138        |
|    clip_range           | 0.2           |
|    entropy_loss         | -0.0942       |
|    explained_variance   | 0.868         |
|    learning_rate        | 0.0003        |
|    loss                 | 0.0101        |
|    n_updates            | 680           |
|    policy_gradient_loss | -0.000375     |
|    value_loss           | 0.0203        |
-------------------------------------------
  step  285000/500000 ( 57.0%)  mean_rew=-0.015
-------------------------------------------
| time/                   |               |
|    fps                  | 1183          |
|    iterations           | 70            |
|    time_elapsed         | 242           |
|    total_timesteps      | 286720        |
| train/                  |               |
|    approx_kl            | 0.00043738435 |
|    clip_fraction        | 0.00889       |
|    clip_range           | 0.2           |
|    entropy_loss         | -0.0955       |
|    explained_variance   | 0.901         |
|    learning_rate        | 0.0003        |
|    loss                 | 0.00544       |
|    n_updates            | 690           |
|    policy_gradient_loss | -0.000465     |
|    value_loss           | 0.0113        |
-------------------------------------------
  step  290000/500000 ( 58.0%)  mean_rew=-0.006
-----------------------------------------
| time/                   |             |
|    fps                  | 1183        |
|    iterations           | 71          |
|    time_elapsed         | 245         |
|    total_timesteps      | 290816      |
| train/                  |             |
|    approx_kl            | 0.008426087 |
|    clip_fraction        | 0.0125      |
|    clip_range           | 0.2         |
|    entropy_loss         | -0.0574     |
|    explained_variance   | 0.932       |
|    learning_rate        | 0.0003      |
|    loss                 | 0.00193     |
|    n_updates            | 700         |
|    policy_gradient_loss | -0.00133    |
|    value_loss           | 0.00891     |
-----------------------------------------
-------------------------------------------
| time/                   |               |
|    fps                  | 1183          |
|    iterations           | 72            |
|    time_elapsed         | 249           |
|    total_timesteps      | 294912        |
| train/                  |               |
|    approx_kl            | 0.00046613766 |
|    clip_fraction        | 0.00688       |
|    clip_range           | 0.2           |
|    entropy_loss         | -0.0462       |
|    explained_variance   | 0.863         |
|    learning_rate        | 0.0003        |
|    loss                 | 0.00645       |
|    n_updates            | 710           |
|    policy_gradient_loss | -0.000365     |
|    value_loss           | 0.0207        |
-------------------------------------------
  step  295000/500000 ( 59.0%)  mean_rew=-0.007
-------------------------------------------
| time/                   |               |
|    fps                  | 1183          |
|    iterations           | 73            |
|    time_elapsed         | 252           |
|    total_timesteps      | 299008        |
| train/                  |               |
|    approx_kl            | 0.00036713778 |
|    clip_fraction        | 0.00413       |
|    clip_range           | 0.2           |
|    entropy_loss         | -0.044        |
|    explained_variance   | 0.912         |
|    learning_rate        | 0.0003        |
|    loss                 | 0.00359       |
|    n_updates            | 720           |
|    policy_gradient_loss | -0.000265     |
|    value_loss           | 0.0107        |
-------------------------------------------
  step  300000/500000 ( 60.0%)  mean_rew=+0.000
------------------------------------------
| time/                   |              |
|    fps                  | 1183         |
|    iterations           | 74           |
|    time_elapsed         | 256          |
|    total_timesteps      | 303104       |
| train/                  |              |
|    approx_kl            | 0.0003693177 |
|    clip_fraction        | 0.00386      |
|    clip_range           | 0.2          |
|    entropy_loss         | -0.0394      |
|    explained_variance   | 0.928        |
|    learning_rate        | 0.0003       |
|    loss                 | 0.00591      |
|    n_updates            | 730          |
|    policy_gradient_loss | -0.000285    |
|    value_loss           | 0.00961      |
------------------------------------------
  step  305000/500000 ( 61.0%)  mean_rew=-0.019
------------------------------------------
| time/                   |              |
|    fps                  | 1183         |
|    iterations           | 75           |
|    time_elapsed         | 259          |
|    total_timesteps      | 307200       |
| train/                  |              |
|    approx_kl            | 0.0002868215 |
|    clip_fraction        | 0.00251      |
|    clip_range           | 0.2          |
|    entropy_loss         | -0.0378      |
|    explained_variance   | 0.893        |
|    learning_rate        | 0.0003       |
|    loss                 | 0.0083       |
|    n_updates            | 740          |
|    policy_gradient_loss | -9.11e-05    |
|    value_loss           | 0.0141       |
------------------------------------------
  step  310000/500000 ( 62.0%)  mean_rew=+0.000
-------------------------------------------
| time/                   |               |
|    fps                  | 1183          |
|    iterations           | 76            |
|    time_elapsed         | 262           |
|    total_timesteps      | 311296        |
| train/                  |               |
|    approx_kl            | 0.00028735652 |
|    clip_fraction        | 0.00352       |
|    clip_range           | 0.2           |
|    entropy_loss         | -0.0367       |
|    explained_variance   | 0.857         |
|    learning_rate        | 0.0003        |
|    loss                 | 0.0128        |
|    n_updates            | 750           |
|    policy_gradient_loss | -7.89e-05     |
|    value_loss           | 0.0212        |
-------------------------------------------
  step  315000/500000 ( 63.0%)  mean_rew=-0.011
------------------------------------------
| time/                   |              |
|    fps                  | 1183         |
|    iterations           | 77           |
|    time_elapsed         | 266          |
|    total_timesteps      | 315392       |
| train/                  |              |
|    approx_kl            | 0.0006987811 |
|    clip_fraction        | 0.00142      |
|    clip_range           | 0.2          |
|    entropy_loss         | -0.0415      |
|    explained_variance   | 0.904        |
|    learning_rate        | 0.0003       |
|    loss                 | 0.00339      |
|    n_updates            | 760          |
|    policy_gradient_loss | -4.72e-05    |
|    value_loss           | 0.011        |
------------------------------------------
------------------------------------------
| time/                   |              |
|    fps                  | 1183         |
|    iterations           | 78           |
|    time_elapsed         | 269          |
|    total_timesteps      | 319488       |
| train/                  |              |
|    approx_kl            | 0.0007089393 |
|    clip_fraction        | 0.00615      |
|    clip_range           | 0.2          |
|    entropy_loss         | -0.0442      |
|    explained_variance   | 0.915        |
|    learning_rate        | 0.0003       |
|    loss                 | 0.00715      |
|    n_updates            | 770          |
|    policy_gradient_loss | -0.000425    |
|    value_loss           | 0.0111       |
------------------------------------------
  step  320000/500000 ( 64.0%)  mean_rew=-0.007
------------------------------------------
| time/                   |              |
|    fps                  | 1183         |
|    iterations           | 79           |
|    time_elapsed         | 273          |
|    total_timesteps      | 323584       |
| train/                  |              |
|    approx_kl            | 0.0009688074 |
|    clip_fraction        | 0.00278      |
|    clip_range           | 0.2          |
|    entropy_loss         | -0.0418      |
|    explained_variance   | 0.864        |
|    learning_rate        | 0.0003       |
|    loss                 | 0.0117       |
|    n_updates            | 780          |
|    policy_gradient_loss | -0.000233    |
|    value_loss           | 0.02         |
------------------------------------------
  step  325000/500000 ( 65.0%)  mean_rew=+0.000
------------------------------------------
| time/                   |              |
|    fps                  | 1183         |
|    iterations           | 80           |
|    time_elapsed         | 276          |
|    total_timesteps      | 327680       |
| train/                  |              |
|    approx_kl            | 0.0003486537 |
|    clip_fraction        | 0.00615      |
|    clip_range           | 0.2          |
|    entropy_loss         | -0.0395      |
|    explained_variance   | 0.906        |
|    learning_rate        | 0.0003       |
|    loss                 | 0.00789      |
|    n_updates            | 790          |
|    policy_gradient_loss | -0.000571    |
|    value_loss           | 0.0113       |
------------------------------------------
  step  330000/500000 ( 66.0%)  mean_rew=-0.006
-------------------------------------------
| time/                   |               |
|    fps                  | 1183          |
|    iterations           | 81            |
|    time_elapsed         | 280           |
|    total_timesteps      | 331776        |
| train/                  |               |
|    approx_kl            | 0.00023006833 |
|    clip_fraction        | 0.00244       |
|    clip_range           | 0.2           |
|    entropy_loss         | -0.0392       |
|    explained_variance   | 0.899         |
|    learning_rate        | 0.0003        |
|    loss                 | 0.00835       |
|    n_updates            | 800           |
|    policy_gradient_loss | -0.000106     |
|    value_loss           | 0.014         |
-------------------------------------------
  step  335000/500000 ( 67.0%)  mean_rew=+0.000
------------------------------------------
| time/                   |              |
|    fps                  | 1183         |
|    iterations           | 82           |
|    time_elapsed         | 283          |
|    total_timesteps      | 335872       |
| train/                  |              |
|    approx_kl            | 0.0002501398 |
|    clip_fraction        | 0.00354      |
|    clip_range           | 0.2          |
|    entropy_loss         | -0.0389      |
|    explained_variance   | 0.732        |
|    learning_rate        | 0.0003       |
|    loss                 | 0.0491       |
|    n_updates            | 810          |
|    policy_gradient_loss | -0.000213    |
|    value_loss           | 0.0556       |
------------------------------------------
------------------------------------------
| time/                   |              |
|    fps                  | 1183         |
|    iterations           | 83           |
|    time_elapsed         | 287          |
|    total_timesteps      | 339968       |
| train/                  |              |
|    approx_kl            | 0.0011035872 |
|    clip_fraction        | 0.00298      |
|    clip_range           | 0.2          |
|    entropy_loss         | -0.0434      |
|    explained_variance   | 0.883        |
|    learning_rate        | 0.0003       |
|    loss                 | 0.00971      |
|    n_updates            | 820          |
|    policy_gradient_loss | 4.4e-05      |
|    value_loss           | 0.0197       |
------------------------------------------
  step  340000/500000 ( 68.0%)  mean_rew=+0.000
-------------------------------------------
| time/                   |               |
|    fps                  | 1184          |
|    iterations           | 84            |
|    time_elapsed         | 290           |
|    total_timesteps      | 344064        |
| train/                  |               |
|    approx_kl            | 0.00013119557 |
|    clip_fraction        | 0.0022        |
|    clip_range           | 0.2           |
|    entropy_loss         | -0.0447       |
|    explained_variance   | 0.872         |
|    learning_rate        | 0.0003        |
|    loss                 | 0.0139        |
|    n_updates            | 830           |
|    policy_gradient_loss | -6.42e-06     |
|    value_loss           | 0.0201        |
-------------------------------------------
  step  345000/500000 ( 69.0%)  mean_rew=-0.005
-------------------------------------------
| time/                   |               |
|    fps                  | 1184          |
|    iterations           | 85            |
|    time_elapsed         | 293           |
|    total_timesteps      | 348160        |
| train/                  |               |
|    approx_kl            | 0.00035327897 |
|    clip_fraction        | 0.00449       |
|    clip_range           | 0.2           |
|    entropy_loss         | -0.0432       |
|    explained_variance   | 0.926         |
|    learning_rate        | 0.0003        |
|    loss                 | 0.00719       |
|    n_updates            | 840           |
|    policy_gradient_loss | -0.000102     |
|    value_loss           | 0.0118        |
-------------------------------------------
  step  350000/500000 ( 70.0%)  mean_rew=-0.005
-------------------------------------------
| time/                   |               |
|    fps                  | 1185          |
|    iterations           | 86            |
|    time_elapsed         | 297           |
|    total_timesteps      | 352256        |
| train/                  |               |
|    approx_kl            | 0.00021168278 |
|    clip_fraction        | 0.00356       |
|    clip_range           | 0.2           |
|    entropy_loss         | -0.0417       |
|    explained_variance   | 0.886         |
|    learning_rate        | 0.0003        |
|    loss                 | 0.00735       |
|    n_updates            | 850           |
|    policy_gradient_loss | -0.000148     |
|    value_loss           | 0.0193        |
-------------------------------------------
  step  355000/500000 ( 71.0%)  mean_rew=-0.011
-------------------------------------------
| time/                   |               |
|    fps                  | 1185          |
|    iterations           | 87            |
|    time_elapsed         | 300           |
|    total_timesteps      | 356352        |
| train/                  |               |
|    approx_kl            | 0.00033848028 |
|    clip_fraction        | 0.00527       |
|    clip_range           | 0.2           |
|    entropy_loss         | -0.0355       |
|    explained_variance   | 0.903         |
|    learning_rate        | 0.0003        |
|    loss                 | 0.00515       |
|    n_updates            | 860           |
|    policy_gradient_loss | -0.000437     |
|    value_loss           | 0.0134        |
-------------------------------------------
  step  360000/500000 ( 72.0%)  mean_rew=+0.000
-----------------------------------------
| time/                   |             |
|    fps                  | 1185        |
|    iterations           | 88          |
|    time_elapsed         | 304         |
|    total_timesteps      | 360448      |
| train/                  |             |
|    approx_kl            | 0.000259608 |
|    clip_fraction        | 0.00234     |
|    clip_range           | 0.2         |
|    entropy_loss         | -0.0356     |
|    explained_variance   | 0.916       |
|    learning_rate        | 0.0003      |
|    loss                 | 0.00507     |
|    n_updates            | 870         |
|    policy_gradient_loss | -9.46e-05   |
|    value_loss           | 0.013       |
-----------------------------------------
-------------------------------------------
| time/                   |               |
|    fps                  | 1186          |
|    iterations           | 89            |
|    time_elapsed         | 307           |
|    total_timesteps      | 364544        |
| train/                  |               |
|    approx_kl            | 0.00025558518 |
|    clip_fraction        | 0.00444       |
|    clip_range           | 0.2           |
|    entropy_loss         | -0.0347       |
|    explained_variance   | 0.888         |
|    learning_rate        | 0.0003        |
|    loss                 | 0.00908       |
|    n_updates            | 880           |
|    policy_gradient_loss | 0.000218      |
|    value_loss           | 0.0178        |
-------------------------------------------
  step  365000/500000 ( 73.0%)  mean_rew=-0.004
-------------------------------------------
| time/                   |               |
|    fps                  | 1187          |
|    iterations           | 90            |
|    time_elapsed         | 310           |
|    total_timesteps      | 368640        |
| train/                  |               |
|    approx_kl            | 0.00041199726 |
|    clip_fraction        | 0.00405       |
|    clip_range           | 0.2           |
|    entropy_loss         | -0.0324       |
|    explained_variance   | 0.889         |
|    learning_rate        | 0.0003        |
|    loss                 | 0.00892       |
|    n_updates            | 890           |
|    policy_gradient_loss | -0.000312     |
|    value_loss           | 0.0171        |
-------------------------------------------
  step  370000/500000 ( 74.0%)  mean_rew=-0.007
-------------------------------------------
| time/                   |               |
|    fps                  | 1187          |
|    iterations           | 91            |
|    time_elapsed         | 313           |
|    total_timesteps      | 372736        |
| train/                  |               |
|    approx_kl            | 0.00013189636 |
|    clip_fraction        | 0.00303       |
|    clip_range           | 0.2           |
|    entropy_loss         | -0.0351       |
|    explained_variance   | 0.885         |
|    learning_rate        | 0.0003        |
|    loss                 | 0.00627       |
|    n_updates            | 900           |
|    policy_gradient_loss | -0.000127     |
|    value_loss           | 0.0163        |
-------------------------------------------
  step  375000/500000 ( 75.0%)  mean_rew=-0.004
-------------------------------------------
| time/                   |               |
|    fps                  | 1188          |
|    iterations           | 92            |
|    time_elapsed         | 317           |
|    total_timesteps      | 376832        |
| train/                  |               |
|    approx_kl            | 0.00027173635 |
|    clip_fraction        | 0.00208       |
|    clip_range           | 0.2           |
|    entropy_loss         | -0.0344       |
|    explained_variance   | 0.899         |
|    learning_rate        | 0.0003        |
|    loss                 | 0.00744       |
|    n_updates            | 910           |
|    policy_gradient_loss | -3.91e-05     |
|    value_loss           | 0.0158        |
-------------------------------------------
  step  380000/500000 ( 76.0%)  mean_rew=-0.002
-------------------------------------------
| time/                   |               |
|    fps                  | 1189          |
|    iterations           | 93            |
|    time_elapsed         | 320           |
|    total_timesteps      | 380928        |
| train/                  |               |
|    approx_kl            | 0.00016461653 |
|    clip_fraction        | 0.00186       |
|    clip_range           | 0.2           |
|    entropy_loss         | -0.0329       |
|    explained_variance   | 0.841         |
|    learning_rate        | 0.0003        |
|    loss                 | 0.0145        |
|    n_updates            | 920           |
|    policy_gradient_loss | 0.000154      |
|    value_loss           | 0.0289        |
-------------------------------------------
  step  385000/500000 ( 77.0%)  mean_rew=-0.007
-----------------------------------------
| time/                   |             |
|    fps                  | 1190        |
|    iterations           | 94          |
|    time_elapsed         | 323         |
|    total_timesteps      | 385024      |
| train/                  |             |
|    approx_kl            | 0.014594488 |
|    clip_fraction        | 0.0167      |
|    clip_range           | 0.2         |
|    entropy_loss         | -0.0499     |
|    explained_variance   | 0.899       |
|    learning_rate        | 0.0003      |
|    loss                 | 0.00456     |
|    n_updates            | 930         |
|    policy_gradient_loss | -0.000456   |
|    value_loss           | 0.0138      |
-----------------------------------------
------------------------------------------
| time/                   |              |
|    fps                  | 1190         |
|    iterations           | 95           |
|    time_elapsed         | 326          |
|    total_timesteps      | 389120       |
| train/                  |              |
|    approx_kl            | 0.0009793291 |
|    clip_fraction        | 0.00991      |
|    clip_range           | 0.2          |
|    entropy_loss         | -0.085       |
|    explained_variance   | 0.923        |
|    learning_rate        | 0.0003       |
|    loss                 | 0.00531      |
|    n_updates            | 940          |
|    policy_gradient_loss | -0.000378    |
|    value_loss           | 0.0119       |
------------------------------------------
  step  390000/500000 ( 78.0%)  mean_rew=-0.002
-------------------------------------------
| time/                   |               |
|    fps                  | 1191          |
|    iterations           | 96            |
|    time_elapsed         | 329           |
|    total_timesteps      | 393216        |
| train/                  |               |
|    approx_kl            | 0.00038798706 |
|    clip_fraction        | 0.00784       |
|    clip_range           | 0.2           |
|    entropy_loss         | -0.0926       |
|    explained_variance   | 0.888         |
|    learning_rate        | 0.0003        |
|    loss                 | 0.00703       |
|    n_updates            | 950           |
|    policy_gradient_loss | -6.98e-05     |
|    value_loss           | 0.0179        |
-------------------------------------------
  step  395000/500000 ( 79.0%)  mean_rew=-0.001
------------------------------------------
| time/                   |              |
|    fps                  | 1192         |
|    iterations           | 97           |
|    time_elapsed         | 333          |
|    total_timesteps      | 397312       |
| train/                  |              |
|    approx_kl            | 0.0032551074 |
|    clip_fraction        | 0.0121       |
|    clip_range           | 0.2          |
|    entropy_loss         | -0.0918      |
|    explained_variance   | 0.903        |
|    learning_rate        | 0.0003       |
|    loss                 | 0.00843      |
|    n_updates            | 960          |
|    policy_gradient_loss | -0.000507    |
|    value_loss           | 0.0143       |
------------------------------------------
  step  400000/500000 ( 80.0%)  mean_rew=-0.008
-------------------------------------------
| time/                   |               |
|    fps                  | 1192          |
|    iterations           | 98            |
|    time_elapsed         | 336           |
|    total_timesteps      | 401408        |
| train/                  |               |
|    approx_kl            | 0.00037629413 |
|    clip_fraction        | 0.00618       |
|    clip_range           | 0.2           |
|    entropy_loss         | -0.0983       |
|    explained_variance   | 0.945         |
|    learning_rate        | 0.0003        |
|    loss                 | 0.00544       |
|    n_updates            | 970           |
|    policy_gradient_loss | 0.000131      |
|    value_loss           | 0.00738       |
-------------------------------------------
  step  405000/500000 ( 81.0%)  mean_rew=-0.020
------------------------------------------
| time/                   |              |
|    fps                  | 1193         |
|    iterations           | 99           |
|    time_elapsed         | 339          |
|    total_timesteps      | 405504       |
| train/                  |              |
|    approx_kl            | 0.0004369038 |
|    clip_fraction        | 0.00427      |
|    clip_range           | 0.2          |
|    entropy_loss         | -0.0998      |
|    explained_variance   | 0.897        |
|    learning_rate        | 0.0003       |
|    loss                 | 0.0045       |
|    n_updates            | 980          |
|    policy_gradient_loss | -0.00014     |
|    value_loss           | 0.0152       |
------------------------------------------
------------------------------------------
| time/                   |              |
|    fps                  | 1194         |
|    iterations           | 100          |
|    time_elapsed         | 342          |
|    total_timesteps      | 409600       |
| train/                  |              |
|    approx_kl            | 0.0011487327 |
|    clip_fraction        | 0.00684      |
|    clip_range           | 0.2          |
|    entropy_loss         | -0.0963      |
|    explained_variance   | 0.862        |
|    learning_rate        | 0.0003       |
|    loss                 | 0.00955      |
|    n_updates            | 990          |
|    policy_gradient_loss | -8.44e-05    |
|    value_loss           | 0.0214       |
------------------------------------------
  step  410000/500000 ( 82.0%)  mean_rew=-0.009
------------------------------------------
| time/                   |              |
|    fps                  | 1194         |
|    iterations           | 101          |
|    time_elapsed         | 346          |
|    total_timesteps      | 413696       |
| train/                  |              |
|    approx_kl            | 0.0007391091 |
|    clip_fraction        | 0.00605      |
|    clip_range           | 0.2          |
|    entropy_loss         | -0.083       |
|    explained_variance   | 0.907        |
|    learning_rate        | 0.0003       |
|    loss                 | 0.00462      |
|    n_updates            | 1000         |
|    policy_gradient_loss | -0.000161    |
|    value_loss           | 0.0106       |
------------------------------------------
  step  415000/500000 ( 83.0%)  mean_rew=-0.007
----------------------------------------
| time/                   |            |
|    fps                  | 1195       |
|    iterations           | 102        |
|    time_elapsed         | 349        |
|    total_timesteps      | 417792     |
| train/                  |            |
|    approx_kl            | 0.00980348 |
|    clip_fraction        | 0.0207     |
|    clip_range           | 0.2        |
|    entropy_loss         | -0.0569    |
|    explained_variance   | 0.894      |
|    learning_rate        | 0.0003     |
|    loss                 | 0.00606    |
|    n_updates            | 1010       |
|    policy_gradient_loss | -0.000334  |
|    value_loss           | 0.0153     |
----------------------------------------
  step  420000/500000 ( 84.0%)  mean_rew=-0.005
-------------------------------------------
| time/                   |               |
|    fps                  | 1196          |
|    iterations           | 103           |
|    time_elapsed         | 352           |
|    total_timesteps      | 421888        |
| train/                  |               |
|    approx_kl            | 0.00035579695 |
|    clip_fraction        | 0.00703       |
|    clip_range           | 0.2           |
|    entropy_loss         | -0.0431       |
|    explained_variance   | 0.872         |
|    learning_rate        | 0.0003        |
|    loss                 | 0.00858       |
|    n_updates            | 1020          |
|    policy_gradient_loss | -0.000467     |
|    value_loss           | 0.0196        |
-------------------------------------------
  step  425000/500000 ( 85.0%)  mean_rew=-0.004
-------------------------------------------
| time/                   |               |
|    fps                  | 1196          |
|    iterations           | 104           |
|    time_elapsed         | 355           |
|    total_timesteps      | 425984        |
| train/                  |               |
|    approx_kl            | 0.00018986047 |
|    clip_fraction        | 0.00327       |
|    clip_range           | 0.2           |
|    entropy_loss         | -0.0462       |
|    explained_variance   | 0.905         |
|    learning_rate        | 0.0003        |
|    loss                 | 0.00371       |
|    n_updates            | 1030          |
|    policy_gradient_loss | -0.000113     |
|    value_loss           | 0.0123        |
-------------------------------------------
  step  430000/500000 ( 86.0%)  mean_rew=-0.001
----------------------------------------
| time/                   |            |
|    fps                  | 1197       |
|    iterations           | 105        |
|    time_elapsed         | 359        |
|    total_timesteps      | 430080     |
| train/                  |            |
|    approx_kl            | 0.00122098 |
|    clip_fraction        | 0.00825    |
|    clip_range           | 0.2        |
|    entropy_loss         | -0.0462    |
|    explained_variance   | 0.934      |
|    learning_rate        | 0.0003     |
|    loss                 | 0.00437    |
|    n_updates            | 1040       |
|    policy_gradient_loss | -0.000197  |
|    value_loss           | 0.00867    |
----------------------------------------
-------------------------------------------
| time/                   |               |
|    fps                  | 1197          |
|    iterations           | 106           |
|    time_elapsed         | 362           |
|    total_timesteps      | 434176        |
| train/                  |               |
|    approx_kl            | 0.00023345713 |
|    clip_fraction        | 0.00242       |
|    clip_range           | 0.2           |
|    entropy_loss         | -0.0422       |
|    explained_variance   | 0.846         |
|    learning_rate        | 0.0003        |
|    loss                 | 0.0114        |
|    n_updates            | 1050          |
|    policy_gradient_loss | -4.62e-05     |
|    value_loss           | 0.0241        |
-------------------------------------------
  step  435000/500000 ( 87.0%)  mean_rew=-0.007
-------------------------------------------
| time/                   |               |
|    fps                  | 1198          |
|    iterations           | 107           |
|    time_elapsed         | 365           |
|    total_timesteps      | 438272        |
| train/                  |               |
|    approx_kl            | 0.00030219712 |
|    clip_fraction        | 0.00188       |
|    clip_range           | 0.2           |
|    entropy_loss         | -0.0372       |
|    explained_variance   | 0.877         |
|    learning_rate        | 0.0003        |
|    loss                 | 0.00804       |
|    n_updates            | 1060          |
|    policy_gradient_loss | -5.14e-05     |
|    value_loss           | 0.0185        |
-------------------------------------------
  step  440000/500000 ( 88.0%)  mean_rew=-0.070
-------------------------------------------
| time/                   |               |
|    fps                  | 1199          |
|    iterations           | 108           |
|    time_elapsed         | 368           |
|    total_timesteps      | 442368        |
| train/                  |               |
|    approx_kl            | 0.00031399252 |
|    clip_fraction        | 0.00601       |
|    clip_range           | 0.2           |
|    entropy_loss         | -0.0403       |
|    explained_variance   | 0.904         |
|    learning_rate        | 0.0003        |
|    loss                 | 0.00395       |
|    n_updates            | 1070          |
|    policy_gradient_loss | -0.000345     |
|    value_loss           | 0.0111        |
-------------------------------------------
  step  445000/500000 ( 89.0%)  mean_rew=-0.005
------------------------------------------
| time/                   |              |
|    fps                  | 1199         |
|    iterations           | 109          |
|    time_elapsed         | 372          |
|    total_timesteps      | 446464       |
| train/                  |              |
|    approx_kl            | 0.0015109656 |
|    clip_fraction        | 0.00837      |
|    clip_range           | 0.2          |
|    entropy_loss         | -0.0353      |
|    explained_variance   | 0.885        |
|    learning_rate        | 0.0003       |
|    loss                 | 0.00545      |
|    n_updates            | 1080         |
|    policy_gradient_loss | -0.000441    |
|    value_loss           | 0.0166       |
------------------------------------------
  step  450000/500000 ( 90.0%)  mean_rew=-0.004
-------------------------------------------
| time/                   |               |
|    fps                  | 1200          |
|    iterations           | 110           |
|    time_elapsed         | 375           |
|    total_timesteps      | 450560        |
| train/                  |               |
|    approx_kl            | 0.00035370456 |
|    clip_fraction        | 0.00298       |
|    clip_range           | 0.2           |
|    entropy_loss         | -0.0309       |
|    explained_variance   | 0.881         |
|    learning_rate        | 0.0003        |
|    loss                 | 0.0106        |
|    n_updates            | 1090          |
|    policy_gradient_loss | -0.000105     |
|    value_loss           | 0.0175        |
-------------------------------------------
-------------------------------------------
| time/                   |               |
|    fps                  | 1200          |
|    iterations           | 111           |
|    time_elapsed         | 378           |
|    total_timesteps      | 454656        |
| train/                  |               |
|    approx_kl            | 0.00035594054 |
|    clip_fraction        | 0.00513       |
|    clip_range           | 0.2           |
|    entropy_loss         | -0.0348       |
|    explained_variance   | 0.903         |
|    learning_rate        | 0.0003        |
|    loss                 | 0.00439       |
|    n_updates            | 1100          |
|    policy_gradient_loss | -0.000492     |
|    value_loss           | 0.012         |
-------------------------------------------
  step  455000/500000 ( 91.0%)  mean_rew=+0.000
-------------------------------------------
| time/                   |               |
|    fps                  | 1200          |
|    iterations           | 112           |
|    time_elapsed         | 382           |
|    total_timesteps      | 458752        |
| train/                  |               |
|    approx_kl            | 0.00026008647 |
|    clip_fraction        | 0.00132       |
|    clip_range           | 0.2           |
|    entropy_loss         | -0.0373       |
|    explained_variance   | 0.911         |
|    learning_rate        | 0.0003        |
|    loss                 | 0.00427       |
|    n_updates            | 1110          |
|    policy_gradient_loss | -5.66e-07     |
|    value_loss           | 0.0121        |
-------------------------------------------
  step  460000/500000 ( 92.0%)  mean_rew=-0.006
------------------------------------------
| time/                   |              |
|    fps                  | 1201         |
|    iterations           | 113          |
|    time_elapsed         | 385          |
|    total_timesteps      | 462848       |
| train/                  |              |
|    approx_kl            | 0.0006230192 |
|    clip_fraction        | 0.00474      |
|    clip_range           | 0.2          |
|    entropy_loss         | -0.037       |
|    explained_variance   | 0.88         |
|    learning_rate        | 0.0003       |
|    loss                 | 0.0083       |
|    n_updates            | 1120         |
|    policy_gradient_loss | -0.000254    |
|    value_loss           | 0.017        |
------------------------------------------
  step  465000/500000 ( 93.0%)  mean_rew=-0.002
------------------------------------------
| time/                   |              |
|    fps                  | 1202         |
|    iterations           | 114          |
|    time_elapsed         | 388          |
|    total_timesteps      | 466944       |
| train/                  |              |
|    approx_kl            | 0.0003139727 |
|    clip_fraction        | 0.00479      |
|    clip_range           | 0.2          |
|    entropy_loss         | -0.0388      |
|    explained_variance   | 0.855        |
|    learning_rate        | 0.0003       |
|    loss                 | 0.0114       |
|    n_updates            | 1130         |
|    policy_gradient_loss | -0.000166    |
|    value_loss           | 0.0217       |
------------------------------------------
  step  470000/500000 ( 94.0%)  mean_rew=+0.000
-------------------------------------------
| time/                   |               |
|    fps                  | 1202          |
|    iterations           | 115           |
|    time_elapsed         | 391           |
|    total_timesteps      | 471040        |
| train/                  |               |
|    approx_kl            | 0.00026800757 |
|    clip_fraction        | 0.00491       |
|    clip_range           | 0.2           |
|    entropy_loss         | -0.0346       |
|    explained_variance   | 0.907         |
|    learning_rate        | 0.0003        |
|    loss                 | 0.00364       |
|    n_updates            | 1140          |
|    policy_gradient_loss | -0.000223     |
|    value_loss           | 0.0107        |
-------------------------------------------
  step  475000/500000 ( 95.0%)  mean_rew=-0.007
-----------------------------------------
| time/                   |             |
|    fps                  | 1202        |
|    iterations           | 116         |
|    time_elapsed         | 395         |
|    total_timesteps      | 475136      |
| train/                  |             |
|    approx_kl            | 0.000873085 |
|    clip_fraction        | 0.00339     |
|    clip_range           | 0.2         |
|    entropy_loss         | -0.0265     |
|    explained_variance   | 0.898       |
|    learning_rate        | 0.0003      |
|    loss                 | 0.00342     |
|    n_updates            | 1150        |
|    policy_gradient_loss | -0.00054    |
|    value_loss           | 0.0139      |
-----------------------------------------
-------------------------------------------
| time/                   |               |
|    fps                  | 1203          |
|    iterations           | 117           |
|    time_elapsed         | 398           |
|    total_timesteps      | 479232        |
| train/                  |               |
|    approx_kl            | 0.00018336522 |
|    clip_fraction        | 0.00256       |
|    clip_range           | 0.2           |
|    entropy_loss         | -0.0258       |
|    explained_variance   | 0.867         |
|    learning_rate        | 0.0003        |
|    loss                 | 0.0151        |
|    n_updates            | 1160          |
|    policy_gradient_loss | -0.000113     |
|    value_loss           | 0.0195        |
-------------------------------------------
  step  480000/500000 ( 96.0%)  mean_rew=-0.010
------------------------------------------
| time/                   |              |
|    fps                  | 1203         |
|    iterations           | 118          |
|    time_elapsed         | 401          |
|    total_timesteps      | 483328       |
| train/                  |              |
|    approx_kl            | 0.0017536303 |
|    clip_fraction        | 0.0052       |
|    clip_range           | 0.2          |
|    entropy_loss         | -0.0326      |
|    explained_variance   | 0.906        |
|    learning_rate        | 0.0003       |
|    loss                 | 0.00297      |
|    n_updates            | 1170         |
|    policy_gradient_loss | -0.000413    |
|    value_loss           | 0.0109       |
------------------------------------------
  step  485000/500000 ( 97.0%)  mean_rew=-0.007
-------------------------------------------
| time/                   |               |
|    fps                  | 1202          |
|    iterations           | 119           |
|    time_elapsed         | 405           |
|    total_timesteps      | 487424        |
| train/                  |               |
|    approx_kl            | 0.00033794975 |
|    clip_fraction        | 0.0072        |
|    clip_range           | 0.2           |
|    entropy_loss         | -0.042        |
|    explained_variance   | 0.917         |
|    learning_rate        | 0.0003        |
|    loss                 | 0.00536       |
|    n_updates            | 1180          |
|    policy_gradient_loss | 1.27e-05      |
|    value_loss           | 0.0109        |
-------------------------------------------
  step  490000/500000 ( 98.0%)  mean_rew=+0.000
-------------------------------------------
| time/                   |               |
|    fps                  | 1203          |
|    iterations           | 120           |
|    time_elapsed         | 408           |
|    total_timesteps      | 491520        |
| train/                  |               |
|    approx_kl            | 0.00029505254 |
|    clip_fraction        | 0.00764       |
|    clip_range           | 0.2           |
|    entropy_loss         | -0.0432       |
|    explained_variance   | 0.873         |
|    learning_rate        | 0.0003        |
|    loss                 | 0.00885       |
|    n_updates            | 1190          |
|    policy_gradient_loss | 4.48e-05      |
|    value_loss           | 0.0188        |
-------------------------------------------
  step  495000/500000 ( 99.0%)  mean_rew=-0.002
------------------------------------------
| time/                   |              |
|    fps                  | 1203         |
|    iterations           | 121          |
|    time_elapsed         | 411          |
|    total_timesteps      | 495616       |
| train/                  |              |
|    approx_kl            | 0.0005336215 |
|    clip_fraction        | 0.00706      |
|    clip_range           | 0.2          |
|    entropy_loss         | -0.0429      |
|    explained_variance   | 0.881        |
|    learning_rate        | 0.0003       |
|    loss                 | 0.00958      |
|    n_updates            | 1200         |
|    policy_gradient_loss | -0.000343    |
|    value_loss           | 0.0176       |
------------------------------------------
------------------------------------------
| time/                   |              |
|    fps                  | 1201         |
|    iterations           | 122          |
|    time_elapsed         | 415          |
|    total_timesteps      | 499712       |
| train/                  |              |
|    approx_kl            | 0.0004545176 |
|    clip_fraction        | 0.00684      |
|    clip_range           | 0.2          |
|    entropy_loss         | -0.0445      |
|    explained_variance   | 0.899        |
|    learning_rate        | 0.0003       |
|    loss                 | 0.00667      |
|    n_updates            | 1210         |
|    policy_gradient_loss | -0.000285    |
|    value_loss           | 0.0123       |
------------------------------------------
  step  500000/500000 (100.0%)  mean_rew=-0.009
-------------------------------------------
| time/                   |               |
|    fps                  | 1187          |
|    iterations           | 123           |
|    time_elapsed         | 424           |
|    total_timesteps      | 503808        |
| train/                  |               |
|    approx_kl            | 0.00042111415 |
|    clip_fraction        | 0.00327       |
|    clip_range           | 0.2           |
|    entropy_loss         | -0.043        |
|    explained_variance   | 0.907         |
|    learning_rate        | 0.0003        |
|    loss                 | 0.00841       |
|    n_updates            | 1220          |
|    policy_gradient_loss | 0.000227      |
|    value_loss           | 0.0132        |
-------------------------------------------
[cologne8-PPO] Done. Saved -> /workspace/rl-traffic/exp_cologne8_real/ppo_wait-clip_s123
