Using libsumo as traci as requested by environment variable.
[cologne8-PPO] 8 agents | reward=queue | seed=42
  obs=(7,) | act=Discrete(4)
Using cpu device
-----------------------------
| time/              |      |
|    fps             | 1527 |
|    iterations      | 1    |
|    time_elapsed    | 2    |
|    total_timesteps | 4096 |
-----------------------------
  step    5000/500000 (  1.0%)  mean_rew=-0.004
-----------------------------------------
| time/                   |             |
|    fps                  | 1236        |
|    iterations           | 2           |
|    time_elapsed         | 6           |
|    total_timesteps      | 8192        |
| train/                  |             |
|    approx_kl            | 0.012346889 |
|    clip_fraction        | 0.0964      |
|    clip_range           | 0.2         |
|    entropy_loss         | -1.38       |
|    explained_variance   | -0.31       |
|    learning_rate        | 0.0003      |
|    loss                 | 0.000431    |
|    n_updates            | 10          |
|    policy_gradient_loss | -0.00713    |
|    value_loss           | 0.0113      |
-----------------------------------------
  step   10000/500000 (  2.0%)  mean_rew=-0.002
-----------------------------------------
| time/                   |             |
|    fps                  | 1231        |
|    iterations           | 3           |
|    time_elapsed         | 9           |
|    total_timesteps      | 12288       |
| train/                  |             |
|    approx_kl            | 0.010896904 |
|    clip_fraction        | 0.0656      |
|    clip_range           | 0.2         |
|    entropy_loss         | -1.35       |
|    explained_variance   | 0.534       |
|    learning_rate        | 0.0003      |
|    loss                 | -0.00187    |
|    n_updates            | 20          |
|    policy_gradient_loss | -0.00796    |
|    value_loss           | 0.0104      |
-----------------------------------------
  step   15000/500000 (  3.0%)  mean_rew=-0.004
----------------------------------------
| time/                   |            |
|    fps                  | 1212       |
|    iterations           | 4          |
|    time_elapsed         | 13         |
|    total_timesteps      | 16384      |
| train/                  |            |
|    approx_kl            | 0.00895078 |
|    clip_fraction        | 0.0888     |
|    clip_range           | 0.2        |
|    entropy_loss         | -1.32      |
|    explained_variance   | 0.595      |
|    learning_rate        | 0.0003     |
|    loss                 | -0.0148    |
|    n_updates            | 30         |
|    policy_gradient_loss | -0.00829   |
|    value_loss           | 0.00378    |
----------------------------------------
  step   20000/500000 (  4.0%)  mean_rew=-0.002
-----------------------------------------
| time/                   |             |
|    fps                  | 1201        |
|    iterations           | 5           |
|    time_elapsed         | 17          |
|    total_timesteps      | 20480       |
| train/                  |             |
|    approx_kl            | 0.009923123 |
|    clip_fraction        | 0.0958      |
|    clip_range           | 0.2         |
|    entropy_loss         | -1.28       |
|    explained_variance   | 0.708       |
|    learning_rate        | 0.0003      |
|    loss                 | -0.0106     |
|    n_updates            | 40          |
|    policy_gradient_loss | -0.00853    |
|    value_loss           | 0.00339     |
-----------------------------------------
-----------------------------------------
| time/                   |             |
|    fps                  | 1205        |
|    iterations           | 6           |
|    time_elapsed         | 20          |
|    total_timesteps      | 24576       |
| train/                  |             |
|    approx_kl            | 0.012163013 |
|    clip_fraction        | 0.068       |
|    clip_range           | 0.2         |
|    entropy_loss         | -1.26       |
|    explained_variance   | 0.731       |
|    learning_rate        | 0.0003      |
|    loss                 | -0.0183     |
|    n_updates            | 50          |
|    policy_gradient_loss | -0.00658    |
|    value_loss           | 0.00401     |
-----------------------------------------
  step   25000/500000 (  5.0%)  mean_rew=-0.001
-----------------------------------------
| time/                   |             |
|    fps                  | 1206        |
|    iterations           | 7           |
|    time_elapsed         | 23          |
|    total_timesteps      | 28672       |
| train/                  |             |
|    approx_kl            | 0.009682425 |
|    clip_fraction        | 0.12        |
|    clip_range           | 0.2         |
|    entropy_loss         | -1.25       |
|    explained_variance   | 0.747       |
|    learning_rate        | 0.0003      |
|    loss                 | -0.0356     |
|    n_updates            | 60          |
|    policy_gradient_loss | -0.00924    |
|    value_loss           | 0.00412     |
-----------------------------------------
  step   30000/500000 (  6.0%)  mean_rew=-0.002
------------------------------------------
| time/                   |              |
|    fps                  | 1201         |
|    iterations           | 8            |
|    time_elapsed         | 27           |
|    total_timesteps      | 32768        |
| train/                  |              |
|    approx_kl            | 0.0077271396 |
|    clip_fraction        | 0.0743       |
|    clip_range           | 0.2          |
|    entropy_loss         | -1.22        |
|    explained_variance   | 0.87         |
|    learning_rate        | 0.0003       |
|    loss                 | -0.00748     |
|    n_updates            | 70           |
|    policy_gradient_loss | -0.00607     |
|    value_loss           | 0.00183      |
------------------------------------------
  step   35000/500000 (  7.0%)  mean_rew=-0.000
-----------------------------------------
| time/                   |             |
|    fps                  | 1200        |
|    iterations           | 9           |
|    time_elapsed         | 30          |
|    total_timesteps      | 36864       |
| train/                  |             |
|    approx_kl            | 0.009118708 |
|    clip_fraction        | 0.0348      |
|    clip_range           | 0.2         |
|    entropy_loss         | -1.18       |
|    explained_variance   | 0.835       |
|    learning_rate        | 0.0003      |
|    loss                 | 0.00652     |
|    n_updates            | 80          |
|    policy_gradient_loss | -0.00289    |
|    value_loss           | 0.00264     |
-----------------------------------------
  step   40000/500000 (  8.0%)  mean_rew=-0.001
-----------------------------------------
| time/                   |             |
|    fps                  | 1206        |
|    iterations           | 10          |
|    time_elapsed         | 33          |
|    total_timesteps      | 40960       |
| train/                  |             |
|    approx_kl            | 0.011810433 |
|    clip_fraction        | 0.0686      |
|    clip_range           | 0.2         |
|    entropy_loss         | -1.11       |
|    explained_variance   | 0.864       |
|    learning_rate        | 0.0003      |
|    loss                 | -0.0365     |
|    n_updates            | 90          |
|    policy_gradient_loss | -0.00571    |
|    value_loss           | 0.00182     |
-----------------------------------------
  step   45000/500000 (  9.0%)  mean_rew=-0.000
-----------------------------------------
| time/                   |             |
|    fps                  | 1205        |
|    iterations           | 11          |
|    time_elapsed         | 37          |
|    total_timesteps      | 45056       |
| train/                  |             |
|    approx_kl            | 0.009256692 |
|    clip_fraction        | 0.088       |
|    clip_range           | 0.2         |
|    entropy_loss         | -1.08       |
|    explained_variance   | 0.878       |
|    learning_rate        | 0.0003      |
|    loss                 | 0.0044      |
|    n_updates            | 100         |
|    policy_gradient_loss | -0.00537    |
|    value_loss           | 0.00126     |
-----------------------------------------
-----------------------------------------
| time/                   |             |
|    fps                  | 1202        |
|    iterations           | 12          |
|    time_elapsed         | 40          |
|    total_timesteps      | 49152       |
| train/                  |             |
|    approx_kl            | 0.011225065 |
|    clip_fraction        | 0.0717      |
|    clip_range           | 0.2         |
|    entropy_loss         | -1.01       |
|    explained_variance   | 0.935       |
|    learning_rate        | 0.0003      |
|    loss                 | -0.00787    |
|    n_updates            | 110         |
|    policy_gradient_loss | -0.00489    |
|    value_loss           | 0.000566    |
-----------------------------------------
  step   50000/500000 ( 10.0%)  mean_rew=+0.001
-----------------------------------------
| time/                   |             |
|    fps                  | 1205        |
|    iterations           | 13          |
|    time_elapsed         | 44          |
|    total_timesteps      | 53248       |
| train/                  |             |
|    approx_kl            | 0.009625371 |
|    clip_fraction        | 0.0533      |
|    clip_range           | 0.2         |
|    entropy_loss         | -0.959      |
|    explained_variance   | 0.893       |
|    learning_rate        | 0.0003      |
|    loss                 | -0.0201     |
|    n_updates            | 120         |
|    policy_gradient_loss | -0.00363    |
|    value_loss           | 0.000929    |
-----------------------------------------
  step   55000/500000 ( 11.0%)  mean_rew=-0.002
-----------------------------------------
| time/                   |             |
|    fps                  | 1205        |
|    iterations           | 14          |
|    time_elapsed         | 47          |
|    total_timesteps      | 57344       |
| train/                  |             |
|    approx_kl            | 0.008020271 |
|    clip_fraction        | 0.0627      |
|    clip_range           | 0.2         |
|    entropy_loss         | -0.899      |
|    explained_variance   | 0.903       |
|    learning_rate        | 0.0003      |
|    loss                 | -0.0105     |
|    n_updates            | 130         |
|    policy_gradient_loss | -0.00375    |
|    value_loss           | 0.000584    |
-----------------------------------------
  step   60000/500000 ( 12.0%)  mean_rew=-0.001
-----------------------------------------
| time/                   |             |
|    fps                  | 1205        |
|    iterations           | 15          |
|    time_elapsed         | 50          |
|    total_timesteps      | 61440       |
| train/                  |             |
|    approx_kl            | 0.007737735 |
|    clip_fraction        | 0.0589      |
|    clip_range           | 0.2         |
|    entropy_loss         | -0.868      |
|    explained_variance   | 0.93        |
|    learning_rate        | 0.0003      |
|    loss                 | -0.0117     |
|    n_updates            | 140         |
|    policy_gradient_loss | -0.00461    |
|    value_loss           | 0.000425    |
-----------------------------------------
  step   65000/500000 ( 13.0%)  mean_rew=-0.001
------------------------------------------
| time/                   |              |
|    fps                  | 1205         |
|    iterations           | 16           |
|    time_elapsed         | 54           |
|    total_timesteps      | 65536        |
| train/                  |              |
|    approx_kl            | 0.0066815643 |
|    clip_fraction        | 0.0472       |
|    clip_range           | 0.2          |
|    entropy_loss         | -0.839       |
|    explained_variance   | 0.901        |
|    learning_rate        | 0.0003       |
|    loss                 | -0.00901     |
|    n_updates            | 150          |
|    policy_gradient_loss | -0.0033      |
|    value_loss           | 0.000514     |
------------------------------------------
-----------------------------------------
| time/                   |             |
|    fps                  | 1207        |
|    iterations           | 17          |
|    time_elapsed         | 57          |
|    total_timesteps      | 69632       |
| train/                  |             |
|    approx_kl            | 0.005433934 |
|    clip_fraction        | 0.0436      |
|    clip_range           | 0.2         |
|    entropy_loss         | -0.804      |
|    explained_variance   | 0.886       |
|    learning_rate        | 0.0003      |
|    loss                 | -0.0126     |
|    n_updates            | 160         |
|    policy_gradient_loss | -0.00314    |
|    value_loss           | 0.000532    |
-----------------------------------------
  step   70000/500000 ( 14.0%)  mean_rew=-0.001
-----------------------------------------
| time/                   |             |
|    fps                  | 1207        |
|    iterations           | 18          |
|    time_elapsed         | 61          |
|    total_timesteps      | 73728       |
| train/                  |             |
|    approx_kl            | 0.004901287 |
|    clip_fraction        | 0.058       |
|    clip_range           | 0.2         |
|    entropy_loss         | -0.763      |
|    explained_variance   | 0.905       |
|    learning_rate        | 0.0003      |
|    loss                 | -0.0016     |
|    n_updates            | 170         |
|    policy_gradient_loss | -0.00433    |
|    value_loss           | 0.000364    |
-----------------------------------------
  step   75000/500000 ( 15.0%)  mean_rew=-0.001
-----------------------------------------
| time/                   |             |
|    fps                  | 1205        |
|    iterations           | 19          |
|    time_elapsed         | 64          |
|    total_timesteps      | 77824       |
| train/                  |             |
|    approx_kl            | 0.004787297 |
|    clip_fraction        | 0.0559      |
|    clip_range           | 0.2         |
|    entropy_loss         | -0.722      |
|    explained_variance   | 0.947       |
|    learning_rate        | 0.0003      |
|    loss                 | -0.0161     |
|    n_updates            | 180         |
|    policy_gradient_loss | -0.00317    |
|    value_loss           | 0.000193    |
-----------------------------------------
  step   80000/500000 ( 16.0%)  mean_rew=-0.001
------------------------------------------
| time/                   |              |
|    fps                  | 1208         |
|    iterations           | 20           |
|    time_elapsed         | 67           |
|    total_timesteps      | 81920        |
| train/                  |              |
|    approx_kl            | 0.0037965593 |
|    clip_fraction        | 0.0243       |
|    clip_range           | 0.2          |
|    entropy_loss         | -0.697       |
|    explained_variance   | 0.86         |
|    learning_rate        | 0.0003       |
|    loss                 | -0.00901     |
|    n_updates            | 190          |
|    policy_gradient_loss | -0.00129     |
|    value_loss           | 0.000541     |
------------------------------------------
  step   85000/500000 ( 17.0%)  mean_rew=-0.001
-----------------------------------------
| time/                   |             |
|    fps                  | 1208        |
|    iterations           | 21          |
|    time_elapsed         | 71          |
|    total_timesteps      | 86016       |
| train/                  |             |
|    approx_kl            | 0.004978837 |
|    clip_fraction        | 0.0417      |
|    clip_range           | 0.2         |
|    entropy_loss         | -0.653      |
|    explained_variance   | 0.894       |
|    learning_rate        | 0.0003      |
|    loss                 | -0.00471    |
|    n_updates            | 200         |
|    policy_gradient_loss | -0.00301    |
|    value_loss           | 0.000327    |
-----------------------------------------
  step   90000/500000 ( 18.0%)  mean_rew=+0.000
------------------------------------------
| time/                   |              |
|    fps                  | 1207         |
|    iterations           | 22           |
|    time_elapsed         | 74           |
|    total_timesteps      | 90112        |
| train/                  |              |
|    approx_kl            | 0.0047219004 |
|    clip_fraction        | 0.0475       |
|    clip_range           | 0.2          |
|    entropy_loss         | -0.6         |
|    explained_variance   | 0.949        |
|    learning_rate        | 0.0003       |
|    loss                 | -0.00385     |
|    n_updates            | 210          |
|    policy_gradient_loss | -0.0039      |
|    value_loss           | 0.000145     |
------------------------------------------
-----------------------------------------
| time/                   |             |
|    fps                  | 1207        |
|    iterations           | 23          |
|    time_elapsed         | 78          |
|    total_timesteps      | 94208       |
| train/                  |             |
|    approx_kl            | 0.004212489 |
|    clip_fraction        | 0.0565      |
|    clip_range           | 0.2         |
|    entropy_loss         | -0.567      |
|    explained_variance   | 0.902       |
|    learning_rate        | 0.0003      |
|    loss                 | -0.0108     |
|    n_updates            | 220         |
|    policy_gradient_loss | -0.0027     |
|    value_loss           | 0.000244    |
-----------------------------------------
  step   95000/500000 ( 19.0%)  mean_rew=-0.002
----------------------------------------
| time/                   |            |
|    fps                  | 1209       |
|    iterations           | 24         |
|    time_elapsed         | 81         |
|    total_timesteps      | 98304      |
| train/                  |            |
|    approx_kl            | 0.00306982 |
|    clip_fraction        | 0.0305     |
|    clip_range           | 0.2        |
|    entropy_loss         | -0.524     |
|    explained_variance   | 0.887      |
|    learning_rate        | 0.0003     |
|    loss                 | 0.00844    |
|    n_updates            | 230        |
|    policy_gradient_loss | -0.00224   |
|    value_loss           | 0.000296   |
----------------------------------------
  step  100000/500000 ( 20.0%)  mean_rew=+0.001
------------------------------------------
| time/                   |              |
|    fps                  | 1208         |
|    iterations           | 25           |
|    time_elapsed         | 84           |
|    total_timesteps      | 102400       |
| train/                  |              |
|    approx_kl            | 0.0021813423 |
|    clip_fraction        | 0.02         |
|    clip_range           | 0.2          |
|    entropy_loss         | -0.503       |
|    explained_variance   | 0.909        |
|    learning_rate        | 0.0003       |
|    loss                 | -0.00228     |
|    n_updates            | 240          |
|    policy_gradient_loss | -0.000766    |
|    value_loss           | 0.000162     |
------------------------------------------
  step  105000/500000 ( 21.0%)  mean_rew=+0.000
-----------------------------------------
| time/                   |             |
|    fps                  | 1208        |
|    iterations           | 26          |
|    time_elapsed         | 88          |
|    total_timesteps      | 106496      |
| train/                  |             |
|    approx_kl            | 0.004089331 |
|    clip_fraction        | 0.0267      |
|    clip_range           | 0.2         |
|    entropy_loss         | -0.464      |
|    explained_variance   | 0.922       |
|    learning_rate        | 0.0003      |
|    loss                 | -0.0195     |
|    n_updates            | 250         |
|    policy_gradient_loss | -0.00251    |
|    value_loss           | 0.000163    |
-----------------------------------------
  step  110000/500000 ( 22.0%)  mean_rew=+0.001
-----------------------------------------
| time/                   |             |
|    fps                  | 1210        |
|    iterations           | 27          |
|    time_elapsed         | 91          |
|    total_timesteps      | 110592      |
| train/                  |             |
|    approx_kl            | 0.002396658 |
|    clip_fraction        | 0.0303      |
|    clip_range           | 0.2         |
|    entropy_loss         | -0.414      |
|    explained_variance   | 0.872       |
|    learning_rate        | 0.0003      |
|    loss                 | 0.0023      |
|    n_updates            | 260         |
|    policy_gradient_loss | -0.00306    |
|    value_loss           | 0.000266    |
-----------------------------------------
-----------------------------------------
| time/                   |             |
|    fps                  | 1210        |
|    iterations           | 28          |
|    time_elapsed         | 94          |
|    total_timesteps      | 114688      |
| train/                  |             |
|    approx_kl            | 0.002091939 |
|    clip_fraction        | 0.0264      |
|    clip_range           | 0.2         |
|    entropy_loss         | -0.4        |
|    explained_variance   | 0.9         |
|    learning_rate        | 0.0003      |
|    loss                 | -0.00812    |
|    n_updates            | 270         |
|    policy_gradient_loss | -0.00203    |
|    value_loss           | 0.000159    |
-----------------------------------------
  step  115000/500000 ( 23.0%)  mean_rew=-0.001
-----------------------------------------
| time/                   |             |
|    fps                  | 1210        |
|    iterations           | 29          |
|    time_elapsed         | 98          |
|    total_timesteps      | 118784      |
| train/                  |             |
|    approx_kl            | 0.002044793 |
|    clip_fraction        | 0.0222      |
|    clip_range           | 0.2         |
|    entropy_loss         | -0.367      |
|    explained_variance   | 0.928       |
|    learning_rate        | 0.0003      |
|    loss                 | 0.0048      |
|    n_updates            | 280         |
|    policy_gradient_loss | -0.00157    |
|    value_loss           | 0.000123    |
-----------------------------------------
  step  120000/500000 ( 24.0%)  mean_rew=-0.001
------------------------------------------
| time/                   |              |
|    fps                  | 1210         |
|    iterations           | 30           |
|    time_elapsed         | 101          |
|    total_timesteps      | 122880       |
| train/                  |              |
|    approx_kl            | 0.0022768246 |
|    clip_fraction        | 0.0359       |
|    clip_range           | 0.2          |
|    entropy_loss         | -0.331       |
|    explained_variance   | 0.883        |
|    learning_rate        | 0.0003       |
|    loss                 | 0.00306      |
|    n_updates            | 290          |
|    policy_gradient_loss | -0.00216     |
|    value_loss           | 0.000189     |
------------------------------------------
  step  125000/500000 ( 25.0%)  mean_rew=+0.001
------------------------------------------
| time/                   |              |
|    fps                  | 1211         |
|    iterations           | 31           |
|    time_elapsed         | 104          |
|    total_timesteps      | 126976       |
| train/                  |              |
|    approx_kl            | 0.0025417837 |
|    clip_fraction        | 0.034        |
|    clip_range           | 0.2          |
|    entropy_loss         | -0.302       |
|    explained_variance   | 0.885        |
|    learning_rate        | 0.0003       |
|    loss                 | -0.00418     |
|    n_updates            | 300          |
|    policy_gradient_loss | -0.00193     |
|    value_loss           | 0.000176     |
------------------------------------------
  step  130000/500000 ( 26.0%)  mean_rew=+0.000
------------------------------------------
| time/                   |              |
|    fps                  | 1211         |
|    iterations           | 32           |
|    time_elapsed         | 108          |
|    total_timesteps      | 131072       |
| train/                  |              |
|    approx_kl            | 0.0020087683 |
|    clip_fraction        | 0.0283       |
|    clip_range           | 0.2          |
|    entropy_loss         | -0.281       |
|    explained_variance   | 0.898        |
|    learning_rate        | 0.0003       |
|    loss                 | 0.0023       |
|    n_updates            | 310          |
|    policy_gradient_loss | -0.00179     |
|    value_loss           | 0.000114     |
------------------------------------------
  step  135000/500000 ( 27.0%)  mean_rew=-0.001
------------------------------------------
| time/                   |              |
|    fps                  | 1211         |
|    iterations           | 33           |
|    time_elapsed         | 111          |
|    total_timesteps      | 135168       |
| train/                  |              |
|    approx_kl            | 0.0016976467 |
|    clip_fraction        | 0.0135       |
|    clip_range           | 0.2          |
|    entropy_loss         | -0.277       |
|    explained_variance   | 0.927        |
|    learning_rate        | 0.0003       |
|    loss                 | -0.00105     |
|    n_updates            | 320          |
|    policy_gradient_loss | -0.000599    |
|    value_loss           | 9.34e-05     |
------------------------------------------
------------------------------------------
| time/                   |              |
|    fps                  | 1212         |
|    iterations           | 34           |
|    time_elapsed         | 114          |
|    total_timesteps      | 139264       |
| train/                  |              |
|    approx_kl            | 0.0015794889 |
|    clip_fraction        | 0.0171       |
|    clip_range           | 0.2          |
|    entropy_loss         | -0.274       |
|    explained_variance   | 0.879        |
|    learning_rate        | 0.0003       |
|    loss                 | 0.000491     |
|    n_updates            | 330          |
|    policy_gradient_loss | -0.000439    |
|    value_loss           | 0.000151     |
------------------------------------------
  step  140000/500000 ( 28.0%)  mean_rew=+0.001
------------------------------------------
| time/                   |              |
|    fps                  | 1212         |
|    iterations           | 35           |
|    time_elapsed         | 118          |
|    total_timesteps      | 143360       |
| train/                  |              |
|    approx_kl            | 0.0021484413 |
|    clip_fraction        | 0.0238       |
|    clip_range           | 0.2          |
|    entropy_loss         | -0.262       |
|    explained_variance   | 0.894        |
|    learning_rate        | 0.0003       |
|    loss                 | 0.000405     |
|    n_updates            | 340          |
|    policy_gradient_loss | -0.00143     |
|    value_loss           | 0.000117     |
------------------------------------------
  step  145000/500000 ( 29.0%)  mean_rew=-0.001
------------------------------------------
| time/                   |              |
|    fps                  | 1212         |
|    iterations           | 36           |
|    time_elapsed         | 121          |
|    total_timesteps      | 147456       |
| train/                  |              |
|    approx_kl            | 0.0009217511 |
|    clip_fraction        | 0.0173       |
|    clip_range           | 0.2          |
|    entropy_loss         | -0.258       |
|    explained_variance   | 0.917        |
|    learning_rate        | 0.0003       |
|    loss                 | 0.00422      |
|    n_updates            | 350          |
|    policy_gradient_loss | -0.00112     |
|    value_loss           | 9.89e-05     |
------------------------------------------
  step  150000/500000 ( 30.0%)  mean_rew=-0.002
------------------------------------------
| time/                   |              |
|    fps                  | 1212         |
|    iterations           | 37           |
|    time_elapsed         | 124          |
|    total_timesteps      | 151552       |
| train/                  |              |
|    approx_kl            | 0.0016064015 |
|    clip_fraction        | 0.0278       |
|    clip_range           | 0.2          |
|    entropy_loss         | -0.238       |
|    explained_variance   | 0.888        |
|    learning_rate        | 0.0003       |
|    loss                 | -0.00206     |
|    n_updates            | 360          |
|    policy_gradient_loss | -0.00141     |
|    value_loss           | 0.000135     |
------------------------------------------
  step  155000/500000 ( 31.0%)  mean_rew=-0.002
------------------------------------------
| time/                   |              |
|    fps                  | 1212         |
|    iterations           | 38           |
|    time_elapsed         | 128          |
|    total_timesteps      | 155648       |
| train/                  |              |
|    approx_kl            | 0.0015229073 |
|    clip_fraction        | 0.0205       |
|    clip_range           | 0.2          |
|    entropy_loss         | -0.208       |
|    explained_variance   | 0.888        |
|    learning_rate        | 0.0003       |
|    loss                 | 0.00241      |
|    n_updates            | 370          |
|    policy_gradient_loss | -0.00097     |
|    value_loss           | 0.000134     |
------------------------------------------
-------------------------------------------
| time/                   |               |
|    fps                  | 1213          |
|    iterations           | 39            |
|    time_elapsed         | 131           |
|    total_timesteps      | 159744        |
| train/                  |               |
|    approx_kl            | 0.00059094164 |
|    clip_fraction        | 0.0124        |
|    clip_range           | 0.2           |
|    entropy_loss         | -0.192        |
|    explained_variance   | 0.87          |
|    learning_rate        | 0.0003        |
|    loss                 | 0.00219       |
|    n_updates            | 380           |
|    policy_gradient_loss | -0.000751     |
|    value_loss           | 0.000141      |
-------------------------------------------
  step  160000/500000 ( 32.0%)  mean_rew=-0.001
-----------------------------------------
| time/                   |             |
|    fps                  | 1213        |
|    iterations           | 40          |
|    time_elapsed         | 135         |
|    total_timesteps      | 163840      |
| train/                  |             |
|    approx_kl            | 0.001347084 |
|    clip_fraction        | 0.0185      |
|    clip_range           | 0.2         |
|    entropy_loss         | -0.186      |
|    explained_variance   | 0.933       |
|    learning_rate        | 0.0003      |
|    loss                 | -0.00172    |
|    n_updates            | 390         |
|    policy_gradient_loss | -0.00117    |
|    value_loss           | 6.74e-05    |
-----------------------------------------
  step  165000/500000 ( 33.0%)  mean_rew=+0.002
------------------------------------------
| time/                   |              |
|    fps                  | 1214         |
|    iterations           | 41           |
|    time_elapsed         | 138          |
|    total_timesteps      | 167936       |
| train/                  |              |
|    approx_kl            | 0.0013497735 |
|    clip_fraction        | 0.0178       |
|    clip_range           | 0.2          |
|    entropy_loss         | -0.165       |
|    explained_variance   | 0.877        |
|    learning_rate        | 0.0003       |
|    loss                 | -0.00984     |
|    n_updates            | 400          |
|    policy_gradient_loss | -0.00132     |
|    value_loss           | 0.000135     |
------------------------------------------
  step  170000/500000 ( 34.0%)  mean_rew=-0.000
-------------------------------------------
| time/                   |               |
|    fps                  | 1213          |
|    iterations           | 42            |
|    time_elapsed         | 141           |
|    total_timesteps      | 172032        |
| train/                  |               |
|    approx_kl            | 0.00087667984 |
|    clip_fraction        | 0.00972       |
|    clip_range           | 0.2           |
|    entropy_loss         | -0.148        |
|    explained_variance   | 0.906         |
|    learning_rate        | 0.0003        |
|    loss                 | 0.000568      |
|    n_updates            | 410           |
|    policy_gradient_loss | -0.000619     |
|    value_loss           | 8.27e-05      |
-------------------------------------------
  step  175000/500000 ( 35.0%)  mean_rew=-0.001
------------------------------------------
| time/                   |              |
|    fps                  | 1213         |
|    iterations           | 43           |
|    time_elapsed         | 145          |
|    total_timesteps      | 176128       |
| train/                  |              |
|    approx_kl            | 0.0013995813 |
|    clip_fraction        | 0.0112       |
|    clip_range           | 0.2          |
|    entropy_loss         | -0.133       |
|    explained_variance   | 0.918        |
|    learning_rate        | 0.0003       |
|    loss                 | -0.00214     |
|    n_updates            | 420          |
|    policy_gradient_loss | -0.000205    |
|    value_loss           | 8.21e-05     |
------------------------------------------
  step  180000/500000 ( 36.0%)  mean_rew=+0.000
------------------------------------------
| time/                   |              |
|    fps                  | 1213         |
|    iterations           | 44           |
|    time_elapsed         | 148          |
|    total_timesteps      | 180224       |
| train/                  |              |
|    approx_kl            | 0.0002920461 |
|    clip_fraction        | 0.00405      |
|    clip_range           | 0.2          |
|    entropy_loss         | -0.128       |
|    explained_variance   | 0.886        |
|    learning_rate        | 0.0003       |
|    loss                 | 0.000341     |
|    n_updates            | 430          |
|    policy_gradient_loss | -0.000134    |
|    value_loss           | 0.000118     |
------------------------------------------
-------------------------------------------
| time/                   |               |
|    fps                  | 1213          |
|    iterations           | 45            |
|    time_elapsed         | 151           |
|    total_timesteps      | 184320        |
| train/                  |               |
|    approx_kl            | 0.00070859323 |
|    clip_fraction        | 0.00576       |
|    clip_range           | 0.2           |
|    entropy_loss         | -0.124        |
|    explained_variance   | 0.89          |
|    learning_rate        | 0.0003        |
|    loss                 | -0.000497     |
|    n_updates            | 440           |
|    policy_gradient_loss | -0.000358     |
|    value_loss           | 0.000109      |
-------------------------------------------
  step  185000/500000 ( 37.0%)  mean_rew=-0.001
------------------------------------------
| time/                   |              |
|    fps                  | 1212         |
|    iterations           | 46           |
|    time_elapsed         | 155          |
|    total_timesteps      | 188416       |
| train/                  |              |
|    approx_kl            | 0.0004903734 |
|    clip_fraction        | 0.00803      |
|    clip_range           | 0.2          |
|    entropy_loss         | -0.127       |
|    explained_variance   | 0.882        |
|    learning_rate        | 0.0003       |
|    loss                 | -0.00146     |
|    n_updates            | 450          |
|    policy_gradient_loss | -0.000167    |
|    value_loss           | 0.000109     |
------------------------------------------
  step  190000/500000 ( 38.0%)  mean_rew=+0.001
-------------------------------------------
| time/                   |               |
|    fps                  | 1212          |
|    iterations           | 47            |
|    time_elapsed         | 158           |
|    total_timesteps      | 192512        |
| train/                  |               |
|    approx_kl            | 0.00032500608 |
|    clip_fraction        | 0.00437       |
|    clip_range           | 0.2           |
|    entropy_loss         | -0.129        |
|    explained_variance   | 0.931         |
|    learning_rate        | 0.0003        |
|    loss                 | 0.000484      |
|    n_updates            | 460           |
|    policy_gradient_loss | -0.000122     |
|    value_loss           | 6.47e-05      |
-------------------------------------------
  step  195000/500000 ( 39.0%)  mean_rew=+0.001
-------------------------------------------
| time/                   |               |
|    fps                  | 1213          |
|    iterations           | 48            |
|    time_elapsed         | 162           |
|    total_timesteps      | 196608        |
| train/                  |               |
|    approx_kl            | 0.00032758166 |
|    clip_fraction        | 0.00513       |
|    clip_range           | 0.2           |
|    entropy_loss         | -0.13         |
|    explained_variance   | 0.882         |
|    learning_rate        | 0.0003        |
|    loss                 | 3.25e-05      |
|    n_updates            | 470           |
|    policy_gradient_loss | -4.19e-05     |
|    value_loss           | 0.000117      |
-------------------------------------------
  step  200000/500000 ( 40.0%)  mean_rew=+0.000
------------------------------------------
| time/                   |              |
|    fps                  | 1213         |
|    iterations           | 49           |
|    time_elapsed         | 165          |
|    total_timesteps      | 200704       |
| train/                  |              |
|    approx_kl            | 0.0071284045 |
|    clip_fraction        | 0.00957      |
|    clip_range           | 0.2          |
|    entropy_loss         | -0.145       |
|    explained_variance   | 0.91         |
|    learning_rate        | 0.0003       |
|    loss                 | 0.000365     |
|    n_updates            | 480          |
|    policy_gradient_loss | -0.000509    |
|    value_loss           | 7.37e-05     |
------------------------------------------
------------------------------------------
| time/                   |              |
|    fps                  | 1212         |
|    iterations           | 50           |
|    time_elapsed         | 168          |
|    total_timesteps      | 204800       |
| train/                  |              |
|    approx_kl            | 0.0003448618 |
|    clip_fraction        | 0.0124       |
|    clip_range           | 0.2          |
|    entropy_loss         | -0.172       |
|    explained_variance   | 0.911        |
|    learning_rate        | 0.0003       |
|    loss                 | -0.00017     |
|    n_updates            | 490          |
|    policy_gradient_loss | -0.000697    |
|    value_loss           | 8.04e-05     |
------------------------------------------
  step  205000/500000 ( 41.0%)  mean_rew=-0.000
------------------------------------------
| time/                   |              |
|    fps                  | 1212         |
|    iterations           | 51           |
|    time_elapsed         | 172          |
|    total_timesteps      | 208896       |
| train/                  |              |
|    approx_kl            | 0.0009261923 |
|    clip_fraction        | 0.0151       |
|    clip_range           | 0.2          |
|    entropy_loss         | -0.165       |
|    explained_variance   | 0.883        |
|    learning_rate        | 0.0003       |
|    loss                 | 0.00477      |
|    n_updates            | 500          |
|    policy_gradient_loss | -0.000551    |
|    value_loss           | 0.00011      |
------------------------------------------
  step  210000/500000 ( 42.0%)  mean_rew=-0.001
-----------------------------------------
| time/                   |             |
|    fps                  | 1212        |
|    iterations           | 52          |
|    time_elapsed         | 175         |
|    total_timesteps      | 212992      |
| train/                  |             |
|    approx_kl            | 0.000815888 |
|    clip_fraction        | 0.00906     |
|    clip_range           | 0.2         |
|    entropy_loss         | -0.157      |
|    explained_variance   | 0.891       |
|    learning_rate        | 0.0003      |
|    loss                 | 0.0034      |
|    n_updates            | 510         |
|    policy_gradient_loss | -0.000355   |
|    value_loss           | 9.66e-05    |
-----------------------------------------
  step  215000/500000 ( 43.0%)  mean_rew=+0.000
-------------------------------------------
| time/                   |               |
|    fps                  | 1212          |
|    iterations           | 53            |
|    time_elapsed         | 179           |
|    total_timesteps      | 217088        |
| train/                  |               |
|    approx_kl            | 0.00094607275 |
|    clip_fraction        | 0.0247        |
|    clip_range           | 0.2           |
|    entropy_loss         | -0.152        |
|    explained_variance   | 0.935         |
|    learning_rate        | 0.0003        |
|    loss                 | -6.91e-05     |
|    n_updates            | 520           |
|    policy_gradient_loss | -0.00122      |
|    value_loss           | 5.43e-05      |
-------------------------------------------
  step  220000/500000 ( 44.0%)  mean_rew=-0.001
-------------------------------------------
| time/                   |               |
|    fps                  | 1212          |
|    iterations           | 54            |
|    time_elapsed         | 182           |
|    total_timesteps      | 221184        |
| train/                  |               |
|    approx_kl            | 0.00097331055 |
|    clip_fraction        | 0.00979       |
|    clip_range           | 0.2           |
|    entropy_loss         | -0.149        |
|    explained_variance   | 0.858         |
|    learning_rate        | 0.0003        |
|    loss                 | -0.00545      |
|    n_updates            | 530           |
|    policy_gradient_loss | -0.000152     |
|    value_loss           | 0.000141      |
-------------------------------------------
  step  225000/500000 ( 45.0%)  mean_rew=-0.001
------------------------------------------
| time/                   |              |
|    fps                  | 1213         |
|    iterations           | 55           |
|    time_elapsed         | 185          |
|    total_timesteps      | 225280       |
| train/                  |              |
|    approx_kl            | 0.0012640957 |
|    clip_fraction        | 0.0152       |
|    clip_range           | 0.2          |
|    entropy_loss         | -0.162       |
|    explained_variance   | 0.871        |
|    learning_rate        | 0.0003       |
|    loss                 | 0.00339      |
|    n_updates            | 540          |
|    policy_gradient_loss | -0.000996    |
|    value_loss           | 0.000122     |
------------------------------------------
------------------------------------------
| time/                   |              |
|    fps                  | 1212         |
|    iterations           | 56           |
|    time_elapsed         | 189          |
|    total_timesteps      | 229376       |
| train/                  |              |
|    approx_kl            | 0.0006628108 |
|    clip_fraction        | 0.0103       |
|    clip_range           | 0.2          |
|    entropy_loss         | -0.176       |
|    explained_variance   | 0.895        |
|    learning_rate        | 0.0003       |
|    loss                 | 0.000225     |
|    n_updates            | 550          |
|    policy_gradient_loss | -0.00021     |
|    value_loss           | 8.57e-05     |
------------------------------------------
  step  230000/500000 ( 46.0%)  mean_rew=+0.000
-------------------------------------------
| time/                   |               |
|    fps                  | 1212          |
|    iterations           | 57            |
|    time_elapsed         | 192           |
|    total_timesteps      | 233472        |
| train/                  |               |
|    approx_kl            | 0.00082723587 |
|    clip_fraction        | 0.0185        |
|    clip_range           | 0.2           |
|    entropy_loss         | -0.17         |
|    explained_variance   | 0.911         |
|    learning_rate        | 0.0003        |
|    loss                 | -8.05e-05     |
|    n_updates            | 560           |
|    policy_gradient_loss | -0.000503     |
|    value_loss           | 7.71e-05      |
-------------------------------------------
  step  235000/500000 ( 47.0%)  mean_rew=+0.000
-------------------------------------------
| time/                   |               |
|    fps                  | 1213          |
|    iterations           | 58            |
|    time_elapsed         | 195           |
|    total_timesteps      | 237568        |
| train/                  |               |
|    approx_kl            | 0.00051586004 |
|    clip_fraction        | 0.0102        |
|    clip_range           | 0.2           |
|    entropy_loss         | -0.168        |
|    explained_variance   | 0.881         |
|    learning_rate        | 0.0003        |
|    loss                 | -0.000726     |
|    n_updates            | 570           |
|    policy_gradient_loss | -0.000233     |
|    value_loss           | 0.000111      |
-------------------------------------------
  step  240000/500000 ( 48.0%)  mean_rew=+0.000
------------------------------------------
| time/                   |              |
|    fps                  | 1213         |
|    iterations           | 59           |
|    time_elapsed         | 199          |
|    total_timesteps      | 241664       |
| train/                  |              |
|    approx_kl            | 0.0034560566 |
|    clip_fraction        | 0.0272       |
|    clip_range           | 0.2          |
|    entropy_loss         | -0.157       |
|    explained_variance   | 0.892        |
|    learning_rate        | 0.0003       |
|    loss                 | 0.00295      |
|    n_updates            | 580          |
|    policy_gradient_loss | -0.000823    |
|    value_loss           | 9.95e-05     |
------------------------------------------
  step  245000/500000 ( 49.0%)  mean_rew=-0.000
------------------------------------------
| time/                   |              |
|    fps                  | 1213         |
|    iterations           | 60           |
|    time_elapsed         | 202          |
|    total_timesteps      | 245760       |
| train/                  |              |
|    approx_kl            | 0.0005087901 |
|    clip_fraction        | 0.0054       |
|    clip_range           | 0.2          |
|    entropy_loss         | -0.158       |
|    explained_variance   | 0.933        |
|    learning_rate        | 0.0003       |
|    loss                 | -0.000259    |
|    n_updates            | 590          |
|    policy_gradient_loss | -0.000266    |
|    value_loss           | 6.01e-05     |
------------------------------------------
-------------------------------------------
| time/                   |               |
|    fps                  | 1213          |
|    iterations           | 61            |
|    time_elapsed         | 205           |
|    total_timesteps      | 249856        |
| train/                  |               |
|    approx_kl            | 0.00076729275 |
|    clip_fraction        | 0.00886       |
|    clip_range           | 0.2           |
|    entropy_loss         | -0.149        |
|    explained_variance   | 0.884         |
|    learning_rate        | 0.0003        |
|    loss                 | 0.000537      |
|    n_updates            | 600           |
|    policy_gradient_loss | -1.78e-05     |
|    value_loss           | 0.000113      |
-------------------------------------------
  step  250000/500000 ( 50.0%)  mean_rew=+0.002
-------------------------------------------
| time/                   |               |
|    fps                  | 1213          |
|    iterations           | 62            |
|    time_elapsed         | 209           |
|    total_timesteps      | 253952        |
| train/                  |               |
|    approx_kl            | 0.00091073255 |
|    clip_fraction        | 0.0119        |
|    clip_range           | 0.2           |
|    entropy_loss         | -0.151        |
|    explained_variance   | 0.871         |
|    learning_rate        | 0.0003        |
|    loss                 | 0.000157      |
|    n_updates            | 610           |
|    policy_gradient_loss | -0.000973     |
|    value_loss           | 0.000129      |
-------------------------------------------
  step  255000/500000 ( 51.0%)  mean_rew=-0.001
-----------------------------------------
| time/                   |             |
|    fps                  | 1213        |
|    iterations           | 63          |
|    time_elapsed         | 212         |
|    total_timesteps      | 258048      |
| train/                  |             |
|    approx_kl            | 0.000956066 |
|    clip_fraction        | 0.0134      |
|    clip_range           | 0.2         |
|    entropy_loss         | -0.136      |
|    explained_variance   | 0.9         |
|    learning_rate        | 0.0003      |
|    loss                 | -0.00181    |
|    n_updates            | 620         |
|    policy_gradient_loss | -0.000707   |
|    value_loss           | 8.17e-05    |
-----------------------------------------
  step  260000/500000 ( 52.0%)  mean_rew=-0.001
-------------------------------------------
| time/                   |               |
|    fps                  | 1212          |
|    iterations           | 64            |
|    time_elapsed         | 216           |
|    total_timesteps      | 262144        |
| train/                  |               |
|    approx_kl            | 0.00049865607 |
|    clip_fraction        | 0.00708       |
|    clip_range           | 0.2           |
|    entropy_loss         | -0.141        |
|    explained_variance   | 0.899         |
|    learning_rate        | 0.0003        |
|    loss                 | -0.000661     |
|    n_updates            | 630           |
|    policy_gradient_loss | -0.000287     |
|    value_loss           | 9.67e-05      |
-------------------------------------------
  step  265000/500000 ( 53.0%)  mean_rew=+0.001
------------------------------------------
| time/                   |              |
|    fps                  | 1213         |
|    iterations           | 65           |
|    time_elapsed         | 219          |
|    total_timesteps      | 266240       |
| train/                  |              |
|    approx_kl            | 0.0009348374 |
|    clip_fraction        | 0.0135       |
|    clip_range           | 0.2          |
|    entropy_loss         | -0.125       |
|    explained_variance   | 0.877        |
|    learning_rate        | 0.0003       |
|    loss                 | 0.000522     |
|    n_updates            | 640          |
|    policy_gradient_loss | -0.000341    |
|    value_loss           | 0.000125     |
------------------------------------------
  step  270000/500000 ( 54.0%)  mean_rew=+0.000
------------------------------------------
| time/                   |              |
|    fps                  | 1213         |
|    iterations           | 66           |
|    time_elapsed         | 222          |
|    total_timesteps      | 270336       |
| train/                  |              |
|    approx_kl            | 0.0010620966 |
|    clip_fraction        | 0.00974      |
|    clip_range           | 0.2          |
|    entropy_loss         | -0.119       |
|    explained_variance   | 0.899        |
|    learning_rate        | 0.0003       |
|    loss                 | -0.00123     |
|    n_updates            | 650          |
|    policy_gradient_loss | -0.000236    |
|    value_loss           | 9.15e-05     |
------------------------------------------
------------------------------------------
| time/                   |              |
|    fps                  | 1212         |
|    iterations           | 67           |
|    time_elapsed         | 226          |
|    total_timesteps      | 274432       |
| train/                  |              |
|    approx_kl            | 0.0006757309 |
|    clip_fraction        | 0.0105       |
|    clip_range           | 0.2          |
|    entropy_loss         | -0.119       |
|    explained_variance   | 0.93         |
|    learning_rate        | 0.0003       |
|    loss                 | -0.00286     |
|    n_updates            | 660          |
|    policy_gradient_loss | -0.000345    |
|    value_loss           | 6.65e-05     |
------------------------------------------
  step  275000/500000 ( 55.0%)  mean_rew=+0.000
-----------------------------------------
| time/                   |             |
|    fps                  | 1212        |
|    iterations           | 68          |
|    time_elapsed         | 229         |
|    total_timesteps      | 278528      |
| train/                  |             |
|    approx_kl            | 0.001043054 |
|    clip_fraction        | 0.0113      |
|    clip_range           | 0.2         |
|    entropy_loss         | -0.118      |
|    explained_variance   | 0.887       |
|    learning_rate        | 0.0003      |
|    loss                 | 0.00108     |
|    n_updates            | 670         |
|    policy_gradient_loss | -0.00039    |
|    value_loss           | 0.000114    |
-----------------------------------------
  step  280000/500000 ( 56.0%)  mean_rew=-0.001
------------------------------------------
| time/                   |              |
|    fps                  | 1213         |
|    iterations           | 69           |
|    time_elapsed         | 232          |
|    total_timesteps      | 282624       |
| train/                  |              |
|    approx_kl            | 0.0026095726 |
|    clip_fraction        | 0.0179       |
|    clip_range           | 0.2          |
|    entropy_loss         | -0.101       |
|    explained_variance   | 0.882        |
|    learning_rate        | 0.0003       |
|    loss                 | 0.000907     |
|    n_updates            | 680          |
|    policy_gradient_loss | -0.00119     |
|    value_loss           | 0.000122     |
------------------------------------------
  step  285000/500000 ( 57.0%)  mean_rew=-0.000
-----------------------------------------
| time/                   |             |
|    fps                  | 1212        |
|    iterations           | 70          |
|    time_elapsed         | 236         |
|    total_timesteps      | 286720      |
| train/                  |             |
|    approx_kl            | 0.015537506 |
|    clip_fraction        | 0.038       |
|    clip_range           | 0.2         |
|    entropy_loss         | -0.138      |
|    explained_variance   | 0.911       |
|    learning_rate        | 0.0003      |
|    loss                 | -0.0085     |
|    n_updates            | 690         |
|    policy_gradient_loss | -0.00224    |
|    value_loss           | 7.65e-05    |
-----------------------------------------
  step  290000/500000 ( 58.0%)  mean_rew=+0.001
------------------------------------------
| time/                   |              |
|    fps                  | 1212         |
|    iterations           | 71           |
|    time_elapsed         | 239          |
|    total_timesteps      | 290816       |
| train/                  |              |
|    approx_kl            | 0.0013875068 |
|    clip_fraction        | 0.0221       |
|    clip_range           | 0.2          |
|    entropy_loss         | -0.156       |
|    explained_variance   | 0.922        |
|    learning_rate        | 0.0003       |
|    loss                 | -0.000143    |
|    n_updates            | 700          |
|    policy_gradient_loss | -0.000338    |
|    value_loss           | 7.45e-05     |
------------------------------------------
------------------------------------------
| time/                   |              |
|    fps                  | 1213         |
|    iterations           | 72           |
|    time_elapsed         | 243          |
|    total_timesteps      | 294912       |
| train/                  |              |
|    approx_kl            | 0.0010917779 |
|    clip_fraction        | 0.0146       |
|    clip_range           | 0.2          |
|    entropy_loss         | -0.167       |
|    explained_variance   | 0.881        |
|    learning_rate        | 0.0003       |
|    loss                 | -0.00264     |
|    n_updates            | 710          |
|    policy_gradient_loss | -0.000169    |
|    value_loss           | 0.000123     |
------------------------------------------
  step  295000/500000 ( 59.0%)  mean_rew=-0.001
-----------------------------------------
| time/                   |             |
|    fps                  | 1212        |
|    iterations           | 73          |
|    time_elapsed         | 246         |
|    total_timesteps      | 299008      |
| train/                  |             |
|    approx_kl            | 0.000889617 |
|    clip_fraction        | 0.0114      |
|    clip_range           | 0.2         |
|    entropy_loss         | -0.161      |
|    explained_variance   | 0.898       |
|    learning_rate        | 0.0003      |
|    loss                 | -0.00417    |
|    n_updates            | 720         |
|    policy_gradient_loss | -0.000508   |
|    value_loss           | 8.4e-05     |
-----------------------------------------
  step  300000/500000 ( 60.0%)  mean_rew=-0.001
-------------------------------------------
| time/                   |               |
|    fps                  | 1212          |
|    iterations           | 74            |
|    time_elapsed         | 249           |
|    total_timesteps      | 303104        |
| train/                  |               |
|    approx_kl            | 0.00088920444 |
|    clip_fraction        | 0.0118        |
|    clip_range           | 0.2           |
|    entropy_loss         | -0.163        |
|    explained_variance   | 0.925         |
|    learning_rate        | 0.0003        |
|    loss                 | -0.000361     |
|    n_updates            | 730           |
|    policy_gradient_loss | -0.000305     |
|    value_loss           | 6.94e-05      |
-------------------------------------------
  step  305000/500000 ( 61.0%)  mean_rew=-0.003
-------------------------------------------
| time/                   |               |
|    fps                  | 1212          |
|    iterations           | 75            |
|    time_elapsed         | 253           |
|    total_timesteps      | 307200        |
| train/                  |               |
|    approx_kl            | 0.00092654326 |
|    clip_fraction        | 0.0164        |
|    clip_range           | 0.2           |
|    entropy_loss         | -0.159        |
|    explained_variance   | 0.875         |
|    learning_rate        | 0.0003        |
|    loss                 | 0.00125       |
|    n_updates            | 740           |
|    policy_gradient_loss | -0.000903     |
|    value_loss           | 0.000125      |
-------------------------------------------
  step  310000/500000 ( 62.0%)  mean_rew=-0.001
-------------------------------------------
| time/                   |               |
|    fps                  | 1212          |
|    iterations           | 76            |
|    time_elapsed         | 256           |
|    total_timesteps      | 311296        |
| train/                  |               |
|    approx_kl            | 0.00078039273 |
|    clip_fraction        | 0.0114        |
|    clip_range           | 0.2           |
|    entropy_loss         | -0.152        |
|    explained_variance   | 0.888         |
|    learning_rate        | 0.0003        |
|    loss                 | 0.000218      |
|    n_updates            | 750           |
|    policy_gradient_loss | -0.00035      |
|    value_loss           | 0.000109      |
-------------------------------------------
  step  315000/500000 ( 63.0%)  mean_rew=+0.001
------------------------------------------
| time/                   |              |
|    fps                  | 1212         |
|    iterations           | 77           |
|    time_elapsed         | 260          |
|    total_timesteps      | 315392       |
| train/                  |              |
|    approx_kl            | 0.0007312909 |
|    clip_fraction        | 0.0103       |
|    clip_range           | 0.2          |
|    entropy_loss         | -0.164       |
|    explained_variance   | 0.9          |
|    learning_rate        | 0.0003       |
|    loss                 | -0.000645    |
|    n_updates            | 760          |
|    policy_gradient_loss | -0.000754    |
|    value_loss           | 8.3e-05      |
------------------------------------------
-------------------------------------------
| time/                   |               |
|    fps                  | 1212          |
|    iterations           | 78            |
|    time_elapsed         | 263           |
|    total_timesteps      | 319488        |
| train/                  |               |
|    approx_kl            | 0.00076029776 |
|    clip_fraction        | 0.00337       |
|    clip_range           | 0.2           |
|    entropy_loss         | -0.167        |
|    explained_variance   | 0.926         |
|    learning_rate        | 0.0003        |
|    loss                 | -9.4e-05      |
|    n_updates            | 770           |
|    policy_gradient_loss | -5.39e-05     |
|    value_loss           | 6.69e-05      |
-------------------------------------------
  step  320000/500000 ( 64.0%)  mean_rew=-0.001
------------------------------------------
| time/                   |              |
|    fps                  | 1213         |
|    iterations           | 79           |
|    time_elapsed         | 266          |
|    total_timesteps      | 323584       |
| train/                  |              |
|    approx_kl            | 0.0013167016 |
|    clip_fraction        | 0.0129       |
|    clip_range           | 0.2          |
|    entropy_loss         | -0.157       |
|    explained_variance   | 0.883        |
|    learning_rate        | 0.0003       |
|    loss                 | -8.9e-05     |
|    n_updates            | 780          |
|    policy_gradient_loss | -0.000549    |
|    value_loss           | 0.000116     |
------------------------------------------
  step  325000/500000 ( 65.0%)  mean_rew=+0.000
-----------------------------------------
| time/                   |             |
|    fps                  | 1212        |
|    iterations           | 80          |
|    time_elapsed         | 270         |
|    total_timesteps      | 327680      |
| train/                  |             |
|    approx_kl            | 0.004179707 |
|    clip_fraction        | 0.0166      |
|    clip_range           | 0.2         |
|    entropy_loss         | -0.151      |
|    explained_variance   | 0.906       |
|    learning_rate        | 0.0003      |
|    loss                 | -0.00254    |
|    n_updates            | 790         |
|    policy_gradient_loss | -0.00053    |
|    value_loss           | 8.02e-05    |
-----------------------------------------
  step  330000/500000 ( 66.0%)  mean_rew=+0.001
------------------------------------------
| time/                   |              |
|    fps                  | 1212         |
|    iterations           | 81           |
|    time_elapsed         | 273          |
|    total_timesteps      | 331776       |
| train/                  |              |
|    approx_kl            | 0.0010846003 |
|    clip_fraction        | 0.00776      |
|    clip_range           | 0.2          |
|    entropy_loss         | -0.143       |
|    explained_variance   | 0.933        |
|    learning_rate        | 0.0003       |
|    loss                 | 0.000348     |
|    n_updates            | 800          |
|    policy_gradient_loss | -0.000156    |
|    value_loss           | 6.2e-05      |
------------------------------------------
  step  335000/500000 ( 67.0%)  mean_rew=-0.000
-----------------------------------------
| time/                   |             |
|    fps                  | 1212        |
|    iterations           | 82          |
|    time_elapsed         | 276         |
|    total_timesteps      | 335872      |
| train/                  |             |
|    approx_kl            | 0.005005351 |
|    clip_fraction        | 0.0304      |
|    clip_range           | 0.2         |
|    entropy_loss         | -0.168      |
|    explained_variance   | 0.889       |
|    learning_rate        | 0.0003      |
|    loss                 | -0.0027     |
|    n_updates            | 810         |
|    policy_gradient_loss | -0.00128    |
|    value_loss           | 0.000101    |
-----------------------------------------
------------------------------------------
| time/                   |              |
|    fps                  | 1212         |
|    iterations           | 83           |
|    time_elapsed         | 280          |
|    total_timesteps      | 339968       |
| train/                  |              |
|    approx_kl            | 0.0015396829 |
|    clip_fraction        | 0.0192       |
|    clip_range           | 0.2          |
|    entropy_loss         | -0.183       |
|    explained_variance   | 0.889        |
|    learning_rate        | 0.0003       |
|    loss                 | 0.00657      |
|    n_updates            | 820          |
|    policy_gradient_loss | -3.06e-05    |
|    value_loss           | 0.000104     |
------------------------------------------
  step  340000/500000 ( 68.0%)  mean_rew=+0.000
------------------------------------------
| time/                   |              |
|    fps                  | 1213         |
|    iterations           | 84           |
|    time_elapsed         | 283          |
|    total_timesteps      | 344064       |
| train/                  |              |
|    approx_kl            | 0.0019507322 |
|    clip_fraction        | 0.0136       |
|    clip_range           | 0.2          |
|    entropy_loss         | -0.17        |
|    explained_variance   | 0.899        |
|    learning_rate        | 0.0003       |
|    loss                 | -5.39e-05    |
|    n_updates            | 830          |
|    policy_gradient_loss | -0.000447    |
|    value_loss           | 8.47e-05     |
------------------------------------------
  step  345000/500000 ( 69.0%)  mean_rew=+0.000
-----------------------------------------
| time/                   |             |
|    fps                  | 1213        |
|    iterations           | 85          |
|    time_elapsed         | 286         |
|    total_timesteps      | 348160      |
| train/                  |             |
|    approx_kl            | 0.004121991 |
|    clip_fraction        | 0.0611      |
|    clip_range           | 0.2         |
|    entropy_loss         | -0.161      |
|    explained_variance   | 0.913       |
|    learning_rate        | 0.0003      |
|    loss                 | 0.000715    |
|    n_updates            | 840         |
|    policy_gradient_loss | -0.00131    |
|    value_loss           | 8.13e-05    |
-----------------------------------------
  step  350000/500000 ( 70.0%)  mean_rew=+0.000
------------------------------------------
| time/                   |              |
|    fps                  | 1214         |
|    iterations           | 86           |
|    time_elapsed         | 290          |
|    total_timesteps      | 352256       |
| train/                  |              |
|    approx_kl            | 0.0011407852 |
|    clip_fraction        | 0.00398      |
|    clip_range           | 0.2          |
|    entropy_loss         | -0.161       |
|    explained_variance   | 0.887        |
|    learning_rate        | 0.0003       |
|    loss                 | -0.000574    |
|    n_updates            | 850          |
|    policy_gradient_loss | -0.00016     |
|    value_loss           | 0.000115     |
------------------------------------------
  step  355000/500000 ( 71.0%)  mean_rew=-0.001
------------------------------------------
| time/                   |              |
|    fps                  | 1214         |
|    iterations           | 87           |
|    time_elapsed         | 293          |
|    total_timesteps      | 356352       |
| train/                  |              |
|    approx_kl            | 0.0014036163 |
|    clip_fraction        | 0.0102       |
|    clip_range           | 0.2          |
|    entropy_loss         | -0.147       |
|    explained_variance   | 0.908        |
|    learning_rate        | 0.0003       |
|    loss                 | -0.000964    |
|    n_updates            | 860          |
|    policy_gradient_loss | -0.000855    |
|    value_loss           | 7.73e-05     |
------------------------------------------
  step  360000/500000 ( 72.0%)  mean_rew=-0.001
------------------------------------------
| time/                   |              |
|    fps                  | 1214         |
|    iterations           | 88           |
|    time_elapsed         | 296          |
|    total_timesteps      | 360448       |
| train/                  |              |
|    approx_kl            | 0.0013187386 |
|    clip_fraction        | 0.0111       |
|    clip_range           | 0.2          |
|    entropy_loss         | -0.135       |
|    explained_variance   | 0.929        |
|    learning_rate        | 0.0003       |
|    loss                 | -0.000668    |
|    n_updates            | 870          |
|    policy_gradient_loss | -0.000226    |
|    value_loss           | 6.5e-05      |
------------------------------------------
------------------------------------------
| time/                   |              |
|    fps                  | 1214         |
|    iterations           | 89           |
|    time_elapsed         | 300          |
|    total_timesteps      | 364544       |
| train/                  |              |
|    approx_kl            | 0.0008578923 |
|    clip_fraction        | 0.00833      |
|    clip_range           | 0.2          |
|    entropy_loss         | -0.122       |
|    explained_variance   | 0.881        |
|    learning_rate        | 0.0003       |
|    loss                 | 0.00149      |
|    n_updates            | 880          |
|    policy_gradient_loss | -0.00048     |
|    value_loss           | 0.000121     |
------------------------------------------
  step  365000/500000 ( 73.0%)  mean_rew=+0.001
-------------------------------------------
| time/                   |               |
|    fps                  | 1215          |
|    iterations           | 90            |
|    time_elapsed         | 303           |
|    total_timesteps      | 368640        |
| train/                  |               |
|    approx_kl            | 0.00048987876 |
|    clip_fraction        | 0.00723       |
|    clip_range           | 0.2           |
|    entropy_loss         | -0.114        |
|    explained_variance   | 0.896         |
|    learning_rate        | 0.0003        |
|    loss                 | -0.000673     |
|    n_updates            | 890           |
|    policy_gradient_loss | -0.000205     |
|    value_loss           | 0.000101      |
-------------------------------------------
  step  370000/500000 ( 74.0%)  mean_rew=-0.001
------------------------------------------
| time/                   |              |
|    fps                  | 1216         |
|    iterations           | 91           |
|    time_elapsed         | 306          |
|    total_timesteps      | 372736       |
| train/                  |              |
|    approx_kl            | 0.0007120359 |
|    clip_fraction        | 0.00876      |
|    clip_range           | 0.2          |
|    entropy_loss         | -0.102       |
|    explained_variance   | 0.897        |
|    learning_rate        | 0.0003       |
|    loss                 | -0.00235     |
|    n_updates            | 900          |
|    policy_gradient_loss | -0.000173    |
|    value_loss           | 8.9e-05      |
------------------------------------------
  step  375000/500000 ( 75.0%)  mean_rew=-0.002
-------------------------------------------
| time/                   |               |
|    fps                  | 1216          |
|    iterations           | 92            |
|    time_elapsed         | 309           |
|    total_timesteps      | 376832        |
| train/                  |               |
|    approx_kl            | 0.00063509896 |
|    clip_fraction        | 0.00762       |
|    clip_range           | 0.2           |
|    entropy_loss         | -0.0924       |
|    explained_variance   | 0.917         |
|    learning_rate        | 0.0003        |
|    loss                 | -0.000864     |
|    n_updates            | 910           |
|    policy_gradient_loss | -0.000124     |
|    value_loss           | 7.93e-05      |
-------------------------------------------
  step  380000/500000 ( 76.0%)  mean_rew=-0.001
------------------------------------------
| time/                   |              |
|    fps                  | 1217         |
|    iterations           | 93           |
|    time_elapsed         | 312          |
|    total_timesteps      | 380928       |
| train/                  |              |
|    approx_kl            | 0.0005508412 |
|    clip_fraction        | 0.00947      |
|    clip_range           | 0.2          |
|    entropy_loss         | -0.091       |
|    explained_variance   | 0.873        |
|    learning_rate        | 0.0003       |
|    loss                 | -8.02e-05    |
|    n_updates            | 920          |
|    policy_gradient_loss | -0.000302    |
|    value_loss           | 0.000132     |
------------------------------------------
  step  385000/500000 ( 77.0%)  mean_rew=+0.002
-------------------------------------------
| time/                   |               |
|    fps                  | 1218          |
|    iterations           | 94            |
|    time_elapsed         | 315           |
|    total_timesteps      | 385024        |
| train/                  |               |
|    approx_kl            | 0.00035808858 |
|    clip_fraction        | 0.00459       |
|    clip_range           | 0.2           |
|    entropy_loss         | -0.0859       |
|    explained_variance   | 0.899         |
|    learning_rate        | 0.0003        |
|    loss                 | -0.000721     |
|    n_updates            | 930           |
|    policy_gradient_loss | -0.000202     |
|    value_loss           | 8.92e-05      |
-------------------------------------------
------------------------------------------
| time/                   |              |
|    fps                  | 1219         |
|    iterations           | 95           |
|    time_elapsed         | 319          |
|    total_timesteps      | 389120       |
| train/                  |              |
|    approx_kl            | 0.0010892992 |
|    clip_fraction        | 0.00679      |
|    clip_range           | 0.2          |
|    entropy_loss         | -0.092       |
|    explained_variance   | 0.923        |
|    learning_rate        | 0.0003       |
|    loss                 | 4.93e-05     |
|    n_updates            | 940          |
|    policy_gradient_loss | -0.0002      |
|    value_loss           | 7.55e-05     |
------------------------------------------
  step  390000/500000 ( 78.0%)  mean_rew=-0.002
------------------------------------------
| time/                   |              |
|    fps                  | 1220         |
|    iterations           | 96           |
|    time_elapsed         | 322          |
|    total_timesteps      | 393216       |
| train/                  |              |
|    approx_kl            | 0.0006208287 |
|    clip_fraction        | 0.00476      |
|    clip_range           | 0.2          |
|    entropy_loss         | -0.0866      |
|    explained_variance   | 0.878        |
|    learning_rate        | 0.0003       |
|    loss                 | -0.00114     |
|    n_updates            | 950          |
|    policy_gradient_loss | -0.000194    |
|    value_loss           | 0.000126     |
------------------------------------------
  step  395000/500000 ( 79.0%)  mean_rew=-0.001
------------------------------------------
| time/                   |              |
|    fps                  | 1220         |
|    iterations           | 97           |
|    time_elapsed         | 325          |
|    total_timesteps      | 397312       |
| train/                  |              |
|    approx_kl            | 0.0057796943 |
|    clip_fraction        | 0.00894      |
|    clip_range           | 0.2          |
|    entropy_loss         | -0.0956      |
|    explained_variance   | 0.904        |
|    learning_rate        | 0.0003       |
|    loss                 | -0.00313     |
|    n_updates            | 960          |
|    policy_gradient_loss | -1.43e-06    |
|    value_loss           | 9.41e-05     |
------------------------------------------
  step  400000/500000 ( 80.0%)  mean_rew=+0.000
------------------------------------------
| time/                   |              |
|    fps                  | 1221         |
|    iterations           | 98           |
|    time_elapsed         | 328          |
|    total_timesteps      | 401408       |
| train/                  |              |
|    approx_kl            | 0.0003822422 |
|    clip_fraction        | 0.00618      |
|    clip_range           | 0.2          |
|    entropy_loss         | -0.101       |
|    explained_variance   | 0.937        |
|    learning_rate        | 0.0003       |
|    loss                 | 4.54e-05     |
|    n_updates            | 970          |
|    policy_gradient_loss | -0.000115    |
|    value_loss           | 5.97e-05     |
------------------------------------------
  step  405000/500000 ( 81.0%)  mean_rew=-0.003
------------------------------------------
| time/                   |              |
|    fps                  | 1221         |
|    iterations           | 99           |
|    time_elapsed         | 331          |
|    total_timesteps      | 405504       |
| train/                  |              |
|    approx_kl            | 0.0006393463 |
|    clip_fraction        | 0.0136       |
|    clip_range           | 0.2          |
|    entropy_loss         | -0.0871      |
|    explained_variance   | 0.887        |
|    learning_rate        | 0.0003       |
|    loss                 | -5.41e-05    |
|    n_updates            | 980          |
|    policy_gradient_loss | -0.000205    |
|    value_loss           | 0.000116     |
------------------------------------------
-------------------------------------------
| time/                   |               |
|    fps                  | 1223          |
|    iterations           | 100           |
|    time_elapsed         | 334           |
|    total_timesteps      | 409600        |
| train/                  |               |
|    approx_kl            | 0.00034031042 |
|    clip_fraction        | 0.0071        |
|    clip_range           | 0.2           |
|    entropy_loss         | -0.0911       |
|    explained_variance   | 0.883         |
|    learning_rate        | 0.0003        |
|    loss                 | -0.000143     |
|    n_updates            | 990           |
|    policy_gradient_loss | -0.000263     |
|    value_loss           | 0.000117      |
-------------------------------------------
  step  410000/500000 ( 82.0%)  mean_rew=-0.001
----------------------------------------
| time/                   |            |
|    fps                  | 1223       |
|    iterations           | 101        |
|    time_elapsed         | 338        |
|    total_timesteps      | 413696     |
| train/                  |            |
|    approx_kl            | 0.01620974 |
|    clip_fraction        | 0.0333     |
|    clip_range           | 0.2        |
|    entropy_loss         | -0.121     |
|    explained_variance   | 0.903      |
|    learning_rate        | 0.0003     |
|    loss                 | -0.0036    |
|    n_updates            | 1000       |
|    policy_gradient_loss | -0.00175   |
|    value_loss           | 7.99e-05   |
----------------------------------------
  step  415000/500000 ( 83.0%)  mean_rew=-0.001
-------------------------------------------
| time/                   |               |
|    fps                  | 1224          |
|    iterations           | 102           |
|    time_elapsed         | 341           |
|    total_timesteps      | 417792        |
| train/                  |               |
|    approx_kl            | 0.00060406124 |
|    clip_fraction        | 0.01          |
|    clip_range           | 0.2           |
|    entropy_loss         | -0.124        |
|    explained_variance   | 0.932         |
|    learning_rate        | 0.0003        |
|    loss                 | 0.0008        |
|    n_updates            | 1010          |
|    policy_gradient_loss | -0.000145     |
|    value_loss           | 6.08e-05      |
-------------------------------------------
  step  420000/500000 ( 84.0%)  mean_rew=-0.001
------------------------------------------
| time/                   |              |
|    fps                  | 1224         |
|    iterations           | 103          |
|    time_elapsed         | 344          |
|    total_timesteps      | 421888       |
| train/                  |              |
|    approx_kl            | 0.0004985513 |
|    clip_fraction        | 0.0102       |
|    clip_range           | 0.2          |
|    entropy_loss         | -0.121       |
|    explained_variance   | 0.877        |
|    learning_rate        | 0.0003       |
|    loss                 | 0.000696     |
|    n_updates            | 1020         |
|    policy_gradient_loss | -0.000156    |
|    value_loss           | 0.00012      |
------------------------------------------
  step  425000/500000 ( 85.0%)  mean_rew=-0.000
------------------------------------------
| time/                   |              |
|    fps                  | 1225         |
|    iterations           | 104          |
|    time_elapsed         | 347          |
|    total_timesteps      | 425984       |
| train/                  |              |
|    approx_kl            | 0.0032333368 |
|    clip_fraction        | 0.0213       |
|    clip_range           | 0.2          |
|    entropy_loss         | -0.139       |
|    explained_variance   | 0.895        |
|    learning_rate        | 0.0003       |
|    loss                 | -0.00831     |
|    n_updates            | 1030         |
|    policy_gradient_loss | -0.00139     |
|    value_loss           | 8.9e-05      |
------------------------------------------
  step  430000/500000 ( 86.0%)  mean_rew=-0.002
------------------------------------------
| time/                   |              |
|    fps                  | 1225         |
|    iterations           | 105          |
|    time_elapsed         | 350          |
|    total_timesteps      | 430080       |
| train/                  |              |
|    approx_kl            | 0.0019199029 |
|    clip_fraction        | 0.0196       |
|    clip_range           | 0.2          |
|    entropy_loss         | -0.15        |
|    explained_variance   | 0.929        |
|    learning_rate        | 0.0003       |
|    loss                 | -0.00149     |
|    n_updates            | 1040         |
|    policy_gradient_loss | -0.000996    |
|    value_loss           | 6.13e-05     |
------------------------------------------
------------------------------------------
| time/                   |              |
|    fps                  | 1226         |
|    iterations           | 106          |
|    time_elapsed         | 354          |
|    total_timesteps      | 434176       |
| train/                  |              |
|    approx_kl            | 0.0010741588 |
|    clip_fraction        | 0.0169       |
|    clip_range           | 0.2          |
|    entropy_loss         | -0.133       |
|    explained_variance   | 0.882        |
|    learning_rate        | 0.0003       |
|    loss                 | -0.000524    |
|    n_updates            | 1050         |
|    policy_gradient_loss | -0.000256    |
|    value_loss           | 0.000109     |
------------------------------------------
  step  435000/500000 ( 87.0%)  mean_rew=+0.001
------------------------------------------
| time/                   |              |
|    fps                  | 1227         |
|    iterations           | 107          |
|    time_elapsed         | 357          |
|    total_timesteps      | 438272       |
| train/                  |              |
|    approx_kl            | 0.0005620534 |
|    clip_fraction        | 0.00581      |
|    clip_range           | 0.2          |
|    entropy_loss         | -0.138       |
|    explained_variance   | 0.882        |
|    learning_rate        | 0.0003       |
|    loss                 | -0.00259     |
|    n_updates            | 1060         |
|    policy_gradient_loss | 9.85e-05     |
|    value_loss           | 0.000108     |
------------------------------------------
  step  440000/500000 ( 88.0%)  mean_rew=-0.002
------------------------------------------
| time/                   |              |
|    fps                  | 1227         |
|    iterations           | 108          |
|    time_elapsed         | 360          |
|    total_timesteps      | 442368       |
| train/                  |              |
|    approx_kl            | 0.0027374662 |
|    clip_fraction        | 0.0193       |
|    clip_range           | 0.2          |
|    entropy_loss         | -0.125       |
|    explained_variance   | 0.904        |
|    learning_rate        | 0.0003       |
|    loss                 | 0.000911     |
|    n_updates            | 1070         |
|    policy_gradient_loss | -0.000763    |
|    value_loss           | 7.4e-05      |
------------------------------------------
  step  445000/500000 ( 89.0%)  mean_rew=+0.000
-------------------------------------------
| time/                   |               |
|    fps                  | 1227          |
|    iterations           | 109           |
|    time_elapsed         | 363           |
|    total_timesteps      | 446464        |
| train/                  |               |
|    approx_kl            | 0.00075351313 |
|    clip_fraction        | 0.0138        |
|    clip_range           | 0.2           |
|    entropy_loss         | -0.108        |
|    explained_variance   | 0.914         |
|    learning_rate        | 0.0003        |
|    loss                 | -0.000692     |
|    n_updates            | 1080          |
|    policy_gradient_loss | -0.000188     |
|    value_loss           | 7.41e-05      |
-------------------------------------------
  step  450000/500000 ( 90.0%)  mean_rew=-0.001
------------------------------------------
| time/                   |              |
|    fps                  | 1228         |
|    iterations           | 110          |
|    time_elapsed         | 366          |
|    total_timesteps      | 450560       |
| train/                  |              |
|    approx_kl            | 0.0008017553 |
|    clip_fraction        | 0.0124       |
|    clip_range           | 0.2          |
|    entropy_loss         | -0.111       |
|    explained_variance   | 0.881        |
|    learning_rate        | 0.0003       |
|    loss                 | 0.00143      |
|    n_updates            | 1090         |
|    policy_gradient_loss | -0.000577    |
|    value_loss           | 0.000115     |
------------------------------------------
------------------------------------------
| time/                   |              |
|    fps                  | 1229         |
|    iterations           | 111          |
|    time_elapsed         | 369          |
|    total_timesteps      | 454656       |
| train/                  |              |
|    approx_kl            | 0.0006615383 |
|    clip_fraction        | 0.00903      |
|    clip_range           | 0.2          |
|    entropy_loss         | -0.106       |
|    explained_variance   | 0.905        |
|    learning_rate        | 0.0003       |
|    loss                 | -0.000279    |
|    n_updates            | 1100         |
|    policy_gradient_loss | -0.000431    |
|    value_loss           | 7.93e-05     |
------------------------------------------
  step  455000/500000 ( 91.0%)  mean_rew=-0.001
-----------------------------------------
| time/                   |             |
|    fps                  | 1229        |
|    iterations           | 112         |
|    time_elapsed         | 373         |
|    total_timesteps      | 458752      |
| train/                  |             |
|    approx_kl            | 0.000879055 |
|    clip_fraction        | 0.0112      |
|    clip_range           | 0.2         |
|    entropy_loss         | -0.113      |
|    explained_variance   | 0.924       |
|    learning_rate        | 0.0003      |
|    loss                 | -0.000841   |
|    n_updates            | 1110        |
|    policy_gradient_loss | -0.000433   |
|    value_loss           | 6.81e-05    |
-----------------------------------------
  step  460000/500000 ( 92.0%)  mean_rew=+0.001
-------------------------------------------
| time/                   |               |
|    fps                  | 1230          |
|    iterations           | 113           |
|    time_elapsed         | 376           |
|    total_timesteps      | 462848        |
| train/                  |               |
|    approx_kl            | 0.00035449606 |
|    clip_fraction        | 0.00547       |
|    clip_range           | 0.2           |
|    entropy_loss         | -0.119        |
|    explained_variance   | 0.884         |
|    learning_rate        | 0.0003        |
|    loss                 | 0.000228      |
|    n_updates            | 1120          |
|    policy_gradient_loss | 3.26e-06      |
|    value_loss           | 0.000106      |
-------------------------------------------
  step  465000/500000 ( 93.0%)  mean_rew=-0.000
-------------------------------------------
| time/                   |               |
|    fps                  | 1230          |
|    iterations           | 114           |
|    time_elapsed         | 379           |
|    total_timesteps      | 466944        |
| train/                  |               |
|    approx_kl            | 0.00043585344 |
|    clip_fraction        | 0.0107        |
|    clip_range           | 0.2           |
|    entropy_loss         | -0.106        |
|    explained_variance   | 0.883         |
|    learning_rate        | 0.0003        |
|    loss                 | -0.00252      |
|    n_updates            | 1130          |
|    policy_gradient_loss | -0.000421     |
|    value_loss           | 0.000114      |
-------------------------------------------
  step  470000/500000 ( 94.0%)  mean_rew=+0.001
-------------------------------------------
| time/                   |               |
|    fps                  | 1231          |
|    iterations           | 115           |
|    time_elapsed         | 382           |
|    total_timesteps      | 471040        |
| train/                  |               |
|    approx_kl            | 0.00049284403 |
|    clip_fraction        | 0.00698       |
|    clip_range           | 0.2           |
|    entropy_loss         | -0.0944       |
|    explained_variance   | 0.902         |
|    learning_rate        | 0.0003        |
|    loss                 | 9.12e-05      |
|    n_updates            | 1140          |
|    policy_gradient_loss | -0.000299     |
|    value_loss           | 7.95e-05      |
-------------------------------------------
  step  475000/500000 ( 95.0%)  mean_rew=-0.001
------------------------------------------
| time/                   |              |
|    fps                  | 1231         |
|    iterations           | 116          |
|    time_elapsed         | 385          |
|    total_timesteps      | 475136       |
| train/                  |              |
|    approx_kl            | 0.0011263206 |
|    clip_fraction        | 0.00706      |
|    clip_range           | 0.2          |
|    entropy_loss         | -0.0803      |
|    explained_variance   | 0.919        |
|    learning_rate        | 0.0003       |
|    loss                 | -0.000726    |
|    n_updates            | 1150         |
|    policy_gradient_loss | -0.000182    |
|    value_loss           | 7.37e-05     |
------------------------------------------
------------------------------------------
| time/                   |              |
|    fps                  | 1232         |
|    iterations           | 117          |
|    time_elapsed         | 388          |
|    total_timesteps      | 479232       |
| train/                  |              |
|    approx_kl            | 0.0002204218 |
|    clip_fraction        | 0.00498      |
|    clip_range           | 0.2          |
|    entropy_loss         | -0.0823      |
|    explained_variance   | 0.878        |
|    learning_rate        | 0.0003       |
|    loss                 | 5.36e-05     |
|    n_updates            | 1160         |
|    policy_gradient_loss | -0.000129    |
|    value_loss           | 0.000118     |
------------------------------------------
  step  480000/500000 ( 96.0%)  mean_rew=-0.002
-------------------------------------------
| time/                   |               |
|    fps                  | 1232          |
|    iterations           | 118           |
|    time_elapsed         | 392           |
|    total_timesteps      | 483328        |
| train/                  |               |
|    approx_kl            | 0.00035925914 |
|    clip_fraction        | 0.00693       |
|    clip_range           | 0.2           |
|    entropy_loss         | -0.083        |
|    explained_variance   | 0.904         |
|    learning_rate        | 0.0003        |
|    loss                 | 0.000158      |
|    n_updates            | 1170          |
|    policy_gradient_loss | 0.000255      |
|    value_loss           | 8.15e-05      |
-------------------------------------------
  step  485000/500000 ( 97.0%)  mean_rew=-0.001
-------------------------------------------
| time/                   |               |
|    fps                  | 1233          |
|    iterations           | 119           |
|    time_elapsed         | 395           |
|    total_timesteps      | 487424        |
| train/                  |               |
|    approx_kl            | 0.00022675676 |
|    clip_fraction        | 0.00354       |
|    clip_range           | 0.2           |
|    entropy_loss         | -0.079        |
|    explained_variance   | 0.932         |
|    learning_rate        | 0.0003        |
|    loss                 | -0.00188      |
|    n_updates            | 1180          |
|    policy_gradient_loss | -7.8e-05      |
|    value_loss           | 6.03e-05      |
-------------------------------------------
  step  490000/500000 ( 98.0%)  mean_rew=-0.000
------------------------------------------
| time/                   |              |
|    fps                  | 1233         |
|    iterations           | 120          |
|    time_elapsed         | 398          |
|    total_timesteps      | 491520       |
| train/                  |              |
|    approx_kl            | 0.0003258111 |
|    clip_fraction        | 0.00671      |
|    clip_range           | 0.2          |
|    entropy_loss         | -0.0736      |
|    explained_variance   | 0.887        |
|    learning_rate        | 0.0003       |
|    loss                 | 0.000209     |
|    n_updates            | 1190         |
|    policy_gradient_loss | -0.000326    |
|    value_loss           | 9.95e-05     |
------------------------------------------
  step  495000/500000 ( 99.0%)  mean_rew=-0.001
-------------------------------------------
| time/                   |               |
|    fps                  | 1233          |
|    iterations           | 121           |
|    time_elapsed         | 401           |
|    total_timesteps      | 495616        |
| train/                  |               |
|    approx_kl            | 0.00054473424 |
|    clip_fraction        | 0.00615       |
|    clip_range           | 0.2           |
|    entropy_loss         | -0.0779       |
|    explained_variance   | 0.884         |
|    learning_rate        | 0.0003        |
|    loss                 | 0.000306      |
|    n_updates            | 1200          |
|    policy_gradient_loss | -6.95e-05     |
|    value_loss           | 0.000109      |
-------------------------------------------
-------------------------------------------
| time/                   |               |
|    fps                  | 1233          |
|    iterations           | 122           |
|    time_elapsed         | 405           |
|    total_timesteps      | 499712        |
| train/                  |               |
|    approx_kl            | 0.00039808714 |
|    clip_fraction        | 0.00723       |
|    clip_range           | 0.2           |
|    entropy_loss         | -0.0742       |
|    explained_variance   | 0.875         |
|    learning_rate        | 0.0003        |
|    loss                 | -0.00174      |
|    n_updates            | 1210          |
|    policy_gradient_loss | -0.000456     |
|    value_loss           | 0.000114      |
-------------------------------------------
  step  500000/500000 (100.0%)  mean_rew=-0.001
-------------------------------------------
| time/                   |               |
|    fps                  | 1233          |
|    iterations           | 123           |
|    time_elapsed         | 408           |
|    total_timesteps      | 503808        |
| train/                  |               |
|    approx_kl            | 0.00066846074 |
|    clip_fraction        | 0.0082        |
|    clip_range           | 0.2           |
|    entropy_loss         | -0.0791       |
|    explained_variance   | 0.923         |
|    learning_rate        | 0.0003        |
|    loss                 | -0.00053      |
|    n_updates            | 1220          |
|    policy_gradient_loss | -0.000264     |
|    value_loss           | 7.08e-05      |
-------------------------------------------
[cologne8-PPO] Done. Saved -> /workspace/rl-traffic/exp_cologne8_real/ppo_queue_s42
