Using libsumo as traci as requested by environment variable.
[cologne8-PPO] 8 agents | reward=wait-clip | seed=2025
  obs=(7,) | act=Discrete(4)
Using cpu device
-----------------------------
| time/              |      |
|    fps             | 1559 |
|    iterations      | 1    |
|    time_elapsed    | 2    |
|    total_timesteps | 4096 |
-----------------------------
  step    5000/500000 (  1.0%)  mean_rew=-0.058
-----------------------------------------
| time/                   |             |
|    fps                  | 1219        |
|    iterations           | 2           |
|    time_elapsed         | 6           |
|    total_timesteps      | 8192        |
| train/                  |             |
|    approx_kl            | 0.009542672 |
|    clip_fraction        | 0.0443      |
|    clip_range           | 0.2         |
|    entropy_loss         | -1.38       |
|    explained_variance   | 0.00489     |
|    learning_rate        | 0.0003      |
|    loss                 | 88.8        |
|    n_updates            | 10          |
|    policy_gradient_loss | -0.00487    |
|    value_loss           | 212         |
-----------------------------------------
  step   10000/500000 (  2.0%)  mean_rew=-0.425
-----------------------------------------
| time/                   |             |
|    fps                  | 1213        |
|    iterations           | 3           |
|    time_elapsed         | 10          |
|    total_timesteps      | 12288       |
| train/                  |             |
|    approx_kl            | 0.015068582 |
|    clip_fraction        | 0.168       |
|    clip_range           | 0.2         |
|    entropy_loss         | -1.35       |
|    explained_variance   | 0.161       |
|    learning_rate        | 0.0003      |
|    loss                 | 25.2        |
|    n_updates            | 20          |
|    policy_gradient_loss | -0.00683    |
|    value_loss           | 44.8        |
-----------------------------------------
  step   15000/500000 (  3.0%)  mean_rew=-0.062
-----------------------------------------
| time/                   |             |
|    fps                  | 1189        |
|    iterations           | 4           |
|    time_elapsed         | 13          |
|    total_timesteps      | 16384       |
| train/                  |             |
|    approx_kl            | 0.012325057 |
|    clip_fraction        | 0.0906      |
|    clip_range           | 0.2         |
|    entropy_loss         | -1.33       |
|    explained_variance   | 0.482       |
|    learning_rate        | 0.0003      |
|    loss                 | 4.29        |
|    n_updates            | 30          |
|    policy_gradient_loss | -0.0045     |
|    value_loss           | 11.9        |
-----------------------------------------
  step   20000/500000 (  4.0%)  mean_rew=-0.104
-----------------------------------------
| time/                   |             |
|    fps                  | 1175        |
|    iterations           | 5           |
|    time_elapsed         | 17          |
|    total_timesteps      | 20480       |
| train/                  |             |
|    approx_kl            | 0.008421706 |
|    clip_fraction        | 0.0906      |
|    clip_range           | 0.2         |
|    entropy_loss         | -1.3        |
|    explained_variance   | 0.436       |
|    learning_rate        | 0.0003      |
|    loss                 | 27.8        |
|    n_updates            | 40          |
|    policy_gradient_loss | -0.0083     |
|    value_loss           | 39.7        |
-----------------------------------------
------------------------------------------
| time/                   |              |
|    fps                  | 1179         |
|    iterations           | 6            |
|    time_elapsed         | 20           |
|    total_timesteps      | 24576        |
| train/                  |              |
|    approx_kl            | 0.0067404304 |
|    clip_fraction        | 0.0768       |
|    clip_range           | 0.2          |
|    entropy_loss         | -1.27        |
|    explained_variance   | 0.725        |
|    learning_rate        | 0.0003       |
|    loss                 | 3.55         |
|    n_updates            | 50           |
|    policy_gradient_loss | -0.0101      |
|    value_loss           | 10.4         |
------------------------------------------
  step   25000/500000 (  5.0%)  mean_rew=-0.124
-----------------------------------------
| time/                   |             |
|    fps                  | 1181        |
|    iterations           | 7           |
|    time_elapsed         | 24          |
|    total_timesteps      | 28672       |
| train/                  |             |
|    approx_kl            | 0.011195205 |
|    clip_fraction        | 0.0881      |
|    clip_range           | 0.2         |
|    entropy_loss         | -1.22       |
|    explained_variance   | 0.688       |
|    learning_rate        | 0.0003      |
|    loss                 | 4.95        |
|    n_updates            | 60          |
|    policy_gradient_loss | -0.00775    |
|    value_loss           | 13.5        |
-----------------------------------------
  step   30000/500000 (  6.0%)  mean_rew=-0.009
-----------------------------------------
| time/                   |             |
|    fps                  | 1176        |
|    iterations           | 8           |
|    time_elapsed         | 27          |
|    total_timesteps      | 32768       |
| train/                  |             |
|    approx_kl            | 0.011556394 |
|    clip_fraction        | 0.155       |
|    clip_range           | 0.2         |
|    entropy_loss         | -1.13       |
|    explained_variance   | 0.869       |
|    learning_rate        | 0.0003      |
|    loss                 | 1.04        |
|    n_updates            | 70          |
|    policy_gradient_loss | -0.0114     |
|    value_loss           | 4.18        |
-----------------------------------------
  step   35000/500000 (  7.0%)  mean_rew=-0.009
-----------------------------------------
| time/                   |             |
|    fps                  | 1177        |
|    iterations           | 9           |
|    time_elapsed         | 31          |
|    total_timesteps      | 36864       |
| train/                  |             |
|    approx_kl            | 0.012970788 |
|    clip_fraction        | 0.101       |
|    clip_range           | 0.2         |
|    entropy_loss         | -1.05       |
|    explained_variance   | 0.861       |
|    learning_rate        | 0.0003      |
|    loss                 | 1.88        |
|    n_updates            | 80          |
|    policy_gradient_loss | -0.00678    |
|    value_loss           | 4.18        |
-----------------------------------------
  step   40000/500000 (  8.0%)  mean_rew=-0.015
-----------------------------------------
| time/                   |             |
|    fps                  | 1183        |
|    iterations           | 10          |
|    time_elapsed         | 34          |
|    total_timesteps      | 40960       |
| train/                  |             |
|    approx_kl            | 0.008512275 |
|    clip_fraction        | 0.0805      |
|    clip_range           | 0.2         |
|    entropy_loss         | -0.989      |
|    explained_variance   | 0.859       |
|    learning_rate        | 0.0003      |
|    loss                 | 0.854       |
|    n_updates            | 90          |
|    policy_gradient_loss | -0.00519    |
|    value_loss           | 2.49        |
-----------------------------------------
  step   45000/500000 (  9.0%)  mean_rew=-0.002
-----------------------------------------
| time/                   |             |
|    fps                  | 1183        |
|    iterations           | 11          |
|    time_elapsed         | 38          |
|    total_timesteps      | 45056       |
| train/                  |             |
|    approx_kl            | 0.009663191 |
|    clip_fraction        | 0.0613      |
|    clip_range           | 0.2         |
|    entropy_loss         | -0.954      |
|    explained_variance   | 0.865       |
|    learning_rate        | 0.0003      |
|    loss                 | 0.776       |
|    n_updates            | 100         |
|    policy_gradient_loss | -0.00276    |
|    value_loss           | 1.62        |
-----------------------------------------
----------------------------------------
| time/                   |            |
|    fps                  | 1181       |
|    iterations           | 12         |
|    time_elapsed         | 41         |
|    total_timesteps      | 49152      |
| train/                  |            |
|    approx_kl            | 0.01762452 |
|    clip_fraction        | 0.117      |
|    clip_range           | 0.2        |
|    entropy_loss         | -0.826     |
|    explained_variance   | 0.935      |
|    learning_rate        | 0.0003     |
|    loss                 | 0.216      |
|    n_updates            | 110        |
|    policy_gradient_loss | -0.00654   |
|    value_loss           | 0.605      |
----------------------------------------
  step   50000/500000 ( 10.0%)  mean_rew=-0.004
------------------------------------------
| time/                   |              |
|    fps                  | 1183         |
|    iterations           | 13           |
|    time_elapsed         | 45           |
|    total_timesteps      | 53248        |
| train/                  |              |
|    approx_kl            | 0.0015705766 |
|    clip_fraction        | 0.0109       |
|    clip_range           | 0.2          |
|    entropy_loss         | -0.788       |
|    explained_variance   | 0.878        |
|    learning_rate        | 0.0003       |
|    loss                 | 0.509        |
|    n_updates            | 120          |
|    policy_gradient_loss | -0.000309    |
|    value_loss           | 1.04         |
------------------------------------------
  step   55000/500000 ( 11.0%)  mean_rew=-0.030
-----------------------------------------
| time/                   |             |
|    fps                  | 1185        |
|    iterations           | 14          |
|    time_elapsed         | 48          |
|    total_timesteps      | 57344       |
| train/                  |             |
|    approx_kl            | 0.007272292 |
|    clip_fraction        | 0.0867      |
|    clip_range           | 0.2         |
|    entropy_loss         | -0.712      |
|    explained_variance   | 0.889       |
|    learning_rate        | 0.0003      |
|    loss                 | 0.271       |
|    n_updates            | 130         |
|    policy_gradient_loss | -0.0048     |
|    value_loss           | 0.629       |
-----------------------------------------
  step   60000/500000 ( 12.0%)  mean_rew=-0.001
-----------------------------------------
| time/                   |             |
|    fps                  | 1183        |
|    iterations           | 15          |
|    time_elapsed         | 51          |
|    total_timesteps      | 61440       |
| train/                  |             |
|    approx_kl            | 0.009462621 |
|    clip_fraction        | 0.0819      |
|    clip_range           | 0.2         |
|    entropy_loss         | -0.668      |
|    explained_variance   | 0.957       |
|    learning_rate        | 0.0003      |
|    loss                 | 0.017       |
|    n_updates            | 140         |
|    policy_gradient_loss | -0.00459    |
|    value_loss           | 0.154       |
-----------------------------------------
  step   65000/500000 ( 13.0%)  mean_rew=-0.025
------------------------------------------
| time/                   |              |
|    fps                  | 1182         |
|    iterations           | 16           |
|    time_elapsed         | 55           |
|    total_timesteps      | 65536        |
| train/                  |              |
|    approx_kl            | 0.0040972866 |
|    clip_fraction        | 0.0511       |
|    clip_range           | 0.2          |
|    entropy_loss         | -0.59        |
|    explained_variance   | 0.889        |
|    learning_rate        | 0.0003       |
|    loss                 | 0.36         |
|    n_updates            | 150          |
|    policy_gradient_loss | -0.00345     |
|    value_loss           | 0.4          |
------------------------------------------
-----------------------------------------
| time/                   |             |
|    fps                  | 1185        |
|    iterations           | 17          |
|    time_elapsed         | 58          |
|    total_timesteps      | 69632       |
| train/                  |             |
|    approx_kl            | 0.004053961 |
|    clip_fraction        | 0.0349      |
|    clip_range           | 0.2         |
|    entropy_loss         | -0.559      |
|    explained_variance   | 0.88        |
|    learning_rate        | 0.0003      |
|    loss                 | 0.237       |
|    n_updates            | 160         |
|    policy_gradient_loss | -0.00213    |
|    value_loss           | 0.352       |
-----------------------------------------
  step   70000/500000 ( 14.0%)  mean_rew=+0.000
-----------------------------------------
| time/                   |             |
|    fps                  | 1185        |
|    iterations           | 18          |
|    time_elapsed         | 62          |
|    total_timesteps      | 73728       |
| train/                  |             |
|    approx_kl            | 0.003223199 |
|    clip_fraction        | 0.0292      |
|    clip_range           | 0.2         |
|    entropy_loss         | -0.537      |
|    explained_variance   | 0.896       |
|    learning_rate        | 0.0003      |
|    loss                 | 0.106       |
|    n_updates            | 170         |
|    policy_gradient_loss | -0.00203    |
|    value_loss           | 0.188       |
-----------------------------------------
  step   75000/500000 ( 15.0%)  mean_rew=-0.013
------------------------------------------
| time/                   |              |
|    fps                  | 1186         |
|    iterations           | 19           |
|    time_elapsed         | 65           |
|    total_timesteps      | 77824        |
| train/                  |              |
|    approx_kl            | 0.0027726586 |
|    clip_fraction        | 0.0396       |
|    clip_range           | 0.2          |
|    entropy_loss         | -0.499       |
|    explained_variance   | 0.964        |
|    learning_rate        | 0.0003       |
|    loss                 | 0.0233       |
|    n_updates            | 180          |
|    policy_gradient_loss | -0.00238     |
|    value_loss           | 0.0572       |
------------------------------------------
  step   80000/500000 ( 16.0%)  mean_rew=-0.015
------------------------------------------
| time/                   |              |
|    fps                  | 1188         |
|    iterations           | 20           |
|    time_elapsed         | 68           |
|    total_timesteps      | 81920        |
| train/                  |              |
|    approx_kl            | 0.0032529004 |
|    clip_fraction        | 0.0292       |
|    clip_range           | 0.2          |
|    entropy_loss         | -0.469       |
|    explained_variance   | 0.867        |
|    learning_rate        | 0.0003       |
|    loss                 | 0.126        |
|    n_updates            | 190          |
|    policy_gradient_loss | -0.00204     |
|    value_loss           | 0.22         |
------------------------------------------
  step   85000/500000 ( 17.0%)  mean_rew=+0.000
----------------------------------------
| time/                   |            |
|    fps                  | 1188       |
|    iterations           | 21         |
|    time_elapsed         | 72         |
|    total_timesteps      | 86016      |
| train/                  |            |
|    approx_kl            | 0.00760286 |
|    clip_fraction        | 0.0719     |
|    clip_range           | 0.2        |
|    entropy_loss         | -0.445     |
|    explained_variance   | 0.896      |
|    learning_rate        | 0.0003     |
|    loss                 | 0.0525     |
|    n_updates            | 200        |
|    policy_gradient_loss | -0.00477   |
|    value_loss           | 0.112      |
----------------------------------------
  step   90000/500000 ( 18.0%)  mean_rew=+0.000
------------------------------------------
| time/                   |              |
|    fps                  | 1186         |
|    iterations           | 22           |
|    time_elapsed         | 75           |
|    total_timesteps      | 90112        |
| train/                  |              |
|    approx_kl            | 0.0031977948 |
|    clip_fraction        | 0.0334       |
|    clip_range           | 0.2          |
|    entropy_loss         | -0.394       |
|    explained_variance   | 0.952        |
|    learning_rate        | 0.0003       |
|    loss                 | 0.0119       |
|    n_updates            | 210          |
|    policy_gradient_loss | -0.00241     |
|    value_loss           | 0.0437       |
------------------------------------------
------------------------------------------
| time/                   |              |
|    fps                  | 1186         |
|    iterations           | 23           |
|    time_elapsed         | 79           |
|    total_timesteps      | 94208        |
| train/                  |              |
|    approx_kl            | 0.0044856886 |
|    clip_fraction        | 0.0385       |
|    clip_range           | 0.2          |
|    entropy_loss         | -0.362       |
|    explained_variance   | 0.895        |
|    learning_rate        | 0.0003       |
|    loss                 | 0.0201       |
|    n_updates            | 220          |
|    policy_gradient_loss | -0.00254     |
|    value_loss           | 0.0907       |
------------------------------------------
  step   95000/500000 ( 19.0%)  mean_rew=-0.004
------------------------------------------
| time/                   |              |
|    fps                  | 1187         |
|    iterations           | 24           |
|    time_elapsed         | 82           |
|    total_timesteps      | 98304        |
| train/                  |              |
|    approx_kl            | 0.0020315312 |
|    clip_fraction        | 0.0133       |
|    clip_range           | 0.2          |
|    entropy_loss         | -0.333       |
|    explained_variance   | 0.906        |
|    learning_rate        | 0.0003       |
|    loss                 | 0.0232       |
|    n_updates            | 230          |
|    policy_gradient_loss | -0.000843    |
|    value_loss           | 0.0584       |
------------------------------------------
  step  100000/500000 ( 20.0%)  mean_rew=-0.010
-----------------------------------------
| time/                   |             |
|    fps                  | 1187        |
|    iterations           | 25          |
|    time_elapsed         | 86          |
|    total_timesteps      | 102400      |
| train/                  |             |
|    approx_kl            | 0.005656865 |
|    clip_fraction        | 0.0482      |
|    clip_range           | 0.2         |
|    entropy_loss         | -0.33       |
|    explained_variance   | 0.906       |
|    learning_rate        | 0.0003      |
|    loss                 | 0.0166      |
|    n_updates            | 240         |
|    policy_gradient_loss | -0.00318    |
|    value_loss           | 0.041       |
-----------------------------------------
  step  105000/500000 ( 21.0%)  mean_rew=-0.007
------------------------------------------
| time/                   |              |
|    fps                  | 1187         |
|    iterations           | 26           |
|    time_elapsed         | 89           |
|    total_timesteps      | 106496       |
| train/                  |              |
|    approx_kl            | 0.0028082056 |
|    clip_fraction        | 0.0248       |
|    clip_range           | 0.2          |
|    entropy_loss         | -0.299       |
|    explained_variance   | 0.849        |
|    learning_rate        | 0.0003       |
|    loss                 | 0.0177       |
|    n_updates            | 250          |
|    policy_gradient_loss | -0.000981    |
|    value_loss           | 0.093        |
------------------------------------------
  step  110000/500000 ( 22.0%)  mean_rew=+0.000
------------------------------------------
| time/                   |              |
|    fps                  | 1188         |
|    iterations           | 27           |
|    time_elapsed         | 93           |
|    total_timesteps      | 110592       |
| train/                  |              |
|    approx_kl            | 0.0023503404 |
|    clip_fraction        | 0.0208       |
|    clip_range           | 0.2          |
|    entropy_loss         | -0.285       |
|    explained_variance   | 0.891        |
|    learning_rate        | 0.0003       |
|    loss                 | 0.0096       |
|    n_updates            | 260          |
|    policy_gradient_loss | -0.0012      |
|    value_loss           | 0.0541       |
------------------------------------------
------------------------------------------
| time/                   |              |
|    fps                  | 1188         |
|    iterations           | 28           |
|    time_elapsed         | 96           |
|    total_timesteps      | 114688       |
| train/                  |              |
|    approx_kl            | 0.0025625417 |
|    clip_fraction        | 0.0222       |
|    clip_range           | 0.2          |
|    entropy_loss         | -0.265       |
|    explained_variance   | 0.91         |
|    learning_rate        | 0.0003       |
|    loss                 | 0.0179       |
|    n_updates            | 270          |
|    policy_gradient_loss | -0.0012      |
|    value_loss           | 0.0276       |
------------------------------------------
  step  115000/500000 ( 23.0%)  mean_rew=-0.005
------------------------------------------
| time/                   |              |
|    fps                  | 1188         |
|    iterations           | 29           |
|    time_elapsed         | 99           |
|    total_timesteps      | 118784       |
| train/                  |              |
|    approx_kl            | 0.0023778905 |
|    clip_fraction        | 0.0221       |
|    clip_range           | 0.2          |
|    entropy_loss         | -0.23        |
|    explained_variance   | 0.966        |
|    learning_rate        | 0.0003       |
|    loss                 | 0.00112      |
|    n_updates            | 280          |
|    policy_gradient_loss | -0.00169     |
|    value_loss           | 0.0112       |
------------------------------------------
  step  120000/500000 ( 24.0%)  mean_rew=+0.000
-----------------------------------------
| time/                   |             |
|    fps                  | 1188        |
|    iterations           | 30          |
|    time_elapsed         | 103         |
|    total_timesteps      | 122880      |
| train/                  |             |
|    approx_kl            | 0.002554697 |
|    clip_fraction        | 0.0316      |
|    clip_range           | 0.2         |
|    entropy_loss         | -0.226      |
|    explained_variance   | 0.84        |
|    learning_rate        | 0.0003      |
|    loss                 | 0.0253      |
|    n_updates            | 290         |
|    policy_gradient_loss | -0.000552   |
|    value_loss           | 0.0599      |
-----------------------------------------
  step  125000/500000 ( 25.0%)  mean_rew=-0.004
------------------------------------------
| time/                   |              |
|    fps                  | 1189         |
|    iterations           | 31           |
|    time_elapsed         | 106          |
|    total_timesteps      | 126976       |
| train/                  |              |
|    approx_kl            | 0.0017296294 |
|    clip_fraction        | 0.00781      |
|    clip_range           | 0.2          |
|    entropy_loss         | -0.21        |
|    explained_variance   | 0.913        |
|    learning_rate        | 0.0003       |
|    loss                 | 0.0028       |
|    n_updates            | 300          |
|    policy_gradient_loss | -3.35e-05    |
|    value_loss           | 0.0234       |
------------------------------------------
  step  130000/500000 ( 26.0%)  mean_rew=-0.001
------------------------------------------
| time/                   |              |
|    fps                  | 1189         |
|    iterations           | 32           |
|    time_elapsed         | 110          |
|    total_timesteps      | 131072       |
| train/                  |              |
|    approx_kl            | 0.0021227587 |
|    clip_fraction        | 0.0203       |
|    clip_range           | 0.2          |
|    entropy_loss         | -0.205       |
|    explained_variance   | 0.915        |
|    learning_rate        | 0.0003       |
|    loss                 | 0.0117       |
|    n_updates            | 310          |
|    policy_gradient_loss | -0.000807    |
|    value_loss           | 0.0193       |
------------------------------------------
  step  135000/500000 ( 27.0%)  mean_rew=-0.002
------------------------------------------
| time/                   |              |
|    fps                  | 1189         |
|    iterations           | 33           |
|    time_elapsed         | 113          |
|    total_timesteps      | 135168       |
| train/                  |              |
|    approx_kl            | 0.0014326402 |
|    clip_fraction        | 0.00596      |
|    clip_range           | 0.2          |
|    entropy_loss         | -0.196       |
|    explained_variance   | 0.904        |
|    learning_rate        | 0.0003       |
|    loss                 | 0.00632      |
|    n_updates            | 320          |
|    policy_gradient_loss | -0.000226    |
|    value_loss           | 0.0248       |
------------------------------------------
-------------------------------------------
| time/                   |               |
|    fps                  | 1189          |
|    iterations           | 34            |
|    time_elapsed         | 117           |
|    total_timesteps      | 139264        |
| train/                  |               |
|    approx_kl            | 0.00068625656 |
|    clip_fraction        | 0.00969       |
|    clip_range           | 0.2           |
|    entropy_loss         | -0.192        |
|    explained_variance   | 0.839         |
|    learning_rate        | 0.0003        |
|    loss                 | 0.0348        |
|    n_updates            | 330           |
|    policy_gradient_loss | -0.000774     |
|    value_loss           | 0.0456        |
-------------------------------------------
  step  140000/500000 ( 28.0%)  mean_rew=-0.002
------------------------------------------
| time/                   |              |
|    fps                  | 1189         |
|    iterations           | 35           |
|    time_elapsed         | 120          |
|    total_timesteps      | 143360       |
| train/                  |              |
|    approx_kl            | 0.0022878763 |
|    clip_fraction        | 0.0341       |
|    clip_range           | 0.2          |
|    entropy_loss         | -0.175       |
|    explained_variance   | 0.912        |
|    learning_rate        | 0.0003       |
|    loss                 | 0.00687      |
|    n_updates            | 340          |
|    policy_gradient_loss | -0.000748    |
|    value_loss           | 0.0164       |
------------------------------------------
  step  145000/500000 ( 29.0%)  mean_rew=-0.005
-----------------------------------------
| time/                   |             |
|    fps                  | 1189        |
|    iterations           | 36          |
|    time_elapsed         | 123         |
|    total_timesteps      | 147456      |
| train/                  |             |
|    approx_kl            | 0.002199972 |
|    clip_fraction        | 0.0218      |
|    clip_range           | 0.2         |
|    entropy_loss         | -0.16       |
|    explained_variance   | 0.897       |
|    learning_rate        | 0.0003      |
|    loss                 | 0.00837     |
|    n_updates            | 350         |
|    policy_gradient_loss | -0.00086    |
|    value_loss           | 0.0241      |
-----------------------------------------
  step  150000/500000 ( 30.0%)  mean_rew=-0.002
------------------------------------------
| time/                   |              |
|    fps                  | 1189         |
|    iterations           | 37           |
|    time_elapsed         | 127          |
|    total_timesteps      | 151552       |
| train/                  |              |
|    approx_kl            | 0.0012095259 |
|    clip_fraction        | 0.0226       |
|    clip_range           | 0.2          |
|    entropy_loss         | -0.166       |
|    explained_variance   | 0.867        |
|    learning_rate        | 0.0003       |
|    loss                 | 0.00633      |
|    n_updates            | 360          |
|    policy_gradient_loss | -0.000582    |
|    value_loss           | 0.032        |
------------------------------------------
  step  155000/500000 ( 31.0%)  mean_rew=+0.000
------------------------------------------
| time/                   |              |
|    fps                  | 1189         |
|    iterations           | 38           |
|    time_elapsed         | 130          |
|    total_timesteps      | 155648       |
| train/                  |              |
|    approx_kl            | 0.0010777728 |
|    clip_fraction        | 0.0129       |
|    clip_range           | 0.2          |
|    entropy_loss         | -0.164       |
|    explained_variance   | 0.824        |
|    learning_rate        | 0.0003       |
|    loss                 | 0.0103       |
|    n_updates            | 370          |
|    policy_gradient_loss | -0.000626    |
|    value_loss           | 0.0442       |
------------------------------------------
------------------------------------------
| time/                   |              |
|    fps                  | 1189         |
|    iterations           | 39           |
|    time_elapsed         | 134          |
|    total_timesteps      | 159744       |
| train/                  |              |
|    approx_kl            | 0.0015967212 |
|    clip_fraction        | 0.0147       |
|    clip_range           | 0.2          |
|    entropy_loss         | -0.148       |
|    explained_variance   | 0.908        |
|    learning_rate        | 0.0003       |
|    loss                 | 0.00349      |
|    n_updates            | 380          |
|    policy_gradient_loss | -0.000751    |
|    value_loss           | 0.0163       |
------------------------------------------
  step  160000/500000 ( 32.0%)  mean_rew=-0.002
-----------------------------------------
| time/                   |             |
|    fps                  | 1189        |
|    iterations           | 40          |
|    time_elapsed         | 137         |
|    total_timesteps      | 163840      |
| train/                  |             |
|    approx_kl            | 0.001172239 |
|    clip_fraction        | 0.0135      |
|    clip_range           | 0.2         |
|    entropy_loss         | -0.148      |
|    explained_variance   | 0.916       |
|    learning_rate        | 0.0003      |
|    loss                 | 0.00947     |
|    n_updates            | 390         |
|    policy_gradient_loss | -0.000338   |
|    value_loss           | 0.017       |
-----------------------------------------
  step  165000/500000 ( 33.0%)  mean_rew=-0.005
------------------------------------------
| time/                   |              |
|    fps                  | 1190         |
|    iterations           | 41           |
|    time_elapsed         | 141          |
|    total_timesteps      | 167936       |
| train/                  |              |
|    approx_kl            | 0.0010488763 |
|    clip_fraction        | 0.00803      |
|    clip_range           | 0.2          |
|    entropy_loss         | -0.155       |
|    explained_variance   | 0.812        |
|    learning_rate        | 0.0003       |
|    loss                 | 0.00913      |
|    n_updates            | 400          |
|    policy_gradient_loss | -0.000357    |
|    value_loss           | 0.0449       |
------------------------------------------
  step  170000/500000 ( 34.0%)  mean_rew=+0.000
------------------------------------------
| time/                   |              |
|    fps                  | 1190         |
|    iterations           | 42           |
|    time_elapsed         | 144          |
|    total_timesteps      | 172032       |
| train/                  |              |
|    approx_kl            | 0.0012312105 |
|    clip_fraction        | 0.0129       |
|    clip_range           | 0.2          |
|    entropy_loss         | -0.147       |
|    explained_variance   | 0.902        |
|    learning_rate        | 0.0003       |
|    loss                 | 0.00883      |
|    n_updates            | 410          |
|    policy_gradient_loss | -0.000378    |
|    value_loss           | 0.0152       |
------------------------------------------
  step  175000/500000 ( 35.0%)  mean_rew=-0.007
------------------------------------------
| time/                   |              |
|    fps                  | 1189         |
|    iterations           | 43           |
|    time_elapsed         | 148          |
|    total_timesteps      | 176128       |
| train/                  |              |
|    approx_kl            | 0.0031406095 |
|    clip_fraction        | 0.0281       |
|    clip_range           | 0.2          |
|    entropy_loss         | -0.133       |
|    explained_variance   | 0.862        |
|    learning_rate        | 0.0003       |
|    loss                 | 0.00792      |
|    n_updates            | 420          |
|    policy_gradient_loss | -0.000241    |
|    value_loss           | 0.0282       |
------------------------------------------
  step  180000/500000 ( 36.0%)  mean_rew=-0.007
-----------------------------------------
| time/                   |             |
|    fps                  | 1189        |
|    iterations           | 44          |
|    time_elapsed         | 151         |
|    total_timesteps      | 180224      |
| train/                  |             |
|    approx_kl            | 0.001321743 |
|    clip_fraction        | 0.0138      |
|    clip_range           | 0.2         |
|    entropy_loss         | -0.118      |
|    explained_variance   | 0.845       |
|    learning_rate        | 0.0003      |
|    loss                 | 0.00777     |
|    n_updates            | 430         |
|    policy_gradient_loss | -0.000923   |
|    value_loss           | 0.0315      |
-----------------------------------------
------------------------------------------
| time/                   |              |
|    fps                  | 1189         |
|    iterations           | 45           |
|    time_elapsed         | 154          |
|    total_timesteps      | 184320       |
| train/                  |              |
|    approx_kl            | 0.0016548287 |
|    clip_fraction        | 0.0145       |
|    clip_range           | 0.2          |
|    entropy_loss         | -0.118       |
|    explained_variance   | 0.901        |
|    learning_rate        | 0.0003       |
|    loss                 | 0.00229      |
|    n_updates            | 440          |
|    policy_gradient_loss | -0.000313    |
|    value_loss           | 0.0172       |
------------------------------------------
  step  185000/500000 ( 37.0%)  mean_rew=-0.010
-----------------------------------------
| time/                   |             |
|    fps                  | 1189        |
|    iterations           | 46          |
|    time_elapsed         | 158         |
|    total_timesteps      | 188416      |
| train/                  |             |
|    approx_kl            | 0.002900972 |
|    clip_fraction        | 0.0199      |
|    clip_range           | 0.2         |
|    entropy_loss         | -0.128      |
|    explained_variance   | 0.906       |
|    learning_rate        | 0.0003      |
|    loss                 | 0.00607     |
|    n_updates            | 450         |
|    policy_gradient_loss | -0.000219   |
|    value_loss           | 0.0143      |
-----------------------------------------
  step  190000/500000 ( 38.0%)  mean_rew=-0.001
------------------------------------------
| time/                   |              |
|    fps                  | 1189         |
|    iterations           | 47           |
|    time_elapsed         | 161          |
|    total_timesteps      | 192512       |
| train/                  |              |
|    approx_kl            | 0.0037887536 |
|    clip_fraction        | 0.0286       |
|    clip_range           | 0.2          |
|    entropy_loss         | -0.115       |
|    explained_variance   | 0.881        |
|    learning_rate        | 0.0003       |
|    loss                 | 0.000174     |
|    n_updates            | 460          |
|    policy_gradient_loss | -0.000364    |
|    value_loss           | 0.022        |
------------------------------------------
  step  195000/500000 ( 39.0%)  mean_rew=-0.004
------------------------------------------
| time/                   |              |
|    fps                  | 1190         |
|    iterations           | 48           |
|    time_elapsed         | 165          |
|    total_timesteps      | 196608       |
| train/                  |              |
|    approx_kl            | 0.0006565073 |
|    clip_fraction        | 0.00735      |
|    clip_range           | 0.2          |
|    entropy_loss         | -0.105       |
|    explained_variance   | 0.897        |
|    learning_rate        | 0.0003       |
|    loss                 | 0.00369      |
|    n_updates            | 470          |
|    policy_gradient_loss | -0.000218    |
|    value_loss           | 0.0166       |
------------------------------------------
  step  200000/500000 ( 40.0%)  mean_rew=+0.000
-----------------------------------------
| time/                   |             |
|    fps                  | 1190        |
|    iterations           | 49          |
|    time_elapsed         | 168         |
|    total_timesteps      | 200704      |
| train/                  |             |
|    approx_kl            | 0.000552383 |
|    clip_fraction        | 0.0053      |
|    clip_range           | 0.2         |
|    entropy_loss         | -0.104      |
|    explained_variance   | 0.907       |
|    learning_rate        | 0.0003      |
|    loss                 | 0.00593     |
|    n_updates            | 480         |
|    policy_gradient_loss | -0.000673   |
|    value_loss           | 0.0119      |
-----------------------------------------
-------------------------------------------
| time/                   |               |
|    fps                  | 1189          |
|    iterations           | 50            |
|    time_elapsed         | 172           |
|    total_timesteps      | 204800        |
| train/                  |               |
|    approx_kl            | 0.00038936292 |
|    clip_fraction        | 0.00562       |
|    clip_range           | 0.2           |
|    entropy_loss         | -0.1          |
|    explained_variance   | 0.861         |
|    learning_rate        | 0.0003        |
|    loss                 | 0.0252        |
|    n_updates            | 490           |
|    policy_gradient_loss | -0.000234     |
|    value_loss           | 0.0239        |
-------------------------------------------
  step  205000/500000 ( 41.0%)  mean_rew=+0.000
-------------------------------------------
| time/                   |               |
|    fps                  | 1190          |
|    iterations           | 51            |
|    time_elapsed         | 175           |
|    total_timesteps      | 208896        |
| train/                  |               |
|    approx_kl            | 0.00047216605 |
|    clip_fraction        | 0.00913       |
|    clip_range           | 0.2           |
|    entropy_loss         | -0.0955       |
|    explained_variance   | 0.864         |
|    learning_rate        | 0.0003        |
|    loss                 | 0.0102        |
|    n_updates            | 500           |
|    policy_gradient_loss | -0.000171     |
|    value_loss           | 0.0256        |
-------------------------------------------
  step  210000/500000 ( 42.0%)  mean_rew=-0.006
-------------------------------------------
| time/                   |               |
|    fps                  | 1190          |
|    iterations           | 52            |
|    time_elapsed         | 178           |
|    total_timesteps      | 212992        |
| train/                  |               |
|    approx_kl            | 0.00068380433 |
|    clip_fraction        | 0.00757       |
|    clip_range           | 0.2           |
|    entropy_loss         | -0.0932       |
|    explained_variance   | 0.889         |
|    learning_rate        | 0.0003        |
|    loss                 | 0.0113        |
|    n_updates            | 510           |
|    policy_gradient_loss | -0.000271     |
|    value_loss           | 0.0181        |
-------------------------------------------
  step  215000/500000 ( 43.0%)  mean_rew=-0.001
-----------------------------------------
| time/                   |             |
|    fps                  | 1189        |
|    iterations           | 53          |
|    time_elapsed         | 182         |
|    total_timesteps      | 217088      |
| train/                  |             |
|    approx_kl            | 0.007477236 |
|    clip_fraction        | 0.0191      |
|    clip_range           | 0.2         |
|    entropy_loss         | -0.0933     |
|    explained_variance   | 0.95        |
|    learning_rate        | 0.0003      |
|    loss                 | -0.000543   |
|    n_updates            | 520         |
|    policy_gradient_loss | -0.00107    |
|    value_loss           | 0.00748     |
-----------------------------------------
  step  220000/500000 ( 44.0%)  mean_rew=-0.007
-----------------------------------------
| time/                   |             |
|    fps                  | 1189        |
|    iterations           | 54          |
|    time_elapsed         | 185         |
|    total_timesteps      | 221184      |
| train/                  |             |
|    approx_kl            | 0.002964926 |
|    clip_fraction        | 0.0158      |
|    clip_range           | 0.2         |
|    entropy_loss         | -0.119      |
|    explained_variance   | 0.819       |
|    learning_rate        | 0.0003      |
|    loss                 | 0.00973     |
|    n_updates            | 530         |
|    policy_gradient_loss | -0.00163    |
|    value_loss           | 0.0355      |
-----------------------------------------
  step  225000/500000 ( 45.0%)  mean_rew=-0.010
-------------------------------------------
| time/                   |               |
|    fps                  | 1190          |
|    iterations           | 55            |
|    time_elapsed         | 189           |
|    total_timesteps      | 225280        |
| train/                  |               |
|    approx_kl            | 0.00069468835 |
|    clip_fraction        | 0.0133        |
|    clip_range           | 0.2           |
|    entropy_loss         | -0.116        |
|    explained_variance   | 0.849         |
|    learning_rate        | 0.0003        |
|    loss                 | 0.00877       |
|    n_updates            | 540           |
|    policy_gradient_loss | -0.000753     |
|    value_loss           | 0.031         |
-------------------------------------------
-------------------------------------------
| time/                   |               |
|    fps                  | 1190          |
|    iterations           | 56            |
|    time_elapsed         | 192           |
|    total_timesteps      | 229376        |
| train/                  |               |
|    approx_kl            | 0.00097242877 |
|    clip_fraction        | 0.00916       |
|    clip_range           | 0.2           |
|    entropy_loss         | -0.107        |
|    explained_variance   | 0.911         |
|    learning_rate        | 0.0003        |
|    loss                 | 0.00559       |
|    n_updates            | 550           |
|    policy_gradient_loss | -0.000738     |
|    value_loss           | 0.0132        |
-------------------------------------------
  step  230000/500000 ( 46.0%)  mean_rew=-0.011
-----------------------------------------
| time/                   |             |
|    fps                  | 1190        |
|    iterations           | 57          |
|    time_elapsed         | 196         |
|    total_timesteps      | 233472      |
| train/                  |             |
|    approx_kl            | 0.001734299 |
|    clip_fraction        | 0.00928     |
|    clip_range           | 0.2         |
|    entropy_loss         | -0.102      |
|    explained_variance   | 0.921       |
|    learning_rate        | 0.0003      |
|    loss                 | 0.00514     |
|    n_updates            | 560         |
|    policy_gradient_loss | -0.0012     |
|    value_loss           | 0.0139      |
-----------------------------------------
  step  235000/500000 ( 47.0%)  mean_rew=-0.004
-------------------------------------------
| time/                   |               |
|    fps                  | 1190          |
|    iterations           | 58            |
|    time_elapsed         | 199           |
|    total_timesteps      | 237568        |
| train/                  |               |
|    approx_kl            | 0.00060078106 |
|    clip_fraction        | 0.00615       |
|    clip_range           | 0.2           |
|    entropy_loss         | -0.0969       |
|    explained_variance   | 0.904         |
|    learning_rate        | 0.0003        |
|    loss                 | 0.00788       |
|    n_updates            | 570           |
|    policy_gradient_loss | -0.000254     |
|    value_loss           | 0.0174        |
-------------------------------------------
  step  240000/500000 ( 48.0%)  mean_rew=-0.015
------------------------------------------
| time/                   |              |
|    fps                  | 1190         |
|    iterations           | 59           |
|    time_elapsed         | 202          |
|    total_timesteps      | 241664       |
| train/                  |              |
|    approx_kl            | 0.0023120006 |
|    clip_fraction        | 0.0061       |
|    clip_range           | 0.2          |
|    entropy_loss         | -0.0821      |
|    explained_variance   | 0.913        |
|    learning_rate        | 0.0003       |
|    loss                 | 0.00677      |
|    n_updates            | 580          |
|    policy_gradient_loss | -0.00115     |
|    value_loss           | 0.0133       |
------------------------------------------
  step  245000/500000 ( 49.0%)  mean_rew=-0.010
-------------------------------------------
| time/                   |               |
|    fps                  | 1190          |
|    iterations           | 60            |
|    time_elapsed         | 206           |
|    total_timesteps      | 245760        |
| train/                  |               |
|    approx_kl            | 0.00025727844 |
|    clip_fraction        | 0.00391       |
|    clip_range           | 0.2           |
|    entropy_loss         | -0.0706       |
|    explained_variance   | 0.925         |
|    learning_rate        | 0.0003        |
|    loss                 | 0.00701       |
|    n_updates            | 590           |
|    policy_gradient_loss | -0.000232     |
|    value_loss           | 0.0126        |
-------------------------------------------
-----------------------------------------
| time/                   |             |
|    fps                  | 1190        |
|    iterations           | 61          |
|    time_elapsed         | 209         |
|    total_timesteps      | 249856      |
| train/                  |             |
|    approx_kl            | 0.000586719 |
|    clip_fraction        | 0.0033      |
|    clip_range           | 0.2         |
|    entropy_loss         | -0.0802     |
|    explained_variance   | 0.902       |
|    learning_rate        | 0.0003      |
|    loss                 | 0.0108      |
|    n_updates            | 600         |
|    policy_gradient_loss | -0.000205   |
|    value_loss           | 0.016       |
-----------------------------------------
  step  250000/500000 ( 50.0%)  mean_rew=-0.006
------------------------------------------
| time/                   |              |
|    fps                  | 1190         |
|    iterations           | 62           |
|    time_elapsed         | 213          |
|    total_timesteps      | 253952       |
| train/                  |              |
|    approx_kl            | 0.0007844568 |
|    clip_fraction        | 0.0094       |
|    clip_range           | 0.2          |
|    entropy_loss         | -0.0848      |
|    explained_variance   | 0.888        |
|    learning_rate        | 0.0003       |
|    loss                 | 0.016        |
|    n_updates            | 610          |
|    policy_gradient_loss | -0.000308    |
|    value_loss           | 0.0186       |
------------------------------------------
  step  255000/500000 ( 51.0%)  mean_rew=-0.019
-------------------------------------------
| time/                   |               |
|    fps                  | 1189          |
|    iterations           | 63            |
|    time_elapsed         | 216           |
|    total_timesteps      | 258048        |
| train/                  |               |
|    approx_kl            | 0.00095170556 |
|    clip_fraction        | 0.0113        |
|    clip_range           | 0.2           |
|    entropy_loss         | -0.0718       |
|    explained_variance   | 0.908         |
|    learning_rate        | 0.0003        |
|    loss                 | 0.00702       |
|    n_updates            | 620           |
|    policy_gradient_loss | -0.000569     |
|    value_loss           | 0.0117        |
-------------------------------------------
  step  260000/500000 ( 52.0%)  mean_rew=-0.005
-------------------------------------------
| time/                   |               |
|    fps                  | 1189          |
|    iterations           | 64            |
|    time_elapsed         | 220           |
|    total_timesteps      | 262144        |
| train/                  |               |
|    approx_kl            | 0.00041393336 |
|    clip_fraction        | 0.00713       |
|    clip_range           | 0.2           |
|    entropy_loss         | -0.065        |
|    explained_variance   | 0.868         |
|    learning_rate        | 0.0003        |
|    loss                 | 0.00381       |
|    n_updates            | 630           |
|    policy_gradient_loss | -0.000284     |
|    value_loss           | 0.0222        |
-------------------------------------------
  step  265000/500000 ( 53.0%)  mean_rew=-0.002
-------------------------------------------
| time/                   |               |
|    fps                  | 1190          |
|    iterations           | 65            |
|    time_elapsed         | 223           |
|    total_timesteps      | 266240        |
| train/                  |               |
|    approx_kl            | 0.00082019775 |
|    clip_fraction        | 0.00544       |
|    clip_range           | 0.2           |
|    entropy_loss         | -0.0645       |
|    explained_variance   | 0.894         |
|    learning_rate        | 0.0003        |
|    loss                 | 0.00604       |
|    n_updates            | 640           |
|    policy_gradient_loss | -0.000226     |
|    value_loss           | 0.017         |
-------------------------------------------
  step  270000/500000 ( 54.0%)  mean_rew=-0.002
-------------------------------------------
| time/                   |               |
|    fps                  | 1190          |
|    iterations           | 66            |
|    time_elapsed         | 227           |
|    total_timesteps      | 270336        |
| train/                  |               |
|    approx_kl            | 0.00031229347 |
|    clip_fraction        | 0.00396       |
|    clip_range           | 0.2           |
|    entropy_loss         | -0.0744       |
|    explained_variance   | 0.901         |
|    learning_rate        | 0.0003        |
|    loss                 | 0.00816       |
|    n_updates            | 650           |
|    policy_gradient_loss | -0.000103     |
|    value_loss           | 0.014         |
-------------------------------------------
-------------------------------------------
| time/                   |               |
|    fps                  | 1189          |
|    iterations           | 67            |
|    time_elapsed         | 230           |
|    total_timesteps      | 274432        |
| train/                  |               |
|    approx_kl            | 0.00029852733 |
|    clip_fraction        | 0.00259       |
|    clip_range           | 0.2           |
|    entropy_loss         | -0.0714       |
|    explained_variance   | 0.932         |
|    learning_rate        | 0.0003        |
|    loss                 | 0.00479       |
|    n_updates            | 660           |
|    policy_gradient_loss | -6.84e-05     |
|    value_loss           | 0.0101        |
-------------------------------------------
  step  275000/500000 ( 55.0%)  mean_rew=+0.000
-------------------------------------------
| time/                   |               |
|    fps                  | 1189          |
|    iterations           | 68            |
|    time_elapsed         | 234           |
|    total_timesteps      | 278528        |
| train/                  |               |
|    approx_kl            | 0.00041387562 |
|    clip_fraction        | 0.004         |
|    clip_range           | 0.2           |
|    entropy_loss         | -0.0725       |
|    explained_variance   | 0.869         |
|    learning_rate        | 0.0003        |
|    loss                 | 0.00389       |
|    n_updates            | 670           |
|    policy_gradient_loss | -0.000263     |
|    value_loss           | 0.0216        |
-------------------------------------------
  step  280000/500000 ( 56.0%)  mean_rew=-0.002
-------------------------------------------
| time/                   |               |
|    fps                  | 1190          |
|    iterations           | 69            |
|    time_elapsed         | 237           |
|    total_timesteps      | 282624        |
| train/                  |               |
|    approx_kl            | 0.00031605494 |
|    clip_fraction        | 0.00198       |
|    clip_range           | 0.2           |
|    entropy_loss         | -0.072        |
|    explained_variance   | 0.858         |
|    learning_rate        | 0.0003        |
|    loss                 | 0.0173        |
|    n_updates            | 680           |
|    policy_gradient_loss | -2.83e-05     |
|    value_loss           | 0.0246        |
-------------------------------------------
  step  285000/500000 ( 57.0%)  mean_rew=-0.004
-------------------------------------------
| time/                   |               |
|    fps                  | 1190          |
|    iterations           | 70            |
|    time_elapsed         | 240           |
|    total_timesteps      | 286720        |
| train/                  |               |
|    approx_kl            | 0.00052844133 |
|    clip_fraction        | 0.00762       |
|    clip_range           | 0.2           |
|    entropy_loss         | -0.0713       |
|    explained_variance   | 0.907         |
|    learning_rate        | 0.0003        |
|    loss                 | 0.00807       |
|    n_updates            | 690           |
|    policy_gradient_loss | -0.000216     |
|    value_loss           | 0.0125        |
-------------------------------------------
  step  290000/500000 ( 58.0%)  mean_rew=-0.005
-------------------------------------------
| time/                   |               |
|    fps                  | 1190          |
|    iterations           | 71            |
|    time_elapsed         | 244           |
|    total_timesteps      | 290816        |
| train/                  |               |
|    approx_kl            | 0.00070495234 |
|    clip_fraction        | 0.00264       |
|    clip_range           | 0.2           |
|    entropy_loss         | -0.0702       |
|    explained_variance   | 0.926         |
|    learning_rate        | 0.0003        |
|    loss                 | 0.00393       |
|    n_updates            | 700           |
|    policy_gradient_loss | -0.000132     |
|    value_loss           | 0.011         |
-------------------------------------------
------------------------------------------
| time/                   |              |
|    fps                  | 1190         |
|    iterations           | 72           |
|    time_elapsed         | 247          |
|    total_timesteps      | 294912       |
| train/                  |              |
|    approx_kl            | 0.0015018021 |
|    clip_fraction        | 0.00867      |
|    clip_range           | 0.2          |
|    entropy_loss         | -0.0759      |
|    explained_variance   | 0.877        |
|    learning_rate        | 0.0003       |
|    loss                 | 0.0111       |
|    n_updates            | 710          |
|    policy_gradient_loss | -0.000795    |
|    value_loss           | 0.0192       |
------------------------------------------
  step  295000/500000 ( 59.0%)  mean_rew=-0.002
------------------------------------------
| time/                   |              |
|    fps                  | 1190         |
|    iterations           | 73           |
|    time_elapsed         | 251          |
|    total_timesteps      | 299008       |
| train/                  |              |
|    approx_kl            | 0.0007970275 |
|    clip_fraction        | 0.00942      |
|    clip_range           | 0.2          |
|    entropy_loss         | -0.106       |
|    explained_variance   | 0.881        |
|    learning_rate        | 0.0003       |
|    loss                 | 0.00723      |
|    n_updates            | 720          |
|    policy_gradient_loss | -0.000193    |
|    value_loss           | 0.0167       |
------------------------------------------
  step  300000/500000 ( 60.0%)  mean_rew=+0.000
------------------------------------------
| time/                   |              |
|    fps                  | 1190         |
|    iterations           | 74           |
|    time_elapsed         | 254          |
|    total_timesteps      | 303104       |
| train/                  |              |
|    approx_kl            | 0.0066109453 |
|    clip_fraction        | 0.018        |
|    clip_range           | 0.2          |
|    entropy_loss         | -0.0816      |
|    explained_variance   | 0.892        |
|    learning_rate        | 0.0003       |
|    loss                 | 0.00488      |
|    n_updates            | 730          |
|    policy_gradient_loss | -6.55e-05    |
|    value_loss           | 0.0167       |
------------------------------------------
  step  305000/500000 ( 61.0%)  mean_rew=-0.005
------------------------------------------
| time/                   |              |
|    fps                  | 1190         |
|    iterations           | 75           |
|    time_elapsed         | 258          |
|    total_timesteps      | 307200       |
| train/                  |              |
|    approx_kl            | 0.0005247374 |
|    clip_fraction        | 0.0103       |
|    clip_range           | 0.2          |
|    entropy_loss         | -0.0686      |
|    explained_variance   | 0.836        |
|    learning_rate        | 0.0003       |
|    loss                 | 0.0251       |
|    n_updates            | 740          |
|    policy_gradient_loss | -0.00134     |
|    value_loss           | 0.0286       |
------------------------------------------
  step  310000/500000 ( 62.0%)  mean_rew=+0.000
------------------------------------------
| time/                   |              |
|    fps                  | 1190         |
|    iterations           | 76           |
|    time_elapsed         | 261          |
|    total_timesteps      | 311296       |
| train/                  |              |
|    approx_kl            | 0.0003665815 |
|    clip_fraction        | 0.00427      |
|    clip_range           | 0.2          |
|    entropy_loss         | -0.0658      |
|    explained_variance   | 0.878        |
|    learning_rate        | 0.0003       |
|    loss                 | 0.00625      |
|    n_updates            | 750          |
|    policy_gradient_loss | -0.0002      |
|    value_loss           | 0.0203       |
------------------------------------------
  step  315000/500000 ( 63.0%)  mean_rew=-0.019
------------------------------------------
| time/                   |              |
|    fps                  | 1190         |
|    iterations           | 77           |
|    time_elapsed         | 264          |
|    total_timesteps      | 315392       |
| train/                  |              |
|    approx_kl            | 0.0013457376 |
|    clip_fraction        | 0.0111       |
|    clip_range           | 0.2          |
|    entropy_loss         | -0.0546      |
|    explained_variance   | 0.899        |
|    learning_rate        | 0.0003       |
|    loss                 | 0.00551      |
|    n_updates            | 760          |
|    policy_gradient_loss | -0.00162     |
|    value_loss           | 0.0144       |
------------------------------------------
-----------------------------------------
| time/                   |             |
|    fps                  | 1190        |
|    iterations           | 78          |
|    time_elapsed         | 268         |
|    total_timesteps      | 319488      |
| train/                  |             |
|    approx_kl            | 0.002367334 |
|    clip_fraction        | 0.00454     |
|    clip_range           | 0.2         |
|    entropy_loss         | -0.0404     |
|    explained_variance   | 0.818       |
|    learning_rate        | 0.0003      |
|    loss                 | 0.00458     |
|    n_updates            | 770         |
|    policy_gradient_loss | -0.000356   |
|    value_loss           | 0.0348      |
-----------------------------------------
  step  320000/500000 ( 64.0%)  mean_rew=+0.000
-------------------------------------------
| time/                   |               |
|    fps                  | 1190          |
|    iterations           | 79            |
|    time_elapsed         | 271           |
|    total_timesteps      | 323584        |
| train/                  |               |
|    approx_kl            | 0.00022804126 |
|    clip_fraction        | 0.00361       |
|    clip_range           | 0.2           |
|    entropy_loss         | -0.0386       |
|    explained_variance   | 0.884         |
|    learning_rate        | 0.0003        |
|    loss                 | 0.00552       |
|    n_updates            | 780           |
|    policy_gradient_loss | -0.000102     |
|    value_loss           | 0.0204        |
-------------------------------------------
  step  325000/500000 ( 65.0%)  mean_rew=-0.005
-------------------------------------------
| time/                   |               |
|    fps                  | 1190          |
|    iterations           | 80            |
|    time_elapsed         | 275           |
|    total_timesteps      | 327680        |
| train/                  |               |
|    approx_kl            | 0.00021145314 |
|    clip_fraction        | 0.0032        |
|    clip_range           | 0.2           |
|    entropy_loss         | -0.0376       |
|    explained_variance   | 0.905         |
|    learning_rate        | 0.0003        |
|    loss                 | 0.00316       |
|    n_updates            | 790           |
|    policy_gradient_loss | -0.000233     |
|    value_loss           | 0.0129        |
-------------------------------------------
  step  330000/500000 ( 66.0%)  mean_rew=-0.006
-------------------------------------------
| time/                   |               |
|    fps                  | 1190          |
|    iterations           | 81            |
|    time_elapsed         | 278           |
|    total_timesteps      | 331776        |
| train/                  |               |
|    approx_kl            | 0.00017503269 |
|    clip_fraction        | 0.00227       |
|    clip_range           | 0.2           |
|    entropy_loss         | -0.0376       |
|    explained_variance   | 0.87          |
|    learning_rate        | 0.0003        |
|    loss                 | 0.00604       |
|    n_updates            | 800           |
|    policy_gradient_loss | -4.11e-05     |
|    value_loss           | 0.0225        |
-------------------------------------------
  step  335000/500000 ( 67.0%)  mean_rew=-0.005
------------------------------------------
| time/                   |              |
|    fps                  | 1190         |
|    iterations           | 82           |
|    time_elapsed         | 282          |
|    total_timesteps      | 335872       |
| train/                  |              |
|    approx_kl            | 0.0002162788 |
|    clip_fraction        | 0.00242      |
|    clip_range           | 0.2          |
|    entropy_loss         | -0.0358      |
|    explained_variance   | 0.752        |
|    learning_rate        | 0.0003       |
|    loss                 | 0.0504       |
|    n_updates            | 810          |
|    policy_gradient_loss | -8.06e-05    |
|    value_loss           | 0.0553       |
------------------------------------------
-------------------------------------------
| time/                   |               |
|    fps                  | 1190          |
|    iterations           | 83            |
|    time_elapsed         | 285           |
|    total_timesteps      | 339968        |
| train/                  |               |
|    approx_kl            | 0.00030598656 |
|    clip_fraction        | 0.00481       |
|    clip_range           | 0.2           |
|    entropy_loss         | -0.0317       |
|    explained_variance   | 0.82          |
|    learning_rate        | 0.0003        |
|    loss                 | 0.0182        |
|    n_updates            | 820           |
|    policy_gradient_loss | -0.000107     |
|    value_loss           | 0.039         |
-------------------------------------------
  step  340000/500000 ( 68.0%)  mean_rew=+0.000
-------------------------------------------
| time/                   |               |
|    fps                  | 1190          |
|    iterations           | 84            |
|    time_elapsed         | 288           |
|    total_timesteps      | 344064        |
| train/                  |               |
|    approx_kl            | 0.00016320143 |
|    clip_fraction        | 0.00334       |
|    clip_range           | 0.2           |
|    entropy_loss         | -0.0318       |
|    explained_variance   | 0.907         |
|    learning_rate        | 0.0003        |
|    loss                 | 0.00863       |
|    n_updates            | 830           |
|    policy_gradient_loss | -0.000103     |
|    value_loss           | 0.0158        |
-------------------------------------------
  step  345000/500000 ( 69.0%)  mean_rew=-0.006
------------------------------------------
| time/                   |              |
|    fps                  | 1191         |
|    iterations           | 85           |
|    time_elapsed         | 292          |
|    total_timesteps      | 348160       |
| train/                  |              |
|    approx_kl            | 0.0002537615 |
|    clip_fraction        | 0.0021       |
|    clip_range           | 0.2          |
|    entropy_loss         | -0.0326      |
|    explained_variance   | 0.898        |
|    learning_rate        | 0.0003       |
|    loss                 | 0.0069       |
|    n_updates            | 840          |
|    policy_gradient_loss | -0.000196    |
|    value_loss           | 0.0201       |
------------------------------------------
  step  350000/500000 ( 70.0%)  mean_rew=+0.000
------------------------------------------
| time/                   |              |
|    fps                  | 1191         |
|    iterations           | 86           |
|    time_elapsed         | 295          |
|    total_timesteps      | 352256       |
| train/                  |              |
|    approx_kl            | 0.0010810907 |
|    clip_fraction        | 0.00432      |
|    clip_range           | 0.2          |
|    entropy_loss         | -0.0318      |
|    explained_variance   | 0.892        |
|    learning_rate        | 0.0003       |
|    loss                 | 0.0136       |
|    n_updates            | 850          |
|    policy_gradient_loss | -0.000601    |
|    value_loss           | 0.0204       |
------------------------------------------
  step  355000/500000 ( 71.0%)  mean_rew=-0.009
-------------------------------------------
| time/                   |               |
|    fps                  | 1191          |
|    iterations           | 87            |
|    time_elapsed         | 298           |
|    total_timesteps      | 356352        |
| train/                  |               |
|    approx_kl            | 0.00022493392 |
|    clip_fraction        | 0.00403       |
|    clip_range           | 0.2           |
|    entropy_loss         | -0.0321       |
|    explained_variance   | 0.917         |
|    learning_rate        | 0.0003        |
|    loss                 | 0.0037        |
|    n_updates            | 860           |
|    policy_gradient_loss | -0.000311     |
|    value_loss           | 0.0121        |
-------------------------------------------
  step  360000/500000 ( 72.0%)  mean_rew=+0.000
------------------------------------------
| time/                   |              |
|    fps                  | 1191         |
|    iterations           | 88           |
|    time_elapsed         | 302          |
|    total_timesteps      | 360448       |
| train/                  |              |
|    approx_kl            | 0.0004038123 |
|    clip_fraction        | 0.00352      |
|    clip_range           | 0.2          |
|    entropy_loss         | -0.0243      |
|    explained_variance   | 0.927        |
|    learning_rate        | 0.0003       |
|    loss                 | 0.00267      |
|    n_updates            | 870          |
|    policy_gradient_loss | -0.000428    |
|    value_loss           | 0.0122       |
------------------------------------------
------------------------------------------
| time/                   |              |
|    fps                  | 1192         |
|    iterations           | 89           |
|    time_elapsed         | 305          |
|    total_timesteps      | 364544       |
| train/                  |              |
|    approx_kl            | 0.0003948379 |
|    clip_fraction        | 0.00332      |
|    clip_range           | 0.2          |
|    entropy_loss         | -0.0217      |
|    explained_variance   | 0.855        |
|    learning_rate        | 0.0003       |
|    loss                 | 0.0229       |
|    n_updates            | 880          |
|    policy_gradient_loss | -0.000149    |
|    value_loss           | 0.0276       |
------------------------------------------
  step  365000/500000 ( 73.0%)  mean_rew=-0.009
-------------------------------------------
| time/                   |               |
|    fps                  | 1193          |
|    iterations           | 90            |
|    time_elapsed         | 308           |
|    total_timesteps      | 368640        |
| train/                  |               |
|    approx_kl            | 0.00024399016 |
|    clip_fraction        | 0.00266       |
|    clip_range           | 0.2           |
|    entropy_loss         | -0.0168       |
|    explained_variance   | 0.871         |
|    learning_rate        | 0.0003        |
|    loss                 | 0.00569       |
|    n_updates            | 890           |
|    policy_gradient_loss | -0.000389     |
|    value_loss           | 0.0239        |
-------------------------------------------
  step  370000/500000 ( 74.0%)  mean_rew=-0.009
-------------------------------------------
| time/                   |               |
|    fps                  | 1194          |
|    iterations           | 91            |
|    time_elapsed         | 312           |
|    total_timesteps      | 372736        |
| train/                  |               |
|    approx_kl            | 0.00016972658 |
|    clip_fraction        | 0.000439      |
|    clip_range           | 0.2           |
|    entropy_loss         | -0.0149       |
|    explained_variance   | 0.82          |
|    learning_rate        | 0.0003        |
|    loss                 | 0.0144        |
|    n_updates            | 900           |
|    policy_gradient_loss | -0.000363     |
|    value_loss           | 0.035         |
-------------------------------------------
  step  375000/500000 ( 75.0%)  mean_rew=+0.000
-------------------------------------------
| time/                   |               |
|    fps                  | 1195          |
|    iterations           | 92            |
|    time_elapsed         | 315           |
|    total_timesteps      | 376832        |
| train/                  |               |
|    approx_kl            | 7.0105816e-05 |
|    clip_fraction        | 0.00125       |
|    clip_range           | 0.2           |
|    entropy_loss         | -0.0131       |
|    explained_variance   | 0.935         |
|    learning_rate        | 0.0003        |
|    loss                 | 0.00757       |
|    n_updates            | 910           |
|    policy_gradient_loss | -4.06e-05     |
|    value_loss           | 0.0113        |
-------------------------------------------
  step  380000/500000 ( 76.0%)  mean_rew=+0.000
-------------------------------------------
| time/                   |               |
|    fps                  | 1197          |
|    iterations           | 93            |
|    time_elapsed         | 318           |
|    total_timesteps      | 380928        |
| train/                  |               |
|    approx_kl            | 5.7204743e-06 |
|    clip_fraction        | 0.000171      |
|    clip_range           | 0.2           |
|    entropy_loss         | -0.0117       |
|    explained_variance   | 0.841         |
|    learning_rate        | 0.0003        |
|    loss                 | 0.0197        |
|    n_updates            | 920           |
|    policy_gradient_loss | 1.67e-05      |
|    value_loss           | 0.0317        |
-------------------------------------------
  step  385000/500000 ( 77.0%)  mean_rew=-0.021
-------------------------------------------
| time/                   |               |
|    fps                  | 1197          |
|    iterations           | 94            |
|    time_elapsed         | 321           |
|    total_timesteps      | 385024        |
| train/                  |               |
|    approx_kl            | 3.7640944e-05 |
|    clip_fraction        | 0.000806      |
|    clip_range           | 0.2           |
|    entropy_loss         | -0.0114       |
|    explained_variance   | 0.911         |
|    learning_rate        | 0.0003        |
|    loss                 | 0.00644       |
|    n_updates            | 930           |
|    policy_gradient_loss | -4.19e-05     |
|    value_loss           | 0.0125        |
-------------------------------------------
-------------------------------------------
| time/                   |               |
|    fps                  | 1198          |
|    iterations           | 95            |
|    time_elapsed         | 324           |
|    total_timesteps      | 389120        |
| train/                  |               |
|    approx_kl            | 9.6259406e-05 |
|    clip_fraction        | 0.00107       |
|    clip_range           | 0.2           |
|    entropy_loss         | -0.0129       |
|    explained_variance   | 0.836         |
|    learning_rate        | 0.0003        |
|    loss                 | 0.00466       |
|    n_updates            | 940           |
|    policy_gradient_loss | -6.36e-05     |
|    value_loss           | 0.032         |
-------------------------------------------
  step  390000/500000 ( 78.0%)  mean_rew=-0.005
------------------------------------------
| time/                   |              |
|    fps                  | 1199         |
|    iterations           | 96           |
|    time_elapsed         | 327          |
|    total_timesteps      | 393216       |
| train/                  |              |
|    approx_kl            | 7.793181e-05 |
|    clip_fraction        | 0.00137      |
|    clip_range           | 0.2          |
|    entropy_loss         | -0.0145      |
|    explained_variance   | 0.893        |
|    learning_rate        | 0.0003       |
|    loss                 | 0.0142       |
|    n_updates            | 950          |
|    policy_gradient_loss | -6.52e-05    |
|    value_loss           | 0.0187       |
------------------------------------------
  step  395000/500000 ( 79.0%)  mean_rew=-0.005
------------------------------------------
| time/                   |              |
|    fps                  | 1200         |
|    iterations           | 97           |
|    time_elapsed         | 330          |
|    total_timesteps      | 397312       |
| train/                  |              |
|    approx_kl            | 7.260589e-05 |
|    clip_fraction        | 0.00132      |
|    clip_range           | 0.2          |
|    entropy_loss         | -0.0159      |
|    explained_variance   | 0.902        |
|    learning_rate        | 0.0003       |
|    loss                 | 0.0038       |
|    n_updates            | 960          |
|    policy_gradient_loss | -0.000103    |
|    value_loss           | 0.0152       |
------------------------------------------
  step  400000/500000 ( 80.0%)  mean_rew=+0.000
------------------------------------------
| time/                   |              |
|    fps                  | 1201         |
|    iterations           | 98           |
|    time_elapsed         | 334          |
|    total_timesteps      | 401408       |
| train/                  |              |
|    approx_kl            | 0.0012601686 |
|    clip_fraction        | 0.00276      |
|    clip_range           | 0.2          |
|    entropy_loss         | -0.0182      |
|    explained_variance   | 0.946        |
|    learning_rate        | 0.0003       |
|    loss                 | 0.00604      |
|    n_updates            | 970          |
|    policy_gradient_loss | -0.000258    |
|    value_loss           | 0.0081       |
------------------------------------------
  step  405000/500000 ( 81.0%)  mean_rew=-0.007
-----------------------------------------
| time/                   |             |
|    fps                  | 1202        |
|    iterations           | 99          |
|    time_elapsed         | 337         |
|    total_timesteps      | 405504      |
| train/                  |             |
|    approx_kl            | 0.000200588 |
|    clip_fraction        | 0.00237     |
|    clip_range           | 0.2         |
|    entropy_loss         | -0.02       |
|    explained_variance   | 0.888       |
|    learning_rate        | 0.0003      |
|    loss                 | 0.0106      |
|    n_updates            | 980         |
|    policy_gradient_loss | -0.000209   |
|    value_loss           | 0.0185      |
-----------------------------------------
------------------------------------------
| time/                   |              |
|    fps                  | 1203         |
|    iterations           | 100          |
|    time_elapsed         | 340          |
|    total_timesteps      | 409600       |
| train/                  |              |
|    approx_kl            | 0.0009734809 |
|    clip_fraction        | 0.00322      |
|    clip_range           | 0.2          |
|    entropy_loss         | -0.0274      |
|    explained_variance   | 0.886        |
|    learning_rate        | 0.0003       |
|    loss                 | 0.00748      |
|    n_updates            | 990          |
|    policy_gradient_loss | -0.000349    |
|    value_loss           | 0.0186       |
------------------------------------------
  step  410000/500000 ( 82.0%)  mean_rew=-0.014
-------------------------------------------
| time/                   |               |
|    fps                  | 1203          |
|    iterations           | 101           |
|    time_elapsed         | 343           |
|    total_timesteps      | 413696        |
| train/                  |               |
|    approx_kl            | 0.00019208838 |
|    clip_fraction        | 0.00149       |
|    clip_range           | 0.2           |
|    entropy_loss         | -0.0323       |
|    explained_variance   | 0.912         |
|    learning_rate        | 0.0003        |
|    loss                 | 0.005         |
|    n_updates            | 1000          |
|    policy_gradient_loss | 4.07e-05      |
|    value_loss           | 0.0114        |
-------------------------------------------
  step  415000/500000 ( 83.0%)  mean_rew=-0.004
-------------------------------------------
| time/                   |               |
|    fps                  | 1204          |
|    iterations           | 102           |
|    time_elapsed         | 346           |
|    total_timesteps      | 417792        |
| train/                  |               |
|    approx_kl            | 0.00044029334 |
|    clip_fraction        | 0.00378       |
|    clip_range           | 0.2           |
|    entropy_loss         | -0.0261       |
|    explained_variance   | 0.872         |
|    learning_rate        | 0.0003        |
|    loss                 | 0.00601       |
|    n_updates            | 1010          |
|    policy_gradient_loss | -0.000117     |
|    value_loss           | 0.021         |
-------------------------------------------
  step  420000/500000 ( 84.0%)  mean_rew=-0.011
------------------------------------------
| time/                   |              |
|    fps                  | 1205         |
|    iterations           | 103          |
|    time_elapsed         | 349          |
|    total_timesteps      | 421888       |
| train/                  |              |
|    approx_kl            | 0.0001733842 |
|    clip_fraction        | 0.00244      |
|    clip_range           | 0.2          |
|    entropy_loss         | -0.0222      |
|    explained_variance   | 0.819        |
|    learning_rate        | 0.0003       |
|    loss                 | 0.0199       |
|    n_updates            | 1020         |
|    policy_gradient_loss | -0.000133    |
|    value_loss           | 0.0349       |
------------------------------------------
  step  425000/500000 ( 85.0%)  mean_rew=+0.000
-------------------------------------------
| time/                   |               |
|    fps                  | 1206          |
|    iterations           | 104           |
|    time_elapsed         | 353           |
|    total_timesteps      | 425984        |
| train/                  |               |
|    approx_kl            | 0.00020486863 |
|    clip_fraction        | 0.00247       |
|    clip_range           | 0.2           |
|    entropy_loss         | -0.0178       |
|    explained_variance   | 0.855         |
|    learning_rate        | 0.0003        |
|    loss                 | 0.0102        |
|    n_updates            | 1030          |
|    policy_gradient_loss | -9e-05        |
|    value_loss           | 0.0262        |
-------------------------------------------
  step  430000/500000 ( 86.0%)  mean_rew=+0.000
-------------------------------------------
| time/                   |               |
|    fps                  | 1207          |
|    iterations           | 105           |
|    time_elapsed         | 356           |
|    total_timesteps      | 430080        |
| train/                  |               |
|    approx_kl            | 0.00013709228 |
|    clip_fraction        | 0.002         |
|    clip_range           | 0.2           |
|    entropy_loss         | -0.0184       |
|    explained_variance   | 0.869         |
|    learning_rate        | 0.0003        |
|    loss                 | 0.0121        |
|    n_updates            | 1040          |
|    policy_gradient_loss | -8.15e-05     |
|    value_loss           | 0.0259        |
-------------------------------------------
-------------------------------------------
| time/                   |               |
|    fps                  | 1208          |
|    iterations           | 106           |
|    time_elapsed         | 359           |
|    total_timesteps      | 434176        |
| train/                  |               |
|    approx_kl            | 0.00012107889 |
|    clip_fraction        | 0.00198       |
|    clip_range           | 0.2           |
|    entropy_loss         | -0.0148       |
|    explained_variance   | 0.895         |
|    learning_rate        | 0.0003        |
|    loss                 | 0.0104        |
|    n_updates            | 1050          |
|    policy_gradient_loss | -0.000146     |
|    value_loss           | 0.0188        |
-------------------------------------------
  step  435000/500000 ( 87.0%)  mean_rew=-0.006
-------------------------------------------
| time/                   |               |
|    fps                  | 1209          |
|    iterations           | 107           |
|    time_elapsed         | 362           |
|    total_timesteps      | 438272        |
| train/                  |               |
|    approx_kl            | 5.5775366e-05 |
|    clip_fraction        | 0.00161       |
|    clip_range           | 0.2           |
|    entropy_loss         | -0.0159       |
|    explained_variance   | 0.83          |
|    learning_rate        | 0.0003        |
|    loss                 | 0.0118        |
|    n_updates            | 1060          |
|    policy_gradient_loss | -2.41e-05     |
|    value_loss           | 0.0335        |
-------------------------------------------
  step  440000/500000 ( 88.0%)  mean_rew=-0.018
-------------------------------------------
| time/                   |               |
|    fps                  | 1209          |
|    iterations           | 108           |
|    time_elapsed         | 365           |
|    total_timesteps      | 442368        |
| train/                  |               |
|    approx_kl            | 0.00041677215 |
|    clip_fraction        | 0.00168       |
|    clip_range           | 0.2           |
|    entropy_loss         | -0.0152       |
|    explained_variance   | 0.896         |
|    learning_rate        | 0.0003        |
|    loss                 | 0.0146        |
|    n_updates            | 1070          |
|    policy_gradient_loss | -0.000118     |
|    value_loss           | 0.0158        |
-------------------------------------------
  step  445000/500000 ( 89.0%)  mean_rew=+0.000
-----------------------------------------
| time/                   |             |
|    fps                  | 1210        |
|    iterations           | 109         |
|    time_elapsed         | 368         |
|    total_timesteps      | 446464      |
| train/                  |             |
|    approx_kl            | 0.008165689 |
|    clip_fraction        | 0.0251      |
|    clip_range           | 0.2         |
|    entropy_loss         | -0.0404     |
|    explained_variance   | 0.931       |
|    learning_rate        | 0.0003      |
|    loss                 | 0.00974     |
|    n_updates            | 1080        |
|    policy_gradient_loss | -0.00205    |
|    value_loss           | 0.0114      |
-----------------------------------------
  step  450000/500000 ( 90.0%)  mean_rew=-0.009
------------------------------------------
| time/                   |              |
|    fps                  | 1211         |
|    iterations           | 110          |
|    time_elapsed         | 371          |
|    total_timesteps      | 450560       |
| train/                  |              |
|    approx_kl            | 0.0014147756 |
|    clip_fraction        | 0.00859      |
|    clip_range           | 0.2          |
|    entropy_loss         | -0.0461      |
|    explained_variance   | 0.868        |
|    learning_rate        | 0.0003       |
|    loss                 | 0.0128       |
|    n_updates            | 1090         |
|    policy_gradient_loss | -0.00128     |
|    value_loss           | 0.0231       |
------------------------------------------
------------------------------------------
| time/                   |              |
|    fps                  | 1211         |
|    iterations           | 111          |
|    time_elapsed         | 375          |
|    total_timesteps      | 454656       |
| train/                  |              |
|    approx_kl            | 0.0006640684 |
|    clip_fraction        | 0.00854      |
|    clip_range           | 0.2          |
|    entropy_loss         | -0.0447      |
|    explained_variance   | 0.904        |
|    learning_rate        | 0.0003       |
|    loss                 | 0.00577      |
|    n_updates            | 1100         |
|    policy_gradient_loss | -0.00051     |
|    value_loss           | 0.0137       |
------------------------------------------
  step  455000/500000 ( 91.0%)  mean_rew=+0.000
------------------------------------------
| time/                   |              |
|    fps                  | 1212         |
|    iterations           | 112          |
|    time_elapsed         | 378          |
|    total_timesteps      | 458752       |
| train/                  |              |
|    approx_kl            | 0.0003986586 |
|    clip_fraction        | 0.00427      |
|    clip_range           | 0.2          |
|    entropy_loss         | -0.0471      |
|    explained_variance   | 0.915        |
|    learning_rate        | 0.0003       |
|    loss                 | 0.00896      |
|    n_updates            | 1110         |
|    policy_gradient_loss | 1.99e-05     |
|    value_loss           | 0.0135       |
------------------------------------------
  step  460000/500000 ( 92.0%)  mean_rew=-0.004
-----------------------------------------
| time/                   |             |
|    fps                  | 1213        |
|    iterations           | 113         |
|    time_elapsed         | 381         |
|    total_timesteps      | 462848      |
| train/                  |             |
|    approx_kl            | 0.000329002 |
|    clip_fraction        | 0.00464     |
|    clip_range           | 0.2         |
|    entropy_loss         | -0.0453     |
|    explained_variance   | 0.868       |
|    learning_rate        | 0.0003      |
|    loss                 | 0.00798     |
|    n_updates            | 1120        |
|    policy_gradient_loss | -0.000159   |
|    value_loss           | 0.0217      |
-----------------------------------------
  step  465000/500000 ( 93.0%)  mean_rew=-0.009
------------------------------------------
| time/                   |              |
|    fps                  | 1214         |
|    iterations           | 114          |
|    time_elapsed         | 384          |
|    total_timesteps      | 466944       |
| train/                  |              |
|    approx_kl            | 0.0007286181 |
|    clip_fraction        | 0.00623      |
|    clip_range           | 0.2          |
|    entropy_loss         | -0.0337      |
|    explained_variance   | 0.805        |
|    learning_rate        | 0.0003       |
|    loss                 | 0.0129       |
|    n_updates            | 1130         |
|    policy_gradient_loss | -0.000216    |
|    value_loss           | 0.0372       |
------------------------------------------
  step  470000/500000 ( 94.0%)  mean_rew=-0.001
------------------------------------------
| time/                   |              |
|    fps                  | 1214         |
|    iterations           | 115          |
|    time_elapsed         | 387          |
|    total_timesteps      | 471040       |
| train/                  |              |
|    approx_kl            | 0.0001856002 |
|    clip_fraction        | 0.00437      |
|    clip_range           | 0.2          |
|    entropy_loss         | -0.0286      |
|    explained_variance   | 0.907        |
|    learning_rate        | 0.0003       |
|    loss                 | 0.00706      |
|    n_updates            | 1140         |
|    policy_gradient_loss | -3.54e-05    |
|    value_loss           | 0.0131       |
------------------------------------------
  step  475000/500000 ( 95.0%)  mean_rew=-0.001
------------------------------------------
| time/                   |              |
|    fps                  | 1215         |
|    iterations           | 116          |
|    time_elapsed         | 390          |
|    total_timesteps      | 475136       |
| train/                  |              |
|    approx_kl            | 0.0012866502 |
|    clip_fraction        | 0.00383      |
|    clip_range           | 0.2          |
|    entropy_loss         | -0.0318      |
|    explained_variance   | 0.918        |
|    learning_rate        | 0.0003       |
|    loss                 | 0.00471      |
|    n_updates            | 1150         |
|    policy_gradient_loss | -0.000238    |
|    value_loss           | 0.0132       |
------------------------------------------
-------------------------------------------
| time/                   |               |
|    fps                  | 1216          |
|    iterations           | 117           |
|    time_elapsed         | 393           |
|    total_timesteps      | 479232        |
| train/                  |               |
|    approx_kl            | 8.2794664e-05 |
|    clip_fraction        | 0.00142       |
|    clip_range           | 0.2           |
|    entropy_loss         | -0.0356       |
|    explained_variance   | 0.888         |
|    learning_rate        | 0.0003        |
|    loss                 | 0.00932       |
|    n_updates            | 1160          |
|    policy_gradient_loss | 0.000106      |
|    value_loss           | 0.0181        |
-------------------------------------------
  step  480000/500000 ( 96.0%)  mean_rew=-0.010
-------------------------------------------
| time/                   |               |
|    fps                  | 1217          |
|    iterations           | 118           |
|    time_elapsed         | 397           |
|    total_timesteps      | 483328        |
| train/                  |               |
|    approx_kl            | 0.00024407856 |
|    clip_fraction        | 0.00378       |
|    clip_range           | 0.2           |
|    entropy_loss         | -0.0335       |
|    explained_variance   | 0.91          |
|    learning_rate        | 0.0003        |
|    loss                 | 0.0105        |
|    n_updates            | 1170          |
|    policy_gradient_loss | 6.57e-05      |
|    value_loss           | 0.0119        |
-------------------------------------------
  step  485000/500000 ( 97.0%)  mean_rew=-0.010
-------------------------------------------
| time/                   |               |
|    fps                  | 1217          |
|    iterations           | 119           |
|    time_elapsed         | 400           |
|    total_timesteps      | 487424        |
| train/                  |               |
|    approx_kl            | 0.00020059904 |
|    clip_fraction        | 0.00391       |
|    clip_range           | 0.2           |
|    entropy_loss         | -0.0318       |
|    explained_variance   | 0.909         |
|    learning_rate        | 0.0003        |
|    loss                 | 0.00281       |
|    n_updates            | 1180          |
|    policy_gradient_loss | -0.00028      |
|    value_loss           | 0.0139        |
-------------------------------------------
  step  490000/500000 ( 98.0%)  mean_rew=+0.000
------------------------------------------
| time/                   |              |
|    fps                  | 1217         |
|    iterations           | 120          |
|    time_elapsed         | 403          |
|    total_timesteps      | 491520       |
| train/                  |              |
|    approx_kl            | 0.0002271117 |
|    clip_fraction        | 0.00383      |
|    clip_range           | 0.2          |
|    entropy_loss         | -0.0333      |
|    explained_variance   | 0.888        |
|    learning_rate        | 0.0003       |
|    loss                 | 0.00705      |
|    n_updates            | 1190         |
|    policy_gradient_loss | -0.000261    |
|    value_loss           | 0.0174       |
------------------------------------------
  step  495000/500000 ( 99.0%)  mean_rew=-0.002
------------------------------------------
| time/                   |              |
|    fps                  | 1218         |
|    iterations           | 121          |
|    time_elapsed         | 406          |
|    total_timesteps      | 495616       |
| train/                  |              |
|    approx_kl            | 0.0006417543 |
|    clip_fraction        | 0.00386      |
|    clip_range           | 0.2          |
|    entropy_loss         | -0.0252      |
|    explained_variance   | 0.806        |
|    learning_rate        | 0.0003       |
|    loss                 | 0.014        |
|    n_updates            | 1200         |
|    policy_gradient_loss | -0.000148    |
|    value_loss           | 0.036        |
------------------------------------------
------------------------------------------
| time/                   |              |
|    fps                  | 1218         |
|    iterations           | 122          |
|    time_elapsed         | 410          |
|    total_timesteps      | 499712       |
| train/                  |              |
|    approx_kl            | 0.0011249236 |
|    clip_fraction        | 0.00303      |
|    clip_range           | 0.2          |
|    entropy_loss         | -0.0318      |
|    explained_variance   | 0.909        |
|    learning_rate        | 0.0003       |
|    loss                 | 0.00968      |
|    n_updates            | 1210         |
|    policy_gradient_loss | -0.000387    |
|    value_loss           | 0.0127       |
------------------------------------------
  step  500000/500000 (100.0%)  mean_rew=-0.002
------------------------------------------
| time/                   |              |
|    fps                  | 1219         |
|    iterations           | 123          |
|    time_elapsed         | 413          |
|    total_timesteps      | 503808       |
| train/                  |              |
|    approx_kl            | 0.0001994517 |
|    clip_fraction        | 0.00342      |
|    clip_range           | 0.2          |
|    entropy_loss         | -0.0344      |
|    explained_variance   | 0.84         |
|    learning_rate        | 0.0003       |
|    loss                 | 0.0297       |
|    n_updates            | 1220         |
|    policy_gradient_loss | -4.88e-05    |
|    value_loss           | 0.0298       |
------------------------------------------
[cologne8-PPO] Done. Saved -> /workspace/rl-traffic/exp_cologne8_real/ppo_wait-clip_s2025
