Using libsumo as traci as requested by environment variable.
[cologne8-PPO] 8 agents | reward=wait-clip | seed=9999
  obs=(7,) | act=Discrete(4)
Using cpu device
-----------------------------
| time/              |      |
|    fps             | 1647 |
|    iterations      | 1    |
|    time_elapsed    | 2    |
|    total_timesteps | 4096 |
-----------------------------
  step    5000/500000 (  1.0%)  mean_rew=-0.060
-----------------------------------------
| time/                   |             |
|    fps                  | 1293        |
|    iterations           | 2           |
|    time_elapsed         | 6           |
|    total_timesteps      | 8192        |
| train/                  |             |
|    approx_kl            | 0.013186787 |
|    clip_fraction        | 0.0573      |
|    clip_range           | 0.2         |
|    entropy_loss         | -1.38       |
|    explained_variance   | 0.00415     |
|    learning_rate        | 0.0003      |
|    loss                 | 51          |
|    n_updates            | 10          |
|    policy_gradient_loss | -0.00866    |
|    value_loss           | 119         |
-----------------------------------------
  step   10000/500000 (  2.0%)  mean_rew=-0.045
-----------------------------------------
| time/                   |             |
|    fps                  | 1271        |
|    iterations           | 3           |
|    time_elapsed         | 9           |
|    total_timesteps      | 12288       |
| train/                  |             |
|    approx_kl            | 0.009224625 |
|    clip_fraction        | 0.0291      |
|    clip_range           | 0.2         |
|    entropy_loss         | -1.35       |
|    explained_variance   | 0.161       |
|    learning_rate        | 0.0003      |
|    loss                 | 8.71        |
|    n_updates            | 20          |
|    policy_gradient_loss | -0.00273    |
|    value_loss           | 41          |
-----------------------------------------
  step   15000/500000 (  3.0%)  mean_rew=-0.176
-----------------------------------------
| time/                   |             |
|    fps                  | 1252        |
|    iterations           | 4           |
|    time_elapsed         | 13          |
|    total_timesteps      | 16384       |
| train/                  |             |
|    approx_kl            | 0.005700604 |
|    clip_fraction        | 0.0471      |
|    clip_range           | 0.2         |
|    entropy_loss         | -1.33       |
|    explained_variance   | 0.487       |
|    learning_rate        | 0.0003      |
|    loss                 | 4.2         |
|    n_updates            | 30          |
|    policy_gradient_loss | -0.00591    |
|    value_loss           | 8.45        |
-----------------------------------------
  step   20000/500000 (  4.0%)  mean_rew=+0.000
-----------------------------------------
| time/                   |             |
|    fps                  | 1237        |
|    iterations           | 5           |
|    time_elapsed         | 16          |
|    total_timesteps      | 20480       |
| train/                  |             |
|    approx_kl            | 0.011636143 |
|    clip_fraction        | 0.0816      |
|    clip_range           | 0.2         |
|    entropy_loss         | -1.29       |
|    explained_variance   | 0.625       |
|    learning_rate        | 0.0003      |
|    loss                 | 3.21        |
|    n_updates            | 40          |
|    policy_gradient_loss | -0.00575    |
|    value_loss           | 8.7         |
-----------------------------------------
-----------------------------------------
| time/                   |             |
|    fps                  | 1239        |
|    iterations           | 6           |
|    time_elapsed         | 19          |
|    total_timesteps      | 24576       |
| train/                  |             |
|    approx_kl            | 0.010420578 |
|    clip_fraction        | 0.0791      |
|    clip_range           | 0.2         |
|    entropy_loss         | -1.24       |
|    explained_variance   | 0.655       |
|    learning_rate        | 0.0003      |
|    loss                 | 3.3         |
|    n_updates            | 50          |
|    policy_gradient_loss | -0.00762    |
|    value_loss           | 10.8        |
-----------------------------------------
  step   25000/500000 (  5.0%)  mean_rew=-0.049
-----------------------------------------
| time/                   |             |
|    fps                  | 1239        |
|    iterations           | 7           |
|    time_elapsed         | 23          |
|    total_timesteps      | 28672       |
| train/                  |             |
|    approx_kl            | 0.010578012 |
|    clip_fraction        | 0.1         |
|    clip_range           | 0.2         |
|    entropy_loss         | -1.17       |
|    explained_variance   | 0.824       |
|    learning_rate        | 0.0003      |
|    loss                 | 2.46        |
|    n_updates            | 60          |
|    policy_gradient_loss | -0.00551    |
|    value_loss           | 3.99        |
-----------------------------------------
  step   30000/500000 (  6.0%)  mean_rew=-0.030
-----------------------------------------
| time/                   |             |
|    fps                  | 1234        |
|    iterations           | 8           |
|    time_elapsed         | 26          |
|    total_timesteps      | 32768       |
| train/                  |             |
|    approx_kl            | 0.013422167 |
|    clip_fraction        | 0.149       |
|    clip_range           | 0.2         |
|    entropy_loss         | -1.06       |
|    explained_variance   | 0.866       |
|    learning_rate        | 0.0003      |
|    loss                 | 0.746       |
|    n_updates            | 70          |
|    policy_gradient_loss | -0.0115     |
|    value_loss           | 2.53        |
-----------------------------------------
  step   35000/500000 (  7.0%)  mean_rew=-0.007
-----------------------------------------
| time/                   |             |
|    fps                  | 1231        |
|    iterations           | 9           |
|    time_elapsed         | 29          |
|    total_timesteps      | 36864       |
| train/                  |             |
|    approx_kl            | 0.011763066 |
|    clip_fraction        | 0.109       |
|    clip_range           | 0.2         |
|    entropy_loss         | -0.952      |
|    explained_variance   | 0.861       |
|    learning_rate        | 0.0003      |
|    loss                 | 2.1         |
|    n_updates            | 80          |
|    policy_gradient_loss | -0.00653    |
|    value_loss           | 2.31        |
-----------------------------------------
  step   40000/500000 (  8.0%)  mean_rew=-0.004
------------------------------------------
| time/                   |              |
|    fps                  | 1235         |
|    iterations           | 10           |
|    time_elapsed         | 33           |
|    total_timesteps      | 40960        |
| train/                  |              |
|    approx_kl            | 0.0042650765 |
|    clip_fraction        | 0.0598       |
|    clip_range           | 0.2          |
|    entropy_loss         | -0.875       |
|    explained_variance   | 0.851        |
|    learning_rate        | 0.0003       |
|    loss                 | 1.02         |
|    n_updates            | 90           |
|    policy_gradient_loss | -0.0035      |
|    value_loss           | 2.11         |
------------------------------------------
  step   45000/500000 (  9.0%)  mean_rew=-0.018
------------------------------------------
| time/                   |              |
|    fps                  | 1234         |
|    iterations           | 11           |
|    time_elapsed         | 36           |
|    total_timesteps      | 45056        |
| train/                  |              |
|    approx_kl            | 0.0056438167 |
|    clip_fraction        | 0.0775       |
|    clip_range           | 0.2          |
|    entropy_loss         | -0.832       |
|    explained_variance   | 0.871        |
|    learning_rate        | 0.0003       |
|    loss                 | 0.583        |
|    n_updates            | 100          |
|    policy_gradient_loss | -0.00409     |
|    value_loss           | 1.07         |
------------------------------------------
-----------------------------------------
| time/                   |             |
|    fps                  | 1231        |
|    iterations           | 12          |
|    time_elapsed         | 39          |
|    total_timesteps      | 49152       |
| train/                  |             |
|    approx_kl            | 0.007908072 |
|    clip_fraction        | 0.0955      |
|    clip_range           | 0.2         |
|    entropy_loss         | -0.745      |
|    explained_variance   | 0.937       |
|    learning_rate        | 0.0003      |
|    loss                 | 0.183       |
|    n_updates            | 110         |
|    policy_gradient_loss | -0.00593    |
|    value_loss           | 0.383       |
-----------------------------------------
  step   50000/500000 ( 10.0%)  mean_rew=+0.000
------------------------------------------
| time/                   |              |
|    fps                  | 1232         |
|    iterations           | 13           |
|    time_elapsed         | 43           |
|    total_timesteps      | 53248        |
| train/                  |              |
|    approx_kl            | 0.0044516753 |
|    clip_fraction        | 0.0714       |
|    clip_range           | 0.2          |
|    entropy_loss         | -0.673       |
|    explained_variance   | 0.891        |
|    learning_rate        | 0.0003       |
|    loss                 | 0.17         |
|    n_updates            | 120          |
|    policy_gradient_loss | -0.00479     |
|    value_loss           | 0.547        |
------------------------------------------
  step   55000/500000 ( 11.0%)  mean_rew=-0.014
-----------------------------------------
| time/                   |             |
|    fps                  | 1232        |
|    iterations           | 14          |
|    time_elapsed         | 46          |
|    total_timesteps      | 57344       |
| train/                  |             |
|    approx_kl            | 0.004090471 |
|    clip_fraction        | 0.057       |
|    clip_range           | 0.2         |
|    entropy_loss         | -0.638      |
|    explained_variance   | 0.899       |
|    learning_rate        | 0.0003      |
|    loss                 | 0.144       |
|    n_updates            | 130         |
|    policy_gradient_loss | -0.00302    |
|    value_loss           | 0.317       |
-----------------------------------------
  step   60000/500000 ( 12.0%)  mean_rew=-0.004
-----------------------------------------
| time/                   |             |
|    fps                  | 1228        |
|    iterations           | 15          |
|    time_elapsed         | 50          |
|    total_timesteps      | 61440       |
| train/                  |             |
|    approx_kl            | 0.005940914 |
|    clip_fraction        | 0.0599      |
|    clip_range           | 0.2         |
|    entropy_loss         | -0.582      |
|    explained_variance   | 0.929       |
|    learning_rate        | 0.0003      |
|    loss                 | 0.0543      |
|    n_updates            | 140         |
|    policy_gradient_loss | -0.00308    |
|    value_loss           | 0.217       |
-----------------------------------------
  step   65000/500000 ( 13.0%)  mean_rew=-0.019
------------------------------------------
| time/                   |              |
|    fps                  | 1228         |
|    iterations           | 16           |
|    time_elapsed         | 53           |
|    total_timesteps      | 65536        |
| train/                  |              |
|    approx_kl            | 0.0042499485 |
|    clip_fraction        | 0.0399       |
|    clip_range           | 0.2          |
|    entropy_loss         | -0.514       |
|    explained_variance   | 0.898        |
|    learning_rate        | 0.0003       |
|    loss                 | 0.0566       |
|    n_updates            | 150          |
|    policy_gradient_loss | -0.00301     |
|    value_loss           | 0.239        |
------------------------------------------
------------------------------------------
| time/                   |              |
|    fps                  | 1230         |
|    iterations           | 17           |
|    time_elapsed         | 56           |
|    total_timesteps      | 69632        |
| train/                  |              |
|    approx_kl            | 0.0027606778 |
|    clip_fraction        | 0.0444       |
|    clip_range           | 0.2          |
|    entropy_loss         | -0.459       |
|    explained_variance   | 0.893        |
|    learning_rate        | 0.0003       |
|    loss                 | 0.0839       |
|    n_updates            | 160          |
|    policy_gradient_loss | -0.00282     |
|    value_loss           | 0.217        |
------------------------------------------
  step   70000/500000 ( 14.0%)  mean_rew=-0.009
-----------------------------------------
| time/                   |             |
|    fps                  | 1228        |
|    iterations           | 18          |
|    time_elapsed         | 59          |
|    total_timesteps      | 73728       |
| train/                  |             |
|    approx_kl            | 0.003116481 |
|    clip_fraction        | 0.0403      |
|    clip_range           | 0.2         |
|    entropy_loss         | -0.42       |
|    explained_variance   | 0.89        |
|    learning_rate        | 0.0003      |
|    loss                 | 0.0515      |
|    n_updates            | 170         |
|    policy_gradient_loss | -0.00295    |
|    value_loss           | 0.131       |
-----------------------------------------
  step   75000/500000 ( 15.0%)  mean_rew=-0.025
-----------------------------------------
| time/                   |             |
|    fps                  | 1228        |
|    iterations           | 19          |
|    time_elapsed         | 63          |
|    total_timesteps      | 77824       |
| train/                  |             |
|    approx_kl            | 0.007778531 |
|    clip_fraction        | 0.065       |
|    clip_range           | 0.2         |
|    entropy_loss         | -0.425      |
|    explained_variance   | 0.954       |
|    learning_rate        | 0.0003      |
|    loss                 | 0.0367      |
|    n_updates            | 180         |
|    policy_gradient_loss | -0.00641    |
|    value_loss           | 0.0496      |
-----------------------------------------
  step   80000/500000 ( 16.0%)  mean_rew=+0.000
------------------------------------------
| time/                   |              |
|    fps                  | 1230         |
|    iterations           | 20           |
|    time_elapsed         | 66           |
|    total_timesteps      | 81920        |
| train/                  |              |
|    approx_kl            | 0.0027872461 |
|    clip_fraction        | 0.0245       |
|    clip_range           | 0.2          |
|    entropy_loss         | -0.407       |
|    explained_variance   | 0.907        |
|    learning_rate        | 0.0003       |
|    loss                 | 0.077        |
|    n_updates            | 190          |
|    policy_gradient_loss | -0.00177     |
|    value_loss           | 0.0871       |
------------------------------------------
  step   85000/500000 ( 17.0%)  mean_rew=-0.002
-----------------------------------------
| time/                   |             |
|    fps                  | 1230        |
|    iterations           | 21          |
|    time_elapsed         | 69          |
|    total_timesteps      | 86016       |
| train/                  |             |
|    approx_kl            | 0.004880923 |
|    clip_fraction        | 0.0443      |
|    clip_range           | 0.2         |
|    entropy_loss         | -0.366      |
|    explained_variance   | 0.899       |
|    learning_rate        | 0.0003      |
|    loss                 | 0.002       |
|    n_updates            | 200         |
|    policy_gradient_loss | -0.00417    |
|    value_loss           | 0.0717      |
-----------------------------------------
  step   90000/500000 ( 18.0%)  mean_rew=+0.000
------------------------------------------
| time/                   |              |
|    fps                  | 1229         |
|    iterations           | 22           |
|    time_elapsed         | 73           |
|    total_timesteps      | 90112        |
| train/                  |              |
|    approx_kl            | 0.0033287415 |
|    clip_fraction        | 0.0445       |
|    clip_range           | 0.2          |
|    entropy_loss         | -0.318       |
|    explained_variance   | 0.919        |
|    learning_rate        | 0.0003       |
|    loss                 | 0.0252       |
|    n_updates            | 210          |
|    policy_gradient_loss | -0.00674     |
|    value_loss           | 0.0638       |
------------------------------------------
------------------------------------------
| time/                   |              |
|    fps                  | 1228         |
|    iterations           | 23           |
|    time_elapsed         | 76           |
|    total_timesteps      | 94208        |
| train/                  |              |
|    approx_kl            | 0.0017891808 |
|    clip_fraction        | 0.0139       |
|    clip_range           | 0.2          |
|    entropy_loss         | -0.306       |
|    explained_variance   | 0.812        |
|    learning_rate        | 0.0003       |
|    loss                 | 0.195        |
|    n_updates            | 220          |
|    policy_gradient_loss | -0.00112     |
|    value_loss           | 0.149        |
------------------------------------------
  step   95000/500000 ( 19.0%)  mean_rew=-0.007
------------------------------------------
| time/                   |              |
|    fps                  | 1230         |
|    iterations           | 24           |
|    time_elapsed         | 79           |
|    total_timesteps      | 98304        |
| train/                  |              |
|    approx_kl            | 0.0017713583 |
|    clip_fraction        | 0.0171       |
|    clip_range           | 0.2          |
|    entropy_loss         | -0.295       |
|    explained_variance   | 0.887        |
|    learning_rate        | 0.0003       |
|    loss                 | 0.0448       |
|    n_updates            | 230          |
|    policy_gradient_loss | -0.00202     |
|    value_loss           | 0.0651       |
------------------------------------------
  step  100000/500000 ( 20.0%)  mean_rew=-0.011
------------------------------------------
| time/                   |              |
|    fps                  | 1230         |
|    iterations           | 25           |
|    time_elapsed         | 83           |
|    total_timesteps      | 102400       |
| train/                  |              |
|    approx_kl            | 0.0026720003 |
|    clip_fraction        | 0.0354       |
|    clip_range           | 0.2          |
|    entropy_loss         | -0.284       |
|    explained_variance   | 0.912        |
|    learning_rate        | 0.0003       |
|    loss                 | 0.0309       |
|    n_updates            | 240          |
|    policy_gradient_loss | -0.00145     |
|    value_loss           | 0.0346       |
------------------------------------------
  step  105000/500000 ( 21.0%)  mean_rew=-0.002
------------------------------------------
| time/                   |              |
|    fps                  | 1229         |
|    iterations           | 26           |
|    time_elapsed         | 86           |
|    total_timesteps      | 106496       |
| train/                  |              |
|    approx_kl            | 0.0016750704 |
|    clip_fraction        | 0.0219       |
|    clip_range           | 0.2          |
|    entropy_loss         | -0.25        |
|    explained_variance   | 0.926        |
|    learning_rate        | 0.0003       |
|    loss                 | 0.0179       |
|    n_updates            | 250          |
|    policy_gradient_loss | -0.00233     |
|    value_loss           | 0.0329       |
------------------------------------------
  step  110000/500000 ( 22.0%)  mean_rew=+0.000
-----------------------------------------
| time/                   |             |
|    fps                  | 1231        |
|    iterations           | 27          |
|    time_elapsed         | 89          |
|    total_timesteps      | 110592      |
| train/                  |             |
|    approx_kl            | 0.001102255 |
|    clip_fraction        | 0.0126      |
|    clip_range           | 0.2         |
|    entropy_loss         | -0.229      |
|    explained_variance   | 0.856       |
|    learning_rate        | 0.0003      |
|    loss                 | 0.00802     |
|    n_updates            | 260         |
|    policy_gradient_loss | -0.00077    |
|    value_loss           | 0.0636      |
-----------------------------------------
-----------------------------------------
| time/                   |             |
|    fps                  | 1231        |
|    iterations           | 28          |
|    time_elapsed         | 93          |
|    total_timesteps      | 114688      |
| train/                  |             |
|    approx_kl            | 0.002390956 |
|    clip_fraction        | 0.023       |
|    clip_range           | 0.2         |
|    entropy_loss         | -0.21       |
|    explained_variance   | 0.907       |
|    learning_rate        | 0.0003      |
|    loss                 | 0.0235      |
|    n_updates            | 270         |
|    policy_gradient_loss | -0.00161    |
|    value_loss           | 0.0245      |
-----------------------------------------
  step  115000/500000 ( 23.0%)  mean_rew=+0.000
------------------------------------------
| time/                   |              |
|    fps                  | 1230         |
|    iterations           | 29           |
|    time_elapsed         | 96           |
|    total_timesteps      | 118784       |
| train/                  |              |
|    approx_kl            | 0.0012681136 |
|    clip_fraction        | 0.00525      |
|    clip_range           | 0.2          |
|    entropy_loss         | -0.206       |
|    explained_variance   | 0.95         |
|    learning_rate        | 0.0003       |
|    loss                 | 0.00591      |
|    n_updates            | 280          |
|    policy_gradient_loss | -0.000342    |
|    value_loss           | 0.0152       |
------------------------------------------
  step  120000/500000 ( 24.0%)  mean_rew=-0.002
------------------------------------------
| time/                   |              |
|    fps                  | 1230         |
|    iterations           | 30           |
|    time_elapsed         | 99           |
|    total_timesteps      | 122880       |
| train/                  |              |
|    approx_kl            | 0.0014033748 |
|    clip_fraction        | 0.0177       |
|    clip_range           | 0.2          |
|    entropy_loss         | -0.18        |
|    explained_variance   | 0.9          |
|    learning_rate        | 0.0003       |
|    loss                 | 0.00478      |
|    n_updates            | 290          |
|    policy_gradient_loss | -0.00127     |
|    value_loss           | 0.0284       |
------------------------------------------
  step  125000/500000 ( 25.0%)  mean_rew=-0.002
-------------------------------------------
| time/                   |               |
|    fps                  | 1231          |
|    iterations           | 31            |
|    time_elapsed         | 103           |
|    total_timesteps      | 126976        |
| train/                  |               |
|    approx_kl            | 0.00091190205 |
|    clip_fraction        | 0.00947       |
|    clip_range           | 0.2           |
|    entropy_loss         | -0.179        |
|    explained_variance   | 0.899         |
|    learning_rate        | 0.0003        |
|    loss                 | 0.0168        |
|    n_updates            | 300           |
|    policy_gradient_loss | -0.000594     |
|    value_loss           | 0.0258        |
-------------------------------------------
  step  130000/500000 ( 26.0%)  mean_rew=-0.005
------------------------------------------
| time/                   |              |
|    fps                  | 1231         |
|    iterations           | 32           |
|    time_elapsed         | 106          |
|    total_timesteps      | 131072       |
| train/                  |              |
|    approx_kl            | 0.0070244623 |
|    clip_fraction        | 0.0279       |
|    clip_range           | 0.2          |
|    entropy_loss         | -0.193       |
|    explained_variance   | 0.895        |
|    learning_rate        | 0.0003       |
|    loss                 | 0.0057       |
|    n_updates            | 310          |
|    policy_gradient_loss | -0.0008      |
|    value_loss           | 0.0217       |
------------------------------------------
  step  135000/500000 ( 27.0%)  mean_rew=-0.002
------------------------------------------
| time/                   |              |
|    fps                  | 1230         |
|    iterations           | 33           |
|    time_elapsed         | 109          |
|    total_timesteps      | 135168       |
| train/                  |              |
|    approx_kl            | 0.0018441724 |
|    clip_fraction        | 0.021        |
|    clip_range           | 0.2          |
|    entropy_loss         | -0.167       |
|    explained_variance   | 0.954        |
|    learning_rate        | 0.0003       |
|    loss                 | -0.00368     |
|    n_updates            | 320          |
|    policy_gradient_loss | -0.00115     |
|    value_loss           | 0.00945      |
------------------------------------------
-----------------------------------------
| time/                   |             |
|    fps                  | 1231        |
|    iterations           | 34          |
|    time_elapsed         | 113         |
|    total_timesteps      | 139264      |
| train/                  |             |
|    approx_kl            | 0.000569258 |
|    clip_fraction        | 0.00623     |
|    clip_range           | 0.2         |
|    entropy_loss         | -0.159      |
|    explained_variance   | 0.358       |
|    learning_rate        | 0.0003      |
|    loss                 | 0.128       |
|    n_updates            | 330         |
|    policy_gradient_loss | -0.000578   |
|    value_loss           | 0.478       |
-----------------------------------------
  step  140000/500000 ( 28.0%)  mean_rew=-0.002
------------------------------------------
| time/                   |              |
|    fps                  | 1231         |
|    iterations           | 35           |
|    time_elapsed         | 116          |
|    total_timesteps      | 143360       |
| train/                  |              |
|    approx_kl            | 0.0011987028 |
|    clip_fraction        | 0.00903      |
|    clip_range           | 0.2          |
|    entropy_loss         | -0.161       |
|    explained_variance   | 0.899        |
|    learning_rate        | 0.0003       |
|    loss                 | 0.0105       |
|    n_updates            | 340          |
|    policy_gradient_loss | -0.000209    |
|    value_loss           | 0.0208       |
------------------------------------------
  step  145000/500000 ( 29.0%)  mean_rew=+0.000
------------------------------------------
| time/                   |              |
|    fps                  | 1230         |
|    iterations           | 36           |
|    time_elapsed         | 119          |
|    total_timesteps      | 147456       |
| train/                  |              |
|    approx_kl            | 0.0031754673 |
|    clip_fraction        | 0.0285       |
|    clip_range           | 0.2          |
|    entropy_loss         | -0.158       |
|    explained_variance   | 0.8          |
|    learning_rate        | 0.0003       |
|    loss                 | 0.00668      |
|    n_updates            | 350          |
|    policy_gradient_loss | -0.000456    |
|    value_loss           | 0.0583       |
------------------------------------------
  step  150000/500000 ( 30.0%)  mean_rew=+0.000
------------------------------------------
| time/                   |              |
|    fps                  | 1230         |
|    iterations           | 37           |
|    time_elapsed         | 123          |
|    total_timesteps      | 151552       |
| train/                  |              |
|    approx_kl            | 0.0005745058 |
|    clip_fraction        | 0.00757      |
|    clip_range           | 0.2          |
|    entropy_loss         | -0.161       |
|    explained_variance   | 0.862        |
|    learning_rate        | 0.0003       |
|    loss                 | 0.0203       |
|    n_updates            | 360          |
|    policy_gradient_loss | -0.000383    |
|    value_loss           | 0.0365       |
------------------------------------------
  step  155000/500000 ( 31.0%)  mean_rew=+0.000
------------------------------------------
| time/                   |              |
|    fps                  | 1231         |
|    iterations           | 38           |
|    time_elapsed         | 126          |
|    total_timesteps      | 155648       |
| train/                  |              |
|    approx_kl            | 0.0038743028 |
|    clip_fraction        | 0.0264       |
|    clip_range           | 0.2          |
|    entropy_loss         | -0.179       |
|    explained_variance   | 0.91         |
|    learning_rate        | 0.0003       |
|    loss                 | 0.0187       |
|    n_updates            | 370          |
|    policy_gradient_loss | -0.000599    |
|    value_loss           | 0.0186       |
------------------------------------------
------------------------------------------
| time/                   |              |
|    fps                  | 1230         |
|    iterations           | 39           |
|    time_elapsed         | 129          |
|    total_timesteps      | 159744       |
| train/                  |              |
|    approx_kl            | 0.0024686481 |
|    clip_fraction        | 0.0134       |
|    clip_range           | 0.2          |
|    entropy_loss         | -0.169       |
|    explained_variance   | 0.904        |
|    learning_rate        | 0.0003       |
|    loss                 | 0.00472      |
|    n_updates            | 380          |
|    policy_gradient_loss | -0.000308    |
|    value_loss           | 0.0158       |
------------------------------------------
  step  160000/500000 ( 32.0%)  mean_rew=+0.000
------------------------------------------
| time/                   |              |
|    fps                  | 1230         |
|    iterations           | 40           |
|    time_elapsed         | 133          |
|    total_timesteps      | 163840       |
| train/                  |              |
|    approx_kl            | 0.0016994085 |
|    clip_fraction        | 0.0115       |
|    clip_range           | 0.2          |
|    entropy_loss         | -0.169       |
|    explained_variance   | 0.929        |
|    learning_rate        | 0.0003       |
|    loss                 | 0.00385      |
|    n_updates            | 390          |
|    policy_gradient_loss | -0.000798    |
|    value_loss           | 0.0132       |
------------------------------------------
  step  165000/500000 ( 33.0%)  mean_rew=+0.000
-----------------------------------------
| time/                   |             |
|    fps                  | 1231        |
|    iterations           | 41          |
|    time_elapsed         | 136         |
|    total_timesteps      | 167936      |
| train/                  |             |
|    approx_kl            | 0.002295077 |
|    clip_fraction        | 0.025       |
|    clip_range           | 0.2         |
|    entropy_loss         | -0.155      |
|    explained_variance   | 0.841       |
|    learning_rate        | 0.0003      |
|    loss                 | 0.0191      |
|    n_updates            | 400         |
|    policy_gradient_loss | -0.000597   |
|    value_loss           | 0.033       |
-----------------------------------------
  step  170000/500000 ( 34.0%)  mean_rew=-0.005
------------------------------------------
| time/                   |              |
|    fps                  | 1231         |
|    iterations           | 42           |
|    time_elapsed         | 139          |
|    total_timesteps      | 172032       |
| train/                  |              |
|    approx_kl            | 0.0012208754 |
|    clip_fraction        | 0.00654      |
|    clip_range           | 0.2          |
|    entropy_loss         | -0.154       |
|    explained_variance   | 0.898        |
|    learning_rate        | 0.0003       |
|    loss                 | 0.00686      |
|    n_updates            | 410          |
|    policy_gradient_loss | -0.000413    |
|    value_loss           | 0.0149       |
------------------------------------------
  step  175000/500000 ( 35.0%)  mean_rew=-0.006
-------------------------------------------
| time/                   |               |
|    fps                  | 1230          |
|    iterations           | 43            |
|    time_elapsed         | 143           |
|    total_timesteps      | 176128        |
| train/                  |               |
|    approx_kl            | 0.00066247216 |
|    clip_fraction        | 0.0122        |
|    clip_range           | 0.2           |
|    entropy_loss         | -0.153        |
|    explained_variance   | 0.949         |
|    learning_rate        | 0.0003        |
|    loss                 | 0.0031        |
|    n_updates            | 420           |
|    policy_gradient_loss | -0.000791     |
|    value_loss           | 0.00807       |
-------------------------------------------
  step  180000/500000 ( 36.0%)  mean_rew=-0.006
------------------------------------------
| time/                   |              |
|    fps                  | 1231         |
|    iterations           | 44           |
|    time_elapsed         | 146          |
|    total_timesteps      | 180224       |
| train/                  |              |
|    approx_kl            | 0.0015041529 |
|    clip_fraction        | 0.0208       |
|    clip_range           | 0.2          |
|    entropy_loss         | -0.172       |
|    explained_variance   | 0.9          |
|    learning_rate        | 0.0003       |
|    loss                 | 0.00741      |
|    n_updates            | 430          |
|    policy_gradient_loss | -0.000421    |
|    value_loss           | 0.016        |
------------------------------------------
------------------------------------------
| time/                   |              |
|    fps                  | 1231         |
|    iterations           | 45           |
|    time_elapsed         | 149          |
|    total_timesteps      | 184320       |
| train/                  |              |
|    approx_kl            | 0.0010862371 |
|    clip_fraction        | 0.00806      |
|    clip_range           | 0.2          |
|    entropy_loss         | -0.158       |
|    explained_variance   | 0.868        |
|    learning_rate        | 0.0003       |
|    loss                 | 0.00838      |
|    n_updates            | 440          |
|    policy_gradient_loss | -0.000215    |
|    value_loss           | 0.022        |
------------------------------------------
  step  185000/500000 ( 37.0%)  mean_rew=-0.006
------------------------------------------
| time/                   |              |
|    fps                  | 1230         |
|    iterations           | 46           |
|    time_elapsed         | 153          |
|    total_timesteps      | 188416       |
| train/                  |              |
|    approx_kl            | 0.0015721354 |
|    clip_fraction        | 0.0205       |
|    clip_range           | 0.2          |
|    entropy_loss         | -0.155       |
|    explained_variance   | 0.862        |
|    learning_rate        | 0.0003       |
|    loss                 | 0.0173       |
|    n_updates            | 450          |
|    policy_gradient_loss | -0.00062     |
|    value_loss           | 0.0218       |
------------------------------------------
  step  190000/500000 ( 38.0%)  mean_rew=-0.005
-------------------------------------------
| time/                   |               |
|    fps                  | 1230          |
|    iterations           | 47            |
|    time_elapsed         | 156           |
|    total_timesteps      | 192512        |
| train/                  |               |
|    approx_kl            | 0.00077135646 |
|    clip_fraction        | 0.00381       |
|    clip_range           | 0.2           |
|    entropy_loss         | -0.167        |
|    explained_variance   | 0.908         |
|    learning_rate        | 0.0003        |
|    loss                 | 0.00413       |
|    n_updates            | 460           |
|    policy_gradient_loss | -5.87e-05     |
|    value_loss           | 0.0154        |
-------------------------------------------
  step  195000/500000 ( 39.0%)  mean_rew=-0.001
-------------------------------------------
| time/                   |               |
|    fps                  | 1231          |
|    iterations           | 48            |
|    time_elapsed         | 159           |
|    total_timesteps      | 196608        |
| train/                  |               |
|    approx_kl            | 0.00044344488 |
|    clip_fraction        | 0.00498       |
|    clip_range           | 0.2           |
|    entropy_loss         | -0.166        |
|    explained_variance   | 0.748         |
|    learning_rate        | 0.0003        |
|    loss                 | 0.0106        |
|    n_updates            | 470           |
|    policy_gradient_loss | -6.79e-05     |
|    value_loss           | 0.0563        |
-------------------------------------------
  step  200000/500000 ( 40.0%)  mean_rew=-0.007
------------------------------------------
| time/                   |              |
|    fps                  | 1231         |
|    iterations           | 49           |
|    time_elapsed         | 162          |
|    total_timesteps      | 200704       |
| train/                  |              |
|    approx_kl            | 0.0030698897 |
|    clip_fraction        | 0.0336       |
|    clip_range           | 0.2          |
|    entropy_loss         | -0.182       |
|    explained_variance   | 0.908        |
|    learning_rate        | 0.0003       |
|    loss                 | 0.000642     |
|    n_updates            | 480          |
|    policy_gradient_loss | -0.000487    |
|    value_loss           | 0.0127       |
------------------------------------------
-----------------------------------------
| time/                   |             |
|    fps                  | 1230        |
|    iterations           | 50          |
|    time_elapsed         | 166         |
|    total_timesteps      | 204800      |
| train/                  |             |
|    approx_kl            | 0.001586081 |
|    clip_fraction        | 0.0235      |
|    clip_range           | 0.2         |
|    entropy_loss         | -0.167      |
|    explained_variance   | 0.923       |
|    learning_rate        | 0.0003      |
|    loss                 | 0.000267    |
|    n_updates            | 490         |
|    policy_gradient_loss | -0.000695   |
|    value_loss           | 0.0121      |
-----------------------------------------
  step  205000/500000 ( 41.0%)  mean_rew=+0.000
------------------------------------------
| time/                   |              |
|    fps                  | 1230         |
|    iterations           | 51           |
|    time_elapsed         | 169          |
|    total_timesteps      | 208896       |
| train/                  |              |
|    approx_kl            | 0.0017153574 |
|    clip_fraction        | 0.00469      |
|    clip_range           | 0.2          |
|    entropy_loss         | -0.173       |
|    explained_variance   | 0.772        |
|    learning_rate        | 0.0003       |
|    loss                 | 0.035        |
|    n_updates            | 500          |
|    policy_gradient_loss | -0.000149    |
|    value_loss           | 0.0477       |
------------------------------------------
  step  210000/500000 ( 42.0%)  mean_rew=+0.000
------------------------------------------
| time/                   |              |
|    fps                  | 1231         |
|    iterations           | 52           |
|    time_elapsed         | 172          |
|    total_timesteps      | 212992       |
| train/                  |              |
|    approx_kl            | 0.0026753512 |
|    clip_fraction        | 0.0249       |
|    clip_range           | 0.2          |
|    entropy_loss         | -0.175       |
|    explained_variance   | 0.903        |
|    learning_rate        | 0.0003       |
|    loss                 | 0.00664      |
|    n_updates            | 510          |
|    policy_gradient_loss | -0.000499    |
|    value_loss           | 0.0151       |
------------------------------------------
  step  215000/500000 ( 43.0%)  mean_rew=-0.005
------------------------------------------
| time/                   |              |
|    fps                  | 1230         |
|    iterations           | 53           |
|    time_elapsed         | 176          |
|    total_timesteps      | 217088       |
| train/                  |              |
|    approx_kl            | 0.0013643377 |
|    clip_fraction        | 0.0179       |
|    clip_range           | 0.2          |
|    entropy_loss         | -0.158       |
|    explained_variance   | 0.881        |
|    learning_rate        | 0.0003       |
|    loss                 | 0.00838      |
|    n_updates            | 520          |
|    policy_gradient_loss | -0.00051     |
|    value_loss           | 0.0206       |
------------------------------------------
  step  220000/500000 ( 44.0%)  mean_rew=-0.006
------------------------------------------
| time/                   |              |
|    fps                  | 1230         |
|    iterations           | 54           |
|    time_elapsed         | 179          |
|    total_timesteps      | 221184       |
| train/                  |              |
|    approx_kl            | 0.0003134614 |
|    clip_fraction        | 0.00957      |
|    clip_range           | 0.2          |
|    entropy_loss         | -0.152       |
|    explained_variance   | 0.891        |
|    learning_rate        | 0.0003       |
|    loss                 | 0.0106       |
|    n_updates            | 530          |
|    policy_gradient_loss | -0.00011     |
|    value_loss           | 0.0196       |
------------------------------------------
  step  225000/500000 ( 45.0%)  mean_rew=-0.005
------------------------------------------
| time/                   |              |
|    fps                  | 1231         |
|    iterations           | 55           |
|    time_elapsed         | 182          |
|    total_timesteps      | 225280       |
| train/                  |              |
|    approx_kl            | 0.0009370597 |
|    clip_fraction        | 0.00959      |
|    clip_range           | 0.2          |
|    entropy_loss         | -0.157       |
|    explained_variance   | 0.895        |
|    learning_rate        | 0.0003       |
|    loss                 | 0.00876      |
|    n_updates            | 540          |
|    policy_gradient_loss | -0.0004      |
|    value_loss           | 0.0182       |
------------------------------------------
------------------------------------------
| time/                   |              |
|    fps                  | 1230         |
|    iterations           | 56           |
|    time_elapsed         | 186          |
|    total_timesteps      | 229376       |
| train/                  |              |
|    approx_kl            | 0.0033817505 |
|    clip_fraction        | 0.0315       |
|    clip_range           | 0.2          |
|    entropy_loss         | -0.172       |
|    explained_variance   | 0.916        |
|    learning_rate        | 0.0003       |
|    loss                 | -0.00278     |
|    n_updates            | 550          |
|    policy_gradient_loss | -0.000501    |
|    value_loss           | 0.0103       |
------------------------------------------
  step  230000/500000 ( 46.0%)  mean_rew=-0.006
------------------------------------------
| time/                   |              |
|    fps                  | 1230         |
|    iterations           | 57           |
|    time_elapsed         | 189          |
|    total_timesteps      | 233472       |
| train/                  |              |
|    approx_kl            | 0.0021164138 |
|    clip_fraction        | 0.0316       |
|    clip_range           | 0.2          |
|    entropy_loss         | -0.153       |
|    explained_variance   | 0.846        |
|    learning_rate        | 0.0003       |
|    loss                 | 0.00697      |
|    n_updates            | 560          |
|    policy_gradient_loss | -0.000784    |
|    value_loss           | 0.027        |
------------------------------------------
  step  235000/500000 ( 47.0%)  mean_rew=-0.005
------------------------------------------
| time/                   |              |
|    fps                  | 1231         |
|    iterations           | 58           |
|    time_elapsed         | 192          |
|    total_timesteps      | 237568       |
| train/                  |              |
|    approx_kl            | 0.0016748431 |
|    clip_fraction        | 0.0191       |
|    clip_range           | 0.2          |
|    entropy_loss         | -0.148       |
|    explained_variance   | 0.671        |
|    learning_rate        | 0.0003       |
|    loss                 | 0.0122       |
|    n_updates            | 570          |
|    policy_gradient_loss | -0.000206    |
|    value_loss           | 0.0865       |
------------------------------------------
  step  240000/500000 ( 48.0%)  mean_rew=-0.014
-------------------------------------------
| time/                   |               |
|    fps                  | 1231          |
|    iterations           | 59            |
|    time_elapsed         | 196           |
|    total_timesteps      | 241664        |
| train/                  |               |
|    approx_kl            | 0.00076619635 |
|    clip_fraction        | 0.00762       |
|    clip_range           | 0.2           |
|    entropy_loss         | -0.149        |
|    explained_variance   | 0.894         |
|    learning_rate        | 0.0003        |
|    loss                 | 0.00498       |
|    n_updates            | 580           |
|    policy_gradient_loss | 2.3e-05       |
|    value_loss           | 0.0173        |
-------------------------------------------
  step  245000/500000 ( 49.0%)  mean_rew=-0.014
------------------------------------------
| time/                   |              |
|    fps                  | 1230         |
|    iterations           | 60           |
|    time_elapsed         | 199          |
|    total_timesteps      | 245760       |
| train/                  |              |
|    approx_kl            | 0.0006886403 |
|    clip_fraction        | 0.00635      |
|    clip_range           | 0.2          |
|    entropy_loss         | -0.14        |
|    explained_variance   | 0.929        |
|    learning_rate        | 0.0003       |
|    loss                 | 0.00362      |
|    n_updates            | 590          |
|    policy_gradient_loss | -0.000127    |
|    value_loss           | 0.0117       |
------------------------------------------
-------------------------------------------
| time/                   |               |
|    fps                  | 1230          |
|    iterations           | 61            |
|    time_elapsed         | 203           |
|    total_timesteps      | 249856        |
| train/                  |               |
|    approx_kl            | 0.00095973327 |
|    clip_fraction        | 0.0128        |
|    clip_range           | 0.2           |
|    entropy_loss         | -0.131        |
|    explained_variance   | 0.885         |
|    learning_rate        | 0.0003        |
|    loss                 | 0.00709       |
|    n_updates            | 600           |
|    policy_gradient_loss | -0.000144     |
|    value_loss           | 0.0198        |
-------------------------------------------
  step  250000/500000 ( 50.0%)  mean_rew=-0.006
------------------------------------------
| time/                   |              |
|    fps                  | 1231         |
|    iterations           | 62           |
|    time_elapsed         | 206          |
|    total_timesteps      | 253952       |
| train/                  |              |
|    approx_kl            | 0.0006972694 |
|    clip_fraction        | 0.00593      |
|    clip_range           | 0.2          |
|    entropy_loss         | -0.128       |
|    explained_variance   | 0.888        |
|    learning_rate        | 0.0003       |
|    loss                 | 0.00967      |
|    n_updates            | 610          |
|    policy_gradient_loss | -0.000191    |
|    value_loss           | 0.0182       |
------------------------------------------
  step  255000/500000 ( 51.0%)  mean_rew=-0.015
------------------------------------------
| time/                   |              |
|    fps                  | 1230         |
|    iterations           | 63           |
|    time_elapsed         | 209          |
|    total_timesteps      | 258048       |
| train/                  |              |
|    approx_kl            | 0.0040993197 |
|    clip_fraction        | 0.0342       |
|    clip_range           | 0.2          |
|    entropy_loss         | -0.143       |
|    explained_variance   | 0.9          |
|    learning_rate        | 0.0003       |
|    loss                 | 0.00307      |
|    n_updates            | 620          |
|    policy_gradient_loss | -0.000365    |
|    value_loss           | 0.0129       |
------------------------------------------
  step  260000/500000 ( 52.0%)  mean_rew=-0.012
-----------------------------------------
| time/                   |             |
|    fps                  | 1230        |
|    iterations           | 64          |
|    time_elapsed         | 213         |
|    total_timesteps      | 262144      |
| train/                  |             |
|    approx_kl            | 0.002631843 |
|    clip_fraction        | 0.0336      |
|    clip_range           | 0.2         |
|    entropy_loss         | -0.124      |
|    explained_variance   | 0.93        |
|    learning_rate        | 0.0003      |
|    loss                 | 0.00171     |
|    n_updates            | 630         |
|    policy_gradient_loss | -0.000308   |
|    value_loss           | 0.0101      |
-----------------------------------------
  step  265000/500000 ( 53.0%)  mean_rew=+0.000
-------------------------------------------
| time/                   |               |
|    fps                  | 1230          |
|    iterations           | 65            |
|    time_elapsed         | 216           |
|    total_timesteps      | 266240        |
| train/                  |               |
|    approx_kl            | 0.00046978245 |
|    clip_fraction        | 0.00247       |
|    clip_range           | 0.2           |
|    entropy_loss         | -0.123        |
|    explained_variance   | 0.886         |
|    learning_rate        | 0.0003        |
|    loss                 | 0.0101        |
|    n_updates            | 640           |
|    policy_gradient_loss | 6.98e-05      |
|    value_loss           | 0.0169        |
-------------------------------------------
  step  270000/500000 ( 54.0%)  mean_rew=-0.002
-------------------------------------------
| time/                   |               |
|    fps                  | 1230          |
|    iterations           | 66            |
|    time_elapsed         | 219           |
|    total_timesteps      | 270336        |
| train/                  |               |
|    approx_kl            | 0.00025801224 |
|    clip_fraction        | 0.00613       |
|    clip_range           | 0.2           |
|    entropy_loss         | -0.123        |
|    explained_variance   | 0.831         |
|    learning_rate        | 0.0003        |
|    loss                 | 0.00879       |
|    n_updates            | 650           |
|    policy_gradient_loss | 1.76e-05      |
|    value_loss           | 0.0263        |
-------------------------------------------
-------------------------------------------
| time/                   |               |
|    fps                  | 1230          |
|    iterations           | 67            |
|    time_elapsed         | 223           |
|    total_timesteps      | 274432        |
| train/                  |               |
|    approx_kl            | 0.00043819516 |
|    clip_fraction        | 0.00737       |
|    clip_range           | 0.2           |
|    entropy_loss         | -0.113        |
|    explained_variance   | 0.835         |
|    learning_rate        | 0.0003        |
|    loss                 | 0.00685       |
|    n_updates            | 660           |
|    policy_gradient_loss | -0.000155     |
|    value_loss           | 0.0286        |
-------------------------------------------
  step  275000/500000 ( 55.0%)  mean_rew=+0.000
------------------------------------------
| time/                   |              |
|    fps                  | 1229         |
|    iterations           | 68           |
|    time_elapsed         | 226          |
|    total_timesteps      | 278528       |
| train/                  |              |
|    approx_kl            | 0.0010167434 |
|    clip_fraction        | 0.0125       |
|    clip_range           | 0.2          |
|    entropy_loss         | -0.107       |
|    explained_variance   | 0.885        |
|    learning_rate        | 0.0003       |
|    loss                 | 0.00727      |
|    n_updates            | 670          |
|    policy_gradient_loss | -0.000419    |
|    value_loss           | 0.0182       |
------------------------------------------
  step  280000/500000 ( 56.0%)  mean_rew=-0.004
-------------------------------------------
| time/                   |               |
|    fps                  | 1230          |
|    iterations           | 69            |
|    time_elapsed         | 229           |
|    total_timesteps      | 282624        |
| train/                  |               |
|    approx_kl            | 0.00048910285 |
|    clip_fraction        | 0.0114        |
|    clip_range           | 0.2           |
|    entropy_loss         | -0.101        |
|    explained_variance   | 0.888         |
|    learning_rate        | 0.0003        |
|    loss                 | 0.00633       |
|    n_updates            | 680           |
|    policy_gradient_loss | -0.00024      |
|    value_loss           | 0.0165        |
-------------------------------------------
  step  285000/500000 ( 57.0%)  mean_rew=-0.012
------------------------------------------
| time/                   |              |
|    fps                  | 1230         |
|    iterations           | 70           |
|    time_elapsed         | 233          |
|    total_timesteps      | 286720       |
| train/                  |              |
|    approx_kl            | 0.0005825389 |
|    clip_fraction        | 0.0114       |
|    clip_range           | 0.2          |
|    entropy_loss         | -0.0969      |
|    explained_variance   | 0.828        |
|    learning_rate        | 0.0003       |
|    loss                 | -0.00105     |
|    n_updates            | 690          |
|    policy_gradient_loss | -0.000532    |
|    value_loss           | 0.0258       |
------------------------------------------
  step  290000/500000 ( 58.0%)  mean_rew=-0.009
-----------------------------------------
| time/                   |             |
|    fps                  | 1229        |
|    iterations           | 71          |
|    time_elapsed         | 236         |
|    total_timesteps      | 290816      |
| train/                  |             |
|    approx_kl            | 0.000544527 |
|    clip_fraction        | 0.00627     |
|    clip_range           | 0.2         |
|    entropy_loss         | -0.0916     |
|    explained_variance   | 0.898       |
|    learning_rate        | 0.0003      |
|    loss                 | 0.011       |
|    n_updates            | 700         |
|    policy_gradient_loss | -0.00037    |
|    value_loss           | 0.0157      |
-----------------------------------------
------------------------------------------
| time/                   |              |
|    fps                  | 1230         |
|    iterations           | 72           |
|    time_elapsed         | 239          |
|    total_timesteps      | 294912       |
| train/                  |              |
|    approx_kl            | 0.0003547489 |
|    clip_fraction        | 0.00598      |
|    clip_range           | 0.2          |
|    entropy_loss         | -0.0914      |
|    explained_variance   | 0.882        |
|    learning_rate        | 0.0003       |
|    loss                 | 0.0106       |
|    n_updates            | 710          |
|    policy_gradient_loss | -0.000178    |
|    value_loss           | 0.0181       |
------------------------------------------
  step  295000/500000 ( 59.0%)  mean_rew=-0.011
------------------------------------------
| time/                   |              |
|    fps                  | 1229         |
|    iterations           | 73           |
|    time_elapsed         | 243          |
|    total_timesteps      | 299008       |
| train/                  |              |
|    approx_kl            | 0.0005804236 |
|    clip_fraction        | 0.00479      |
|    clip_range           | 0.2          |
|    entropy_loss         | -0.0881      |
|    explained_variance   | 0.909        |
|    learning_rate        | 0.0003       |
|    loss                 | 0.00517      |
|    n_updates            | 720          |
|    policy_gradient_loss | -0.000199    |
|    value_loss           | 0.0116       |
------------------------------------------
  step  300000/500000 ( 60.0%)  mean_rew=-0.001
------------------------------------------
| time/                   |              |
|    fps                  | 1229         |
|    iterations           | 74           |
|    time_elapsed         | 246          |
|    total_timesteps      | 303104       |
| train/                  |              |
|    approx_kl            | 0.0016433967 |
|    clip_fraction        | 0.0146       |
|    clip_range           | 0.2          |
|    entropy_loss         | -0.0793      |
|    explained_variance   | 0.905        |
|    learning_rate        | 0.0003       |
|    loss                 | 0.00626      |
|    n_updates            | 730          |
|    policy_gradient_loss | -0.000171    |
|    value_loss           | 0.0142       |
------------------------------------------
  step  305000/500000 ( 61.0%)  mean_rew=-0.009
---------------------------------------
| time/                   |           |
|    fps                  | 1229      |
|    iterations           | 75        |
|    time_elapsed         | 249       |
|    total_timesteps      | 307200    |
| train/                  |           |
|    approx_kl            | 0.0006128 |
|    clip_fraction        | 0.00598   |
|    clip_range           | 0.2       |
|    entropy_loss         | -0.0761   |
|    explained_variance   | 0.863     |
|    learning_rate        | 0.0003    |
|    loss                 | 0.00203   |
|    n_updates            | 740       |
|    policy_gradient_loss | -0.000361 |
|    value_loss           | 0.022     |
---------------------------------------
  step  310000/500000 ( 62.0%)  mean_rew=+0.000
------------------------------------------
| time/                   |              |
|    fps                  | 1229         |
|    iterations           | 76           |
|    time_elapsed         | 253          |
|    total_timesteps      | 311296       |
| train/                  |              |
|    approx_kl            | 0.0003114444 |
|    clip_fraction        | 0.00471      |
|    clip_range           | 0.2          |
|    entropy_loss         | -0.0724      |
|    explained_variance   | 0.891        |
|    learning_rate        | 0.0003       |
|    loss                 | 0.00519      |
|    n_updates            | 750          |
|    policy_gradient_loss | -0.000389    |
|    value_loss           | 0.0177       |
------------------------------------------
  step  315000/500000 ( 63.0%)  mean_rew=-0.004
-------------------------------------------
| time/                   |               |
|    fps                  | 1229          |
|    iterations           | 77            |
|    time_elapsed         | 256           |
|    total_timesteps      | 315392        |
| train/                  |               |
|    approx_kl            | 0.00043829493 |
|    clip_fraction        | 0.00969       |
|    clip_range           | 0.2           |
|    entropy_loss         | -0.081        |
|    explained_variance   | 0.913         |
|    learning_rate        | 0.0003        |
|    loss                 | 0.00571       |
|    n_updates            | 760           |
|    policy_gradient_loss | -0.000151     |
|    value_loss           | 0.011         |
-------------------------------------------
------------------------------------------
| time/                   |              |
|    fps                  | 1229         |
|    iterations           | 78           |
|    time_elapsed         | 259          |
|    total_timesteps      | 319488       |
| train/                  |              |
|    approx_kl            | 0.0004309856 |
|    clip_fraction        | 0.00154      |
|    clip_range           | 0.2          |
|    entropy_loss         | -0.0661      |
|    explained_variance   | 0.943        |
|    learning_rate        | 0.0003       |
|    loss                 | 0.00305      |
|    n_updates            | 770          |
|    policy_gradient_loss | 1.92e-05     |
|    value_loss           | 0.00806      |
------------------------------------------
  step  320000/500000 ( 64.0%)  mean_rew=+0.000
-------------------------------------------
| time/                   |               |
|    fps                  | 1230          |
|    iterations           | 79            |
|    time_elapsed         | 263           |
|    total_timesteps      | 323584        |
| train/                  |               |
|    approx_kl            | 0.00053629343 |
|    clip_fraction        | 0.00452       |
|    clip_range           | 0.2           |
|    entropy_loss         | -0.0688       |
|    explained_variance   | 0.894         |
|    learning_rate        | 0.0003        |
|    loss                 | 0.00485       |
|    n_updates            | 780           |
|    policy_gradient_loss | -0.000158     |
|    value_loss           | 0.0159        |
-------------------------------------------
  step  325000/500000 ( 65.0%)  mean_rew=+0.000
------------------------------------------
| time/                   |              |
|    fps                  | 1229         |
|    iterations           | 80           |
|    time_elapsed         | 266          |
|    total_timesteps      | 327680       |
| train/                  |              |
|    approx_kl            | 0.0004107175 |
|    clip_fraction        | 0.00542      |
|    clip_range           | 0.2          |
|    entropy_loss         | -0.0584      |
|    explained_variance   | 0.91         |
|    learning_rate        | 0.0003       |
|    loss                 | 0.0109       |
|    n_updates            | 790          |
|    policy_gradient_loss | -0.000465    |
|    value_loss           | 0.0114       |
------------------------------------------
  step  330000/500000 ( 66.0%)  mean_rew=-0.009
-------------------------------------------
| time/                   |               |
|    fps                  | 1229          |
|    iterations           | 81            |
|    time_elapsed         | 269           |
|    total_timesteps      | 331776        |
| train/                  |               |
|    approx_kl            | 0.00020503587 |
|    clip_fraction        | 0.00171       |
|    clip_range           | 0.2           |
|    entropy_loss         | -0.0574       |
|    explained_variance   | 0.74          |
|    learning_rate        | 0.0003        |
|    loss                 | 0.00655       |
|    n_updates            | 800           |
|    policy_gradient_loss | -6.57e-05     |
|    value_loss           | 0.0503        |
-------------------------------------------
  step  335000/500000 ( 67.0%)  mean_rew=-0.002
------------------------------------------
| time/                   |              |
|    fps                  | 1229         |
|    iterations           | 82           |
|    time_elapsed         | 273          |
|    total_timesteps      | 335872       |
| train/                  |              |
|    approx_kl            | 0.0025020237 |
|    clip_fraction        | 0.0074       |
|    clip_range           | 0.2          |
|    entropy_loss         | -0.0391      |
|    explained_variance   | 0.402        |
|    learning_rate        | 0.0003       |
|    loss                 | 0.0215       |
|    n_updates            | 810          |
|    policy_gradient_loss | -0.000203    |
|    value_loss           | 0.313        |
------------------------------------------
-------------------------------------------
| time/                   |               |
|    fps                  | 1229          |
|    iterations           | 83            |
|    time_elapsed         | 276           |
|    total_timesteps      | 339968        |
| train/                  |               |
|    approx_kl            | 0.00022332395 |
|    clip_fraction        | 0.0042        |
|    clip_range           | 0.2           |
|    entropy_loss         | -0.0321       |
|    explained_variance   | 0.899         |
|    learning_rate        | 0.0003        |
|    loss                 | 0.00916       |
|    n_updates            | 820           |
|    policy_gradient_loss | -0.00019      |
|    value_loss           | 0.0207        |
-------------------------------------------
  step  340000/500000 ( 68.0%)  mean_rew=+0.000
----------------------------------------
| time/                   |            |
|    fps                  | 1229       |
|    iterations           | 84         |
|    time_elapsed         | 279        |
|    total_timesteps      | 344064     |
| train/                  |            |
|    approx_kl            | 0.01170237 |
|    clip_fraction        | 0.0253     |
|    clip_range           | 0.2        |
|    entropy_loss         | -0.0718    |
|    explained_variance   | 0.908      |
|    learning_rate        | 0.0003     |
|    loss                 | 0.00148    |
|    n_updates            | 830        |
|    policy_gradient_loss | -0.00101   |
|    value_loss           | 0.0135     |
----------------------------------------
  step  345000/500000 ( 69.0%)  mean_rew=+0.000
------------------------------------------
| time/                   |              |
|    fps                  | 1230         |
|    iterations           | 85           |
|    time_elapsed         | 283          |
|    total_timesteps      | 348160       |
| train/                  |              |
|    approx_kl            | 0.0007973196 |
|    clip_fraction        | 0.0168       |
|    clip_range           | 0.2          |
|    entropy_loss         | -0.0632      |
|    explained_variance   | 0.914        |
|    learning_rate        | 0.0003       |
|    loss                 | 0.00636      |
|    n_updates            | 840          |
|    policy_gradient_loss | -0.000134    |
|    value_loss           | 0.0154       |
------------------------------------------
  step  350000/500000 ( 70.0%)  mean_rew=-0.002
-------------------------------------------
| time/                   |               |
|    fps                  | 1230          |
|    iterations           | 86            |
|    time_elapsed         | 286           |
|    total_timesteps      | 352256        |
| train/                  |               |
|    approx_kl            | 0.00050329196 |
|    clip_fraction        | 0.00662       |
|    clip_range           | 0.2           |
|    entropy_loss         | -0.0728       |
|    explained_variance   | 0.834         |
|    learning_rate        | 0.0003        |
|    loss                 | 0.00683       |
|    n_updates            | 850           |
|    policy_gradient_loss | -1.54e-05     |
|    value_loss           | 0.0335        |
-------------------------------------------
  step  355000/500000 ( 71.0%)  mean_rew=-0.006
------------------------------------------
| time/                   |              |
|    fps                  | 1231         |
|    iterations           | 87           |
|    time_elapsed         | 289          |
|    total_timesteps      | 356352       |
| train/                  |              |
|    approx_kl            | 0.0021649501 |
|    clip_fraction        | 0.0217       |
|    clip_range           | 0.2          |
|    entropy_loss         | -0.091       |
|    explained_variance   | 0.907        |
|    learning_rate        | 0.0003       |
|    loss                 | 0.00705      |
|    n_updates            | 860          |
|    policy_gradient_loss | -0.000343    |
|    value_loss           | 0.0131       |
------------------------------------------
  step  360000/500000 ( 72.0%)  mean_rew=-0.001
------------------------------------------
| time/                   |              |
|    fps                  | 1231         |
|    iterations           | 88           |
|    time_elapsed         | 292          |
|    total_timesteps      | 360448       |
| train/                  |              |
|    approx_kl            | 0.0017816031 |
|    clip_fraction        | 0.0239       |
|    clip_range           | 0.2          |
|    entropy_loss         | -0.0763      |
|    explained_variance   | 0.934        |
|    learning_rate        | 0.0003       |
|    loss                 | 0.00249      |
|    n_updates            | 870          |
|    policy_gradient_loss | -0.000355    |
|    value_loss           | 0.0102       |
------------------------------------------
-------------------------------------------
| time/                   |               |
|    fps                  | 1231          |
|    iterations           | 89            |
|    time_elapsed         | 295           |
|    total_timesteps      | 364544        |
| train/                  |               |
|    approx_kl            | 0.00048756838 |
|    clip_fraction        | 0.00376       |
|    clip_range           | 0.2           |
|    entropy_loss         | -0.0789       |
|    explained_variance   | 0.891         |
|    learning_rate        | 0.0003        |
|    loss                 | 0.00744       |
|    n_updates            | 880           |
|    policy_gradient_loss | -0.000186     |
|    value_loss           | 0.0177        |
-------------------------------------------
  step  365000/500000 ( 73.0%)  mean_rew=-0.004
-------------------------------------------
| time/                   |               |
|    fps                  | 1232          |
|    iterations           | 90            |
|    time_elapsed         | 299           |
|    total_timesteps      | 368640        |
| train/                  |               |
|    approx_kl            | 0.00080959866 |
|    clip_fraction        | 0.00183       |
|    clip_range           | 0.2           |
|    entropy_loss         | -0.0774       |
|    explained_variance   | 0.902         |
|    learning_rate        | 0.0003        |
|    loss                 | 0.00353       |
|    n_updates            | 890           |
|    policy_gradient_loss | -6.53e-05     |
|    value_loss           | 0.015         |
-------------------------------------------
  step  370000/500000 ( 74.0%)  mean_rew=-0.023
-------------------------------------------
| time/                   |               |
|    fps                  | 1232          |
|    iterations           | 91            |
|    time_elapsed         | 302           |
|    total_timesteps      | 372736        |
| train/                  |               |
|    approx_kl            | 0.00045325118 |
|    clip_fraction        | 0.003         |
|    clip_range           | 0.2           |
|    entropy_loss         | -0.0791       |
|    explained_variance   | 0.325         |
|    learning_rate        | 0.0003        |
|    loss                 | 0.223         |
|    n_updates            | 900           |
|    policy_gradient_loss | -5.22e-05     |
|    value_loss           | 0.424         |
-------------------------------------------
  step  375000/500000 ( 75.0%)  mean_rew=-0.004
------------------------------------------
| time/                   |              |
|    fps                  | 1233         |
|    iterations           | 92           |
|    time_elapsed         | 305          |
|    total_timesteps      | 376832       |
| train/                  |              |
|    approx_kl            | 0.0033807086 |
|    clip_fraction        | 0.012        |
|    clip_range           | 0.2          |
|    entropy_loss         | -0.0529      |
|    explained_variance   | 0.919        |
|    learning_rate        | 0.0003       |
|    loss                 | 0.011        |
|    n_updates            | 910          |
|    policy_gradient_loss | -0.000163    |
|    value_loss           | 0.0165       |
------------------------------------------
  step  380000/500000 ( 76.0%)  mean_rew=+0.000
------------------------------------------
| time/                   |              |
|    fps                  | 1234         |
|    iterations           | 93           |
|    time_elapsed         | 308          |
|    total_timesteps      | 380928       |
| train/                  |              |
|    approx_kl            | 0.0013615633 |
|    clip_fraction        | 0.00737      |
|    clip_range           | 0.2          |
|    entropy_loss         | -0.0722      |
|    explained_variance   | 0.888        |
|    learning_rate        | 0.0003       |
|    loss                 | 0.0129       |
|    n_updates            | 920          |
|    policy_gradient_loss | -0.000123    |
|    value_loss           | 0.021        |
------------------------------------------
  step  385000/500000 ( 77.0%)  mean_rew=-0.011
------------------------------------------
| time/                   |              |
|    fps                  | 1235         |
|    iterations           | 94           |
|    time_elapsed         | 311          |
|    total_timesteps      | 385024       |
| train/                  |              |
|    approx_kl            | 0.0065649287 |
|    clip_fraction        | 0.0125       |
|    clip_range           | 0.2          |
|    entropy_loss         | -0.0868      |
|    explained_variance   | 0.895        |
|    learning_rate        | 0.0003       |
|    loss                 | 0.00451      |
|    n_updates            | 930          |
|    policy_gradient_loss | -0.000464    |
|    value_loss           | 0.0143       |
------------------------------------------
------------------------------------------
| time/                   |              |
|    fps                  | 1236         |
|    iterations           | 95           |
|    time_elapsed         | 314          |
|    total_timesteps      | 389120       |
| train/                  |              |
|    approx_kl            | 0.0046530804 |
|    clip_fraction        | 0.025        |
|    clip_range           | 0.2          |
|    entropy_loss         | -0.0839      |
|    explained_variance   | 0.861        |
|    learning_rate        | 0.0003       |
|    loss                 | 0.0161       |
|    n_updates            | 940          |
|    policy_gradient_loss | -0.00042     |
|    value_loss           | 0.0253       |
------------------------------------------
  step  390000/500000 ( 78.0%)  mean_rew=-0.015
------------------------------------------
| time/                   |              |
|    fps                  | 1237         |
|    iterations           | 96           |
|    time_elapsed         | 317          |
|    total_timesteps      | 393216       |
| train/                  |              |
|    approx_kl            | 0.0006219026 |
|    clip_fraction        | 0.00503      |
|    clip_range           | 0.2          |
|    entropy_loss         | -0.0724      |
|    explained_variance   | 0.841        |
|    learning_rate        | 0.0003       |
|    loss                 | 0.0159       |
|    n_updates            | 950          |
|    policy_gradient_loss | -0.000269    |
|    value_loss           | 0.0302       |
------------------------------------------
  step  395000/500000 ( 79.0%)  mean_rew=-0.005
------------------------------------------
| time/                   |              |
|    fps                  | 1239         |
|    iterations           | 97           |
|    time_elapsed         | 320          |
|    total_timesteps      | 397312       |
| train/                  |              |
|    approx_kl            | 0.0003834601 |
|    clip_fraction        | 0.00542      |
|    clip_range           | 0.2          |
|    entropy_loss         | -0.0621      |
|    explained_variance   | 0.895        |
|    learning_rate        | 0.0003       |
|    loss                 | 0.0107       |
|    n_updates            | 960          |
|    policy_gradient_loss | -0.000107    |
|    value_loss           | 0.0159       |
------------------------------------------
  step  400000/500000 ( 80.0%)  mean_rew=-0.001
-------------------------------------------
| time/                   |               |
|    fps                  | 1239          |
|    iterations           | 98            |
|    time_elapsed         | 323           |
|    total_timesteps      | 401408        |
| train/                  |               |
|    approx_kl            | 0.00021186986 |
|    clip_fraction        | 0.00754       |
|    clip_range           | 0.2           |
|    entropy_loss         | -0.0588       |
|    explained_variance   | 0.94          |
|    learning_rate        | 0.0003        |
|    loss                 | 0.00497       |
|    n_updates            | 970           |
|    policy_gradient_loss | -0.00032      |
|    value_loss           | 0.00891       |
-------------------------------------------
  step  405000/500000 ( 81.0%)  mean_rew=-0.011
------------------------------------------
| time/                   |              |
|    fps                  | 1240         |
|    iterations           | 99           |
|    time_elapsed         | 326          |
|    total_timesteps      | 405504       |
| train/                  |              |
|    approx_kl            | 0.0014372182 |
|    clip_fraction        | 0.0107       |
|    clip_range           | 0.2          |
|    entropy_loss         | -0.0545      |
|    explained_variance   | 0.886        |
|    learning_rate        | 0.0003       |
|    loss                 | 0.0132       |
|    n_updates            | 980          |
|    policy_gradient_loss | -0.000198    |
|    value_loss           | 0.019        |
------------------------------------------
-------------------------------------------
| time/                   |               |
|    fps                  | 1242          |
|    iterations           | 100           |
|    time_elapsed         | 329           |
|    total_timesteps      | 409600        |
| train/                  |               |
|    approx_kl            | 0.00046915194 |
|    clip_fraction        | 0.0032        |
|    clip_range           | 0.2           |
|    entropy_loss         | -0.0549       |
|    explained_variance   | 0.883         |
|    learning_rate        | 0.0003        |
|    loss                 | 0.0095        |
|    n_updates            | 990           |
|    policy_gradient_loss | -2.33e-05     |
|    value_loss           | 0.0192        |
-------------------------------------------
  step  410000/500000 ( 82.0%)  mean_rew=-0.007
-------------------------------------------
| time/                   |               |
|    fps                  | 1243          |
|    iterations           | 101           |
|    time_elapsed         | 332           |
|    total_timesteps      | 413696        |
| train/                  |               |
|    approx_kl            | 0.00014548677 |
|    clip_fraction        | 0.00205       |
|    clip_range           | 0.2           |
|    entropy_loss         | -0.0559       |
|    explained_variance   | 0.908         |
|    learning_rate        | 0.0003        |
|    loss                 | 0.00473       |
|    n_updates            | 1000          |
|    policy_gradient_loss | -6.76e-05     |
|    value_loss           | 0.0122        |
-------------------------------------------
  step  415000/500000 ( 83.0%)  mean_rew=-0.015
-------------------------------------------
| time/                   |               |
|    fps                  | 1243          |
|    iterations           | 102           |
|    time_elapsed         | 335           |
|    total_timesteps      | 417792        |
| train/                  |               |
|    approx_kl            | 0.00023011437 |
|    clip_fraction        | 0.00859       |
|    clip_range           | 0.2           |
|    entropy_loss         | -0.0537       |
|    explained_variance   | 0.935         |
|    learning_rate        | 0.0003        |
|    loss                 | 0.00462       |
|    n_updates            | 1010          |
|    policy_gradient_loss | -0.000252     |
|    value_loss           | 0.00935       |
-------------------------------------------
  step  420000/500000 ( 84.0%)  mean_rew=-0.006
-----------------------------------------
| time/                   |             |
|    fps                  | 1244        |
|    iterations           | 103         |
|    time_elapsed         | 338         |
|    total_timesteps      | 421888      |
| train/                  |             |
|    approx_kl            | 0.020321928 |
|    clip_fraction        | 0.00371     |
|    clip_range           | 0.2         |
|    entropy_loss         | -0.0658     |
|    explained_variance   | 0.854       |
|    learning_rate        | 0.0003      |
|    loss                 | 0.0106      |
|    n_updates            | 1020        |
|    policy_gradient_loss | -0.00021    |
|    value_loss           | 0.0238      |
-----------------------------------------
  step  425000/500000 ( 85.0%)  mean_rew=-0.004
-------------------------------------------
| time/                   |               |
|    fps                  | 1245          |
|    iterations           | 104           |
|    time_elapsed         | 341           |
|    total_timesteps      | 425984        |
| train/                  |               |
|    approx_kl            | 0.00043335964 |
|    clip_fraction        | 0.00879       |
|    clip_range           | 0.2           |
|    entropy_loss         | -0.0983       |
|    explained_variance   | 0.907         |
|    learning_rate        | 0.0003        |
|    loss                 | 0.0051        |
|    n_updates            | 1030          |
|    policy_gradient_loss | 0.000158      |
|    value_loss           | 0.0129        |
-------------------------------------------
  step  430000/500000 ( 86.0%)  mean_rew=-0.001
------------------------------------------
| time/                   |              |
|    fps                  | 1246         |
|    iterations           | 105          |
|    time_elapsed         | 344          |
|    total_timesteps      | 430080       |
| train/                  |              |
|    approx_kl            | 0.0021360824 |
|    clip_fraction        | 0.0111       |
|    clip_range           | 0.2          |
|    entropy_loss         | -0.0824      |
|    explained_variance   | 0.926        |
|    learning_rate        | 0.0003       |
|    loss                 | 0.00641      |
|    n_updates            | 1040         |
|    policy_gradient_loss | 0.000191     |
|    value_loss           | 0.0106       |
------------------------------------------
------------------------------------------
| time/                   |              |
|    fps                  | 1247         |
|    iterations           | 106          |
|    time_elapsed         | 348          |
|    total_timesteps      | 434176       |
| train/                  |              |
|    approx_kl            | 0.0007062097 |
|    clip_fraction        | 0.00957      |
|    clip_range           | 0.2          |
|    entropy_loss         | -0.085       |
|    explained_variance   | 0.848        |
|    learning_rate        | 0.0003       |
|    loss                 | 0.00713      |
|    n_updates            | 1050         |
|    policy_gradient_loss | -0.000382    |
|    value_loss           | 0.0258       |
------------------------------------------
  step  435000/500000 ( 87.0%)  mean_rew=-0.004
------------------------------------------
| time/                   |              |
|    fps                  | 1248         |
|    iterations           | 107          |
|    time_elapsed         | 351          |
|    total_timesteps      | 438272       |
| train/                  |              |
|    approx_kl            | 0.0008106914 |
|    clip_fraction        | 0.0147       |
|    clip_range           | 0.2          |
|    entropy_loss         | -0.0812      |
|    explained_variance   | 0.891        |
|    learning_rate        | 0.0003       |
|    loss                 | 0.00297      |
|    n_updates            | 1060         |
|    policy_gradient_loss | -0.00068     |
|    value_loss           | 0.0175       |
------------------------------------------
  step  440000/500000 ( 88.0%)  mean_rew=-0.007
------------------------------------------
| time/                   |              |
|    fps                  | 1249         |
|    iterations           | 108          |
|    time_elapsed         | 354          |
|    total_timesteps      | 442368       |
| train/                  |              |
|    approx_kl            | 0.0012056988 |
|    clip_fraction        | 0.0141       |
|    clip_range           | 0.2          |
|    entropy_loss         | -0.0705      |
|    explained_variance   | 0.91         |
|    learning_rate        | 0.0003       |
|    loss                 | 0.00341      |
|    n_updates            | 1070         |
|    policy_gradient_loss | -0.000645    |
|    value_loss           | 0.0115       |
------------------------------------------
  step  445000/500000 ( 89.0%)  mean_rew=-0.005
------------------------------------------
| time/                   |              |
|    fps                  | 1249         |
|    iterations           | 109          |
|    time_elapsed         | 357          |
|    total_timesteps      | 446464       |
| train/                  |              |
|    approx_kl            | 0.0007040534 |
|    clip_fraction        | 0.005        |
|    clip_range           | 0.2          |
|    entropy_loss         | -0.0725      |
|    explained_variance   | 0.93         |
|    learning_rate        | 0.0003       |
|    loss                 | 0.00547      |
|    n_updates            | 1080         |
|    policy_gradient_loss | 4.05e-05     |
|    value_loss           | 0.0101       |
------------------------------------------
  step  450000/500000 ( 90.0%)  mean_rew=-0.004
-------------------------------------------
| time/                   |               |
|    fps                  | 1250          |
|    iterations           | 110           |
|    time_elapsed         | 360           |
|    total_timesteps      | 450560        |
| train/                  |               |
|    approx_kl            | 0.00033915552 |
|    clip_fraction        | 0.00588       |
|    clip_range           | 0.2           |
|    entropy_loss         | -0.0684       |
|    explained_variance   | 0.836         |
|    learning_rate        | 0.0003        |
|    loss                 | 0.0104        |
|    n_updates            | 1090          |
|    policy_gradient_loss | 5.68e-05      |
|    value_loss           | 0.0281        |
-------------------------------------------
-------------------------------------------
| time/                   |               |
|    fps                  | 1251          |
|    iterations           | 111           |
|    time_elapsed         | 363           |
|    total_timesteps      | 454656        |
| train/                  |               |
|    approx_kl            | 0.00040698366 |
|    clip_fraction        | 0.00359       |
|    clip_range           | 0.2           |
|    entropy_loss         | -0.0706       |
|    explained_variance   | 0.912         |
|    learning_rate        | 0.0003        |
|    loss                 | 0.00318       |
|    n_updates            | 1100          |
|    policy_gradient_loss | 7.63e-05      |
|    value_loss           | 0.0123        |
-------------------------------------------
  step  455000/500000 ( 91.0%)  mean_rew=-0.001
-------------------------------------------
| time/                   |               |
|    fps                  | 1252          |
|    iterations           | 112           |
|    time_elapsed         | 366           |
|    total_timesteps      | 458752        |
| train/                  |               |
|    approx_kl            | 0.00033997695 |
|    clip_fraction        | 0.00786       |
|    clip_range           | 0.2           |
|    entropy_loss         | -0.0644       |
|    explained_variance   | 0.924         |
|    learning_rate        | 0.0003        |
|    loss                 | 0.00113       |
|    n_updates            | 1110          |
|    policy_gradient_loss | -0.000497     |
|    value_loss           | 0.0117        |
-------------------------------------------
  step  460000/500000 ( 92.0%)  mean_rew=+0.000
-------------------------------------------
| time/                   |               |
|    fps                  | 1252          |
|    iterations           | 113           |
|    time_elapsed         | 369           |
|    total_timesteps      | 462848        |
| train/                  |               |
|    approx_kl            | 0.00032567215 |
|    clip_fraction        | 0.00605       |
|    clip_range           | 0.2           |
|    entropy_loss         | -0.065        |
|    explained_variance   | 0.893         |
|    learning_rate        | 0.0003        |
|    loss                 | 0.0111        |
|    n_updates            | 1120          |
|    policy_gradient_loss | -0.000101     |
|    value_loss           | 0.0167        |
-------------------------------------------
  step  465000/500000 ( 93.0%)  mean_rew=+0.000
-------------------------------------------
| time/                   |               |
|    fps                  | 1254          |
|    iterations           | 114           |
|    time_elapsed         | 372           |
|    total_timesteps      | 466944        |
| train/                  |               |
|    approx_kl            | 0.00044637723 |
|    clip_fraction        | 0.00447       |
|    clip_range           | 0.2           |
|    entropy_loss         | -0.058        |
|    explained_variance   | 0.888         |
|    learning_rate        | 0.0003        |
|    loss                 | 0.0123        |
|    n_updates            | 1130          |
|    policy_gradient_loss | -0.000125     |
|    value_loss           | 0.0177        |
-------------------------------------------
  step  470000/500000 ( 94.0%)  mean_rew=+0.000
-------------------------------------------
| time/                   |               |
|    fps                  | 1254          |
|    iterations           | 115           |
|    time_elapsed         | 375           |
|    total_timesteps      | 471040        |
| train/                  |               |
|    approx_kl            | 0.00035402342 |
|    clip_fraction        | 0.00427       |
|    clip_range           | 0.2           |
|    entropy_loss         | -0.0578       |
|    explained_variance   | 0.909         |
|    learning_rate        | 0.0003        |
|    loss                 | 0.00373       |
|    n_updates            | 1140          |
|    policy_gradient_loss | -8.84e-05     |
|    value_loss           | 0.0115        |
-------------------------------------------
  step  475000/500000 ( 95.0%)  mean_rew=-0.015
-------------------------------------------
| time/                   |               |
|    fps                  | 1255          |
|    iterations           | 116           |
|    time_elapsed         | 378           |
|    total_timesteps      | 475136        |
| train/                  |               |
|    approx_kl            | 0.00055476313 |
|    clip_fraction        | 0.00793       |
|    clip_range           | 0.2           |
|    entropy_loss         | -0.0523       |
|    explained_variance   | 0.926         |
|    learning_rate        | 0.0003        |
|    loss                 | 0.00448       |
|    n_updates            | 1150          |
|    policy_gradient_loss | -0.000575     |
|    value_loss           | 0.0107        |
-------------------------------------------
-------------------------------------------
| time/                   |               |
|    fps                  | 1256          |
|    iterations           | 117           |
|    time_elapsed         | 381           |
|    total_timesteps      | 479232        |
| train/                  |               |
|    approx_kl            | 0.00040486926 |
|    clip_fraction        | 0.00764       |
|    clip_range           | 0.2           |
|    entropy_loss         | -0.0496       |
|    explained_variance   | 0.734         |
|    learning_rate        | 0.0003        |
|    loss                 | 0.0176        |
|    n_updates            | 1160          |
|    policy_gradient_loss | -0.000329     |
|    value_loss           | 0.054         |
-------------------------------------------
  step  480000/500000 ( 96.0%)  mean_rew=-0.009
------------------------------------------
| time/                   |              |
|    fps                  | 1256         |
|    iterations           | 118          |
|    time_elapsed         | 384          |
|    total_timesteps      | 483328       |
| train/                  |              |
|    approx_kl            | 0.0002082097 |
|    clip_fraction        | 0.00535      |
|    clip_range           | 0.2          |
|    entropy_loss         | -0.0491      |
|    explained_variance   | 0.908        |
|    learning_rate        | 0.0003       |
|    loss                 | -0.000467    |
|    n_updates            | 1170         |
|    policy_gradient_loss | -0.000259    |
|    value_loss           | 0.0124       |
------------------------------------------
  step  485000/500000 ( 97.0%)  mean_rew=-0.012
-------------------------------------------
| time/                   |               |
|    fps                  | 1257          |
|    iterations           | 119           |
|    time_elapsed         | 387           |
|    total_timesteps      | 487424        |
| train/                  |               |
|    approx_kl            | 0.00053013023 |
|    clip_fraction        | 0.00308       |
|    clip_range           | 0.2           |
|    entropy_loss         | -0.046        |
|    explained_variance   | 0.93          |
|    learning_rate        | 0.0003        |
|    loss                 | 0.00638       |
|    n_updates            | 1180          |
|    policy_gradient_loss | 4.46e-06      |
|    value_loss           | 0.0104        |
-------------------------------------------
  step  490000/500000 ( 98.0%)  mean_rew=+0.000
-------------------------------------------
| time/                   |               |
|    fps                  | 1258          |
|    iterations           | 120           |
|    time_elapsed         | 390           |
|    total_timesteps      | 491520        |
| train/                  |               |
|    approx_kl            | 0.00039798632 |
|    clip_fraction        | 0.00447       |
|    clip_range           | 0.2           |
|    entropy_loss         | -0.046        |
|    explained_variance   | 0.899         |
|    learning_rate        | 0.0003        |
|    loss                 | 0.00123       |
|    n_updates            | 1190          |
|    policy_gradient_loss | -0.000276     |
|    value_loss           | 0.0156        |
-------------------------------------------
  step  495000/500000 ( 99.0%)  mean_rew=-0.001
------------------------------------------
| time/                   |              |
|    fps                  | 1258         |
|    iterations           | 121          |
|    time_elapsed         | 393          |
|    total_timesteps      | 495616       |
| train/                  |              |
|    approx_kl            | 0.0002898344 |
|    clip_fraction        | 0.00637      |
|    clip_range           | 0.2          |
|    entropy_loss         | -0.0464      |
|    explained_variance   | 0.899        |
|    learning_rate        | 0.0003       |
|    loss                 | 0.00231      |
|    n_updates            | 1200         |
|    policy_gradient_loss | -0.000296    |
|    value_loss           | 0.0158       |
------------------------------------------
------------------------------------------
| time/                   |              |
|    fps                  | 1259         |
|    iterations           | 122          |
|    time_elapsed         | 396          |
|    total_timesteps      | 499712       |
| train/                  |              |
|    approx_kl            | 0.0004600241 |
|    clip_fraction        | 0.00305      |
|    clip_range           | 0.2          |
|    entropy_loss         | -0.0508      |
|    explained_variance   | 0.91         |
|    learning_rate        | 0.0003       |
|    loss                 | 0.00252      |
|    n_updates            | 1210         |
|    policy_gradient_loss | -3.69e-05    |
|    value_loss           | 0.0114       |
------------------------------------------
  step  500000/500000 (100.0%)  mean_rew=-0.006
------------------------------------------
| time/                   |              |
|    fps                  | 1259         |
|    iterations           | 123          |
|    time_elapsed         | 399          |
|    total_timesteps      | 503808       |
| train/                  |              |
|    approx_kl            | 0.0040608924 |
|    clip_fraction        | 0.0112       |
|    clip_range           | 0.2          |
|    entropy_loss         | -0.0771      |
|    explained_variance   | 0.939        |
|    learning_rate        | 0.0003       |
|    loss                 | 0.00346      |
|    n_updates            | 1220         |
|    policy_gradient_loss | -0.00053     |
|    value_loss           | 0.00855      |
------------------------------------------
[cologne8-PPO] Done. Saved -> /workspace/rl-traffic/exp_cologne8_real/ppo_wait-clip_s9999
