Using libsumo as traci as requested by environment variable.
[cologne8-PPO] 8 agents | reward=queue | seed=2718
  obs=(7,) | act=Discrete(4)
Using cpu device
-----------------------------
| time/              |      |
|    fps             | 1527 |
|    iterations      | 1    |
|    time_elapsed    | 2    |
|    total_timesteps | 4096 |
-----------------------------
  step    5000/500000 (  1.0%)  mean_rew=+0.000
------------------------------------------
| time/                   |              |
|    fps                  | 1223         |
|    iterations           | 2            |
|    time_elapsed         | 6            |
|    total_timesteps      | 8192         |
| train/                  |              |
|    approx_kl            | 0.0104474295 |
|    clip_fraction        | 0.0961       |
|    clip_range           | 0.2          |
|    entropy_loss         | -1.38        |
|    explained_variance   | -0.746       |
|    learning_rate        | 0.0003       |
|    loss                 | -0.0222      |
|    n_updates            | 10           |
|    policy_gradient_loss | -0.00555     |
|    value_loss           | 0.00577      |
------------------------------------------
  step   10000/500000 (  2.0%)  mean_rew=-0.005
-----------------------------------------
| time/                   |             |
|    fps                  | 1203        |
|    iterations           | 3           |
|    time_elapsed         | 10          |
|    total_timesteps      | 12288       |
| train/                  |             |
|    approx_kl            | 0.011972342 |
|    clip_fraction        | 0.0533      |
|    clip_range           | 0.2         |
|    entropy_loss         | -1.36       |
|    explained_variance   | 0.491       |
|    learning_rate        | 0.0003      |
|    loss                 | -0.00652    |
|    n_updates            | 20          |
|    policy_gradient_loss | -0.00597    |
|    value_loss           | 0.00527     |
-----------------------------------------
  step   15000/500000 (  3.0%)  mean_rew=-0.003
-----------------------------------------
| time/                   |             |
|    fps                  | 1185        |
|    iterations           | 4           |
|    time_elapsed         | 13          |
|    total_timesteps      | 16384       |
| train/                  |             |
|    approx_kl            | 0.011154242 |
|    clip_fraction        | 0.0945      |
|    clip_range           | 0.2         |
|    entropy_loss         | -1.32       |
|    explained_variance   | 0.656       |
|    learning_rate        | 0.0003      |
|    loss                 | 0.00245     |
|    n_updates            | 30          |
|    policy_gradient_loss | -0.00754    |
|    value_loss           | 0.00455     |
-----------------------------------------
  step   20000/500000 (  4.0%)  mean_rew=+0.001
-----------------------------------------
| time/                   |             |
|    fps                  | 1177        |
|    iterations           | 5           |
|    time_elapsed         | 17          |
|    total_timesteps      | 20480       |
| train/                  |             |
|    approx_kl            | 0.008907948 |
|    clip_fraction        | 0.0618      |
|    clip_range           | 0.2         |
|    entropy_loss         | -1.29       |
|    explained_variance   | 0.733       |
|    learning_rate        | 0.0003      |
|    loss                 | -0.00552    |
|    n_updates            | 40          |
|    policy_gradient_loss | -0.00741    |
|    value_loss           | 0.00476     |
-----------------------------------------
-----------------------------------------
| time/                   |             |
|    fps                  | 1179        |
|    iterations           | 6           |
|    time_elapsed         | 20          |
|    total_timesteps      | 24576       |
| train/                  |             |
|    approx_kl            | 0.011294356 |
|    clip_fraction        | 0.0692      |
|    clip_range           | 0.2         |
|    entropy_loss         | -1.24       |
|    explained_variance   | 0.835       |
|    learning_rate        | 0.0003      |
|    loss                 | 0.0255      |
|    n_updates            | 50          |
|    policy_gradient_loss | -0.00426    |
|    value_loss           | 0.00216     |
-----------------------------------------
  step   25000/500000 (  5.0%)  mean_rew=-0.001
-----------------------------------------
| time/                   |             |
|    fps                  | 1179        |
|    iterations           | 7           |
|    time_elapsed         | 24          |
|    total_timesteps      | 28672       |
| train/                  |             |
|    approx_kl            | 0.010062269 |
|    clip_fraction        | 0.0543      |
|    clip_range           | 0.2         |
|    entropy_loss         | -1.18       |
|    explained_variance   | 0.866       |
|    learning_rate        | 0.0003      |
|    loss                 | -0.0227     |
|    n_updates            | 60          |
|    policy_gradient_loss | -0.00395    |
|    value_loss           | 0.00143     |
-----------------------------------------
  step   30000/500000 (  6.0%)  mean_rew=+0.000
-----------------------------------------
| time/                   |             |
|    fps                  | 1176        |
|    iterations           | 8           |
|    time_elapsed         | 27          |
|    total_timesteps      | 32768       |
| train/                  |             |
|    approx_kl            | 0.009941466 |
|    clip_fraction        | 0.116       |
|    clip_range           | 0.2         |
|    entropy_loss         | -1.12       |
|    explained_variance   | 0.917       |
|    learning_rate        | 0.0003      |
|    loss                 | 0.00319     |
|    n_updates            | 70          |
|    policy_gradient_loss | -0.0104     |
|    value_loss           | 0.00081     |
-----------------------------------------
  step   35000/500000 (  7.0%)  mean_rew=-0.000
-----------------------------------------
| time/                   |             |
|    fps                  | 1174        |
|    iterations           | 9           |
|    time_elapsed         | 31          |
|    total_timesteps      | 36864       |
| train/                  |             |
|    approx_kl            | 0.011220361 |
|    clip_fraction        | 0.118       |
|    clip_range           | 0.2         |
|    entropy_loss         | -1.05       |
|    explained_variance   | 0.902       |
|    learning_rate        | 0.0003      |
|    loss                 | 0.00278     |
|    n_updates            | 80          |
|    policy_gradient_loss | -0.00802    |
|    value_loss           | 0.000918    |
-----------------------------------------
  step   40000/500000 (  8.0%)  mean_rew=-0.003
------------------------------------------
| time/                   |              |
|    fps                  | 1179         |
|    iterations           | 10           |
|    time_elapsed         | 34           |
|    total_timesteps      | 40960        |
| train/                  |              |
|    approx_kl            | 0.0075860606 |
|    clip_fraction        | 0.0657       |
|    clip_range           | 0.2          |
|    entropy_loss         | -1           |
|    explained_variance   | 0.844        |
|    learning_rate        | 0.0003       |
|    loss                 | 0.0132       |
|    n_updates            | 90           |
|    policy_gradient_loss | -0.0056      |
|    value_loss           | 0.00155      |
------------------------------------------
  step   45000/500000 (  9.0%)  mean_rew=-0.002
-----------------------------------------
| time/                   |             |
|    fps                  | 1177        |
|    iterations           | 11          |
|    time_elapsed         | 38          |
|    total_timesteps      | 45056       |
| train/                  |             |
|    approx_kl            | 0.007235082 |
|    clip_fraction        | 0.0436      |
|    clip_range           | 0.2         |
|    entropy_loss         | -1          |
|    explained_variance   | 0.903       |
|    learning_rate        | 0.0003      |
|    loss                 | -0.0263     |
|    n_updates            | 100         |
|    policy_gradient_loss | -0.00253    |
|    value_loss           | 0.000567    |
-----------------------------------------
-----------------------------------------
| time/                   |             |
|    fps                  | 1176        |
|    iterations           | 12          |
|    time_elapsed         | 41          |
|    total_timesteps      | 49152       |
| train/                  |             |
|    approx_kl            | 0.010419961 |
|    clip_fraction        | 0.115       |
|    clip_range           | 0.2         |
|    entropy_loss         | -0.91       |
|    explained_variance   | 0.919       |
|    learning_rate        | 0.0003      |
|    loss                 | 0.000546    |
|    n_updates            | 110         |
|    policy_gradient_loss | -0.00823    |
|    value_loss           | 0.000624    |
-----------------------------------------
  step   50000/500000 ( 10.0%)  mean_rew=-0.001
------------------------------------------
| time/                   |              |
|    fps                  | 1178         |
|    iterations           | 13           |
|    time_elapsed         | 45           |
|    total_timesteps      | 53248        |
| train/                  |              |
|    approx_kl            | 0.0062316908 |
|    clip_fraction        | 0.0566       |
|    clip_range           | 0.2          |
|    entropy_loss         | -0.854       |
|    explained_variance   | 0.895        |
|    learning_rate        | 0.0003       |
|    loss                 | -0.00658     |
|    n_updates            | 120          |
|    policy_gradient_loss | -0.00404     |
|    value_loss           | 0.000689     |
------------------------------------------
  step   55000/500000 ( 11.0%)  mean_rew=-0.002
------------------------------------------
| time/                   |              |
|    fps                  | 1179         |
|    iterations           | 14           |
|    time_elapsed         | 48           |
|    total_timesteps      | 57344        |
| train/                  |              |
|    approx_kl            | 0.0039760205 |
|    clip_fraction        | 0.0524       |
|    clip_range           | 0.2          |
|    entropy_loss         | -0.81        |
|    explained_variance   | 0.897        |
|    learning_rate        | 0.0003       |
|    loss                 | -0.00456     |
|    n_updates            | 130          |
|    policy_gradient_loss | -0.00327     |
|    value_loss           | 0.000517     |
------------------------------------------
  step   60000/500000 ( 12.0%)  mean_rew=+0.001
------------------------------------------
| time/                   |              |
|    fps                  | 1177         |
|    iterations           | 15           |
|    time_elapsed         | 52           |
|    total_timesteps      | 61440        |
| train/                  |              |
|    approx_kl            | 0.0056097815 |
|    clip_fraction        | 0.0789       |
|    clip_range           | 0.2          |
|    entropy_loss         | -0.743       |
|    explained_variance   | 0.874        |
|    learning_rate        | 0.0003       |
|    loss                 | 0.00323      |
|    n_updates            | 140          |
|    policy_gradient_loss | -0.00613     |
|    value_loss           | 0.000724     |
------------------------------------------
  step   65000/500000 ( 13.0%)  mean_rew=-0.001
-----------------------------------------
| time/                   |             |
|    fps                  | 1177        |
|    iterations           | 16          |
|    time_elapsed         | 55          |
|    total_timesteps      | 65536       |
| train/                  |             |
|    approx_kl            | 0.003965175 |
|    clip_fraction        | 0.0421      |
|    clip_range           | 0.2         |
|    entropy_loss         | -0.667      |
|    explained_variance   | 0.886       |
|    learning_rate        | 0.0003      |
|    loss                 | -0.00318    |
|    n_updates            | 150         |
|    policy_gradient_loss | -0.00321    |
|    value_loss           | 0.000534    |
-----------------------------------------
------------------------------------------
| time/                   |              |
|    fps                  | 1179         |
|    iterations           | 17           |
|    time_elapsed         | 59           |
|    total_timesteps      | 69632        |
| train/                  |              |
|    approx_kl            | 0.0035844776 |
|    clip_fraction        | 0.0311       |
|    clip_range           | 0.2          |
|    entropy_loss         | -0.595       |
|    explained_variance   | 0.897        |
|    learning_rate        | 0.0003       |
|    loss                 | 0.0116       |
|    n_updates            | 160          |
|    policy_gradient_loss | -0.00199     |
|    value_loss           | 0.000389     |
------------------------------------------
  step   70000/500000 ( 14.0%)  mean_rew=-0.002
------------------------------------------
| time/                   |              |
|    fps                  | 1179         |
|    iterations           | 18           |
|    time_elapsed         | 62           |
|    total_timesteps      | 73728        |
| train/                  |              |
|    approx_kl            | 0.0044637504 |
|    clip_fraction        | 0.0446       |
|    clip_range           | 0.2          |
|    entropy_loss         | -0.534       |
|    explained_variance   | 0.891        |
|    learning_rate        | 0.0003       |
|    loss                 | -0.00495     |
|    n_updates            | 170          |
|    policy_gradient_loss | -0.00361     |
|    value_loss           | 0.000324     |
------------------------------------------
  step   75000/500000 ( 15.0%)  mean_rew=-0.003
------------------------------------------
| time/                   |              |
|    fps                  | 1179         |
|    iterations           | 19           |
|    time_elapsed         | 65           |
|    total_timesteps      | 77824        |
| train/                  |              |
|    approx_kl            | 0.0027698078 |
|    clip_fraction        | 0.034        |
|    clip_range           | 0.2          |
|    entropy_loss         | -0.473       |
|    explained_variance   | 0.937        |
|    learning_rate        | 0.0003       |
|    loss                 | -0.0105      |
|    n_updates            | 180          |
|    policy_gradient_loss | -0.00341     |
|    value_loss           | 0.000192     |
------------------------------------------
  step   80000/500000 ( 16.0%)  mean_rew=-0.002
-----------------------------------------
| time/                   |             |
|    fps                  | 1181        |
|    iterations           | 20          |
|    time_elapsed         | 69          |
|    total_timesteps      | 81920       |
| train/                  |             |
|    approx_kl            | 0.003621283 |
|    clip_fraction        | 0.0429      |
|    clip_range           | 0.2         |
|    entropy_loss         | -0.436      |
|    explained_variance   | 0.902       |
|    learning_rate        | 0.0003      |
|    loss                 | -0.000538   |
|    n_updates            | 190         |
|    policy_gradient_loss | -0.00246    |
|    value_loss           | 0.000274    |
-----------------------------------------
  step   85000/500000 ( 17.0%)  mean_rew=-0.003
------------------------------------------
| time/                   |              |
|    fps                  | 1181         |
|    iterations           | 21           |
|    time_elapsed         | 72           |
|    total_timesteps      | 86016        |
| train/                  |              |
|    approx_kl            | 0.0033720068 |
|    clip_fraction        | 0.0296       |
|    clip_range           | 0.2          |
|    entropy_loss         | -0.419       |
|    explained_variance   | 0.915        |
|    learning_rate        | 0.0003       |
|    loss                 | 0.00429      |
|    n_updates            | 200          |
|    policy_gradient_loss | -0.00174     |
|    value_loss           | 0.000175     |
------------------------------------------
  step   90000/500000 ( 18.0%)  mean_rew=+0.000
-----------------------------------------
| time/                   |             |
|    fps                  | 1181        |
|    iterations           | 22          |
|    time_elapsed         | 76          |
|    total_timesteps      | 90112       |
| train/                  |             |
|    approx_kl            | 0.003042957 |
|    clip_fraction        | 0.0358      |
|    clip_range           | 0.2         |
|    entropy_loss         | -0.368      |
|    explained_variance   | 0.941       |
|    learning_rate        | 0.0003      |
|    loss                 | -0.0118     |
|    n_updates            | 210         |
|    policy_gradient_loss | -0.00235    |
|    value_loss           | 0.000129    |
-----------------------------------------
------------------------------------------
| time/                   |              |
|    fps                  | 1181         |
|    iterations           | 23           |
|    time_elapsed         | 79           |
|    total_timesteps      | 94208        |
| train/                  |              |
|    approx_kl            | 0.0016918853 |
|    clip_fraction        | 0.0248       |
|    clip_range           | 0.2          |
|    entropy_loss         | -0.358       |
|    explained_variance   | 0.892        |
|    learning_rate        | 0.0003       |
|    loss                 | -0.00523     |
|    n_updates            | 220          |
|    policy_gradient_loss | -0.00153     |
|    value_loss           | 0.000229     |
------------------------------------------
  step   95000/500000 ( 19.0%)  mean_rew=+0.000
------------------------------------------
| time/                   |              |
|    fps                  | 1183         |
|    iterations           | 24           |
|    time_elapsed         | 83           |
|    total_timesteps      | 98304        |
| train/                  |              |
|    approx_kl            | 0.0031171045 |
|    clip_fraction        | 0.022        |
|    clip_range           | 0.2          |
|    entropy_loss         | -0.35        |
|    explained_variance   | 0.907        |
|    learning_rate        | 0.0003       |
|    loss                 | -0.000555    |
|    n_updates            | 230          |
|    policy_gradient_loss | -0.00123     |
|    value_loss           | 0.000173     |
------------------------------------------
  step  100000/500000 ( 20.0%)  mean_rew=-0.001
------------------------------------------
| time/                   |              |
|    fps                  | 1183         |
|    iterations           | 25           |
|    time_elapsed         | 86           |
|    total_timesteps      | 102400       |
| train/                  |              |
|    approx_kl            | 0.0016672988 |
|    clip_fraction        | 0.0159       |
|    clip_range           | 0.2          |
|    entropy_loss         | -0.345       |
|    explained_variance   | 0.911        |
|    learning_rate        | 0.0003       |
|    loss                 | 0.00164      |
|    n_updates            | 240          |
|    policy_gradient_loss | -0.000942    |
|    value_loss           | 0.000114     |
------------------------------------------
  step  105000/500000 ( 21.0%)  mean_rew=-0.002
-------------------------------------------
| time/                   |               |
|    fps                  | 1182          |
|    iterations           | 26            |
|    time_elapsed         | 90            |
|    total_timesteps      | 106496        |
| train/                  |               |
|    approx_kl            | 0.00063095416 |
|    clip_fraction        | 0.00962       |
|    clip_range           | 0.2           |
|    entropy_loss         | -0.327        |
|    explained_variance   | 0.94          |
|    learning_rate        | 0.0003        |
|    loss                 | 0.000847      |
|    n_updates            | 250           |
|    policy_gradient_loss | -0.000817     |
|    value_loss           | 9.22e-05      |
-------------------------------------------
  step  110000/500000 ( 22.0%)  mean_rew=-0.001
------------------------------------------
| time/                   |              |
|    fps                  | 1184         |
|    iterations           | 27           |
|    time_elapsed         | 93           |
|    total_timesteps      | 110592       |
| train/                  |              |
|    approx_kl            | 0.0012734359 |
|    clip_fraction        | 0.0105       |
|    clip_range           | 0.2          |
|    entropy_loss         | -0.32        |
|    explained_variance   | 0.876        |
|    learning_rate        | 0.0003       |
|    loss                 | 0.0047       |
|    n_updates            | 260          |
|    policy_gradient_loss | -0.000758    |
|    value_loss           | 0.000194     |
------------------------------------------
------------------------------------------
| time/                   |              |
|    fps                  | 1184         |
|    iterations           | 28           |
|    time_elapsed         | 96           |
|    total_timesteps      | 114688       |
| train/                  |              |
|    approx_kl            | 0.0019750823 |
|    clip_fraction        | 0.0241       |
|    clip_range           | 0.2          |
|    entropy_loss         | -0.294       |
|    explained_variance   | 0.903        |
|    learning_rate        | 0.0003       |
|    loss                 | -0.000152    |
|    n_updates            | 270          |
|    policy_gradient_loss | -0.0015      |
|    value_loss           | 0.000127     |
------------------------------------------
  step  115000/500000 ( 23.0%)  mean_rew=+0.000
------------------------------------------
| time/                   |              |
|    fps                  | 1184         |
|    iterations           | 29           |
|    time_elapsed         | 100          |
|    total_timesteps      | 118784       |
| train/                  |              |
|    approx_kl            | 0.0013450778 |
|    clip_fraction        | 0.0184       |
|    clip_range           | 0.2          |
|    entropy_loss         | -0.274       |
|    explained_variance   | 0.928        |
|    learning_rate        | 0.0003       |
|    loss                 | 0.00152      |
|    n_updates            | 280          |
|    policy_gradient_loss | -0.00177     |
|    value_loss           | 0.0001       |
------------------------------------------
  step  120000/500000 ( 24.0%)  mean_rew=-0.002
------------------------------------------
| time/                   |              |
|    fps                  | 1183         |
|    iterations           | 30           |
|    time_elapsed         | 103          |
|    total_timesteps      | 122880       |
| train/                  |              |
|    approx_kl            | 0.0012018511 |
|    clip_fraction        | 0.0119       |
|    clip_range           | 0.2          |
|    entropy_loss         | -0.25        |
|    explained_variance   | 0.888        |
|    learning_rate        | 0.0003       |
|    loss                 | -0.00373     |
|    n_updates            | 290          |
|    policy_gradient_loss | -0.000663    |
|    value_loss           | 0.000148     |
------------------------------------------
  step  125000/500000 ( 25.0%)  mean_rew=-0.001
------------------------------------------
| time/                   |              |
|    fps                  | 1184         |
|    iterations           | 31           |
|    time_elapsed         | 107          |
|    total_timesteps      | 126976       |
| train/                  |              |
|    approx_kl            | 0.0012020967 |
|    clip_fraction        | 0.0162       |
|    clip_range           | 0.2          |
|    entropy_loss         | -0.237       |
|    explained_variance   | 0.895        |
|    learning_rate        | 0.0003       |
|    loss                 | 0.00442      |
|    n_updates            | 300          |
|    policy_gradient_loss | -0.000469    |
|    value_loss           | 0.000132     |
------------------------------------------
  step  130000/500000 ( 26.0%)  mean_rew=+0.000
-------------------------------------------
| time/                   |               |
|    fps                  | 1184          |
|    iterations           | 32            |
|    time_elapsed         | 110           |
|    total_timesteps      | 131072        |
| train/                  |               |
|    approx_kl            | 0.00093511166 |
|    clip_fraction        | 0.0125        |
|    clip_range           | 0.2           |
|    entropy_loss         | -0.219        |
|    explained_variance   | 0.898         |
|    learning_rate        | 0.0003        |
|    loss                 | -0.000878     |
|    n_updates            | 310           |
|    policy_gradient_loss | -0.000896     |
|    value_loss           | 0.000105      |
-------------------------------------------
  step  135000/500000 ( 27.0%)  mean_rew=-0.001
-------------------------------------------
| time/                   |               |
|    fps                  | 1184          |
|    iterations           | 33            |
|    time_elapsed         | 114           |
|    total_timesteps      | 135168        |
| train/                  |               |
|    approx_kl            | 0.00084333756 |
|    clip_fraction        | 0.00901       |
|    clip_range           | 0.2           |
|    entropy_loss         | -0.213        |
|    explained_variance   | 0.936         |
|    learning_rate        | 0.0003        |
|    loss                 | -0.00233      |
|    n_updates            | 320           |
|    policy_gradient_loss | -0.000566     |
|    value_loss           | 7.48e-05      |
-------------------------------------------
-----------------------------------------
| time/                   |             |
|    fps                  | 1185        |
|    iterations           | 34          |
|    time_elapsed         | 117         |
|    total_timesteps      | 139264      |
| train/                  |             |
|    approx_kl            | 0.001185521 |
|    clip_fraction        | 0.0145      |
|    clip_range           | 0.2         |
|    entropy_loss         | -0.203      |
|    explained_variance   | 0.892       |
|    learning_rate        | 0.0003      |
|    loss                 | 0.00635     |
|    n_updates            | 330         |
|    policy_gradient_loss | -0.000613   |
|    value_loss           | 0.000126    |
-----------------------------------------
  step  140000/500000 ( 28.0%)  mean_rew=-0.002
------------------------------------------
| time/                   |              |
|    fps                  | 1185         |
|    iterations           | 35           |
|    time_elapsed         | 120          |
|    total_timesteps      | 143360       |
| train/                  |              |
|    approx_kl            | 0.0030319127 |
|    clip_fraction        | 0.0185       |
|    clip_range           | 0.2          |
|    entropy_loss         | -0.217       |
|    explained_variance   | 0.906        |
|    learning_rate        | 0.0003       |
|    loss                 | -0.00719     |
|    n_updates            | 340          |
|    policy_gradient_loss | -0.00104     |
|    value_loss           | 8.55e-05     |
------------------------------------------
  step  145000/500000 ( 29.0%)  mean_rew=-0.001
------------------------------------------
| time/                   |              |
|    fps                  | 1185         |
|    iterations           | 36           |
|    time_elapsed         | 124          |
|    total_timesteps      | 147456       |
| train/                  |              |
|    approx_kl            | 0.0010704345 |
|    clip_fraction        | 0.0142       |
|    clip_range           | 0.2          |
|    entropy_loss         | -0.207       |
|    explained_variance   | 0.918        |
|    learning_rate        | 0.0003       |
|    loss                 | 0.00442      |
|    n_updates            | 350          |
|    policy_gradient_loss | -0.000967    |
|    value_loss           | 8.58e-05     |
------------------------------------------
  step  150000/500000 ( 30.0%)  mean_rew=-0.000
------------------------------------------
| time/                   |              |
|    fps                  | 1185         |
|    iterations           | 37           |
|    time_elapsed         | 127          |
|    total_timesteps      | 151552       |
| train/                  |              |
|    approx_kl            | 0.0009298589 |
|    clip_fraction        | 0.0147       |
|    clip_range           | 0.2          |
|    entropy_loss         | -0.195       |
|    explained_variance   | 0.89         |
|    learning_rate        | 0.0003       |
|    loss                 | -0.00145     |
|    n_updates            | 360          |
|    policy_gradient_loss | -0.00083     |
|    value_loss           | 0.000118     |
------------------------------------------
  step  155000/500000 ( 31.0%)  mean_rew=+0.001
------------------------------------------
| time/                   |              |
|    fps                  | 1185         |
|    iterations           | 38           |
|    time_elapsed         | 131          |
|    total_timesteps      | 155648       |
| train/                  |              |
|    approx_kl            | 0.0005921287 |
|    clip_fraction        | 0.0114       |
|    clip_range           | 0.2          |
|    entropy_loss         | -0.187       |
|    explained_variance   | 0.869        |
|    learning_rate        | 0.0003       |
|    loss                 | 0.000703     |
|    n_updates            | 370          |
|    policy_gradient_loss | -0.000224    |
|    value_loss           | 0.000152     |
------------------------------------------
------------------------------------------
| time/                   |              |
|    fps                  | 1185         |
|    iterations           | 39           |
|    time_elapsed         | 134          |
|    total_timesteps      | 159744       |
| train/                  |              |
|    approx_kl            | 0.0006883254 |
|    clip_fraction        | 0.0104       |
|    clip_range           | 0.2          |
|    entropy_loss         | -0.19        |
|    explained_variance   | 0.898        |
|    learning_rate        | 0.0003       |
|    loss                 | -0.0129      |
|    n_updates            | 380          |
|    policy_gradient_loss | -0.000673    |
|    value_loss           | 9.24e-05     |
------------------------------------------
  step  160000/500000 ( 32.0%)  mean_rew=-0.000
-------------------------------------------
| time/                   |               |
|    fps                  | 1185          |
|    iterations           | 40            |
|    time_elapsed         | 138           |
|    total_timesteps      | 163840        |
| train/                  |               |
|    approx_kl            | 0.00062931713 |
|    clip_fraction        | 0.0101        |
|    clip_range           | 0.2           |
|    entropy_loss         | -0.196        |
|    explained_variance   | 0.922         |
|    learning_rate        | 0.0003        |
|    loss                 | -0.000306     |
|    n_updates            | 390           |
|    policy_gradient_loss | -0.000414     |
|    value_loss           | 8.14e-05      |
-------------------------------------------
  step  165000/500000 ( 33.0%)  mean_rew=+0.000
------------------------------------------
| time/                   |              |
|    fps                  | 1186         |
|    iterations           | 41           |
|    time_elapsed         | 141          |
|    total_timesteps      | 167936       |
| train/                  |              |
|    approx_kl            | 0.0011452982 |
|    clip_fraction        | 0.013        |
|    clip_range           | 0.2          |
|    entropy_loss         | -0.187       |
|    explained_variance   | 0.881        |
|    learning_rate        | 0.0003       |
|    loss                 | 0.00374      |
|    n_updates            | 400          |
|    policy_gradient_loss | -0.000423    |
|    value_loss           | 0.000123     |
------------------------------------------
  step  170000/500000 ( 34.0%)  mean_rew=-0.002
------------------------------------------
| time/                   |              |
|    fps                  | 1185         |
|    iterations           | 42           |
|    time_elapsed         | 145          |
|    total_timesteps      | 172032       |
| train/                  |              |
|    approx_kl            | 0.0008445055 |
|    clip_fraction        | 0.0124       |
|    clip_range           | 0.2          |
|    entropy_loss         | -0.176       |
|    explained_variance   | 0.901        |
|    learning_rate        | 0.0003       |
|    loss                 | 0.0006       |
|    n_updates            | 410          |
|    policy_gradient_loss | -0.000807    |
|    value_loss           | 8.32e-05     |
------------------------------------------
  step  175000/500000 ( 35.0%)  mean_rew=+0.002
------------------------------------------
| time/                   |              |
|    fps                  | 1185         |
|    iterations           | 43           |
|    time_elapsed         | 148          |
|    total_timesteps      | 176128       |
| train/                  |              |
|    approx_kl            | 0.0010402715 |
|    clip_fraction        | 0.0108       |
|    clip_range           | 0.2          |
|    entropy_loss         | -0.164       |
|    explained_variance   | 0.914        |
|    learning_rate        | 0.0003       |
|    loss                 | -0.00083     |
|    n_updates            | 420          |
|    policy_gradient_loss | -0.000547    |
|    value_loss           | 8.24e-05     |
------------------------------------------
  step  180000/500000 ( 36.0%)  mean_rew=+0.001
------------------------------------------
| time/                   |              |
|    fps                  | 1185         |
|    iterations           | 44           |
|    time_elapsed         | 152          |
|    total_timesteps      | 180224       |
| train/                  |              |
|    approx_kl            | 0.0011415698 |
|    clip_fraction        | 0.0114       |
|    clip_range           | 0.2          |
|    entropy_loss         | -0.153       |
|    explained_variance   | 0.884        |
|    learning_rate        | 0.0003       |
|    loss                 | -0.000637    |
|    n_updates            | 430          |
|    policy_gradient_loss | -0.000332    |
|    value_loss           | 0.000115     |
------------------------------------------
------------------------------------------
| time/                   |              |
|    fps                  | 1185         |
|    iterations           | 45           |
|    time_elapsed         | 155          |
|    total_timesteps      | 184320       |
| train/                  |              |
|    approx_kl            | 0.0007228912 |
|    clip_fraction        | 0.00645      |
|    clip_range           | 0.2          |
|    entropy_loss         | -0.145       |
|    explained_variance   | 0.885        |
|    learning_rate        | 0.0003       |
|    loss                 | 0.00141      |
|    n_updates            | 440          |
|    policy_gradient_loss | 8.72e-05     |
|    value_loss           | 0.000115     |
------------------------------------------
  step  185000/500000 ( 37.0%)  mean_rew=-0.001
-----------------------------------------
| time/                   |             |
|    fps                  | 1185        |
|    iterations           | 46          |
|    time_elapsed         | 158         |
|    total_timesteps      | 188416      |
| train/                  |             |
|    approx_kl            | 0.001567601 |
|    clip_fraction        | 0.0155      |
|    clip_range           | 0.2         |
|    entropy_loss         | -0.125      |
|    explained_variance   | 0.895       |
|    learning_rate        | 0.0003      |
|    loss                 | 0.00113     |
|    n_updates            | 450         |
|    policy_gradient_loss | -0.00087    |
|    value_loss           | 9.71e-05    |
-----------------------------------------
  step  190000/500000 ( 38.0%)  mean_rew=+0.001
------------------------------------------
| time/                   |              |
|    fps                  | 1185         |
|    iterations           | 47           |
|    time_elapsed         | 162          |
|    total_timesteps      | 192512       |
| train/                  |              |
|    approx_kl            | 0.0014020153 |
|    clip_fraction        | 0.00981      |
|    clip_range           | 0.2          |
|    entropy_loss         | -0.124       |
|    explained_variance   | 0.918        |
|    learning_rate        | 0.0003       |
|    loss                 | -0.00301     |
|    n_updates            | 460          |
|    policy_gradient_loss | -0.000913    |
|    value_loss           | 7.73e-05     |
------------------------------------------
  step  195000/500000 ( 39.0%)  mean_rew=+0.000
------------------------------------------
| time/                   |              |
|    fps                  | 1186         |
|    iterations           | 48           |
|    time_elapsed         | 165          |
|    total_timesteps      | 196608       |
| train/                  |              |
|    approx_kl            | 0.0002675976 |
|    clip_fraction        | 0.00364      |
|    clip_range           | 0.2          |
|    entropy_loss         | -0.128       |
|    explained_variance   | 0.881        |
|    learning_rate        | 0.0003       |
|    loss                 | -0.00315     |
|    n_updates            | 470          |
|    policy_gradient_loss | -6.39e-05    |
|    value_loss           | 0.000122     |
------------------------------------------
  step  200000/500000 ( 40.0%)  mean_rew=+0.000
------------------------------------------
| time/                   |              |
|    fps                  | 1186         |
|    iterations           | 49           |
|    time_elapsed         | 169          |
|    total_timesteps      | 200704       |
| train/                  |              |
|    approx_kl            | 0.0006623302 |
|    clip_fraction        | 0.0109       |
|    clip_range           | 0.2          |
|    entropy_loss         | -0.134       |
|    explained_variance   | 0.905        |
|    learning_rate        | 0.0003       |
|    loss                 | -0.000737    |
|    n_updates            | 480          |
|    policy_gradient_loss | -0.000416    |
|    value_loss           | 8.13e-05     |
------------------------------------------
------------------------------------------
| time/                   |              |
|    fps                  | 1185         |
|    iterations           | 50           |
|    time_elapsed         | 172          |
|    total_timesteps      | 204800       |
| train/                  |              |
|    approx_kl            | 0.0007412423 |
|    clip_fraction        | 0.0158       |
|    clip_range           | 0.2          |
|    entropy_loss         | -0.132       |
|    explained_variance   | 0.931        |
|    learning_rate        | 0.0003       |
|    loss                 | -0.00359     |
|    n_updates            | 490          |
|    policy_gradient_loss | -0.00091     |
|    value_loss           | 6.36e-05     |
------------------------------------------
  step  205000/500000 ( 41.0%)  mean_rew=+0.001
-------------------------------------------
| time/                   |               |
|    fps                  | 1186          |
|    iterations           | 51            |
|    time_elapsed         | 176           |
|    total_timesteps      | 208896        |
| train/                  |               |
|    approx_kl            | 0.00083937193 |
|    clip_fraction        | 0.0104        |
|    clip_range           | 0.2           |
|    entropy_loss         | -0.131        |
|    explained_variance   | 0.885         |
|    learning_rate        | 0.0003        |
|    loss                 | 0.00134       |
|    n_updates            | 500           |
|    policy_gradient_loss | -0.000864     |
|    value_loss           | 0.000107      |
-------------------------------------------
  step  210000/500000 ( 42.0%)  mean_rew=-0.001
-------------------------------------------
| time/                   |               |
|    fps                  | 1186          |
|    iterations           | 52            |
|    time_elapsed         | 179           |
|    total_timesteps      | 212992        |
| train/                  |               |
|    approx_kl            | 0.00044231443 |
|    clip_fraction        | 0.00642       |
|    clip_range           | 0.2           |
|    entropy_loss         | -0.135        |
|    explained_variance   | 0.887         |
|    learning_rate        | 0.0003        |
|    loss                 | -2.99e-05     |
|    n_updates            | 510           |
|    policy_gradient_loss | -0.0002       |
|    value_loss           | 0.000101      |
-------------------------------------------
  step  215000/500000 ( 43.0%)  mean_rew=+0.001
-------------------------------------------
| time/                   |               |
|    fps                  | 1186          |
|    iterations           | 53            |
|    time_elapsed         | 183           |
|    total_timesteps      | 217088        |
| train/                  |               |
|    approx_kl            | 0.00083549717 |
|    clip_fraction        | 0.0137        |
|    clip_range           | 0.2           |
|    entropy_loss         | -0.132        |
|    explained_variance   | 0.929         |
|    learning_rate        | 0.0003        |
|    loss                 | 0.000827      |
|    n_updates            | 520           |
|    policy_gradient_loss | -0.000741     |
|    value_loss           | 6.25e-05      |
-------------------------------------------
  step  220000/500000 ( 44.0%)  mean_rew=-0.001
-----------------------------------------
| time/                   |             |
|    fps                  | 1185        |
|    iterations           | 54          |
|    time_elapsed         | 186         |
|    total_timesteps      | 221184      |
| train/                  |             |
|    approx_kl            | 0.000971175 |
|    clip_fraction        | 0.0128      |
|    clip_range           | 0.2         |
|    entropy_loss         | -0.126      |
|    explained_variance   | 0.883       |
|    learning_rate        | 0.0003      |
|    loss                 | -0.00107    |
|    n_updates            | 530         |
|    policy_gradient_loss | -0.000598   |
|    value_loss           | 0.000115    |
-----------------------------------------
  step  225000/500000 ( 45.0%)  mean_rew=-0.001
------------------------------------------
| time/                   |              |
|    fps                  | 1186         |
|    iterations           | 55           |
|    time_elapsed         | 189          |
|    total_timesteps      | 225280       |
| train/                  |              |
|    approx_kl            | 0.0012633313 |
|    clip_fraction        | 0.0232       |
|    clip_range           | 0.2          |
|    entropy_loss         | -0.129       |
|    explained_variance   | 0.884        |
|    learning_rate        | 0.0003       |
|    loss                 | -5.79e-05    |
|    n_updates            | 540          |
|    policy_gradient_loss | -0.0013      |
|    value_loss           | 0.000113     |
------------------------------------------
------------------------------------------
| time/                   |              |
|    fps                  | 1186         |
|    iterations           | 56           |
|    time_elapsed         | 193          |
|    total_timesteps      | 229376       |
| train/                  |              |
|    approx_kl            | 0.0012028262 |
|    clip_fraction        | 0.0122       |
|    clip_range           | 0.2          |
|    entropy_loss         | -0.125       |
|    explained_variance   | 0.899        |
|    learning_rate        | 0.0003       |
|    loss                 | 0.00893      |
|    n_updates            | 550          |
|    policy_gradient_loss | -0.000315    |
|    value_loss           | 8.27e-05     |
------------------------------------------
  step  230000/500000 ( 46.0%)  mean_rew=+0.001
------------------------------------------
| time/                   |              |
|    fps                  | 1185         |
|    iterations           | 57           |
|    time_elapsed         | 196          |
|    total_timesteps      | 233472       |
| train/                  |              |
|    approx_kl            | 0.0007046168 |
|    clip_fraction        | 0.00898      |
|    clip_range           | 0.2          |
|    entropy_loss         | -0.113       |
|    explained_variance   | 0.928        |
|    learning_rate        | 0.0003       |
|    loss                 | -0.00122     |
|    n_updates            | 560          |
|    policy_gradient_loss | -0.000201    |
|    value_loss           | 6.24e-05     |
------------------------------------------
  step  235000/500000 ( 47.0%)  mean_rew=-0.001
------------------------------------------
| time/                   |              |
|    fps                  | 1186         |
|    iterations           | 58           |
|    time_elapsed         | 200          |
|    total_timesteps      | 237568       |
| train/                  |              |
|    approx_kl            | 0.0013879582 |
|    clip_fraction        | 0.00879      |
|    clip_range           | 0.2          |
|    entropy_loss         | -0.124       |
|    explained_variance   | 0.871        |
|    learning_rate        | 0.0003       |
|    loss                 | 0.00244      |
|    n_updates            | 570          |
|    policy_gradient_loss | -0.000391    |
|    value_loss           | 0.000129     |
------------------------------------------
  step  240000/500000 ( 48.0%)  mean_rew=-0.001
-------------------------------------------
| time/                   |               |
|    fps                  | 1186          |
|    iterations           | 59            |
|    time_elapsed         | 203           |
|    total_timesteps      | 241664        |
| train/                  |               |
|    approx_kl            | 0.00095495133 |
|    clip_fraction        | 0.00913       |
|    clip_range           | 0.2           |
|    entropy_loss         | -0.123        |
|    explained_variance   | 0.898         |
|    learning_rate        | 0.0003        |
|    loss                 | -0.0067       |
|    n_updates            | 580           |
|    policy_gradient_loss | -0.000229     |
|    value_loss           | 9.04e-05      |
-------------------------------------------
  step  245000/500000 ( 49.0%)  mean_rew=-0.003
-----------------------------------------
| time/                   |             |
|    fps                  | 1186        |
|    iterations           | 60          |
|    time_elapsed         | 207         |
|    total_timesteps      | 245760      |
| train/                  |             |
|    approx_kl            | 0.019215938 |
|    clip_fraction        | 0.0149      |
|    clip_range           | 0.2         |
|    entropy_loss         | -0.148      |
|    explained_variance   | 0.928       |
|    learning_rate        | 0.0003      |
|    loss                 | -0.018      |
|    n_updates            | 590         |
|    policy_gradient_loss | -0.00148    |
|    value_loss           | 6.26e-05    |
-----------------------------------------
------------------------------------------
| time/                   |              |
|    fps                  | 1185         |
|    iterations           | 61           |
|    time_elapsed         | 210          |
|    total_timesteps      | 249856       |
| train/                  |              |
|    approx_kl            | 0.0036379662 |
|    clip_fraction        | 0.0455       |
|    clip_range           | 0.2          |
|    entropy_loss         | -0.276       |
|    explained_variance   | 0.856        |
|    learning_rate        | 0.0003       |
|    loss                 | -0.000236    |
|    n_updates            | 600          |
|    policy_gradient_loss | -0.000918    |
|    value_loss           | 0.00015      |
------------------------------------------
  step  250000/500000 ( 50.0%)  mean_rew=+0.001
------------------------------------------
| time/                   |              |
|    fps                  | 1186         |
|    iterations           | 62           |
|    time_elapsed         | 214          |
|    total_timesteps      | 253952       |
| train/                  |              |
|    approx_kl            | 0.0012434121 |
|    clip_fraction        | 0.0187       |
|    clip_range           | 0.2          |
|    entropy_loss         | -0.233       |
|    explained_variance   | 0.864        |
|    learning_rate        | 0.0003       |
|    loss                 | -0.00339     |
|    n_updates            | 610          |
|    policy_gradient_loss | -0.000752    |
|    value_loss           | 0.000149     |
------------------------------------------
  step  255000/500000 ( 51.0%)  mean_rew=-0.001
------------------------------------------
| time/                   |              |
|    fps                  | 1185         |
|    iterations           | 63           |
|    time_elapsed         | 217          |
|    total_timesteps      | 258048       |
| train/                  |              |
|    approx_kl            | 0.0013351794 |
|    clip_fraction        | 0.0202       |
|    clip_range           | 0.2          |
|    entropy_loss         | -0.204       |
|    explained_variance   | 0.891        |
|    learning_rate        | 0.0003       |
|    loss                 | -0.008       |
|    n_updates            | 620          |
|    policy_gradient_loss | -0.000491    |
|    value_loss           | 0.000102     |
------------------------------------------
  step  260000/500000 ( 52.0%)  mean_rew=-0.002
------------------------------------------
| time/                   |              |
|    fps                  | 1185         |
|    iterations           | 64           |
|    time_elapsed         | 221          |
|    total_timesteps      | 262144       |
| train/                  |              |
|    approx_kl            | 0.0013688118 |
|    clip_fraction        | 0.00857      |
|    clip_range           | 0.2          |
|    entropy_loss         | -0.184       |
|    explained_variance   | 0.913        |
|    learning_rate        | 0.0003       |
|    loss                 | -0.00291     |
|    n_updates            | 630          |
|    policy_gradient_loss | -0.000128    |
|    value_loss           | 9e-05        |
------------------------------------------
  step  265000/500000 ( 53.0%)  mean_rew=-0.000
-------------------------------------------
| time/                   |               |
|    fps                  | 1185          |
|    iterations           | 65            |
|    time_elapsed         | 224           |
|    total_timesteps      | 266240        |
| train/                  |               |
|    approx_kl            | 0.00073399453 |
|    clip_fraction        | 0.0129        |
|    clip_range           | 0.2           |
|    entropy_loss         | -0.164        |
|    explained_variance   | 0.869         |
|    learning_rate        | 0.0003        |
|    loss                 | -0.00244      |
|    n_updates            | 640           |
|    policy_gradient_loss | -0.0004       |
|    value_loss           | 0.000142      |
-------------------------------------------
  step  270000/500000 ( 54.0%)  mean_rew=-0.002
-------------------------------------------
| time/                   |               |
|    fps                  | 1185          |
|    iterations           | 66            |
|    time_elapsed         | 228           |
|    total_timesteps      | 270336        |
| train/                  |               |
|    approx_kl            | 0.00070200104 |
|    clip_fraction        | 0.0154        |
|    clip_range           | 0.2           |
|    entropy_loss         | -0.151        |
|    explained_variance   | 0.886         |
|    learning_rate        | 0.0003        |
|    loss                 | -0.000604     |
|    n_updates            | 650           |
|    policy_gradient_loss | -0.000415     |
|    value_loss           | 0.000107      |
-------------------------------------------
------------------------------------------
| time/                   |              |
|    fps                  | 1185         |
|    iterations           | 67           |
|    time_elapsed         | 231          |
|    total_timesteps      | 274432       |
| train/                  |              |
|    approx_kl            | 0.0008367162 |
|    clip_fraction        | 0.0109       |
|    clip_range           | 0.2          |
|    entropy_loss         | -0.138       |
|    explained_variance   | 0.937        |
|    learning_rate        | 0.0003       |
|    loss                 | -0.00456     |
|    n_updates            | 660          |
|    policy_gradient_loss | -9e-05       |
|    value_loss           | 6.42e-05     |
------------------------------------------
  step  275000/500000 ( 55.0%)  mean_rew=-0.000
------------------------------------------
| time/                   |              |
|    fps                  | 1185         |
|    iterations           | 68           |
|    time_elapsed         | 235          |
|    total_timesteps      | 278528       |
| train/                  |              |
|    approx_kl            | 0.0008212636 |
|    clip_fraction        | 0.0105       |
|    clip_range           | 0.2          |
|    entropy_loss         | -0.134       |
|    explained_variance   | 0.877        |
|    learning_rate        | 0.0003       |
|    loss                 | -0.00037     |
|    n_updates            | 670          |
|    policy_gradient_loss | -0.000243    |
|    value_loss           | 0.000131     |
------------------------------------------
  step  280000/500000 ( 56.0%)  mean_rew=+0.001
------------------------------------------
| time/                   |              |
|    fps                  | 1185         |
|    iterations           | 69           |
|    time_elapsed         | 238          |
|    total_timesteps      | 282624       |
| train/                  |              |
|    approx_kl            | 0.0010307676 |
|    clip_fraction        | 0.0175       |
|    clip_range           | 0.2          |
|    entropy_loss         | -0.124       |
|    explained_variance   | 0.894        |
|    learning_rate        | 0.0003       |
|    loss                 | -0.00183     |
|    n_updates            | 680          |
|    policy_gradient_loss | -0.00073     |
|    value_loss           | 0.000107     |
------------------------------------------
  step  285000/500000 ( 57.0%)  mean_rew=-0.001
-------------------------------------------
| time/                   |               |
|    fps                  | 1185          |
|    iterations           | 70            |
|    time_elapsed         | 241           |
|    total_timesteps      | 286720        |
| train/                  |               |
|    approx_kl            | 0.00055432436 |
|    clip_fraction        | 0.0103        |
|    clip_range           | 0.2           |
|    entropy_loss         | -0.124        |
|    explained_variance   | 0.908         |
|    learning_rate        | 0.0003        |
|    loss                 | -0.000707     |
|    n_updates            | 690           |
|    policy_gradient_loss | -0.00032      |
|    value_loss           | 7.91e-05      |
-------------------------------------------
  step  290000/500000 ( 58.0%)  mean_rew=-0.002
-------------------------------------------
| time/                   |               |
|    fps                  | 1185          |
|    iterations           | 71            |
|    time_elapsed         | 245           |
|    total_timesteps      | 290816        |
| train/                  |               |
|    approx_kl            | 0.00084756763 |
|    clip_fraction        | 0.00693       |
|    clip_range           | 0.2           |
|    entropy_loss         | -0.118        |
|    explained_variance   | 0.923         |
|    learning_rate        | 0.0003        |
|    loss                 | 0.000135      |
|    n_updates            | 700           |
|    policy_gradient_loss | -0.000356     |
|    value_loss           | 7.12e-05      |
-------------------------------------------
-----------------------------------------
| time/                   |             |
|    fps                  | 1185        |
|    iterations           | 72          |
|    time_elapsed         | 248         |
|    total_timesteps      | 294912      |
| train/                  |             |
|    approx_kl            | 0.000907717 |
|    clip_fraction        | 0.0106      |
|    clip_range           | 0.2         |
|    entropy_loss         | -0.117      |
|    explained_variance   | 0.88        |
|    learning_rate        | 0.0003      |
|    loss                 | 0.00216     |
|    n_updates            | 710         |
|    policy_gradient_loss | -0.000647   |
|    value_loss           | 0.00012     |
-----------------------------------------
  step  295000/500000 ( 59.0%)  mean_rew=-0.002
------------------------------------------
| time/                   |              |
|    fps                  | 1185         |
|    iterations           | 73           |
|    time_elapsed         | 252          |
|    total_timesteps      | 299008       |
| train/                  |              |
|    approx_kl            | 0.0014602588 |
|    clip_fraction        | 0.0105       |
|    clip_range           | 0.2          |
|    entropy_loss         | -0.124       |
|    explained_variance   | 0.9          |
|    learning_rate        | 0.0003       |
|    loss                 | -0.00236     |
|    n_updates            | 720          |
|    policy_gradient_loss | -0.000525    |
|    value_loss           | 8.28e-05     |
------------------------------------------
  step  300000/500000 ( 60.0%)  mean_rew=-0.001
------------------------------------------
| time/                   |              |
|    fps                  | 1185         |
|    iterations           | 74           |
|    time_elapsed         | 255          |
|    total_timesteps      | 303104       |
| train/                  |              |
|    approx_kl            | 0.0008893332 |
|    clip_fraction        | 0.00833      |
|    clip_range           | 0.2          |
|    entropy_loss         | -0.119       |
|    explained_variance   | 0.928        |
|    learning_rate        | 0.0003       |
|    loss                 | 0.00126      |
|    n_updates            | 730          |
|    policy_gradient_loss | -0.000466    |
|    value_loss           | 6.43e-05     |
------------------------------------------
  step  305000/500000 ( 61.0%)  mean_rew=-0.000
------------------------------------------
| time/                   |              |
|    fps                  | 1185         |
|    iterations           | 75           |
|    time_elapsed         | 259          |
|    total_timesteps      | 307200       |
| train/                  |              |
|    approx_kl            | 0.0008886824 |
|    clip_fraction        | 0.0119       |
|    clip_range           | 0.2          |
|    entropy_loss         | -0.117       |
|    explained_variance   | 0.876        |
|    learning_rate        | 0.0003       |
|    loss                 | -0.00359     |
|    n_updates            | 740          |
|    policy_gradient_loss | -0.000485    |
|    value_loss           | 0.000117     |
------------------------------------------
  step  310000/500000 ( 62.0%)  mean_rew=+0.001
-------------------------------------------
| time/                   |               |
|    fps                  | 1185          |
|    iterations           | 76            |
|    time_elapsed         | 262           |
|    total_timesteps      | 311296        |
| train/                  |               |
|    approx_kl            | 0.00080500264 |
|    clip_fraction        | 0.00957       |
|    clip_range           | 0.2           |
|    entropy_loss         | -0.119        |
|    explained_variance   | 0.885         |
|    learning_rate        | 0.0003        |
|    loss                 | -0.000589     |
|    n_updates            | 750           |
|    policy_gradient_loss | -0.00019      |
|    value_loss           | 0.000105      |
-------------------------------------------
  step  315000/500000 ( 63.0%)  mean_rew=+0.001
------------------------------------------
| time/                   |              |
|    fps                  | 1185         |
|    iterations           | 77           |
|    time_elapsed         | 265          |
|    total_timesteps      | 315392       |
| train/                  |              |
|    approx_kl            | 0.0013798488 |
|    clip_fraction        | 0.0172       |
|    clip_range           | 0.2          |
|    entropy_loss         | -0.114       |
|    explained_variance   | 0.898        |
|    learning_rate        | 0.0003       |
|    loss                 | -0.00579     |
|    n_updates            | 760          |
|    policy_gradient_loss | -0.000979    |
|    value_loss           | 7.52e-05     |
------------------------------------------
------------------------------------------
| time/                   |              |
|    fps                  | 1185         |
|    iterations           | 78           |
|    time_elapsed         | 269          |
|    total_timesteps      | 319488       |
| train/                  |              |
|    approx_kl            | 0.0008906468 |
|    clip_fraction        | 0.00803      |
|    clip_range           | 0.2          |
|    entropy_loss         | -0.123       |
|    explained_variance   | 0.913        |
|    learning_rate        | 0.0003       |
|    loss                 | -7.74e-05    |
|    n_updates            | 770          |
|    policy_gradient_loss | -0.00035     |
|    value_loss           | 7.46e-05     |
------------------------------------------
  step  320000/500000 ( 64.0%)  mean_rew=-0.001
------------------------------------------
| time/                   |              |
|    fps                  | 1185         |
|    iterations           | 79           |
|    time_elapsed         | 272          |
|    total_timesteps      | 323584       |
| train/                  |              |
|    approx_kl            | 0.0011909365 |
|    clip_fraction        | 0.00476      |
|    clip_range           | 0.2          |
|    entropy_loss         | -0.125       |
|    explained_variance   | 0.877        |
|    learning_rate        | 0.0003       |
|    loss                 | 0.000107     |
|    n_updates            | 780          |
|    policy_gradient_loss | -0.000109    |
|    value_loss           | 0.000113     |
------------------------------------------
  step  325000/500000 ( 65.0%)  mean_rew=+0.001
------------------------------------------
| time/                   |              |
|    fps                  | 1185         |
|    iterations           | 80           |
|    time_elapsed         | 276          |
|    total_timesteps      | 327680       |
| train/                  |              |
|    approx_kl            | 0.0009856669 |
|    clip_fraction        | 0.017        |
|    clip_range           | 0.2          |
|    entropy_loss         | -0.118       |
|    explained_variance   | 0.906        |
|    learning_rate        | 0.0003       |
|    loss                 | -0.00222     |
|    n_updates            | 790          |
|    policy_gradient_loss | -0.00108     |
|    value_loss           | 7.32e-05     |
------------------------------------------
  step  330000/500000 ( 66.0%)  mean_rew=-0.002
------------------------------------------
| time/                   |              |
|    fps                  | 1185         |
|    iterations           | 81           |
|    time_elapsed         | 279          |
|    total_timesteps      | 331776       |
| train/                  |              |
|    approx_kl            | 0.0013845637 |
|    clip_fraction        | 0.0134       |
|    clip_range           | 0.2          |
|    entropy_loss         | -0.105       |
|    explained_variance   | 0.911        |
|    learning_rate        | 0.0003       |
|    loss                 | -0.00271     |
|    n_updates            | 800          |
|    policy_gradient_loss | -0.000605    |
|    value_loss           | 7.64e-05     |
------------------------------------------
  step  335000/500000 ( 67.0%)  mean_rew=-0.001
------------------------------------------
| time/                   |              |
|    fps                  | 1185         |
|    iterations           | 82           |
|    time_elapsed         | 283          |
|    total_timesteps      | 335872       |
| train/                  |              |
|    approx_kl            | 0.0021758315 |
|    clip_fraction        | 0.0228       |
|    clip_range           | 0.2          |
|    entropy_loss         | -0.0907      |
|    explained_variance   | 0.873        |
|    learning_rate        | 0.0003       |
|    loss                 | -0.000914    |
|    n_updates            | 810          |
|    policy_gradient_loss | -0.00116     |
|    value_loss           | 0.00012      |
------------------------------------------
------------------------------------------
| time/                   |              |
|    fps                  | 1186         |
|    iterations           | 83           |
|    time_elapsed         | 286          |
|    total_timesteps      | 339968       |
| train/                  |              |
|    approx_kl            | 0.0006300061 |
|    clip_fraction        | 0.00696      |
|    clip_range           | 0.2          |
|    entropy_loss         | -0.0837      |
|    explained_variance   | 0.877        |
|    learning_rate        | 0.0003       |
|    loss                 | 0.00195      |
|    n_updates            | 820          |
|    policy_gradient_loss | -0.000672    |
|    value_loss           | 0.000118     |
------------------------------------------
  step  340000/500000 ( 68.0%)  mean_rew=+0.000
-------------------------------------------
| time/                   |               |
|    fps                  | 1186          |
|    iterations           | 84            |
|    time_elapsed         | 289           |
|    total_timesteps      | 344064        |
| train/                  |               |
|    approx_kl            | 0.00029837788 |
|    clip_fraction        | 0.00491       |
|    clip_range           | 0.2           |
|    entropy_loss         | -0.0902       |
|    explained_variance   | 0.884         |
|    learning_rate        | 0.0003        |
|    loss                 | 0.00168       |
|    n_updates            | 830           |
|    policy_gradient_loss | -0.00017      |
|    value_loss           | 9.64e-05      |
-------------------------------------------
  step  345000/500000 ( 69.0%)  mean_rew=-0.001
-------------------------------------------
| time/                   |               |
|    fps                  | 1186          |
|    iterations           | 85            |
|    time_elapsed         | 293           |
|    total_timesteps      | 348160        |
| train/                  |               |
|    approx_kl            | 0.00069499435 |
|    clip_fraction        | 0.0101        |
|    clip_range           | 0.2           |
|    entropy_loss         | -0.0879       |
|    explained_variance   | 0.911         |
|    learning_rate        | 0.0003        |
|    loss                 | -0.00894      |
|    n_updates            | 840           |
|    policy_gradient_loss | -0.000408     |
|    value_loss           | 8.03e-05      |
-------------------------------------------
  step  350000/500000 ( 70.0%)  mean_rew=+0.000
------------------------------------------
| time/                   |              |
|    fps                  | 1187         |
|    iterations           | 86           |
|    time_elapsed         | 296          |
|    total_timesteps      | 352256       |
| train/                  |              |
|    approx_kl            | 0.0009112242 |
|    clip_fraction        | 0.011        |
|    clip_range           | 0.2          |
|    entropy_loss         | -0.0932      |
|    explained_variance   | 0.868        |
|    learning_rate        | 0.0003       |
|    loss                 | 0.000521     |
|    n_updates            | 850          |
|    policy_gradient_loss | -0.000463    |
|    value_loss           | 0.00013      |
------------------------------------------
  step  355000/500000 ( 71.0%)  mean_rew=-0.000
------------------------------------------
| time/                   |              |
|    fps                  | 1187         |
|    iterations           | 87           |
|    time_elapsed         | 300          |
|    total_timesteps      | 356352       |
| train/                  |              |
|    approx_kl            | 0.0007559563 |
|    clip_fraction        | 0.0146       |
|    clip_range           | 0.2          |
|    entropy_loss         | -0.0943      |
|    explained_variance   | 0.898        |
|    learning_rate        | 0.0003       |
|    loss                 | -0.00023     |
|    n_updates            | 860          |
|    policy_gradient_loss | -0.000559    |
|    value_loss           | 8.24e-05     |
------------------------------------------
  step  360000/500000 ( 72.0%)  mean_rew=-0.000
------------------------------------------
| time/                   |              |
|    fps                  | 1187         |
|    iterations           | 88           |
|    time_elapsed         | 303          |
|    total_timesteps      | 360448       |
| train/                  |              |
|    approx_kl            | 0.0010983264 |
|    clip_fraction        | 0.00955      |
|    clip_range           | 0.2          |
|    entropy_loss         | -0.095       |
|    explained_variance   | 0.897        |
|    learning_rate        | 0.0003       |
|    loss                 | 0.000721     |
|    n_updates            | 870          |
|    policy_gradient_loss | -0.000463    |
|    value_loss           | 9.35e-05     |
------------------------------------------
------------------------------------------
| time/                   |              |
|    fps                  | 1188         |
|    iterations           | 89           |
|    time_elapsed         | 306          |
|    total_timesteps      | 364544       |
| train/                  |              |
|    approx_kl            | 0.0008532699 |
|    clip_fraction        | 0.00898      |
|    clip_range           | 0.2          |
|    entropy_loss         | -0.0871      |
|    explained_variance   | 0.88         |
|    learning_rate        | 0.0003       |
|    loss                 | -0.0016      |
|    n_updates            | 880          |
|    policy_gradient_loss | -0.000562    |
|    value_loss           | 0.000116     |
------------------------------------------
  step  365000/500000 ( 73.0%)  mean_rew=-0.001
------------------------------------------
| time/                   |              |
|    fps                  | 1189         |
|    iterations           | 90           |
|    time_elapsed         | 309          |
|    total_timesteps      | 368640       |
| train/                  |              |
|    approx_kl            | 0.0007935205 |
|    clip_fraction        | 0.0158       |
|    clip_range           | 0.2          |
|    entropy_loss         | -0.0842      |
|    explained_variance   | 0.889        |
|    learning_rate        | 0.0003       |
|    loss                 | -0.000851    |
|    n_updates            | 890          |
|    policy_gradient_loss | -0.000691    |
|    value_loss           | 0.000108     |
------------------------------------------
  step  370000/500000 ( 74.0%)  mean_rew=-0.002
------------------------------------------
| time/                   |              |
|    fps                  | 1190         |
|    iterations           | 91           |
|    time_elapsed         | 313          |
|    total_timesteps      | 372736       |
| train/                  |              |
|    approx_kl            | 0.0027491103 |
|    clip_fraction        | 0.00391      |
|    clip_range           | 0.2          |
|    entropy_loss         | -0.0906      |
|    explained_variance   | 0.897        |
|    learning_rate        | 0.0003       |
|    loss                 | -0.000511    |
|    n_updates            | 900          |
|    policy_gradient_loss | -0.000234    |
|    value_loss           | 9.15e-05     |
------------------------------------------
  step  375000/500000 ( 75.0%)  mean_rew=-0.001
------------------------------------------
| time/                   |              |
|    fps                  | 1190         |
|    iterations           | 92           |
|    time_elapsed         | 316          |
|    total_timesteps      | 376832       |
| train/                  |              |
|    approx_kl            | 0.0053020753 |
|    clip_fraction        | 0.0134       |
|    clip_range           | 0.2          |
|    entropy_loss         | -0.119       |
|    explained_variance   | 0.919        |
|    learning_rate        | 0.0003       |
|    loss                 | 0.00289      |
|    n_updates            | 910          |
|    policy_gradient_loss | -0.000631    |
|    value_loss           | 7.41e-05     |
------------------------------------------
  step  380000/500000 ( 76.0%)  mean_rew=+0.000
-------------------------------------------
| time/                   |               |
|    fps                  | 1191          |
|    iterations           | 93            |
|    time_elapsed         | 319           |
|    total_timesteps      | 380928        |
| train/                  |               |
|    approx_kl            | 0.00051512895 |
|    clip_fraction        | 0.0104        |
|    clip_range           | 0.2           |
|    entropy_loss         | -0.128        |
|    explained_variance   | 0.876         |
|    learning_rate        | 0.0003        |
|    loss                 | 0.000125      |
|    n_updates            | 920           |
|    policy_gradient_loss | -2.67e-05     |
|    value_loss           | 0.000118      |
-------------------------------------------
  step  385000/500000 ( 77.0%)  mean_rew=-0.000
-------------------------------------------
| time/                   |               |
|    fps                  | 1192          |
|    iterations           | 94            |
|    time_elapsed         | 322           |
|    total_timesteps      | 385024        |
| train/                  |               |
|    approx_kl            | 0.00070617185 |
|    clip_fraction        | 0.0139        |
|    clip_range           | 0.2           |
|    entropy_loss         | -0.129        |
|    explained_variance   | 0.886         |
|    learning_rate        | 0.0003        |
|    loss                 | 0.00401       |
|    n_updates            | 930           |
|    policy_gradient_loss | -0.000313     |
|    value_loss           | 9.56e-05      |
-------------------------------------------
------------------------------------------
| time/                   |              |
|    fps                  | 1192         |
|    iterations           | 95           |
|    time_elapsed         | 326          |
|    total_timesteps      | 389120       |
| train/                  |              |
|    approx_kl            | 0.0007215898 |
|    clip_fraction        | 0.00427      |
|    clip_range           | 0.2          |
|    entropy_loss         | -0.126       |
|    explained_variance   | 0.918        |
|    learning_rate        | 0.0003       |
|    loss                 | 0.000866     |
|    n_updates            | 940          |
|    policy_gradient_loss | -0.000112    |
|    value_loss           | 6.95e-05     |
------------------------------------------
  step  390000/500000 ( 78.0%)  mean_rew=-0.001
------------------------------------------
| time/                   |              |
|    fps                  | 1193         |
|    iterations           | 96           |
|    time_elapsed         | 329          |
|    total_timesteps      | 393216       |
| train/                  |              |
|    approx_kl            | 0.0007018337 |
|    clip_fraction        | 0.00713      |
|    clip_range           | 0.2          |
|    entropy_loss         | -0.125       |
|    explained_variance   | 0.873        |
|    learning_rate        | 0.0003       |
|    loss                 | 0.000169     |
|    n_updates            | 950          |
|    policy_gradient_loss | -0.000209    |
|    value_loss           | 0.000123     |
------------------------------------------
  step  395000/500000 ( 79.0%)  mean_rew=-0.000
-------------------------------------------
| time/                   |               |
|    fps                  | 1194          |
|    iterations           | 97            |
|    time_elapsed         | 332           |
|    total_timesteps      | 397312        |
| train/                  |               |
|    approx_kl            | 0.00083844666 |
|    clip_fraction        | 0.0115        |
|    clip_range           | 0.2           |
|    entropy_loss         | -0.127        |
|    explained_variance   | 0.893         |
|    learning_rate        | 0.0003        |
|    loss                 | -0.000648     |
|    n_updates            | 960           |
|    policy_gradient_loss | -0.000208     |
|    value_loss           | 9.6e-05       |
-------------------------------------------
  step  400000/500000 ( 80.0%)  mean_rew=-0.001
-----------------------------------------
| time/                   |             |
|    fps                  | 1194        |
|    iterations           | 98          |
|    time_elapsed         | 335         |
|    total_timesteps      | 401408      |
| train/                  |             |
|    approx_kl            | 0.000789669 |
|    clip_fraction        | 0.00911     |
|    clip_range           | 0.2         |
|    entropy_loss         | -0.126      |
|    explained_variance   | 0.932       |
|    learning_rate        | 0.0003      |
|    loss                 | 0.00506     |
|    n_updates            | 970         |
|    policy_gradient_loss | -0.000282   |
|    value_loss           | 5.83e-05    |
-----------------------------------------
  step  405000/500000 ( 81.0%)  mean_rew=-0.001
------------------------------------------
| time/                   |              |
|    fps                  | 1195         |
|    iterations           | 99           |
|    time_elapsed         | 339          |
|    total_timesteps      | 405504       |
| train/                  |              |
|    approx_kl            | 0.0007841382 |
|    clip_fraction        | 0.0121       |
|    clip_range           | 0.2          |
|    entropy_loss         | -0.126       |
|    explained_variance   | 0.882        |
|    learning_rate        | 0.0003       |
|    loss                 | -0.00253     |
|    n_updates            | 980          |
|    policy_gradient_loss | -0.000628    |
|    value_loss           | 0.000112     |
------------------------------------------
------------------------------------------
| time/                   |              |
|    fps                  | 1196         |
|    iterations           | 100          |
|    time_elapsed         | 342          |
|    total_timesteps      | 409600       |
| train/                  |              |
|    approx_kl            | 0.0007913301 |
|    clip_fraction        | 0.0137       |
|    clip_range           | 0.2          |
|    entropy_loss         | -0.122       |
|    explained_variance   | 0.873        |
|    learning_rate        | 0.0003       |
|    loss                 | 0.000438     |
|    n_updates            | 990          |
|    policy_gradient_loss | -0.000377    |
|    value_loss           | 0.000122     |
------------------------------------------
  step  410000/500000 ( 82.0%)  mean_rew=-0.001
-------------------------------------------
| time/                   |               |
|    fps                  | 1196          |
|    iterations           | 101           |
|    time_elapsed         | 345           |
|    total_timesteps      | 413696        |
| train/                  |               |
|    approx_kl            | 0.00069707807 |
|    clip_fraction        | 0.0147        |
|    clip_range           | 0.2           |
|    entropy_loss         | -0.123        |
|    explained_variance   | 0.903         |
|    learning_rate        | 0.0003        |
|    loss                 | 0.00461       |
|    n_updates            | 1000          |
|    policy_gradient_loss | -0.000259     |
|    value_loss           | 7.83e-05      |
-------------------------------------------
  step  415000/500000 ( 83.0%)  mean_rew=+0.000
-------------------------------------------
| time/                   |               |
|    fps                  | 1196          |
|    iterations           | 102           |
|    time_elapsed         | 349           |
|    total_timesteps      | 417792        |
| train/                  |               |
|    approx_kl            | 0.00070187787 |
|    clip_fraction        | 0.00676       |
|    clip_range           | 0.2           |
|    entropy_loss         | -0.125        |
|    explained_variance   | 0.925         |
|    learning_rate        | 0.0003        |
|    loss                 | -0.000529     |
|    n_updates            | 1010          |
|    policy_gradient_loss | -0.000232     |
|    value_loss           | 6.38e-05      |
-------------------------------------------
  step  420000/500000 ( 84.0%)  mean_rew=-0.001
------------------------------------------
| time/                   |              |
|    fps                  | 1197         |
|    iterations           | 103          |
|    time_elapsed         | 352          |
|    total_timesteps      | 421888       |
| train/                  |              |
|    approx_kl            | 0.0013467204 |
|    clip_fraction        | 0.0109       |
|    clip_range           | 0.2          |
|    entropy_loss         | -0.125       |
|    explained_variance   | 0.88         |
|    learning_rate        | 0.0003       |
|    loss                 | -0.000474    |
|    n_updates            | 1020         |
|    policy_gradient_loss | -0.000472    |
|    value_loss           | 0.000115     |
------------------------------------------
  step  425000/500000 ( 85.0%)  mean_rew=-0.000
------------------------------------------
| time/                   |              |
|    fps                  | 1198         |
|    iterations           | 104          |
|    time_elapsed         | 355          |
|    total_timesteps      | 425984       |
| train/                  |              |
|    approx_kl            | 0.0010247726 |
|    clip_fraction        | 0.0095       |
|    clip_range           | 0.2          |
|    entropy_loss         | -0.117       |
|    explained_variance   | 0.895        |
|    learning_rate        | 0.0003       |
|    loss                 | -0.00218     |
|    n_updates            | 1030         |
|    policy_gradient_loss | -0.000418    |
|    value_loss           | 8.82e-05     |
------------------------------------------
  step  430000/500000 ( 86.0%)  mean_rew=+0.002
-------------------------------------------
| time/                   |               |
|    fps                  | 1198          |
|    iterations           | 105           |
|    time_elapsed         | 358           |
|    total_timesteps      | 430080        |
| train/                  |               |
|    approx_kl            | 0.00029564882 |
|    clip_fraction        | 0.0052        |
|    clip_range           | 0.2           |
|    entropy_loss         | -0.108        |
|    explained_variance   | 0.928         |
|    learning_rate        | 0.0003        |
|    loss                 | 0.00109       |
|    n_updates            | 1040          |
|    policy_gradient_loss | -8.46e-05     |
|    value_loss           | 6.12e-05      |
-------------------------------------------
------------------------------------------
| time/                   |              |
|    fps                  | 1198         |
|    iterations           | 106          |
|    time_elapsed         | 362          |
|    total_timesteps      | 434176       |
| train/                  |              |
|    approx_kl            | 0.0014463491 |
|    clip_fraction        | 0.0177       |
|    clip_range           | 0.2          |
|    entropy_loss         | -0.104       |
|    explained_variance   | 0.859        |
|    learning_rate        | 0.0003       |
|    loss                 | -0.00357     |
|    n_updates            | 1050         |
|    policy_gradient_loss | -0.00101     |
|    value_loss           | 0.000137     |
------------------------------------------
  step  435000/500000 ( 87.0%)  mean_rew=-0.001
------------------------------------------
| time/                   |              |
|    fps                  | 1199         |
|    iterations           | 107          |
|    time_elapsed         | 365          |
|    total_timesteps      | 438272       |
| train/                  |              |
|    approx_kl            | 0.0015994317 |
|    clip_fraction        | 0.0164       |
|    clip_range           | 0.2          |
|    entropy_loss         | -0.112       |
|    explained_variance   | 0.877        |
|    learning_rate        | 0.0003       |
|    loss                 | -0.00172     |
|    n_updates            | 1060         |
|    policy_gradient_loss | -0.000435    |
|    value_loss           | 0.000122     |
------------------------------------------
  step  440000/500000 ( 88.0%)  mean_rew=-0.004
------------------------------------------
| time/                   |              |
|    fps                  | 1200         |
|    iterations           | 108          |
|    time_elapsed         | 368          |
|    total_timesteps      | 442368       |
| train/                  |              |
|    approx_kl            | 0.0030698362 |
|    clip_fraction        | 0.0184       |
|    clip_range           | 0.2          |
|    entropy_loss         | -0.131       |
|    explained_variance   | 0.896        |
|    learning_rate        | 0.0003       |
|    loss                 | 0.00422      |
|    n_updates            | 1070         |
|    policy_gradient_loss | -0.000404    |
|    value_loss           | 8.41e-05     |
------------------------------------------
  step  445000/500000 ( 89.0%)  mean_rew=-0.003
------------------------------------------
| time/                   |              |
|    fps                  | 1200         |
|    iterations           | 109          |
|    time_elapsed         | 371          |
|    total_timesteps      | 446464       |
| train/                  |              |
|    approx_kl            | 0.0010069078 |
|    clip_fraction        | 0.0175       |
|    clip_range           | 0.2          |
|    entropy_loss         | -0.125       |
|    explained_variance   | 0.918        |
|    learning_rate        | 0.0003       |
|    loss                 | -0.00212     |
|    n_updates            | 1080         |
|    policy_gradient_loss | -0.000477    |
|    value_loss           | 6.73e-05     |
------------------------------------------
  step  450000/500000 ( 90.0%)  mean_rew=-0.001
------------------------------------------
| time/                   |              |
|    fps                  | 1201         |
|    iterations           | 110          |
|    time_elapsed         | 375          |
|    total_timesteps      | 450560       |
| train/                  |              |
|    approx_kl            | 0.0014512329 |
|    clip_fraction        | 0.0216       |
|    clip_range           | 0.2          |
|    entropy_loss         | -0.12        |
|    explained_variance   | 0.873        |
|    learning_rate        | 0.0003       |
|    loss                 | 0.000429     |
|    n_updates            | 1090         |
|    policy_gradient_loss | -0.00109     |
|    value_loss           | 0.000117     |
------------------------------------------
-----------------------------------------
| time/                   |             |
|    fps                  | 1201        |
|    iterations           | 111         |
|    time_elapsed         | 378         |
|    total_timesteps      | 454656      |
| train/                  |             |
|    approx_kl            | 0.001330119 |
|    clip_fraction        | 0.0218      |
|    clip_range           | 0.2         |
|    entropy_loss         | -0.118      |
|    explained_variance   | 0.894       |
|    learning_rate        | 0.0003      |
|    loss                 | 0.00379     |
|    n_updates            | 1100        |
|    policy_gradient_loss | -0.00117    |
|    value_loss           | 8.64e-05    |
-----------------------------------------
  step  455000/500000 ( 91.0%)  mean_rew=-0.001
------------------------------------------
| time/                   |              |
|    fps                  | 1201         |
|    iterations           | 112          |
|    time_elapsed         | 381          |
|    total_timesteps      | 458752       |
| train/                  |              |
|    approx_kl            | 0.0003193448 |
|    clip_fraction        | 0.00535      |
|    clip_range           | 0.2          |
|    entropy_loss         | -0.114       |
|    explained_variance   | 0.918        |
|    learning_rate        | 0.0003       |
|    loss                 | 0.000544     |
|    n_updates            | 1110         |
|    policy_gradient_loss | -0.000303    |
|    value_loss           | 7.01e-05     |
------------------------------------------
  step  460000/500000 ( 92.0%)  mean_rew=-0.003
------------------------------------------
| time/                   |              |
|    fps                  | 1202         |
|    iterations           | 113          |
|    time_elapsed         | 384          |
|    total_timesteps      | 462848       |
| train/                  |              |
|    approx_kl            | 0.0015141107 |
|    clip_fraction        | 0.0168       |
|    clip_range           | 0.2          |
|    entropy_loss         | -0.11        |
|    explained_variance   | 0.88         |
|    learning_rate        | 0.0003       |
|    loss                 | -0.00303     |
|    n_updates            | 1120         |
|    policy_gradient_loss | -0.00107     |
|    value_loss           | 0.000107     |
------------------------------------------
  step  465000/500000 ( 93.0%)  mean_rew=-0.000
------------------------------------------
| time/                   |              |
|    fps                  | 1203         |
|    iterations           | 114          |
|    time_elapsed         | 388          |
|    total_timesteps      | 466944       |
| train/                  |              |
|    approx_kl            | 0.0012589898 |
|    clip_fraction        | 0.0122       |
|    clip_range           | 0.2          |
|    entropy_loss         | -0.122       |
|    explained_variance   | 0.878        |
|    learning_rate        | 0.0003       |
|    loss                 | -0.00242     |
|    n_updates            | 1130         |
|    policy_gradient_loss | -0.00029     |
|    value_loss           | 0.000116     |
------------------------------------------
  step  470000/500000 ( 94.0%)  mean_rew=+0.000
------------------------------------------
| time/                   |              |
|    fps                  | 1203         |
|    iterations           | 115          |
|    time_elapsed         | 391          |
|    total_timesteps      | 471040       |
| train/                  |              |
|    approx_kl            | 0.0015429188 |
|    clip_fraction        | 0.00886      |
|    clip_range           | 0.2          |
|    entropy_loss         | -0.12        |
|    explained_variance   | 0.9          |
|    learning_rate        | 0.0003       |
|    loss                 | -0.000642    |
|    n_updates            | 1140         |
|    policy_gradient_loss | -0.000361    |
|    value_loss           | 8.34e-05     |
------------------------------------------
  step  475000/500000 ( 95.0%)  mean_rew=-0.001
------------------------------------------
| time/                   |              |
|    fps                  | 1203         |
|    iterations           | 116          |
|    time_elapsed         | 394          |
|    total_timesteps      | 475136       |
| train/                  |              |
|    approx_kl            | 0.0006394361 |
|    clip_fraction        | 0.00566      |
|    clip_range           | 0.2          |
|    entropy_loss         | -0.116       |
|    explained_variance   | 0.909        |
|    learning_rate        | 0.0003       |
|    loss                 | -0.000768    |
|    n_updates            | 1150         |
|    policy_gradient_loss | -0.000197    |
|    value_loss           | 8.3e-05      |
------------------------------------------
------------------------------------------
| time/                   |              |
|    fps                  | 1204         |
|    iterations           | 117          |
|    time_elapsed         | 397          |
|    total_timesteps      | 479232       |
| train/                  |              |
|    approx_kl            | 0.0008613198 |
|    clip_fraction        | 0.00916      |
|    clip_range           | 0.2          |
|    entropy_loss         | -0.109       |
|    explained_variance   | 0.864        |
|    learning_rate        | 0.0003       |
|    loss                 | 0.000414     |
|    n_updates            | 1160         |
|    policy_gradient_loss | -0.000271    |
|    value_loss           | 0.00014      |
------------------------------------------
  step  480000/500000 ( 96.0%)  mean_rew=-0.001
------------------------------------------
| time/                   |              |
|    fps                  | 1204         |
|    iterations           | 118          |
|    time_elapsed         | 401          |
|    total_timesteps      | 483328       |
| train/                  |              |
|    approx_kl            | 0.0007112002 |
|    clip_fraction        | 0.00737      |
|    clip_range           | 0.2          |
|    entropy_loss         | -0.0958      |
|    explained_variance   | 0.898        |
|    learning_rate        | 0.0003       |
|    loss                 | -0.00193     |
|    n_updates            | 1170         |
|    policy_gradient_loss | -0.000347    |
|    value_loss           | 9.21e-05     |
------------------------------------------
  step  485000/500000 ( 97.0%)  mean_rew=-0.001
-------------------------------------------
| time/                   |               |
|    fps                  | 1203          |
|    iterations           | 119           |
|    time_elapsed         | 404           |
|    total_timesteps      | 487424        |
| train/                  |               |
|    approx_kl            | 0.00074819446 |
|    clip_fraction        | 0.00935       |
|    clip_range           | 0.2           |
|    entropy_loss         | -0.0887       |
|    explained_variance   | 0.93          |
|    learning_rate        | 0.0003        |
|    loss                 | 0.0012        |
|    n_updates            | 1180          |
|    policy_gradient_loss | -0.000425     |
|    value_loss           | 6.53e-05      |
-------------------------------------------
  step  490000/500000 ( 98.0%)  mean_rew=+0.001
------------------------------------------
| time/                   |              |
|    fps                  | 1203         |
|    iterations           | 120          |
|    time_elapsed         | 408          |
|    total_timesteps      | 491520       |
| train/                  |              |
|    approx_kl            | 0.0007107357 |
|    clip_fraction        | 0.0118       |
|    clip_range           | 0.2          |
|    entropy_loss         | -0.0919      |
|    explained_variance   | 0.873        |
|    learning_rate        | 0.0003       |
|    loss                 | 0.00448      |
|    n_updates            | 1190         |
|    policy_gradient_loss | -0.000464    |
|    value_loss           | 0.000123     |
------------------------------------------
  step  495000/500000 ( 99.0%)  mean_rew=-0.001
------------------------------------------
| time/                   |              |
|    fps                  | 1203         |
|    iterations           | 121          |
|    time_elapsed         | 411          |
|    total_timesteps      | 495616       |
| train/                  |              |
|    approx_kl            | 0.0005365349 |
|    clip_fraction        | 0.00547      |
|    clip_range           | 0.2          |
|    entropy_loss         | -0.0799      |
|    explained_variance   | 0.882        |
|    learning_rate        | 0.0003       |
|    loss                 | -0.00133     |
|    n_updates            | 1200         |
|    policy_gradient_loss | -0.000156    |
|    value_loss           | 0.000112     |
------------------------------------------
-------------------------------------------
| time/                   |               |
|    fps                  | 1203          |
|    iterations           | 122           |
|    time_elapsed         | 415           |
|    total_timesteps      | 499712        |
| train/                  |               |
|    approx_kl            | 0.00035152223 |
|    clip_fraction        | 0.00479       |
|    clip_range           | 0.2           |
|    entropy_loss         | -0.0834       |
|    explained_variance   | 0.909         |
|    learning_rate        | 0.0003        |
|    loss                 | 0.000276      |
|    n_updates            | 1210          |
|    policy_gradient_loss | -2.81e-05     |
|    value_loss           | 7.31e-05      |
-------------------------------------------
  step  500000/500000 (100.0%)  mean_rew=-0.001
------------------------------------------
| time/                   |              |
|    fps                  | 1193         |
|    iterations           | 123          |
|    time_elapsed         | 422          |
|    total_timesteps      | 503808       |
| train/                  |              |
|    approx_kl            | 0.0005415832 |
|    clip_fraction        | 0.00564      |
|    clip_range           | 0.2          |
|    entropy_loss         | -0.0843      |
|    explained_variance   | 0.934        |
|    learning_rate        | 0.0003       |
|    loss                 | -0.00399     |
|    n_updates            | 1220         |
|    policy_gradient_loss | -6.5e-05     |
|    value_loss           | 5.76e-05     |
------------------------------------------
[cologne8-PPO] Done. Saved -> /workspace/rl-traffic/exp_cologne8_real/ppo_queue_s2718
