Using libsumo as traci as requested by environment variable.
[cologne8-PPO] 8 agents | reward=pressure | seed=1234
  obs=(7,) | act=Discrete(4)
Using cpu device
-----------------------------
| time/              |      |
|    fps             | 1723 |
|    iterations      | 1    |
|    time_elapsed    | 2    |
|    total_timesteps | 4096 |
-----------------------------
  step    5000/500000 (  1.0%)  mean_rew=-0.003
------------------------------------------
| time/                   |              |
|    fps                  | 1380         |
|    iterations           | 2            |
|    time_elapsed         | 5            |
|    total_timesteps      | 8192         |
| train/                  |              |
|    approx_kl            | 0.0036873112 |
|    clip_fraction        | 0.00347      |
|    clip_range           | 0.2          |
|    entropy_loss         | -1.38        |
|    explained_variance   | -0.314       |
|    learning_rate        | 0.0003       |
|    loss                 | 0.00448      |
|    n_updates            | 10           |
|    policy_gradient_loss | -0.001       |
|    value_loss           | 0.0226       |
------------------------------------------
  step   10000/500000 (  2.0%)  mean_rew=-0.006
-----------------------------------------
| time/                   |             |
|    fps                  | 1317        |
|    iterations           | 3           |
|    time_elapsed         | 9           |
|    total_timesteps      | 12288       |
| train/                  |             |
|    approx_kl            | 0.007476245 |
|    clip_fraction        | 0.0681      |
|    clip_range           | 0.2         |
|    entropy_loss         | -1.38       |
|    explained_variance   | 0.545       |
|    learning_rate        | 0.0003      |
|    loss                 | 0.012       |
|    n_updates            | 20          |
|    policy_gradient_loss | -0.00747    |
|    value_loss           | 0.0441      |
-----------------------------------------
  step   15000/500000 (  3.0%)  mean_rew=-0.003
-----------------------------------------
| time/                   |             |
|    fps                  | 1283        |
|    iterations           | 4           |
|    time_elapsed         | 12          |
|    total_timesteps      | 16384       |
| train/                  |             |
|    approx_kl            | 0.010802284 |
|    clip_fraction        | 0.0702      |
|    clip_range           | 0.2         |
|    entropy_loss         | -1.36       |
|    explained_variance   | 0.709       |
|    learning_rate        | 0.0003      |
|    loss                 | -0.0207     |
|    n_updates            | 30          |
|    policy_gradient_loss | -0.00743    |
|    value_loss           | 0.0192      |
-----------------------------------------
  step   20000/500000 (  4.0%)  mean_rew=-0.004
-----------------------------------------
| time/                   |             |
|    fps                  | 1266        |
|    iterations           | 5           |
|    time_elapsed         | 16          |
|    total_timesteps      | 20480       |
| train/                  |             |
|    approx_kl            | 0.011127275 |
|    clip_fraction        | 0.0861      |
|    clip_range           | 0.2         |
|    entropy_loss         | -1.3        |
|    explained_variance   | 0.782       |
|    learning_rate        | 0.0003      |
|    loss                 | -0.0212     |
|    n_updates            | 40          |
|    policy_gradient_loss | -0.00878    |
|    value_loss           | 0.0155      |
-----------------------------------------
----------------------------------------
| time/                   |            |
|    fps                  | 1264       |
|    iterations           | 6          |
|    time_elapsed         | 19         |
|    total_timesteps      | 24576      |
| train/                  |            |
|    approx_kl            | 0.00975357 |
|    clip_fraction        | 0.0528     |
|    clip_range           | 0.2        |
|    entropy_loss         | -1.27      |
|    explained_variance   | 0.754      |
|    learning_rate        | 0.0003     |
|    loss                 | 0.00556    |
|    n_updates            | 50         |
|    policy_gradient_loss | -0.00567   |
|    value_loss           | 0.0105     |
----------------------------------------
  step   25000/500000 (  5.0%)  mean_rew=-0.003
----------------------------------------
| time/                   |            |
|    fps                  | 1257       |
|    iterations           | 7          |
|    time_elapsed         | 22         |
|    total_timesteps      | 28672      |
| train/                  |            |
|    approx_kl            | 0.01086184 |
|    clip_fraction        | 0.128      |
|    clip_range           | 0.2        |
|    entropy_loss         | -1.21      |
|    explained_variance   | 0.781      |
|    learning_rate        | 0.0003     |
|    loss                 | -0.000805  |
|    n_updates            | 60         |
|    policy_gradient_loss | -0.012     |
|    value_loss           | 0.0114     |
----------------------------------------
  step   30000/500000 (  6.0%)  mean_rew=-0.006
-----------------------------------------
| time/                   |             |
|    fps                  | 1252        |
|    iterations           | 8           |
|    time_elapsed         | 26          |
|    total_timesteps      | 32768       |
| train/                  |             |
|    approx_kl            | 0.010443162 |
|    clip_fraction        | 0.083       |
|    clip_range           | 0.2         |
|    entropy_loss         | -1.14       |
|    explained_variance   | 0.868       |
|    learning_rate        | 0.0003      |
|    loss                 | -0.00926    |
|    n_updates            | 70          |
|    policy_gradient_loss | -0.00669    |
|    value_loss           | 0.00591     |
-----------------------------------------
  step   35000/500000 (  7.0%)  mean_rew=+0.000
------------------------------------------
| time/                   |              |
|    fps                  | 1250         |
|    iterations           | 9            |
|    time_elapsed         | 29           |
|    total_timesteps      | 36864        |
| train/                  |              |
|    approx_kl            | 0.0066657215 |
|    clip_fraction        | 0.054        |
|    clip_range           | 0.2          |
|    entropy_loss         | -1.06        |
|    explained_variance   | 0.84         |
|    learning_rate        | 0.0003       |
|    loss                 | -0.00251     |
|    n_updates            | 80           |
|    policy_gradient_loss | -0.0035      |
|    value_loss           | 0.00557      |
------------------------------------------
  step   40000/500000 (  8.0%)  mean_rew=-0.001
-----------------------------------------
| time/                   |             |
|    fps                  | 1256        |
|    iterations           | 10          |
|    time_elapsed         | 32          |
|    total_timesteps      | 40960       |
| train/                  |             |
|    approx_kl            | 0.007931032 |
|    clip_fraction        | 0.0729      |
|    clip_range           | 0.2         |
|    entropy_loss         | -0.988      |
|    explained_variance   | 0.847       |
|    learning_rate        | 0.0003      |
|    loss                 | -0.000126   |
|    n_updates            | 90          |
|    policy_gradient_loss | -0.00594    |
|    value_loss           | 0.0044      |
-----------------------------------------
  step   45000/500000 (  9.0%)  mean_rew=-0.002
-----------------------------------------
| time/                   |             |
|    fps                  | 1254        |
|    iterations           | 11          |
|    time_elapsed         | 35          |
|    total_timesteps      | 45056       |
| train/                  |             |
|    approx_kl            | 0.008173518 |
|    clip_fraction        | 0.0675      |
|    clip_range           | 0.2         |
|    entropy_loss         | -0.92       |
|    explained_variance   | 0.874       |
|    learning_rate        | 0.0003      |
|    loss                 | 0.00768     |
|    n_updates            | 100         |
|    policy_gradient_loss | -0.00504    |
|    value_loss           | 0.00208     |
-----------------------------------------
-----------------------------------------
| time/                   |             |
|    fps                  | 1252        |
|    iterations           | 12          |
|    time_elapsed         | 39          |
|    total_timesteps      | 49152       |
| train/                  |             |
|    approx_kl            | 0.012001282 |
|    clip_fraction        | 0.0932      |
|    clip_range           | 0.2         |
|    entropy_loss         | -0.824      |
|    explained_variance   | 0.929       |
|    learning_rate        | 0.0003      |
|    loss                 | -0.00626    |
|    n_updates            | 110         |
|    policy_gradient_loss | -0.00627    |
|    value_loss           | 0.00119     |
-----------------------------------------
  step   50000/500000 ( 10.0%)  mean_rew=-0.001
------------------------------------------
| time/                   |              |
|    fps                  | 1254         |
|    iterations           | 13           |
|    time_elapsed         | 42           |
|    total_timesteps      | 53248        |
| train/                  |              |
|    approx_kl            | 0.0052941125 |
|    clip_fraction        | 0.0619       |
|    clip_range           | 0.2          |
|    entropy_loss         | -0.771       |
|    explained_variance   | 0.87         |
|    learning_rate        | 0.0003       |
|    loss                 | 0.00318      |
|    n_updates            | 120          |
|    policy_gradient_loss | -0.0032      |
|    value_loss           | 0.00191      |
------------------------------------------
  step   55000/500000 ( 11.0%)  mean_rew=-0.002
------------------------------------------
| time/                   |              |
|    fps                  | 1254         |
|    iterations           | 14           |
|    time_elapsed         | 45           |
|    total_timesteps      | 57344        |
| train/                  |              |
|    approx_kl            | 0.0038478067 |
|    clip_fraction        | 0.0421       |
|    clip_range           | 0.2          |
|    entropy_loss         | -0.709       |
|    explained_variance   | 0.881        |
|    learning_rate        | 0.0003       |
|    loss                 | -0.00654     |
|    n_updates            | 130          |
|    policy_gradient_loss | -0.00304     |
|    value_loss           | 0.00143      |
------------------------------------------
  step   60000/500000 ( 12.0%)  mean_rew=-0.000
-----------------------------------------
| time/                   |             |
|    fps                  | 1252        |
|    iterations           | 15          |
|    time_elapsed         | 49          |
|    total_timesteps      | 61440       |
| train/                  |             |
|    approx_kl            | 0.003992363 |
|    clip_fraction        | 0.0519      |
|    clip_range           | 0.2         |
|    entropy_loss         | -0.667      |
|    explained_variance   | 0.94        |
|    learning_rate        | 0.0003      |
|    loss                 | 0.0014      |
|    n_updates            | 140         |
|    policy_gradient_loss | -0.00309    |
|    value_loss           | 0.000601    |
-----------------------------------------
  step   65000/500000 ( 13.0%)  mean_rew=-0.002
------------------------------------------
| time/                   |              |
|    fps                  | 1251         |
|    iterations           | 16           |
|    time_elapsed         | 52           |
|    total_timesteps      | 65536        |
| train/                  |              |
|    approx_kl            | 0.0046882927 |
|    clip_fraction        | 0.0513       |
|    clip_range           | 0.2          |
|    entropy_loss         | -0.603       |
|    explained_variance   | 0.866        |
|    learning_rate        | 0.0003       |
|    loss                 | -0.0119      |
|    n_updates            | 150          |
|    policy_gradient_loss | -0.00434     |
|    value_loss           | 0.0015       |
------------------------------------------
-----------------------------------------
| time/                   |             |
|    fps                  | 1253        |
|    iterations           | 17          |
|    time_elapsed         | 55          |
|    total_timesteps      | 69632       |
| train/                  |             |
|    approx_kl            | 0.002741858 |
|    clip_fraction        | 0.0142      |
|    clip_range           | 0.2         |
|    entropy_loss         | -0.562      |
|    explained_variance   | 0.882       |
|    learning_rate        | 0.0003      |
|    loss                 | 0.00889     |
|    n_updates            | 160         |
|    policy_gradient_loss | -0.00125    |
|    value_loss           | 0.00112     |
-----------------------------------------
  step   70000/500000 ( 14.0%)  mean_rew=-0.000
------------------------------------------
| time/                   |              |
|    fps                  | 1251         |
|    iterations           | 18           |
|    time_elapsed         | 58           |
|    total_timesteps      | 73728        |
| train/                  |              |
|    approx_kl            | 0.0039104656 |
|    clip_fraction        | 0.0289       |
|    clip_range           | 0.2          |
|    entropy_loss         | -0.522       |
|    explained_variance   | 0.892        |
|    learning_rate        | 0.0003       |
|    loss                 | 0.00194      |
|    n_updates            | 170          |
|    policy_gradient_loss | -0.00152     |
|    value_loss           | 0.000659     |
------------------------------------------
  step   75000/500000 ( 15.0%)  mean_rew=-0.003
------------------------------------------
| time/                   |              |
|    fps                  | 1251         |
|    iterations           | 19           |
|    time_elapsed         | 62           |
|    total_timesteps      | 77824        |
| train/                  |              |
|    approx_kl            | 0.0039739273 |
|    clip_fraction        | 0.0349       |
|    clip_range           | 0.2          |
|    entropy_loss         | -0.452       |
|    explained_variance   | 0.946        |
|    learning_rate        | 0.0003       |
|    loss                 | -0.000599    |
|    n_updates            | 180          |
|    policy_gradient_loss | -0.00289     |
|    value_loss           | 0.000345     |
------------------------------------------
  step   80000/500000 ( 16.0%)  mean_rew=-0.002
------------------------------------------
| time/                   |              |
|    fps                  | 1252         |
|    iterations           | 20           |
|    time_elapsed         | 65           |
|    total_timesteps      | 81920        |
| train/                  |              |
|    approx_kl            | 0.0016226126 |
|    clip_fraction        | 0.0189       |
|    clip_range           | 0.2          |
|    entropy_loss         | -0.423       |
|    explained_variance   | 0.89         |
|    learning_rate        | 0.0003       |
|    loss                 | -0.00319     |
|    n_updates            | 190          |
|    policy_gradient_loss | -0.000917    |
|    value_loss           | 0.000679     |
------------------------------------------
  step   85000/500000 ( 17.0%)  mean_rew=-0.001
------------------------------------------
| time/                   |              |
|    fps                  | 1251         |
|    iterations           | 21           |
|    time_elapsed         | 68           |
|    total_timesteps      | 86016        |
| train/                  |              |
|    approx_kl            | 0.0020372332 |
|    clip_fraction        | 0.0262       |
|    clip_range           | 0.2          |
|    entropy_loss         | -0.402       |
|    explained_variance   | 0.897        |
|    learning_rate        | 0.0003       |
|    loss                 | -0.0061      |
|    n_updates            | 200          |
|    policy_gradient_loss | -0.00258     |
|    value_loss           | 0.000508     |
------------------------------------------
  step   90000/500000 ( 18.0%)  mean_rew=-0.001
------------------------------------------
| time/                   |              |
|    fps                  | 1250         |
|    iterations           | 22           |
|    time_elapsed         | 72           |
|    total_timesteps      | 90112        |
| train/                  |              |
|    approx_kl            | 0.0023244615 |
|    clip_fraction        | 0.0138       |
|    clip_range           | 0.2          |
|    entropy_loss         | -0.381       |
|    explained_variance   | 0.939        |
|    learning_rate        | 0.0003       |
|    loss                 | -0.00424     |
|    n_updates            | 210          |
|    policy_gradient_loss | -0.00115     |
|    value_loss           | 0.0003       |
------------------------------------------
------------------------------------------
| time/                   |              |
|    fps                  | 1249         |
|    iterations           | 23           |
|    time_elapsed         | 75           |
|    total_timesteps      | 94208        |
| train/                  |              |
|    approx_kl            | 0.0023012415 |
|    clip_fraction        | 0.0229       |
|    clip_range           | 0.2          |
|    entropy_loss         | -0.342       |
|    explained_variance   | 0.89         |
|    learning_rate        | 0.0003       |
|    loss                 | 0.000159     |
|    n_updates            | 220          |
|    policy_gradient_loss | -0.00137     |
|    value_loss           | 0.000499     |
------------------------------------------
  step   95000/500000 ( 19.0%)  mean_rew=-0.002
------------------------------------------
| time/                   |              |
|    fps                  | 1251         |
|    iterations           | 24           |
|    time_elapsed         | 78           |
|    total_timesteps      | 98304        |
| train/                  |              |
|    approx_kl            | 0.0016801694 |
|    clip_fraction        | 0.0151       |
|    clip_range           | 0.2          |
|    entropy_loss         | -0.312       |
|    explained_variance   | 0.859        |
|    learning_rate        | 0.0003       |
|    loss                 | 0.00172      |
|    n_updates            | 230          |
|    policy_gradient_loss | -0.000991    |
|    value_loss           | 0.000674     |
------------------------------------------
  step  100000/500000 ( 20.0%)  mean_rew=+0.000
-----------------------------------------
| time/                   |             |
|    fps                  | 1251        |
|    iterations           | 25          |
|    time_elapsed         | 81          |
|    total_timesteps      | 102400      |
| train/                  |             |
|    approx_kl            | 0.001178616 |
|    clip_fraction        | 0.00999     |
|    clip_range           | 0.2         |
|    entropy_loss         | -0.303      |
|    explained_variance   | 0.896       |
|    learning_rate        | 0.0003      |
|    loss                 | 0.0002      |
|    n_updates            | 240         |
|    policy_gradient_loss | -0.000475   |
|    value_loss           | 0.000377    |
-----------------------------------------
  step  105000/500000 ( 21.0%)  mean_rew=-0.002
------------------------------------------
| time/                   |              |
|    fps                  | 1250         |
|    iterations           | 26           |
|    time_elapsed         | 85           |
|    total_timesteps      | 106496       |
| train/                  |              |
|    approx_kl            | 0.0014153833 |
|    clip_fraction        | 0.0241       |
|    clip_range           | 0.2          |
|    entropy_loss         | -0.302       |
|    explained_variance   | 0.937        |
|    learning_rate        | 0.0003       |
|    loss                 | -0.00246     |
|    n_updates            | 250          |
|    policy_gradient_loss | -0.00148     |
|    value_loss           | 0.000247     |
------------------------------------------
  step  110000/500000 ( 22.0%)  mean_rew=-0.002
------------------------------------------
| time/                   |              |
|    fps                  | 1250         |
|    iterations           | 27           |
|    time_elapsed         | 88           |
|    total_timesteps      | 110592       |
| train/                  |              |
|    approx_kl            | 0.0016573286 |
|    clip_fraction        | 0.0166       |
|    clip_range           | 0.2          |
|    entropy_loss         | -0.274       |
|    explained_variance   | 0.871        |
|    learning_rate        | 0.0003       |
|    loss                 | -0.00152     |
|    n_updates            | 260          |
|    policy_gradient_loss | -0.00109     |
|    value_loss           | 0.000524     |
------------------------------------------
------------------------------------------
| time/                   |              |
|    fps                  | 1249         |
|    iterations           | 28           |
|    time_elapsed         | 91           |
|    total_timesteps      | 114688       |
| train/                  |              |
|    approx_kl            | 0.0014709292 |
|    clip_fraction        | 0.0156       |
|    clip_range           | 0.2          |
|    entropy_loss         | -0.251       |
|    explained_variance   | 0.89         |
|    learning_rate        | 0.0003       |
|    loss                 | 0.000903     |
|    n_updates            | 270          |
|    policy_gradient_loss | -0.000762    |
|    value_loss           | 0.000353     |
------------------------------------------
  step  115000/500000 ( 23.0%)  mean_rew=+0.000
------------------------------------------
| time/                   |              |
|    fps                  | 1248         |
|    iterations           | 29           |
|    time_elapsed         | 95           |
|    total_timesteps      | 118784       |
| train/                  |              |
|    approx_kl            | 0.0011698679 |
|    clip_fraction        | 0.0119       |
|    clip_range           | 0.2          |
|    entropy_loss         | -0.253       |
|    explained_variance   | 0.931        |
|    learning_rate        | 0.0003       |
|    loss                 | -0.00404     |
|    n_updates            | 280          |
|    policy_gradient_loss | -0.000604    |
|    value_loss           | 0.000233     |
------------------------------------------
  step  120000/500000 ( 24.0%)  mean_rew=-0.001
------------------------------------------
| time/                   |              |
|    fps                  | 1249         |
|    iterations           | 30           |
|    time_elapsed         | 98           |
|    total_timesteps      | 122880       |
| train/                  |              |
|    approx_kl            | 0.0011181494 |
|    clip_fraction        | 0.0182       |
|    clip_range           | 0.2          |
|    entropy_loss         | -0.235       |
|    explained_variance   | 0.872        |
|    learning_rate        | 0.0003       |
|    loss                 | -0.00626     |
|    n_updates            | 290          |
|    policy_gradient_loss | -0.00123     |
|    value_loss           | 0.000428     |
------------------------------------------
  step  125000/500000 ( 25.0%)  mean_rew=-0.001
------------------------------------------
| time/                   |              |
|    fps                  | 1249         |
|    iterations           | 31           |
|    time_elapsed         | 101          |
|    total_timesteps      | 126976       |
| train/                  |              |
|    approx_kl            | 0.0014305009 |
|    clip_fraction        | 0.0178       |
|    clip_range           | 0.2          |
|    entropy_loss         | -0.247       |
|    explained_variance   | 0.886        |
|    learning_rate        | 0.0003       |
|    loss                 | -0.000432    |
|    n_updates            | 300          |
|    policy_gradient_loss | -0.00107     |
|    value_loss           | 0.000362     |
------------------------------------------
  step  130000/500000 ( 26.0%)  mean_rew=-0.001
------------------------------------------
| time/                   |              |
|    fps                  | 1248         |
|    iterations           | 32           |
|    time_elapsed         | 104          |
|    total_timesteps      | 131072       |
| train/                  |              |
|    approx_kl            | 0.0028849752 |
|    clip_fraction        | 0.0351       |
|    clip_range           | 0.2          |
|    entropy_loss         | -0.217       |
|    explained_variance   | 0.867        |
|    learning_rate        | 0.0003       |
|    loss                 | -0.00613     |
|    n_updates            | 310          |
|    policy_gradient_loss | -0.00229     |
|    value_loss           | 0.000355     |
------------------------------------------
  step  135000/500000 ( 27.0%)  mean_rew=-0.000
------------------------------------------
| time/                   |              |
|    fps                  | 1248         |
|    iterations           | 33           |
|    time_elapsed         | 108          |
|    total_timesteps      | 135168       |
| train/                  |              |
|    approx_kl            | 0.0016382212 |
|    clip_fraction        | 0.0175       |
|    clip_range           | 0.2          |
|    entropy_loss         | -0.197       |
|    explained_variance   | 0.906        |
|    learning_rate        | 0.0003       |
|    loss                 | -0.00153     |
|    n_updates            | 320          |
|    policy_gradient_loss | -0.0013      |
|    value_loss           | 0.000279     |
------------------------------------------
-------------------------------------------
| time/                   |               |
|    fps                  | 1249          |
|    iterations           | 34            |
|    time_elapsed         | 111           |
|    total_timesteps      | 139264        |
| train/                  |               |
|    approx_kl            | 0.00061536545 |
|    clip_fraction        | 0.00571       |
|    clip_range           | 0.2           |
|    entropy_loss         | -0.191        |
|    explained_variance   | 0.869         |
|    learning_rate        | 0.0003        |
|    loss                 | 0.000769      |
|    n_updates            | 330           |
|    policy_gradient_loss | -4.82e-05     |
|    value_loss           | 0.000402      |
-------------------------------------------
  step  140000/500000 ( 28.0%)  mean_rew=-0.001
------------------------------------------
| time/                   |              |
|    fps                  | 1249         |
|    iterations           | 35           |
|    time_elapsed         | 114          |
|    total_timesteps      | 143360       |
| train/                  |              |
|    approx_kl            | 0.0009120346 |
|    clip_fraction        | 0.0106       |
|    clip_range           | 0.2          |
|    entropy_loss         | -0.183       |
|    explained_variance   | 0.899        |
|    learning_rate        | 0.0003       |
|    loss                 | -0.000315    |
|    n_updates            | 340          |
|    policy_gradient_loss | -0.000631    |
|    value_loss           | 0.000258     |
------------------------------------------
  step  145000/500000 ( 29.0%)  mean_rew=-0.001
------------------------------------------
| time/                   |              |
|    fps                  | 1248         |
|    iterations           | 36           |
|    time_elapsed         | 118          |
|    total_timesteps      | 147456       |
| train/                  |              |
|    approx_kl            | 0.0005113402 |
|    clip_fraction        | 0.0051       |
|    clip_range           | 0.2          |
|    entropy_loss         | -0.192       |
|    explained_variance   | 0.924        |
|    learning_rate        | 0.0003       |
|    loss                 | 0.00558      |
|    n_updates            | 350          |
|    policy_gradient_loss | -0.000199    |
|    value_loss           | 0.000209     |
------------------------------------------
  step  150000/500000 ( 30.0%)  mean_rew=-0.003
------------------------------------------
| time/                   |              |
|    fps                  | 1248         |
|    iterations           | 37           |
|    time_elapsed         | 121          |
|    total_timesteps      | 151552       |
| train/                  |              |
|    approx_kl            | 0.0010500507 |
|    clip_fraction        | 0.0202       |
|    clip_range           | 0.2          |
|    entropy_loss         | -0.202       |
|    explained_variance   | 0.882        |
|    learning_rate        | 0.0003       |
|    loss                 | 0.00612      |
|    n_updates            | 360          |
|    policy_gradient_loss | -0.00123     |
|    value_loss           | 0.000345     |
------------------------------------------
  step  155000/500000 ( 31.0%)  mean_rew=-0.000
------------------------------------------
| time/                   |              |
|    fps                  | 1248         |
|    iterations           | 38           |
|    time_elapsed         | 124          |
|    total_timesteps      | 155648       |
| train/                  |              |
|    approx_kl            | 0.0011304193 |
|    clip_fraction        | 0.00916      |
|    clip_range           | 0.2          |
|    entropy_loss         | -0.197       |
|    explained_variance   | 0.88         |
|    learning_rate        | 0.0003       |
|    loss                 | -0.000517    |
|    n_updates            | 370          |
|    policy_gradient_loss | -0.000662    |
|    value_loss           | 0.000355     |
------------------------------------------
-----------------------------------------
| time/                   |             |
|    fps                  | 1248        |
|    iterations           | 39          |
|    time_elapsed         | 127         |
|    total_timesteps      | 159744      |
| train/                  |             |
|    approx_kl            | 0.000804895 |
|    clip_fraction        | 0.0111      |
|    clip_range           | 0.2         |
|    entropy_loss         | -0.18       |
|    explained_variance   | 0.877       |
|    learning_rate        | 0.0003      |
|    loss                 | -0.0019     |
|    n_updates            | 380         |
|    policy_gradient_loss | -0.000816   |
|    value_loss           | 0.000328    |
-----------------------------------------
  step  160000/500000 ( 32.0%)  mean_rew=+0.000
------------------------------------------
| time/                   |              |
|    fps                  | 1248         |
|    iterations           | 40           |
|    time_elapsed         | 131          |
|    total_timesteps      | 163840       |
| train/                  |              |
|    approx_kl            | 0.0009773886 |
|    clip_fraction        | 0.0121       |
|    clip_range           | 0.2          |
|    entropy_loss         | -0.172       |
|    explained_variance   | 0.923        |
|    learning_rate        | 0.0003       |
|    loss                 | -0.00528     |
|    n_updates            | 390          |
|    policy_gradient_loss | -0.00105     |
|    value_loss           | 0.000215     |
------------------------------------------
  step  165000/500000 ( 33.0%)  mean_rew=-0.001
-------------------------------------------
| time/                   |               |
|    fps                  | 1248          |
|    iterations           | 41            |
|    time_elapsed         | 134           |
|    total_timesteps      | 167936        |
| train/                  |               |
|    approx_kl            | 0.00085054955 |
|    clip_fraction        | 0.0116        |
|    clip_range           | 0.2           |
|    entropy_loss         | -0.154        |
|    explained_variance   | 0.881         |
|    learning_rate        | 0.0003        |
|    loss                 | -2.51e-05     |
|    n_updates            | 400           |
|    policy_gradient_loss | -0.000742     |
|    value_loss           | 0.000334      |
-------------------------------------------
  step  170000/500000 ( 34.0%)  mean_rew=-0.001
-------------------------------------------
| time/                   |               |
|    fps                  | 1248          |
|    iterations           | 42            |
|    time_elapsed         | 137           |
|    total_timesteps      | 172032        |
| train/                  |               |
|    approx_kl            | 0.00087041873 |
|    clip_fraction        | 0.0132        |
|    clip_range           | 0.2           |
|    entropy_loss         | -0.164        |
|    explained_variance   | 0.893         |
|    learning_rate        | 0.0003        |
|    loss                 | 0.00173       |
|    n_updates            | 410           |
|    policy_gradient_loss | -0.000436     |
|    value_loss           | 0.000248      |
-------------------------------------------
  step  175000/500000 ( 35.0%)  mean_rew=-0.002
-----------------------------------------
| time/                   |             |
|    fps                  | 1247        |
|    iterations           | 43          |
|    time_elapsed         | 141         |
|    total_timesteps      | 176128      |
| train/                  |             |
|    approx_kl            | 0.000692912 |
|    clip_fraction        | 0.00566     |
|    clip_range           | 0.2         |
|    entropy_loss         | -0.158      |
|    explained_variance   | 0.927       |
|    learning_rate        | 0.0003      |
|    loss                 | 0.000653    |
|    n_updates            | 420         |
|    policy_gradient_loss | -0.000488   |
|    value_loss           | 0.000181    |
-----------------------------------------
  step  180000/500000 ( 36.0%)  mean_rew=-0.001
------------------------------------------
| time/                   |              |
|    fps                  | 1247         |
|    iterations           | 44           |
|    time_elapsed         | 144          |
|    total_timesteps      | 180224       |
| train/                  |              |
|    approx_kl            | 0.0010505195 |
|    clip_fraction        | 0.00925      |
|    clip_range           | 0.2          |
|    entropy_loss         | -0.162       |
|    explained_variance   | 0.864        |
|    learning_rate        | 0.0003       |
|    loss                 | 4.7e-05      |
|    n_updates            | 430          |
|    policy_gradient_loss | -0.000704    |
|    value_loss           | 0.000374     |
------------------------------------------
-----------------------------------------
| time/                   |             |
|    fps                  | 1248        |
|    iterations           | 45          |
|    time_elapsed         | 147         |
|    total_timesteps      | 184320      |
| train/                  |             |
|    approx_kl            | 0.001487371 |
|    clip_fraction        | 0.0125      |
|    clip_range           | 0.2         |
|    entropy_loss         | -0.152      |
|    explained_variance   | 0.864       |
|    learning_rate        | 0.0003      |
|    loss                 | 0.000631    |
|    n_updates            | 440         |
|    policy_gradient_loss | -0.00116    |
|    value_loss           | 0.000389    |
-----------------------------------------
  step  185000/500000 ( 37.0%)  mean_rew=-0.003
------------------------------------------
| time/                   |              |
|    fps                  | 1247         |
|    iterations           | 46           |
|    time_elapsed         | 151          |
|    total_timesteps      | 188416       |
| train/                  |              |
|    approx_kl            | 0.0009006001 |
|    clip_fraction        | 0.0119       |
|    clip_range           | 0.2          |
|    entropy_loss         | -0.146       |
|    explained_variance   | 0.882        |
|    learning_rate        | 0.0003       |
|    loss                 | 0.00217      |
|    n_updates            | 450          |
|    policy_gradient_loss | -0.000818    |
|    value_loss           | 0.0003       |
------------------------------------------
  step  190000/500000 ( 38.0%)  mean_rew=+0.000
-------------------------------------------
| time/                   |               |
|    fps                  | 1247          |
|    iterations           | 47            |
|    time_elapsed         | 154           |
|    total_timesteps      | 192512        |
| train/                  |               |
|    approx_kl            | 0.00071688835 |
|    clip_fraction        | 0.0123        |
|    clip_range           | 0.2           |
|    entropy_loss         | -0.155        |
|    explained_variance   | 0.918         |
|    learning_rate        | 0.0003        |
|    loss                 | 0.00261       |
|    n_updates            | 460           |
|    policy_gradient_loss | -0.000498     |
|    value_loss           | 0.000214      |
-------------------------------------------
  step  195000/500000 ( 39.0%)  mean_rew=-0.001
------------------------------------------
| time/                   |              |
|    fps                  | 1248         |
|    iterations           | 48           |
|    time_elapsed         | 157          |
|    total_timesteps      | 196608       |
| train/                  |              |
|    approx_kl            | 0.0012740851 |
|    clip_fraction        | 0.0174       |
|    clip_range           | 0.2          |
|    entropy_loss         | -0.157       |
|    explained_variance   | 0.882        |
|    learning_rate        | 0.0003       |
|    loss                 | -0.0074      |
|    n_updates            | 470          |
|    policy_gradient_loss | -0.00124     |
|    value_loss           | 0.000313     |
------------------------------------------
  step  200000/500000 ( 40.0%)  mean_rew=+0.000
------------------------------------------
| time/                   |              |
|    fps                  | 1248         |
|    iterations           | 49           |
|    time_elapsed         | 160          |
|    total_timesteps      | 200704       |
| train/                  |              |
|    approx_kl            | 0.0007472665 |
|    clip_fraction        | 0.00957      |
|    clip_range           | 0.2          |
|    entropy_loss         | -0.146       |
|    explained_variance   | 0.886        |
|    learning_rate        | 0.0003       |
|    loss                 | -0.00132     |
|    n_updates            | 480          |
|    policy_gradient_loss | -0.000533    |
|    value_loss           | 0.000261     |
------------------------------------------
------------------------------------------
| time/                   |              |
|    fps                  | 1248         |
|    iterations           | 50           |
|    time_elapsed         | 164          |
|    total_timesteps      | 204800       |
| train/                  |              |
|    approx_kl            | 0.0008927595 |
|    clip_fraction        | 0.00757      |
|    clip_range           | 0.2          |
|    entropy_loss         | -0.145       |
|    explained_variance   | 0.909        |
|    learning_rate        | 0.0003       |
|    loss                 | 0.000248     |
|    n_updates            | 490          |
|    policy_gradient_loss | -0.000377    |
|    value_loss           | 0.000234     |
------------------------------------------
  step  205000/500000 ( 41.0%)  mean_rew=+0.000
-------------------------------------------
| time/                   |               |
|    fps                  | 1248          |
|    iterations           | 51            |
|    time_elapsed         | 167           |
|    total_timesteps      | 208896        |
| train/                  |               |
|    approx_kl            | 0.00086771563 |
|    clip_fraction        | 0.0149        |
|    clip_range           | 0.2           |
|    entropy_loss         | -0.138        |
|    explained_variance   | 0.881         |
|    learning_rate        | 0.0003        |
|    loss                 | -0.000183     |
|    n_updates            | 500           |
|    policy_gradient_loss | -0.000788     |
|    value_loss           | 0.000309      |
-------------------------------------------
  step  210000/500000 ( 42.0%)  mean_rew=-0.001
-------------------------------------------
| time/                   |               |
|    fps                  | 1248          |
|    iterations           | 52            |
|    time_elapsed         | 170           |
|    total_timesteps      | 212992        |
| train/                  |               |
|    approx_kl            | 0.00057279365 |
|    clip_fraction        | 0.00952       |
|    clip_range           | 0.2           |
|    entropy_loss         | -0.14         |
|    explained_variance   | 0.888         |
|    learning_rate        | 0.0003        |
|    loss                 | 0.000463      |
|    n_updates            | 510           |
|    policy_gradient_loss | -0.000513     |
|    value_loss           | 0.000274      |
-------------------------------------------
  step  215000/500000 ( 43.0%)  mean_rew=-0.001
------------------------------------------
| time/                   |              |
|    fps                  | 1247         |
|    iterations           | 53           |
|    time_elapsed         | 173          |
|    total_timesteps      | 217088       |
| train/                  |              |
|    approx_kl            | 0.0008250228 |
|    clip_fraction        | 0.0115       |
|    clip_range           | 0.2          |
|    entropy_loss         | -0.12        |
|    explained_variance   | 0.916        |
|    learning_rate        | 0.0003       |
|    loss                 | 0.000376     |
|    n_updates            | 520          |
|    policy_gradient_loss | -0.000494    |
|    value_loss           | 0.000213     |
------------------------------------------
  step  220000/500000 ( 44.0%)  mean_rew=-0.002
------------------------------------------
| time/                   |              |
|    fps                  | 1247         |
|    iterations           | 54           |
|    time_elapsed         | 177          |
|    total_timesteps      | 221184       |
| train/                  |              |
|    approx_kl            | 0.0004704028 |
|    clip_fraction        | 0.00339      |
|    clip_range           | 0.2          |
|    entropy_loss         | -0.12        |
|    explained_variance   | 0.876        |
|    learning_rate        | 0.0003       |
|    loss                 | -0.000427    |
|    n_updates            | 530          |
|    policy_gradient_loss | -7.89e-05    |
|    value_loss           | 0.00033      |
------------------------------------------
  step  225000/500000 ( 45.0%)  mean_rew=+0.000
------------------------------------------
| time/                   |              |
|    fps                  | 1248         |
|    iterations           | 55           |
|    time_elapsed         | 180          |
|    total_timesteps      | 225280       |
| train/                  |              |
|    approx_kl            | 0.0005835359 |
|    clip_fraction        | 0.00693      |
|    clip_range           | 0.2          |
|    entropy_loss         | -0.113       |
|    explained_variance   | 0.874        |
|    learning_rate        | 0.0003       |
|    loss                 | -0.00341     |
|    n_updates            | 540          |
|    policy_gradient_loss | -0.000409    |
|    value_loss           | 0.000334     |
------------------------------------------
-------------------------------------------
| time/                   |               |
|    fps                  | 1247          |
|    iterations           | 56            |
|    time_elapsed         | 183           |
|    total_timesteps      | 229376        |
| train/                  |               |
|    approx_kl            | 0.00053033885 |
|    clip_fraction        | 0.00908       |
|    clip_range           | 0.2           |
|    entropy_loss         | -0.113        |
|    explained_variance   | 0.89          |
|    learning_rate        | 0.0003        |
|    loss                 | -6.85e-06     |
|    n_updates            | 550           |
|    policy_gradient_loss | -0.000514     |
|    value_loss           | 0.000238      |
-------------------------------------------
  step  230000/500000 ( 46.0%)  mean_rew=-0.000
------------------------------------------
| time/                   |              |
|    fps                  | 1247         |
|    iterations           | 57           |
|    time_elapsed         | 187          |
|    total_timesteps      | 233472       |
| train/                  |              |
|    approx_kl            | 0.0006975257 |
|    clip_fraction        | 0.0105       |
|    clip_range           | 0.2          |
|    entropy_loss         | -0.105       |
|    explained_variance   | 0.919        |
|    learning_rate        | 0.0003       |
|    loss                 | 0.00024      |
|    n_updates            | 560          |
|    policy_gradient_loss | -0.000352    |
|    value_loss           | 0.000199     |
------------------------------------------
  step  235000/500000 ( 47.0%)  mean_rew=-0.000
-------------------------------------------
| time/                   |               |
|    fps                  | 1247          |
|    iterations           | 58            |
|    time_elapsed         | 190           |
|    total_timesteps      | 237568        |
| train/                  |               |
|    approx_kl            | 0.00042870155 |
|    clip_fraction        | 0.0085        |
|    clip_range           | 0.2           |
|    entropy_loss         | -0.108        |
|    explained_variance   | 0.863         |
|    learning_rate        | 0.0003        |
|    loss                 | -0.000332     |
|    n_updates            | 570           |
|    policy_gradient_loss | -0.000608     |
|    value_loss           | 0.000367      |
-------------------------------------------
  step  240000/500000 ( 48.0%)  mean_rew=-0.001
-----------------------------------------
| time/                   |             |
|    fps                  | 1247        |
|    iterations           | 59          |
|    time_elapsed         | 193         |
|    total_timesteps      | 241664      |
| train/                  |             |
|    approx_kl            | 0.001189751 |
|    clip_fraction        | 0.00615     |
|    clip_range           | 0.2         |
|    entropy_loss         | -0.114      |
|    explained_variance   | 0.884       |
|    learning_rate        | 0.0003      |
|    loss                 | -0.00126    |
|    n_updates            | 580         |
|    policy_gradient_loss | -0.000133   |
|    value_loss           | 0.000278    |
-----------------------------------------
  step  245000/500000 ( 49.0%)  mean_rew=-0.001
-------------------------------------------
| time/                   |               |
|    fps                  | 1247          |
|    iterations           | 60            |
|    time_elapsed         | 197           |
|    total_timesteps      | 245760        |
| train/                  |               |
|    approx_kl            | 0.00046685647 |
|    clip_fraction        | 0.00764       |
|    clip_range           | 0.2           |
|    entropy_loss         | -0.104        |
|    explained_variance   | 0.931         |
|    learning_rate        | 0.0003        |
|    loss                 | -0.000524     |
|    n_updates            | 590           |
|    policy_gradient_loss | -0.0003       |
|    value_loss           | 0.00016       |
-------------------------------------------
------------------------------------------
| time/                   |              |
|    fps                  | 1247         |
|    iterations           | 61           |
|    time_elapsed         | 200          |
|    total_timesteps      | 249856       |
| train/                  |              |
|    approx_kl            | 0.0005449975 |
|    clip_fraction        | 0.00652      |
|    clip_range           | 0.2          |
|    entropy_loss         | -0.104       |
|    explained_variance   | 0.873        |
|    learning_rate        | 0.0003       |
|    loss                 | -0.00153     |
|    n_updates            | 600          |
|    policy_gradient_loss | -0.000257    |
|    value_loss           | 0.00032      |
------------------------------------------
  step  250000/500000 ( 50.0%)  mean_rew=-0.001
-------------------------------------------
| time/                   |               |
|    fps                  | 1247          |
|    iterations           | 62            |
|    time_elapsed         | 203           |
|    total_timesteps      | 253952        |
| train/                  |               |
|    approx_kl            | 0.00042004598 |
|    clip_fraction        | 0.0064        |
|    clip_range           | 0.2           |
|    entropy_loss         | -0.0971       |
|    explained_variance   | 0.879         |
|    learning_rate        | 0.0003        |
|    loss                 | -0.000227     |
|    n_updates            | 610           |
|    policy_gradient_loss | -0.000272     |
|    value_loss           | 0.000279      |
-------------------------------------------
  step  255000/500000 ( 51.0%)  mean_rew=-0.002
------------------------------------------
| time/                   |              |
|    fps                  | 1246         |
|    iterations           | 63           |
|    time_elapsed         | 206          |
|    total_timesteps      | 258048       |
| train/                  |              |
|    approx_kl            | 0.0009569589 |
|    clip_fraction        | 0.0106       |
|    clip_range           | 0.2          |
|    entropy_loss         | -0.107       |
|    explained_variance   | 0.894        |
|    learning_rate        | 0.0003       |
|    loss                 | -0.00247     |
|    n_updates            | 620          |
|    policy_gradient_loss | -0.0007      |
|    value_loss           | 0.000204     |
------------------------------------------
  step  260000/500000 ( 52.0%)  mean_rew=-0.001
------------------------------------------
| time/                   |              |
|    fps                  | 1246         |
|    iterations           | 64           |
|    time_elapsed         | 210          |
|    total_timesteps      | 262144       |
| train/                  |              |
|    approx_kl            | 0.0006906041 |
|    clip_fraction        | 0.00896      |
|    clip_range           | 0.2          |
|    entropy_loss         | -0.113       |
|    explained_variance   | 0.923        |
|    learning_rate        | 0.0003       |
|    loss                 | -0.00184     |
|    n_updates            | 630          |
|    policy_gradient_loss | -0.000313    |
|    value_loss           | 0.000166     |
------------------------------------------
  step  265000/500000 ( 53.0%)  mean_rew=+0.000
-----------------------------------------
| time/                   |             |
|    fps                  | 1247        |
|    iterations           | 65          |
|    time_elapsed         | 213         |
|    total_timesteps      | 266240      |
| train/                  |             |
|    approx_kl            | 0.001112407 |
|    clip_fraction        | 0.0127      |
|    clip_range           | 0.2         |
|    entropy_loss         | -0.125      |
|    explained_variance   | 0.872       |
|    learning_rate        | 0.0003      |
|    loss                 | 0.00147     |
|    n_updates            | 640         |
|    policy_gradient_loss | -0.000429   |
|    value_loss           | 0.000309    |
-----------------------------------------
  step  270000/500000 ( 54.0%)  mean_rew=-0.000
------------------------------------------
| time/                   |              |
|    fps                  | 1246         |
|    iterations           | 66           |
|    time_elapsed         | 216          |
|    total_timesteps      | 270336       |
| train/                  |              |
|    approx_kl            | 0.0020278862 |
|    clip_fraction        | 0.0101       |
|    clip_range           | 0.2          |
|    entropy_loss         | -0.141       |
|    explained_variance   | 0.886        |
|    learning_rate        | 0.0003       |
|    loss                 | -0.000525    |
|    n_updates            | 650          |
|    policy_gradient_loss | -6.94e-05    |
|    value_loss           | 0.000248     |
------------------------------------------
------------------------------------------
| time/                   |              |
|    fps                  | 1246         |
|    iterations           | 67           |
|    time_elapsed         | 220          |
|    total_timesteps      | 274432       |
| train/                  |              |
|    approx_kl            | 0.0006361678 |
|    clip_fraction        | 0.00864      |
|    clip_range           | 0.2          |
|    entropy_loss         | -0.133       |
|    explained_variance   | 0.909        |
|    learning_rate        | 0.0003       |
|    loss                 | -0.00122     |
|    n_updates            | 660          |
|    policy_gradient_loss | -0.000248    |
|    value_loss           | 0.000208     |
------------------------------------------
  step  275000/500000 ( 55.0%)  mean_rew=+0.000
------------------------------------------
| time/                   |              |
|    fps                  | 1246         |
|    iterations           | 68           |
|    time_elapsed         | 223          |
|    total_timesteps      | 278528       |
| train/                  |              |
|    approx_kl            | 0.0008668471 |
|    clip_fraction        | 0.0175       |
|    clip_range           | 0.2          |
|    entropy_loss         | -0.118       |
|    explained_variance   | 0.871        |
|    learning_rate        | 0.0003       |
|    loss                 | -0.00163     |
|    n_updates            | 670          |
|    policy_gradient_loss | -0.000951    |
|    value_loss           | 0.000313     |
------------------------------------------
  step  280000/500000 ( 56.0%)  mean_rew=-0.001
------------------------------------------
| time/                   |              |
|    fps                  | 1246         |
|    iterations           | 69           |
|    time_elapsed         | 226          |
|    total_timesteps      | 282624       |
| train/                  |              |
|    approx_kl            | 0.0005585832 |
|    clip_fraction        | 0.01         |
|    clip_range           | 0.2          |
|    entropy_loss         | -0.121       |
|    explained_variance   | 0.872        |
|    learning_rate        | 0.0003       |
|    loss                 | -0.000899    |
|    n_updates            | 680          |
|    policy_gradient_loss | -0.000527    |
|    value_loss           | 0.00032      |
------------------------------------------
  step  285000/500000 ( 57.0%)  mean_rew=-0.001
-------------------------------------------
| time/                   |               |
|    fps                  | 1246          |
|    iterations           | 70            |
|    time_elapsed         | 230           |
|    total_timesteps      | 286720        |
| train/                  |               |
|    approx_kl            | 0.00058046024 |
|    clip_fraction        | 0.00715       |
|    clip_range           | 0.2           |
|    entropy_loss         | -0.118        |
|    explained_variance   | 0.884         |
|    learning_rate        | 0.0003        |
|    loss                 | 0.000238      |
|    n_updates            | 690           |
|    policy_gradient_loss | -0.000487     |
|    value_loss           | 0.000242      |
-------------------------------------------
  step  290000/500000 ( 58.0%)  mean_rew=-0.002
------------------------------------------
| time/                   |              |
|    fps                  | 1246         |
|    iterations           | 71           |
|    time_elapsed         | 233          |
|    total_timesteps      | 290816       |
| train/                  |              |
|    approx_kl            | 0.0041206484 |
|    clip_fraction        | 0.0155       |
|    clip_range           | 0.2          |
|    entropy_loss         | -0.149       |
|    explained_variance   | 0.922        |
|    learning_rate        | 0.0003       |
|    loss                 | -0.00114     |
|    n_updates            | 700          |
|    policy_gradient_loss | -0.00111     |
|    value_loss           | 0.000174     |
------------------------------------------
-------------------------------------------
| time/                   |               |
|    fps                  | 1246          |
|    iterations           | 72            |
|    time_elapsed         | 236           |
|    total_timesteps      | 294912        |
| train/                  |               |
|    approx_kl            | 0.00053048116 |
|    clip_fraction        | 0.0114        |
|    clip_range           | 0.2           |
|    entropy_loss         | -0.155        |
|    explained_variance   | 0.87          |
|    learning_rate        | 0.0003        |
|    loss                 | -0.000462     |
|    n_updates            | 710           |
|    policy_gradient_loss | -0.000206     |
|    value_loss           | 0.000319      |
-------------------------------------------
  step  295000/500000 ( 59.0%)  mean_rew=-0.001
------------------------------------------
| time/                   |              |
|    fps                  | 1246         |
|    iterations           | 73           |
|    time_elapsed         | 239          |
|    total_timesteps      | 299008       |
| train/                  |              |
|    approx_kl            | 0.0010437407 |
|    clip_fraction        | 0.0187       |
|    clip_range           | 0.2          |
|    entropy_loss         | -0.154       |
|    explained_variance   | 0.88         |
|    learning_rate        | 0.0003       |
|    loss                 | -0.000437    |
|    n_updates            | 720          |
|    policy_gradient_loss | -0.000912    |
|    value_loss           | 0.000246     |
------------------------------------------
  step  300000/500000 ( 60.0%)  mean_rew=-0.001
-------------------------------------------
| time/                   |               |
|    fps                  | 1246          |
|    iterations           | 74            |
|    time_elapsed         | 243           |
|    total_timesteps      | 303104        |
| train/                  |               |
|    approx_kl            | 0.00065373513 |
|    clip_fraction        | 0.00613       |
|    clip_range           | 0.2           |
|    entropy_loss         | -0.157        |
|    explained_variance   | 0.898         |
|    learning_rate        | 0.0003        |
|    loss                 | 0.00106       |
|    n_updates            | 730           |
|    policy_gradient_loss | -0.000207     |
|    value_loss           | 0.000239      |
-------------------------------------------
  step  305000/500000 ( 61.0%)  mean_rew=-0.001
------------------------------------------
| time/                   |              |
|    fps                  | 1246         |
|    iterations           | 75           |
|    time_elapsed         | 246          |
|    total_timesteps      | 307200       |
| train/                  |              |
|    approx_kl            | 0.0005652044 |
|    clip_fraction        | 0.0084       |
|    clip_range           | 0.2          |
|    entropy_loss         | -0.156       |
|    explained_variance   | 0.868        |
|    learning_rate        | 0.0003       |
|    loss                 | -0.00667     |
|    n_updates            | 740          |
|    policy_gradient_loss | -0.000488    |
|    value_loss           | 0.000294     |
------------------------------------------
  step  310000/500000 ( 62.0%)  mean_rew=+0.000
-------------------------------------------
| time/                   |               |
|    fps                  | 1246          |
|    iterations           | 76            |
|    time_elapsed         | 249           |
|    total_timesteps      | 311296        |
| train/                  |               |
|    approx_kl            | 0.00096425554 |
|    clip_fraction        | 0.0193        |
|    clip_range           | 0.2           |
|    entropy_loss         | -0.167        |
|    explained_variance   | 0.856         |
|    learning_rate        | 0.0003        |
|    loss                 | 3.04e-05      |
|    n_updates            | 750           |
|    policy_gradient_loss | -0.000765     |
|    value_loss           | 0.000363      |
-------------------------------------------
  step  315000/500000 ( 63.0%)  mean_rew=-0.002
-----------------------------------------
| time/                   |             |
|    fps                  | 1246        |
|    iterations           | 77          |
|    time_elapsed         | 253         |
|    total_timesteps      | 315392      |
| train/                  |             |
|    approx_kl            | 0.001184068 |
|    clip_fraction        | 0.0118      |
|    clip_range           | 0.2         |
|    entropy_loss         | -0.157      |
|    explained_variance   | 0.892       |
|    learning_rate        | 0.0003      |
|    loss                 | -0.000875   |
|    n_updates            | 760         |
|    policy_gradient_loss | -0.000455   |
|    value_loss           | 0.000233    |
-----------------------------------------
-------------------------------------------
| time/                   |               |
|    fps                  | 1246          |
|    iterations           | 78            |
|    time_elapsed         | 256           |
|    total_timesteps      | 319488        |
| train/                  |               |
|    approx_kl            | 0.00095275894 |
|    clip_fraction        | 0.00823       |
|    clip_range           | 0.2           |
|    entropy_loss         | -0.161        |
|    explained_variance   | 0.913         |
|    learning_rate        | 0.0003        |
|    loss                 | -0.000883     |
|    n_updates            | 770           |
|    policy_gradient_loss | -0.000287     |
|    value_loss           | 0.000204      |
-------------------------------------------
  step  320000/500000 ( 64.0%)  mean_rew=-0.001
-------------------------------------------
| time/                   |               |
|    fps                  | 1244          |
|    iterations           | 79            |
|    time_elapsed         | 259           |
|    total_timesteps      | 323584        |
| train/                  |               |
|    approx_kl            | 0.00068969897 |
|    clip_fraction        | 0.0122        |
|    clip_range           | 0.2           |
|    entropy_loss         | -0.176        |
|    explained_variance   | 0.871         |
|    learning_rate        | 0.0003        |
|    loss                 | 0.000219      |
|    n_updates            | 780           |
|    policy_gradient_loss | -0.000242     |
|    value_loss           | 0.000325      |
-------------------------------------------
  step  325000/500000 ( 65.0%)  mean_rew=-0.001
------------------------------------------
| time/                   |              |
|    fps                  | 1246         |
|    iterations           | 80           |
|    time_elapsed         | 262          |
|    total_timesteps      | 327680       |
| train/                  |              |
|    approx_kl            | 0.0031248615 |
|    clip_fraction        | 0.0273       |
|    clip_range           | 0.2          |
|    entropy_loss         | -0.183       |
|    explained_variance   | 0.888        |
|    learning_rate        | 0.0003       |
|    loss                 | 0.00379      |
|    n_updates            | 790          |
|    policy_gradient_loss | -0.000568    |
|    value_loss           | 0.000237     |
------------------------------------------
  step  330000/500000 ( 66.0%)  mean_rew=-0.002
------------------------------------------
| time/                   |              |
|    fps                  | 1242         |
|    iterations           | 81           |
|    time_elapsed         | 267          |
|    total_timesteps      | 331776       |
| train/                  |              |
|    approx_kl            | 0.0014094998 |
|    clip_fraction        | 0.0174       |
|    clip_range           | 0.2          |
|    entropy_loss         | -0.188       |
|    explained_variance   | 0.926        |
|    learning_rate        | 0.0003       |
|    loss                 | -0.00334     |
|    n_updates            | 800          |
|    policy_gradient_loss | -0.000656    |
|    value_loss           | 0.000168     |
------------------------------------------
  step  335000/500000 ( 67.0%)  mean_rew=-0.001
-----------------------------------------
| time/                   |             |
|    fps                  | 1239        |
|    iterations           | 82          |
|    time_elapsed         | 270         |
|    total_timesteps      | 335872      |
| train/                  |             |
|    approx_kl            | 0.003261087 |
|    clip_fraction        | 0.0266      |
|    clip_range           | 0.2         |
|    entropy_loss         | -0.181      |
|    explained_variance   | 0.868       |
|    learning_rate        | 0.0003      |
|    loss                 | -0.000295   |
|    n_updates            | 810         |
|    policy_gradient_loss | -0.000719   |
|    value_loss           | 0.000341    |
-----------------------------------------
-----------------------------------------
| time/                   |             |
|    fps                  | 1241        |
|    iterations           | 83          |
|    time_elapsed         | 273         |
|    total_timesteps      | 339968      |
| train/                  |             |
|    approx_kl            | 0.001961081 |
|    clip_fraction        | 0.0267      |
|    clip_range           | 0.2         |
|    entropy_loss         | -0.185      |
|    explained_variance   | 0.886       |
|    learning_rate        | 0.0003      |
|    loss                 | -0.00399    |
|    n_updates            | 820         |
|    policy_gradient_loss | -0.000602   |
|    value_loss           | 0.000276    |
-----------------------------------------
  step  340000/500000 ( 68.0%)  mean_rew=+0.000
------------------------------------------
| time/                   |              |
|    fps                  | 1243         |
|    iterations           | 84           |
|    time_elapsed         | 276          |
|    total_timesteps      | 344064       |
| train/                  |              |
|    approx_kl            | 0.0021544173 |
|    clip_fraction        | 0.0243       |
|    clip_range           | 0.2          |
|    entropy_loss         | -0.166       |
|    explained_variance   | 0.884        |
|    learning_rate        | 0.0003       |
|    loss                 | -0.00183     |
|    n_updates            | 830          |
|    policy_gradient_loss | -0.00108     |
|    value_loss           | 0.000259     |
------------------------------------------
  step  345000/500000 ( 69.0%)  mean_rew=-0.001
------------------------------------------
| time/                   |              |
|    fps                  | 1245         |
|    iterations           | 85           |
|    time_elapsed         | 279          |
|    total_timesteps      | 348160       |
| train/                  |              |
|    approx_kl            | 0.0015438214 |
|    clip_fraction        | 0.0178       |
|    clip_range           | 0.2          |
|    entropy_loss         | -0.15        |
|    explained_variance   | 0.909        |
|    learning_rate        | 0.0003       |
|    loss                 | 0.000999     |
|    n_updates            | 840          |
|    policy_gradient_loss | -0.000672    |
|    value_loss           | 0.00022      |
------------------------------------------
  step  350000/500000 ( 70.0%)  mean_rew=-0.000
------------------------------------------
| time/                   |              |
|    fps                  | 1248         |
|    iterations           | 86           |
|    time_elapsed         | 282          |
|    total_timesteps      | 352256       |
| train/                  |              |
|    approx_kl            | 0.0008482742 |
|    clip_fraction        | 0.00552      |
|    clip_range           | 0.2          |
|    entropy_loss         | -0.15        |
|    explained_variance   | 0.86         |
|    learning_rate        | 0.0003       |
|    loss                 | 0.00258      |
|    n_updates            | 850          |
|    policy_gradient_loss | -7.59e-05    |
|    value_loss           | 0.000363     |
------------------------------------------
  step  355000/500000 ( 71.0%)  mean_rew=+0.000
------------------------------------------
| time/                   |              |
|    fps                  | 1250         |
|    iterations           | 87           |
|    time_elapsed         | 285          |
|    total_timesteps      | 356352       |
| train/                  |              |
|    approx_kl            | 0.0014220434 |
|    clip_fraction        | 0.0113       |
|    clip_range           | 0.2          |
|    entropy_loss         | -0.139       |
|    explained_variance   | 0.894        |
|    learning_rate        | 0.0003       |
|    loss                 | 0.00085      |
|    n_updates            | 860          |
|    policy_gradient_loss | -0.000547    |
|    value_loss           | 0.000229     |
------------------------------------------
  step  360000/500000 ( 72.0%)  mean_rew=-0.001
------------------------------------------
| time/                   |              |
|    fps                  | 1252         |
|    iterations           | 88           |
|    time_elapsed         | 287          |
|    total_timesteps      | 360448       |
| train/                  |              |
|    approx_kl            | 0.0014803639 |
|    clip_fraction        | 0.0198       |
|    clip_range           | 0.2          |
|    entropy_loss         | -0.126       |
|    explained_variance   | 0.907        |
|    learning_rate        | 0.0003       |
|    loss                 | -0.000518    |
|    n_updates            | 870          |
|    policy_gradient_loss | -0.000998    |
|    value_loss           | 0.000226     |
------------------------------------------
------------------------------------------
| time/                   |              |
|    fps                  | 1254         |
|    iterations           | 89           |
|    time_elapsed         | 290          |
|    total_timesteps      | 364544       |
| train/                  |              |
|    approx_kl            | 0.0012998849 |
|    clip_fraction        | 0.0164       |
|    clip_range           | 0.2          |
|    entropy_loss         | -0.129       |
|    explained_variance   | 0.868        |
|    learning_rate        | 0.0003       |
|    loss                 | -0.00069     |
|    n_updates            | 880          |
|    policy_gradient_loss | -0.000328    |
|    value_loss           | 0.000364     |
------------------------------------------
  step  365000/500000 ( 73.0%)  mean_rew=-0.001
-------------------------------------------
| time/                   |               |
|    fps                  | 1256          |
|    iterations           | 90            |
|    time_elapsed         | 293           |
|    total_timesteps      | 368640        |
| train/                  |               |
|    approx_kl            | 0.00069928187 |
|    clip_fraction        | 0.0135        |
|    clip_range           | 0.2           |
|    entropy_loss         | -0.136        |
|    explained_variance   | 0.879         |
|    learning_rate        | 0.0003        |
|    loss                 | 0.00204       |
|    n_updates            | 890           |
|    policy_gradient_loss | -0.000582     |
|    value_loss           | 0.000312      |
-------------------------------------------
  step  370000/500000 ( 74.0%)  mean_rew=-0.002
-------------------------------------------
| time/                   |               |
|    fps                  | 1258          |
|    iterations           | 91            |
|    time_elapsed         | 296           |
|    total_timesteps      | 372736        |
| train/                  |               |
|    approx_kl            | 0.00091239606 |
|    clip_fraction        | 0.0133        |
|    clip_range           | 0.2           |
|    entropy_loss         | -0.155        |
|    explained_variance   | 0.881         |
|    learning_rate        | 0.0003        |
|    loss                 | 0.00393       |
|    n_updates            | 900           |
|    policy_gradient_loss | -0.00033      |
|    value_loss           | 0.000271      |
-------------------------------------------
  step  375000/500000 ( 75.0%)  mean_rew=-0.002
------------------------------------------
| time/                   |              |
|    fps                  | 1260         |
|    iterations           | 92           |
|    time_elapsed         | 298          |
|    total_timesteps      | 376832       |
| train/                  |              |
|    approx_kl            | 0.0001878845 |
|    clip_fraction        | 0.00488      |
|    clip_range           | 0.2          |
|    entropy_loss         | -0.152       |
|    explained_variance   | 0.917        |
|    learning_rate        | 0.0003       |
|    loss                 | -9.69e-05    |
|    n_updates            | 910          |
|    policy_gradient_loss | 0.000127     |
|    value_loss           | 0.000196     |
------------------------------------------
  step  380000/500000 ( 76.0%)  mean_rew=+0.000
------------------------------------------
| time/                   |              |
|    fps                  | 1262         |
|    iterations           | 93           |
|    time_elapsed         | 301          |
|    total_timesteps      | 380928       |
| train/                  |              |
|    approx_kl            | 0.0008786966 |
|    clip_fraction        | 0.0106       |
|    clip_range           | 0.2          |
|    entropy_loss         | -0.161       |
|    explained_variance   | 0.869        |
|    learning_rate        | 0.0003       |
|    loss                 | 0.0013       |
|    n_updates            | 920          |
|    policy_gradient_loss | -0.000232    |
|    value_loss           | 0.000319     |
------------------------------------------
  step  385000/500000 ( 77.0%)  mean_rew=-0.000
------------------------------------------
| time/                   |              |
|    fps                  | 1264         |
|    iterations           | 94           |
|    time_elapsed         | 304          |
|    total_timesteps      | 385024       |
| train/                  |              |
|    approx_kl            | 0.0013799989 |
|    clip_fraction        | 0.0122       |
|    clip_range           | 0.2          |
|    entropy_loss         | -0.156       |
|    explained_variance   | 0.883        |
|    learning_rate        | 0.0003       |
|    loss                 | -0.003       |
|    n_updates            | 930          |
|    policy_gradient_loss | -0.000644    |
|    value_loss           | 0.000239     |
------------------------------------------
------------------------------------------
| time/                   |              |
|    fps                  | 1265         |
|    iterations           | 95           |
|    time_elapsed         | 307          |
|    total_timesteps      | 389120       |
| train/                  |              |
|    approx_kl            | 0.0009536921 |
|    clip_fraction        | 0.0106       |
|    clip_range           | 0.2          |
|    entropy_loss         | -0.153       |
|    explained_variance   | 0.898        |
|    learning_rate        | 0.0003       |
|    loss                 | -0.00411     |
|    n_updates            | 940          |
|    policy_gradient_loss | -0.000639    |
|    value_loss           | 0.000237     |
------------------------------------------
  step  390000/500000 ( 78.0%)  mean_rew=-0.001
------------------------------------------
| time/                   |              |
|    fps                  | 1267         |
|    iterations           | 96           |
|    time_elapsed         | 310          |
|    total_timesteps      | 393216       |
| train/                  |              |
|    approx_kl            | 0.0011517247 |
|    clip_fraction        | 0.0105       |
|    clip_range           | 0.2          |
|    entropy_loss         | -0.152       |
|    explained_variance   | 0.862        |
|    learning_rate        | 0.0003       |
|    loss                 | 0.0064       |
|    n_updates            | 950          |
|    policy_gradient_loss | -0.000508    |
|    value_loss           | 0.000342     |
------------------------------------------
  step  395000/500000 ( 79.0%)  mean_rew=-0.001
------------------------------------------
| time/                   |              |
|    fps                  | 1269         |
|    iterations           | 97           |
|    time_elapsed         | 312          |
|    total_timesteps      | 397312       |
| train/                  |              |
|    approx_kl            | 0.0013030956 |
|    clip_fraction        | 0.00801      |
|    clip_range           | 0.2          |
|    entropy_loss         | -0.149       |
|    explained_variance   | 0.867        |
|    learning_rate        | 0.0003       |
|    loss                 | 0.000945     |
|    n_updates            | 960          |
|    policy_gradient_loss | -1.55e-05    |
|    value_loss           | 0.000312     |
------------------------------------------
  step  400000/500000 ( 80.0%)  mean_rew=-0.000
------------------------------------------
| time/                   |              |
|    fps                  | 1271         |
|    iterations           | 98           |
|    time_elapsed         | 315          |
|    total_timesteps      | 401408       |
| train/                  |              |
|    approx_kl            | 0.0013275417 |
|    clip_fraction        | 0.022        |
|    clip_range           | 0.2          |
|    entropy_loss         | -0.13        |
|    explained_variance   | 0.918        |
|    learning_rate        | 0.0003       |
|    loss                 | 0.00124      |
|    n_updates            | 970          |
|    policy_gradient_loss | -0.000759    |
|    value_loss           | 0.000194     |
------------------------------------------
  step  405000/500000 ( 81.0%)  mean_rew=-0.002
-------------------------------------------
| time/                   |               |
|    fps                  | 1272          |
|    iterations           | 99            |
|    time_elapsed         | 318           |
|    total_timesteps      | 405504        |
| train/                  |               |
|    approx_kl            | 0.00046441908 |
|    clip_fraction        | 0.00737       |
|    clip_range           | 0.2           |
|    entropy_loss         | -0.136        |
|    explained_variance   | 0.877         |
|    learning_rate        | 0.0003        |
|    loss                 | -0.000514     |
|    n_updates            | 980           |
|    policy_gradient_loss | 0.000116      |
|    value_loss           | 0.000323      |
-------------------------------------------
-------------------------------------------
| time/                   |               |
|    fps                  | 1275          |
|    iterations           | 100           |
|    time_elapsed         | 321           |
|    total_timesteps      | 409600        |
| train/                  |               |
|    approx_kl            | 0.00038351552 |
|    clip_fraction        | 0.00598       |
|    clip_range           | 0.2           |
|    entropy_loss         | -0.144        |
|    explained_variance   | 0.864         |
|    learning_rate        | 0.0003        |
|    loss                 | -0.000356     |
|    n_updates            | 990           |
|    policy_gradient_loss | 9.02e-05      |
|    value_loss           | 0.00033       |
-------------------------------------------
  step  410000/500000 ( 82.0%)  mean_rew=-0.001
-------------------------------------------
| time/                   |               |
|    fps                  | 1276          |
|    iterations           | 101           |
|    time_elapsed         | 324           |
|    total_timesteps      | 413696        |
| train/                  |               |
|    approx_kl            | 0.00070265715 |
|    clip_fraction        | 0.00876       |
|    clip_range           | 0.2           |
|    entropy_loss         | -0.137        |
|    explained_variance   | 0.891         |
|    learning_rate        | 0.0003        |
|    loss                 | -0.000691     |
|    n_updates            | 1000          |
|    policy_gradient_loss | -0.00022      |
|    value_loss           | 0.00022       |
-------------------------------------------
  step  415000/500000 ( 83.0%)  mean_rew=-0.000
------------------------------------------
| time/                   |              |
|    fps                  | 1278         |
|    iterations           | 102          |
|    time_elapsed         | 326          |
|    total_timesteps      | 417792       |
| train/                  |              |
|    approx_kl            | 0.0005998931 |
|    clip_fraction        | 0.0082       |
|    clip_range           | 0.2          |
|    entropy_loss         | -0.131       |
|    explained_variance   | 0.904        |
|    learning_rate        | 0.0003       |
|    loss                 | -0.00593     |
|    n_updates            | 1010         |
|    policy_gradient_loss | -0.000774    |
|    value_loss           | 0.000214     |
------------------------------------------
  step  420000/500000 ( 84.0%)  mean_rew=-0.001
------------------------------------------
| time/                   |              |
|    fps                  | 1279         |
|    iterations           | 103          |
|    time_elapsed         | 329          |
|    total_timesteps      | 421888       |
| train/                  |              |
|    approx_kl            | 0.0008998201 |
|    clip_fraction        | 0.0107       |
|    clip_range           | 0.2          |
|    entropy_loss         | -0.124       |
|    explained_variance   | 0.854        |
|    learning_rate        | 0.0003       |
|    loss                 | -0.0018      |
|    n_updates            | 1020         |
|    policy_gradient_loss | -0.000394    |
|    value_loss           | 0.000363     |
------------------------------------------
  step  425000/500000 ( 85.0%)  mean_rew=-0.001
-----------------------------------------
| time/                   |             |
|    fps                  | 1281        |
|    iterations           | 104         |
|    time_elapsed         | 332         |
|    total_timesteps      | 425984      |
| train/                  |             |
|    approx_kl            | 0.000539165 |
|    clip_fraction        | 0.011       |
|    clip_range           | 0.2         |
|    entropy_loss         | -0.125      |
|    explained_variance   | 0.89        |
|    learning_rate        | 0.0003      |
|    loss                 | -9.74e-06   |
|    n_updates            | 1030        |
|    policy_gradient_loss | -0.000231   |
|    value_loss           | 0.00024     |
-----------------------------------------
  step  430000/500000 ( 86.0%)  mean_rew=-0.001
------------------------------------------
| time/                   |              |
|    fps                  | 1282         |
|    iterations           | 105          |
|    time_elapsed         | 335          |
|    total_timesteps      | 430080       |
| train/                  |              |
|    approx_kl            | 0.0005826159 |
|    clip_fraction        | 0.0143       |
|    clip_range           | 0.2          |
|    entropy_loss         | -0.136       |
|    explained_variance   | 0.928        |
|    learning_rate        | 0.0003       |
|    loss                 | -0.00132     |
|    n_updates            | 1040         |
|    policy_gradient_loss | -0.000858    |
|    value_loss           | 0.000157     |
------------------------------------------
------------------------------------------
| time/                   |              |
|    fps                  | 1283         |
|    iterations           | 106          |
|    time_elapsed         | 338          |
|    total_timesteps      | 434176       |
| train/                  |              |
|    approx_kl            | 0.0013344486 |
|    clip_fraction        | 0.015        |
|    clip_range           | 0.2          |
|    entropy_loss         | -0.124       |
|    explained_variance   | 0.863        |
|    learning_rate        | 0.0003       |
|    loss                 | -0.00345     |
|    n_updates            | 1050         |
|    policy_gradient_loss | -0.000342    |
|    value_loss           | 0.000335     |
------------------------------------------
  step  435000/500000 ( 87.0%)  mean_rew=-0.001
------------------------------------------
| time/                   |              |
|    fps                  | 1285         |
|    iterations           | 107          |
|    time_elapsed         | 340          |
|    total_timesteps      | 438272       |
| train/                  |              |
|    approx_kl            | 0.0006774774 |
|    clip_fraction        | 0.0147       |
|    clip_range           | 0.2          |
|    entropy_loss         | -0.122       |
|    explained_variance   | 0.868        |
|    learning_rate        | 0.0003       |
|    loss                 | 0.000687     |
|    n_updates            | 1060         |
|    policy_gradient_loss | -0.000334    |
|    value_loss           | 0.000315     |
------------------------------------------
  step  440000/500000 ( 88.0%)  mean_rew=-0.002
-------------------------------------------
| time/                   |               |
|    fps                  | 1287          |
|    iterations           | 108           |
|    time_elapsed         | 343           |
|    total_timesteps      | 442368        |
| train/                  |               |
|    approx_kl            | 0.00039140583 |
|    clip_fraction        | 0.0074        |
|    clip_range           | 0.2           |
|    entropy_loss         | -0.119        |
|    explained_variance   | 0.891         |
|    learning_rate        | 0.0003        |
|    loss                 | -8.65e-05     |
|    n_updates            | 1070          |
|    policy_gradient_loss | -0.000171     |
|    value_loss           | 0.00022       |
-------------------------------------------
  step  445000/500000 ( 89.0%)  mean_rew=+0.000
-------------------------------------------
| time/                   |               |
|    fps                  | 1288          |
|    iterations           | 109           |
|    time_elapsed         | 346           |
|    total_timesteps      | 446464        |
| train/                  |               |
|    approx_kl            | 0.00051998964 |
|    clip_fraction        | 0.00659       |
|    clip_range           | 0.2           |
|    entropy_loss         | -0.113        |
|    explained_variance   | 0.908         |
|    learning_rate        | 0.0003        |
|    loss                 | 0.000246      |
|    n_updates            | 1080          |
|    policy_gradient_loss | -0.000593     |
|    value_loss           | 0.000208      |
-------------------------------------------
  step  450000/500000 ( 90.0%)  mean_rew=-0.001
-------------------------------------------
| time/                   |               |
|    fps                  | 1289          |
|    iterations           | 110           |
|    time_elapsed         | 349           |
|    total_timesteps      | 450560        |
| train/                  |               |
|    approx_kl            | 0.00022436962 |
|    clip_fraction        | 0.00442       |
|    clip_range           | 0.2           |
|    entropy_loss         | -0.122        |
|    explained_variance   | 0.862         |
|    learning_rate        | 0.0003        |
|    loss                 | 0.000243      |
|    n_updates            | 1090          |
|    policy_gradient_loss | -6.73e-05     |
|    value_loss           | 0.000346      |
-------------------------------------------
-----------------------------------------
| time/                   |             |
|    fps                  | 1291        |
|    iterations           | 111         |
|    time_elapsed         | 352         |
|    total_timesteps      | 454656      |
| train/                  |             |
|    approx_kl            | 0.005369966 |
|    clip_fraction        | 0.0313      |
|    clip_range           | 0.2         |
|    entropy_loss         | -0.132      |
|    explained_variance   | 0.889       |
|    learning_rate        | 0.0003      |
|    loss                 | 0.0181      |
|    n_updates            | 1100        |
|    policy_gradient_loss | -0.000406   |
|    value_loss           | 0.000241    |
-----------------------------------------
  step  455000/500000 ( 91.0%)  mean_rew=-0.000
------------------------------------------
| time/                   |              |
|    fps                  | 1292         |
|    iterations           | 112          |
|    time_elapsed         | 354          |
|    total_timesteps      | 458752       |
| train/                  |              |
|    approx_kl            | 0.0012336449 |
|    clip_fraction        | 0.00779      |
|    clip_range           | 0.2          |
|    entropy_loss         | -0.134       |
|    explained_variance   | 0.921        |
|    learning_rate        | 0.0003       |
|    loss                 | -0.00232     |
|    n_updates            | 1110         |
|    policy_gradient_loss | -0.000118    |
|    value_loss           | 0.000185     |
------------------------------------------
  step  460000/500000 ( 92.0%)  mean_rew=-0.001
------------------------------------------
| time/                   |              |
|    fps                  | 1293         |
|    iterations           | 113          |
|    time_elapsed         | 357          |
|    total_timesteps      | 462848       |
| train/                  |              |
|    approx_kl            | 0.0025216977 |
|    clip_fraction        | 0.0337       |
|    clip_range           | 0.2          |
|    entropy_loss         | -0.132       |
|    explained_variance   | 0.862        |
|    learning_rate        | 0.0003       |
|    loss                 | -8.74e-05    |
|    n_updates            | 1120         |
|    policy_gradient_loss | -0.00095     |
|    value_loss           | 0.000343     |
------------------------------------------
  step  465000/500000 ( 93.0%)  mean_rew=-0.002
------------------------------------------
| time/                   |              |
|    fps                  | 1295         |
|    iterations           | 114          |
|    time_elapsed         | 360          |
|    total_timesteps      | 466944       |
| train/                  |              |
|    approx_kl            | 0.0011907073 |
|    clip_fraction        | 0.0133       |
|    clip_range           | 0.2          |
|    entropy_loss         | -0.134       |
|    explained_variance   | 0.877        |
|    learning_rate        | 0.0003       |
|    loss                 | 0.000773     |
|    n_updates            | 1130         |
|    policy_gradient_loss | -0.000396    |
|    value_loss           | 0.000303     |
------------------------------------------
  step  470000/500000 ( 94.0%)  mean_rew=-0.000
------------------------------------------
| time/                   |              |
|    fps                  | 1296         |
|    iterations           | 115          |
|    time_elapsed         | 363          |
|    total_timesteps      | 471040       |
| train/                  |              |
|    approx_kl            | 0.0008015692 |
|    clip_fraction        | 0.0061       |
|    clip_range           | 0.2          |
|    entropy_loss         | -0.127       |
|    explained_variance   | 0.891        |
|    learning_rate        | 0.0003       |
|    loss                 | 0.00113      |
|    n_updates            | 1140         |
|    policy_gradient_loss | -3.57e-05    |
|    value_loss           | 0.000222     |
------------------------------------------
  step  475000/500000 ( 95.0%)  mean_rew=-0.000
------------------------------------------
| time/                   |              |
|    fps                  | 1297         |
|    iterations           | 116          |
|    time_elapsed         | 366          |
|    total_timesteps      | 475136       |
| train/                  |              |
|    approx_kl            | 0.0017632168 |
|    clip_fraction        | 0.018        |
|    clip_range           | 0.2          |
|    entropy_loss         | -0.125       |
|    explained_variance   | 0.921        |
|    learning_rate        | 0.0003       |
|    loss                 | 0.00219      |
|    n_updates            | 1150         |
|    policy_gradient_loss | -0.000651    |
|    value_loss           | 0.000176     |
------------------------------------------
-------------------------------------------
| time/                   |               |
|    fps                  | 1298          |
|    iterations           | 117           |
|    time_elapsed         | 368           |
|    total_timesteps      | 479232        |
| train/                  |               |
|    approx_kl            | 0.00045275138 |
|    clip_fraction        | 0.00146       |
|    clip_range           | 0.2           |
|    entropy_loss         | -0.125        |
|    explained_variance   | 0.873         |
|    learning_rate        | 0.0003        |
|    loss                 | 0.000123      |
|    n_updates            | 1160          |
|    policy_gradient_loss | -5.79e-05     |
|    value_loss           | 0.0003        |
-------------------------------------------
  step  480000/500000 ( 96.0%)  mean_rew=-0.001
------------------------------------------
| time/                   |              |
|    fps                  | 1300         |
|    iterations           | 118          |
|    time_elapsed         | 371          |
|    total_timesteps      | 483328       |
| train/                  |              |
|    approx_kl            | 0.0021494753 |
|    clip_fraction        | 0.0229       |
|    clip_range           | 0.2          |
|    entropy_loss         | -0.128       |
|    explained_variance   | 0.884        |
|    learning_rate        | 0.0003       |
|    loss                 | 0.00102      |
|    n_updates            | 1170         |
|    policy_gradient_loss | -0.000299    |
|    value_loss           | 0.000236     |
------------------------------------------
  step  485000/500000 ( 97.0%)  mean_rew=-0.001
------------------------------------------
| time/                   |              |
|    fps                  | 1301         |
|    iterations           | 119          |
|    time_elapsed         | 374          |
|    total_timesteps      | 487424       |
| train/                  |              |
|    approx_kl            | 0.0008926167 |
|    clip_fraction        | 0.00854      |
|    clip_range           | 0.2          |
|    entropy_loss         | -0.129       |
|    explained_variance   | 0.918        |
|    learning_rate        | 0.0003       |
|    loss                 | 0.00054      |
|    n_updates            | 1180         |
|    policy_gradient_loss | -0.000275    |
|    value_loss           | 0.00018      |
------------------------------------------
  step  490000/500000 ( 98.0%)  mean_rew=+0.000
------------------------------------------
| time/                   |              |
|    fps                  | 1302         |
|    iterations           | 120          |
|    time_elapsed         | 377          |
|    total_timesteps      | 491520       |
| train/                  |              |
|    approx_kl            | 0.0021538935 |
|    clip_fraction        | 0.0123       |
|    clip_range           | 0.2          |
|    entropy_loss         | -0.13        |
|    explained_variance   | 0.865        |
|    learning_rate        | 0.0003       |
|    loss                 | -0.00136     |
|    n_updates            | 1190         |
|    policy_gradient_loss | -0.000351    |
|    value_loss           | 0.00032      |
------------------------------------------
  step  495000/500000 ( 99.0%)  mean_rew=+0.000
-------------------------------------------
| time/                   |               |
|    fps                  | 1303          |
|    iterations           | 121           |
|    time_elapsed         | 380           |
|    total_timesteps      | 495616        |
| train/                  |               |
|    approx_kl            | 0.00088314165 |
|    clip_fraction        | 0.00667       |
|    clip_range           | 0.2           |
|    entropy_loss         | -0.131        |
|    explained_variance   | 0.865         |
|    learning_rate        | 0.0003        |
|    loss                 | 0.0012        |
|    n_updates            | 1200          |
|    policy_gradient_loss | -0.000169     |
|    value_loss           | 0.000318      |
-------------------------------------------
------------------------------------------
| time/                   |              |
|    fps                  | 1304         |
|    iterations           | 122          |
|    time_elapsed         | 382          |
|    total_timesteps      | 499712       |
| train/                  |              |
|    approx_kl            | 0.0019127507 |
|    clip_fraction        | 0.0053       |
|    clip_range           | 0.2          |
|    entropy_loss         | -0.134       |
|    explained_variance   | 0.881        |
|    learning_rate        | 0.0003       |
|    loss                 | 0.00235      |
|    n_updates            | 1210         |
|    policy_gradient_loss | -0.000575    |
|    value_loss           | 0.000253     |
------------------------------------------
  step  500000/500000 (100.0%)  mean_rew=-0.001
-------------------------------------------
| time/                   |               |
|    fps                  | 1306          |
|    iterations           | 123           |
|    time_elapsed         | 385           |
|    total_timesteps      | 503808        |
| train/                  |               |
|    approx_kl            | 0.00074314204 |
|    clip_fraction        | 0.0131        |
|    clip_range           | 0.2           |
|    entropy_loss         | -0.132        |
|    explained_variance   | 0.921         |
|    learning_rate        | 0.0003        |
|    loss                 | -0.00159      |
|    n_updates            | 1220          |
|    policy_gradient_loss | -0.000349     |
|    value_loss           | 0.000176      |
-------------------------------------------
[cologne8-PPO] Done. Saved -> exp_cologne8_real/ppo_pressure_s1234
