Using libsumo as traci as requested by environment variable.
[cologne8-PPO] 8 agents | reward=wait-clip | seed=777
  obs=(7,) | act=Discrete(4)
Using cpu device
-----------------------------
| time/              |      |
|    fps             | 1542 |
|    iterations      | 1    |
|    time_elapsed    | 2    |
|    total_timesteps | 4096 |
-----------------------------
  step    5000/500000 (  1.0%)  mean_rew=-0.056
-----------------------------------------
| time/                   |             |
|    fps                  | 1225        |
|    iterations           | 2           |
|    time_elapsed         | 6           |
|    total_timesteps      | 8192        |
| train/                  |             |
|    approx_kl            | 0.012822553 |
|    clip_fraction        | 0.051       |
|    clip_range           | 0.2         |
|    entropy_loss         | -1.38       |
|    explained_variance   | 0.00351     |
|    learning_rate        | 0.0003      |
|    loss                 | 56          |
|    n_updates            | 10          |
|    policy_gradient_loss | -0.00682    |
|    value_loss           | 145         |
-----------------------------------------
  step   10000/500000 (  2.0%)  mean_rew=-0.170
-----------------------------------------
| time/                   |             |
|    fps                  | 1226        |
|    iterations           | 3           |
|    time_elapsed         | 10          |
|    total_timesteps      | 12288       |
| train/                  |             |
|    approx_kl            | 0.013903839 |
|    clip_fraction        | 0.126       |
|    clip_range           | 0.2         |
|    entropy_loss         | -1.35       |
|    explained_variance   | 0.215       |
|    learning_rate        | 0.0003      |
|    loss                 | 7.82        |
|    n_updates            | 20          |
|    policy_gradient_loss | -0.00812    |
|    value_loss           | 27.9        |
-----------------------------------------
  step   15000/500000 (  3.0%)  mean_rew=-0.124
-----------------------------------------
| time/                   |             |
|    fps                  | 1210        |
|    iterations           | 4           |
|    time_elapsed         | 13          |
|    total_timesteps      | 16384       |
| train/                  |             |
|    approx_kl            | 0.009854564 |
|    clip_fraction        | 0.103       |
|    clip_range           | 0.2         |
|    entropy_loss         | -1.3        |
|    explained_variance   | 0.431       |
|    learning_rate        | 0.0003      |
|    loss                 | 5.05        |
|    n_updates            | 30          |
|    policy_gradient_loss | -0.00816    |
|    value_loss           | 12.7        |
-----------------------------------------
  step   20000/500000 (  4.0%)  mean_rew=-0.011
-----------------------------------------
| time/                   |             |
|    fps                  | 1203        |
|    iterations           | 5           |
|    time_elapsed         | 17          |
|    total_timesteps      | 20480       |
| train/                  |             |
|    approx_kl            | 0.008634873 |
|    clip_fraction        | 0.0822      |
|    clip_range           | 0.2         |
|    entropy_loss         | -1.26       |
|    explained_variance   | 0.594       |
|    learning_rate        | 0.0003      |
|    loss                 | 1.75        |
|    n_updates            | 40          |
|    policy_gradient_loss | -0.00888    |
|    value_loss           | 10.1        |
-----------------------------------------
-----------------------------------------
| time/                   |             |
|    fps                  | 1203        |
|    iterations           | 6           |
|    time_elapsed         | 20          |
|    total_timesteps      | 24576       |
| train/                  |             |
|    approx_kl            | 0.010803692 |
|    clip_fraction        | 0.123       |
|    clip_range           | 0.2         |
|    entropy_loss         | -1.2        |
|    explained_variance   | 0.636       |
|    learning_rate        | 0.0003      |
|    loss                 | 5.14        |
|    n_updates            | 50          |
|    policy_gradient_loss | -0.0108     |
|    value_loss           | 10.3        |
-----------------------------------------
  step   25000/500000 (  5.0%)  mean_rew=-0.049
-----------------------------------------
| time/                   |             |
|    fps                  | 1206        |
|    iterations           | 7           |
|    time_elapsed         | 23          |
|    total_timesteps      | 28672       |
| train/                  |             |
|    approx_kl            | 0.010662656 |
|    clip_fraction        | 0.125       |
|    clip_range           | 0.2         |
|    entropy_loss         | -1.15       |
|    explained_variance   | 0.795       |
|    learning_rate        | 0.0003      |
|    loss                 | 1.57        |
|    n_updates            | 60          |
|    policy_gradient_loss | -0.00976    |
|    value_loss           | 4.47        |
-----------------------------------------
  step   30000/500000 (  6.0%)  mean_rew=-0.009
-----------------------------------------
| time/                   |             |
|    fps                  | 1201        |
|    iterations           | 8           |
|    time_elapsed         | 27          |
|    total_timesteps      | 32768       |
| train/                  |             |
|    approx_kl            | 0.015410844 |
|    clip_fraction        | 0.145       |
|    clip_range           | 0.2         |
|    entropy_loss         | -1.05       |
|    explained_variance   | 0.931       |
|    learning_rate        | 0.0003      |
|    loss                 | 0.534       |
|    n_updates            | 70          |
|    policy_gradient_loss | -0.0107     |
|    value_loss           | 1.08        |
-----------------------------------------
  step   35000/500000 (  7.0%)  mean_rew=-0.019
------------------------------------------
| time/                   |              |
|    fps                  | 1202         |
|    iterations           | 9            |
|    time_elapsed         | 30           |
|    total_timesteps      | 36864        |
| train/                  |              |
|    approx_kl            | 0.0077935895 |
|    clip_fraction        | 0.0821       |
|    clip_range           | 0.2          |
|    entropy_loss         | -0.988       |
|    explained_variance   | 0.823        |
|    learning_rate        | 0.0003       |
|    loss                 | 0.57         |
|    n_updates            | 80           |
|    policy_gradient_loss | -0.00597     |
|    value_loss           | 3.28         |
------------------------------------------
  step   40000/500000 (  8.0%)  mean_rew=-0.010
-----------------------------------------
| time/                   |             |
|    fps                  | 1207        |
|    iterations           | 10          |
|    time_elapsed         | 33          |
|    total_timesteps      | 40960       |
| train/                  |             |
|    approx_kl            | 0.008067824 |
|    clip_fraction        | 0.0858      |
|    clip_range           | 0.2         |
|    entropy_loss         | -0.899      |
|    explained_variance   | 0.863       |
|    learning_rate        | 0.0003      |
|    loss                 | 0.822       |
|    n_updates            | 90          |
|    policy_gradient_loss | -0.00523    |
|    value_loss           | 1.47        |
-----------------------------------------
  step   45000/500000 (  9.0%)  mean_rew=-0.006
-----------------------------------------
| time/                   |             |
|    fps                  | 1204        |
|    iterations           | 11          |
|    time_elapsed         | 37          |
|    total_timesteps      | 45056       |
| train/                  |             |
|    approx_kl            | 0.019838873 |
|    clip_fraction        | 0.13        |
|    clip_range           | 0.2         |
|    entropy_loss         | -0.786      |
|    explained_variance   | 0.85        |
|    learning_rate        | 0.0003      |
|    loss                 | 0.756       |
|    n_updates            | 100         |
|    policy_gradient_loss | -0.00833    |
|    value_loss           | 1.12        |
-----------------------------------------
-----------------------------------------
| time/                   |             |
|    fps                  | 1203        |
|    iterations           | 12          |
|    time_elapsed         | 40          |
|    total_timesteps      | 49152       |
| train/                  |             |
|    approx_kl            | 0.005277433 |
|    clip_fraction        | 0.0629      |
|    clip_range           | 0.2         |
|    entropy_loss         | -0.702      |
|    explained_variance   | 0.947       |
|    learning_rate        | 0.0003      |
|    loss                 | 0.111       |
|    n_updates            | 110         |
|    policy_gradient_loss | -0.0039     |
|    value_loss           | 0.252       |
-----------------------------------------
  step   50000/500000 ( 10.0%)  mean_rew=-0.007
------------------------------------------
| time/                   |              |
|    fps                  | 1206         |
|    iterations           | 13           |
|    time_elapsed         | 44           |
|    total_timesteps      | 53248        |
| train/                  |              |
|    approx_kl            | 0.0048973463 |
|    clip_fraction        | 0.0552       |
|    clip_range           | 0.2          |
|    entropy_loss         | -0.683       |
|    explained_variance   | 0.852        |
|    learning_rate        | 0.0003       |
|    loss                 | 0.496        |
|    n_updates            | 120          |
|    policy_gradient_loss | -0.00505     |
|    value_loss           | 0.791        |
------------------------------------------
  step   55000/500000 ( 11.0%)  mean_rew=-0.006
-----------------------------------------
| time/                   |             |
|    fps                  | 1208        |
|    iterations           | 14          |
|    time_elapsed         | 47          |
|    total_timesteps      | 57344       |
| train/                  |             |
|    approx_kl            | 0.004460369 |
|    clip_fraction        | 0.0406      |
|    clip_range           | 0.2         |
|    entropy_loss         | -0.674      |
|    explained_variance   | 0.886       |
|    learning_rate        | 0.0003      |
|    loss                 | 0.273       |
|    n_updates            | 130         |
|    policy_gradient_loss | -0.00155    |
|    value_loss           | 0.393       |
-----------------------------------------
  step   60000/500000 ( 12.0%)  mean_rew=-0.009
-----------------------------------------
| time/                   |             |
|    fps                  | 1208        |
|    iterations           | 15          |
|    time_elapsed         | 50          |
|    total_timesteps      | 61440       |
| train/                  |             |
|    approx_kl            | 0.004049479 |
|    clip_fraction        | 0.0547      |
|    clip_range           | 0.2         |
|    entropy_loss         | -0.608      |
|    explained_variance   | 0.927       |
|    learning_rate        | 0.0003      |
|    loss                 | 0.0384      |
|    n_updates            | 140         |
|    policy_gradient_loss | -0.00525    |
|    value_loss           | 0.199       |
-----------------------------------------
  step   65000/500000 ( 13.0%)  mean_rew=-0.068
------------------------------------------
| time/                   |              |
|    fps                  | 1206         |
|    iterations           | 16           |
|    time_elapsed         | 54           |
|    total_timesteps      | 65536        |
| train/                  |              |
|    approx_kl            | 0.0049954494 |
|    clip_fraction        | 0.0583       |
|    clip_range           | 0.2          |
|    entropy_loss         | -0.546       |
|    explained_variance   | 0.886        |
|    learning_rate        | 0.0003       |
|    loss                 | 0.0484       |
|    n_updates            | 150          |
|    policy_gradient_loss | -0.00373     |
|    value_loss           | 0.278        |
------------------------------------------
-----------------------------------------
| time/                   |             |
|    fps                  | 1209        |
|    iterations           | 17          |
|    time_elapsed         | 57          |
|    total_timesteps      | 69632       |
| train/                  |             |
|    approx_kl            | 0.008213058 |
|    clip_fraction        | 0.056       |
|    clip_range           | 0.2         |
|    entropy_loss         | -0.516      |
|    explained_variance   | 0.884       |
|    learning_rate        | 0.0003      |
|    loss                 | 0.108       |
|    n_updates            | 160         |
|    policy_gradient_loss | -0.00264    |
|    value_loss           | 0.24        |
-----------------------------------------
  step   70000/500000 ( 14.0%)  mean_rew=-0.009
-----------------------------------------
| time/                   |             |
|    fps                  | 1209        |
|    iterations           | 18          |
|    time_elapsed         | 60          |
|    total_timesteps      | 73728       |
| train/                  |             |
|    approx_kl            | 0.006371505 |
|    clip_fraction        | 0.0372      |
|    clip_range           | 0.2         |
|    entropy_loss         | -0.487      |
|    explained_variance   | 0.896       |
|    learning_rate        | 0.0003      |
|    loss                 | 0.0889      |
|    n_updates            | 170         |
|    policy_gradient_loss | -0.00139    |
|    value_loss           | 0.143       |
-----------------------------------------
  step   75000/500000 ( 15.0%)  mean_rew=-0.007
-----------------------------------------
| time/                   |             |
|    fps                  | 1208        |
|    iterations           | 19          |
|    time_elapsed         | 64          |
|    total_timesteps      | 77824       |
| train/                  |             |
|    approx_kl            | 0.003803456 |
|    clip_fraction        | 0.0442      |
|    clip_range           | 0.2         |
|    entropy_loss         | -0.434      |
|    explained_variance   | 0.951       |
|    learning_rate        | 0.0003      |
|    loss                 | 0.0369      |
|    n_updates            | 180         |
|    policy_gradient_loss | -0.00423    |
|    value_loss           | 0.0573      |
-----------------------------------------
  step   80000/500000 ( 16.0%)  mean_rew=+0.000
------------------------------------------
| time/                   |              |
|    fps                  | 1211         |
|    iterations           | 20           |
|    time_elapsed         | 67           |
|    total_timesteps      | 81920        |
| train/                  |              |
|    approx_kl            | 0.0050299824 |
|    clip_fraction        | 0.0467       |
|    clip_range           | 0.2          |
|    entropy_loss         | -0.409       |
|    explained_variance   | 0.888        |
|    learning_rate        | 0.0003       |
|    loss                 | 0.054        |
|    n_updates            | 190          |
|    policy_gradient_loss | -0.00346     |
|    value_loss           | 0.12         |
------------------------------------------
  step   85000/500000 ( 17.0%)  mean_rew=-0.011
------------------------------------------
| time/                   |              |
|    fps                  | 1211         |
|    iterations           | 21           |
|    time_elapsed         | 71           |
|    total_timesteps      | 86016        |
| train/                  |              |
|    approx_kl            | 0.0017591683 |
|    clip_fraction        | 0.0155       |
|    clip_range           | 0.2          |
|    entropy_loss         | -0.403       |
|    explained_variance   | 0.905        |
|    learning_rate        | 0.0003       |
|    loss                 | 0.00792      |
|    n_updates            | 200          |
|    policy_gradient_loss | -0.00145     |
|    value_loss           | 0.0673       |
------------------------------------------
  step   90000/500000 ( 18.0%)  mean_rew=+0.000
-----------------------------------------
| time/                   |             |
|    fps                  | 1210        |
|    iterations           | 22          |
|    time_elapsed         | 74          |
|    total_timesteps      | 90112       |
| train/                  |             |
|    approx_kl            | 0.003146317 |
|    clip_fraction        | 0.0359      |
|    clip_range           | 0.2         |
|    entropy_loss         | -0.37       |
|    explained_variance   | 0.937       |
|    learning_rate        | 0.0003      |
|    loss                 | 0.0146      |
|    n_updates            | 210         |
|    policy_gradient_loss | -0.00151    |
|    value_loss           | 0.0491      |
-----------------------------------------
------------------------------------------
| time/                   |              |
|    fps                  | 1210         |
|    iterations           | 23           |
|    time_elapsed         | 77           |
|    total_timesteps      | 94208        |
| train/                  |              |
|    approx_kl            | 0.0028804904 |
|    clip_fraction        | 0.0345       |
|    clip_range           | 0.2          |
|    entropy_loss         | -0.347       |
|    explained_variance   | 0.906        |
|    learning_rate        | 0.0003       |
|    loss                 | 0.0233       |
|    n_updates            | 220          |
|    policy_gradient_loss | -0.00253     |
|    value_loss           | 0.0594       |
------------------------------------------
  step   95000/500000 ( 19.0%)  mean_rew=-0.001
------------------------------------------
| time/                   |              |
|    fps                  | 1211         |
|    iterations           | 24           |
|    time_elapsed         | 81           |
|    total_timesteps      | 98304        |
| train/                  |              |
|    approx_kl            | 0.0057658176 |
|    clip_fraction        | 0.0477       |
|    clip_range           | 0.2          |
|    entropy_loss         | -0.335       |
|    explained_variance   | 0.872        |
|    learning_rate        | 0.0003       |
|    loss                 | 0.0254       |
|    n_updates            | 230          |
|    policy_gradient_loss | -0.00188     |
|    value_loss           | 0.0776       |
------------------------------------------
  step  100000/500000 ( 20.0%)  mean_rew=-0.009
------------------------------------------
| time/                   |              |
|    fps                  | 1211         |
|    iterations           | 25           |
|    time_elapsed         | 84           |
|    total_timesteps      | 102400       |
| train/                  |              |
|    approx_kl            | 0.0021229007 |
|    clip_fraction        | 0.0171       |
|    clip_range           | 0.2          |
|    entropy_loss         | -0.316       |
|    explained_variance   | 0.831        |
|    learning_rate        | 0.0003       |
|    loss                 | 0.107        |
|    n_updates            | 240          |
|    policy_gradient_loss | -0.000499    |
|    value_loss           | 0.0957       |
------------------------------------------
  step  105000/500000 ( 21.0%)  mean_rew=-0.004
------------------------------------------
| time/                   |              |
|    fps                  | 1211         |
|    iterations           | 26           |
|    time_elapsed         | 87           |
|    total_timesteps      | 106496       |
| train/                  |              |
|    approx_kl            | 0.0035569132 |
|    clip_fraction        | 0.0487       |
|    clip_range           | 0.2          |
|    entropy_loss         | -0.291       |
|    explained_variance   | 0.957        |
|    learning_rate        | 0.0003       |
|    loss                 | 0.00563      |
|    n_updates            | 250          |
|    policy_gradient_loss | -0.002       |
|    value_loss           | 0.0179       |
------------------------------------------
  step  110000/500000 ( 22.0%)  mean_rew=-0.004
-----------------------------------------
| time/                   |             |
|    fps                  | 1212        |
|    iterations           | 27          |
|    time_elapsed         | 91          |
|    total_timesteps      | 110592      |
| train/                  |             |
|    approx_kl            | 0.002309828 |
|    clip_fraction        | 0.0215      |
|    clip_range           | 0.2         |
|    entropy_loss         | -0.275      |
|    explained_variance   | 0.893       |
|    learning_rate        | 0.0003      |
|    loss                 | 0.00975     |
|    n_updates            | 260         |
|    policy_gradient_loss | -0.00126    |
|    value_loss           | 0.0425      |
-----------------------------------------
-----------------------------------------
| time/                   |             |
|    fps                  | 1212        |
|    iterations           | 28          |
|    time_elapsed         | 94          |
|    total_timesteps      | 114688      |
| train/                  |             |
|    approx_kl            | 0.002204078 |
|    clip_fraction        | 0.0182      |
|    clip_range           | 0.2         |
|    entropy_loss         | -0.275      |
|    explained_variance   | 0.908       |
|    learning_rate        | 0.0003      |
|    loss                 | -0.00216    |
|    n_updates            | 270         |
|    policy_gradient_loss | -0.0018     |
|    value_loss           | 0.0235      |
-----------------------------------------
  step  115000/500000 ( 23.0%)  mean_rew=-0.001
------------------------------------------
| time/                   |              |
|    fps                  | 1211         |
|    iterations           | 29           |
|    time_elapsed         | 98           |
|    total_timesteps      | 118784       |
| train/                  |              |
|    approx_kl            | 0.0013101369 |
|    clip_fraction        | 0.0131       |
|    clip_range           | 0.2          |
|    entropy_loss         | -0.273       |
|    explained_variance   | 0.958        |
|    learning_rate        | 0.0003       |
|    loss                 | 0.00607      |
|    n_updates            | 280          |
|    policy_gradient_loss | -0.000687    |
|    value_loss           | 0.0117       |
------------------------------------------
  step  120000/500000 ( 24.0%)  mean_rew=-0.004
------------------------------------------
| time/                   |              |
|    fps                  | 1212         |
|    iterations           | 30           |
|    time_elapsed         | 101          |
|    total_timesteps      | 122880       |
| train/                  |              |
|    approx_kl            | 0.0041427286 |
|    clip_fraction        | 0.04         |
|    clip_range           | 0.2          |
|    entropy_loss         | -0.266       |
|    explained_variance   | 0.888        |
|    learning_rate        | 0.0003       |
|    loss                 | 0.0244       |
|    n_updates            | 290          |
|    policy_gradient_loss | -0.00128     |
|    value_loss           | 0.0311       |
------------------------------------------
  step  125000/500000 ( 25.0%)  mean_rew=+0.000
------------------------------------------
| time/                   |              |
|    fps                  | 1212         |
|    iterations           | 31           |
|    time_elapsed         | 104          |
|    total_timesteps      | 126976       |
| train/                  |              |
|    approx_kl            | 0.0017208395 |
|    clip_fraction        | 0.0171       |
|    clip_range           | 0.2          |
|    entropy_loss         | -0.253       |
|    explained_variance   | 0.895        |
|    learning_rate        | 0.0003       |
|    loss                 | 0.0111       |
|    n_updates            | 300          |
|    policy_gradient_loss | -0.00168     |
|    value_loss           | 0.0262       |
------------------------------------------
  step  130000/500000 ( 26.0%)  mean_rew=-0.004
-----------------------------------------
| time/                   |             |
|    fps                  | 1212        |
|    iterations           | 32          |
|    time_elapsed         | 108         |
|    total_timesteps      | 131072      |
| train/                  |             |
|    approx_kl            | 0.002850625 |
|    clip_fraction        | 0.0416      |
|    clip_range           | 0.2         |
|    entropy_loss         | -0.25       |
|    explained_variance   | 0.784       |
|    learning_rate        | 0.0003      |
|    loss                 | 0.0383      |
|    n_updates            | 310         |
|    policy_gradient_loss | -0.000941   |
|    value_loss           | 0.0564      |
-----------------------------------------
  step  135000/500000 ( 27.0%)  mean_rew=-0.010
------------------------------------------
| time/                   |              |
|    fps                  | 1211         |
|    iterations           | 33           |
|    time_elapsed         | 111          |
|    total_timesteps      | 135168       |
| train/                  |              |
|    approx_kl            | 0.0012273188 |
|    clip_fraction        | 0.00913      |
|    clip_range           | 0.2          |
|    entropy_loss         | -0.234       |
|    explained_variance   | 0.888        |
|    learning_rate        | 0.0003       |
|    loss                 | 0.00845      |
|    n_updates            | 320          |
|    policy_gradient_loss | -0.00123     |
|    value_loss           | 0.029        |
------------------------------------------
------------------------------------------
| time/                   |              |
|    fps                  | 1212         |
|    iterations           | 34           |
|    time_elapsed         | 114          |
|    total_timesteps      | 139264       |
| train/                  |              |
|    approx_kl            | 0.0032036593 |
|    clip_fraction        | 0.0295       |
|    clip_range           | 0.2          |
|    entropy_loss         | -0.22        |
|    explained_variance   | 0.886        |
|    learning_rate        | 0.0003       |
|    loss                 | 0.0108       |
|    n_updates            | 330          |
|    policy_gradient_loss | -0.00066     |
|    value_loss           | 0.0266       |
------------------------------------------
  step  140000/500000 ( 28.0%)  mean_rew=-0.005
-----------------------------------------
| time/                   |             |
|    fps                  | 1212        |
|    iterations           | 35          |
|    time_elapsed         | 118         |
|    total_timesteps      | 143360      |
| train/                  |             |
|    approx_kl            | 0.002529373 |
|    clip_fraction        | 0.0176      |
|    clip_range           | 0.2         |
|    entropy_loss         | -0.205      |
|    explained_variance   | 0.878       |
|    learning_rate        | 0.0003      |
|    loss                 | 0.00456     |
|    n_updates            | 340         |
|    policy_gradient_loss | -0.00123    |
|    value_loss           | 0.0249      |
-----------------------------------------
  step  145000/500000 ( 29.0%)  mean_rew=-0.005
------------------------------------------
| time/                   |              |
|    fps                  | 1212         |
|    iterations           | 36           |
|    time_elapsed         | 121          |
|    total_timesteps      | 147456       |
| train/                  |              |
|    approx_kl            | 0.0019596613 |
|    clip_fraction        | 0.0176       |
|    clip_range           | 0.2          |
|    entropy_loss         | -0.194       |
|    explained_variance   | 0.943        |
|    learning_rate        | 0.0003       |
|    loss                 | 0.000462     |
|    n_updates            | 350          |
|    policy_gradient_loss | -0.00066     |
|    value_loss           | 0.0113       |
------------------------------------------
  step  150000/500000 ( 30.0%)  mean_rew=+0.000
------------------------------------------
| time/                   |              |
|    fps                  | 1211         |
|    iterations           | 37           |
|    time_elapsed         | 125          |
|    total_timesteps      | 151552       |
| train/                  |              |
|    approx_kl            | 0.0009968117 |
|    clip_fraction        | 0.00967      |
|    clip_range           | 0.2          |
|    entropy_loss         | -0.191       |
|    explained_variance   | 0.848        |
|    learning_rate        | 0.0003       |
|    loss                 | 0.0166       |
|    n_updates            | 360          |
|    policy_gradient_loss | -0.000557    |
|    value_loss           | 0.0344       |
------------------------------------------
  step  155000/500000 ( 31.0%)  mean_rew=-0.007
------------------------------------------
| time/                   |              |
|    fps                  | 1212         |
|    iterations           | 38           |
|    time_elapsed         | 128          |
|    total_timesteps      | 155648       |
| train/                  |              |
|    approx_kl            | 0.0011299697 |
|    clip_fraction        | 0.0241       |
|    clip_range           | 0.2          |
|    entropy_loss         | -0.176       |
|    explained_variance   | 0.89         |
|    learning_rate        | 0.0003       |
|    loss                 | 0.0159       |
|    n_updates            | 370          |
|    policy_gradient_loss | -0.000683    |
|    value_loss           | 0.0212       |
------------------------------------------
------------------------------------------
| time/                   |              |
|    fps                  | 1211         |
|    iterations           | 39           |
|    time_elapsed         | 131          |
|    total_timesteps      | 159744       |
| train/                  |              |
|    approx_kl            | 0.0028894136 |
|    clip_fraction        | 0.0447       |
|    clip_range           | 0.2          |
|    entropy_loss         | -0.16        |
|    explained_variance   | 0.903        |
|    learning_rate        | 0.0003       |
|    loss                 | 0.00878      |
|    n_updates            | 380          |
|    policy_gradient_loss | -0.00138     |
|    value_loss           | 0.015        |
------------------------------------------
  step  160000/500000 ( 32.0%)  mean_rew=-0.012
------------------------------------------
| time/                   |              |
|    fps                  | 1211         |
|    iterations           | 40           |
|    time_elapsed         | 135          |
|    total_timesteps      | 163840       |
| train/                  |              |
|    approx_kl            | 0.0011205032 |
|    clip_fraction        | 0.00503      |
|    clip_range           | 0.2          |
|    entropy_loss         | -0.159       |
|    explained_variance   | 0.93         |
|    learning_rate        | 0.0003       |
|    loss                 | 0.00907      |
|    n_updates            | 390          |
|    policy_gradient_loss | 4.56e-05     |
|    value_loss           | 0.0115       |
------------------------------------------
  step  165000/500000 ( 33.0%)  mean_rew=+0.000
------------------------------------------
| time/                   |              |
|    fps                  | 1212         |
|    iterations           | 41           |
|    time_elapsed         | 138          |
|    total_timesteps      | 167936       |
| train/                  |              |
|    approx_kl            | 0.0010432196 |
|    clip_fraction        | 0.00571      |
|    clip_range           | 0.2          |
|    entropy_loss         | -0.153       |
|    explained_variance   | 0.889        |
|    learning_rate        | 0.0003       |
|    loss                 | 0.0124       |
|    n_updates            | 400          |
|    policy_gradient_loss | -0.000233    |
|    value_loss           | 0.0172       |
------------------------------------------
  step  170000/500000 ( 34.0%)  mean_rew=+0.000
------------------------------------------
| time/                   |              |
|    fps                  | 1211         |
|    iterations           | 42           |
|    time_elapsed         | 142          |
|    total_timesteps      | 172032       |
| train/                  |              |
|    approx_kl            | 0.0006617841 |
|    clip_fraction        | 0.0113       |
|    clip_range           | 0.2          |
|    entropy_loss         | -0.149       |
|    explained_variance   | 0.907        |
|    learning_rate        | 0.0003       |
|    loss                 | 0.00845      |
|    n_updates            | 410          |
|    policy_gradient_loss | -0.000417    |
|    value_loss           | 0.0122       |
------------------------------------------
  step  175000/500000 ( 35.0%)  mean_rew=+0.000
------------------------------------------
| time/                   |              |
|    fps                  | 1210         |
|    iterations           | 43           |
|    time_elapsed         | 145          |
|    total_timesteps      | 176128       |
| train/                  |              |
|    approx_kl            | 0.0037559415 |
|    clip_fraction        | 0.0456       |
|    clip_range           | 0.2          |
|    entropy_loss         | -0.129       |
|    explained_variance   | 0.914        |
|    learning_rate        | 0.0003       |
|    loss                 | 0.00229      |
|    n_updates            | 420          |
|    policy_gradient_loss | -0.000909    |
|    value_loss           | 0.0129       |
------------------------------------------
  step  180000/500000 ( 36.0%)  mean_rew=+0.000
------------------------------------------
| time/                   |              |
|    fps                  | 1211         |
|    iterations           | 44           |
|    time_elapsed         | 148          |
|    total_timesteps      | 180224       |
| train/                  |              |
|    approx_kl            | 0.0011763696 |
|    clip_fraction        | 0.013        |
|    clip_range           | 0.2          |
|    entropy_loss         | -0.127       |
|    explained_variance   | 0.898        |
|    learning_rate        | 0.0003       |
|    loss                 | 0.00258      |
|    n_updates            | 430          |
|    policy_gradient_loss | -0.000963    |
|    value_loss           | 0.0154       |
------------------------------------------
------------------------------------------
| time/                   |              |
|    fps                  | 1211         |
|    iterations           | 45           |
|    time_elapsed         | 152          |
|    total_timesteps      | 184320       |
| train/                  |              |
|    approx_kl            | 0.0009583621 |
|    clip_fraction        | 0.00989      |
|    clip_range           | 0.2          |
|    entropy_loss         | -0.121       |
|    explained_variance   | 0.884        |
|    learning_rate        | 0.0003       |
|    loss                 | 0.00519      |
|    n_updates            | 440          |
|    policy_gradient_loss | -0.000344    |
|    value_loss           | 0.0177       |
------------------------------------------
  step  185000/500000 ( 37.0%)  mean_rew=-0.005
------------------------------------------
| time/                   |              |
|    fps                  | 1210         |
|    iterations           | 46           |
|    time_elapsed         | 155          |
|    total_timesteps      | 188416       |
| train/                  |              |
|    approx_kl            | 0.0007973522 |
|    clip_fraction        | 0.00791      |
|    clip_range           | 0.2          |
|    entropy_loss         | -0.108       |
|    explained_variance   | 0.892        |
|    learning_rate        | 0.0003       |
|    loss                 | 0.0107       |
|    n_updates            | 450          |
|    policy_gradient_loss | -0.000536    |
|    value_loss           | 0.0149       |
------------------------------------------
  step  190000/500000 ( 38.0%)  mean_rew=+0.000
------------------------------------------
| time/                   |              |
|    fps                  | 1210         |
|    iterations           | 47           |
|    time_elapsed         | 159          |
|    total_timesteps      | 192512       |
| train/                  |              |
|    approx_kl            | 0.0003394851 |
|    clip_fraction        | 0.00508      |
|    clip_range           | 0.2          |
|    entropy_loss         | -0.111       |
|    explained_variance   | 0.741        |
|    learning_rate        | 0.0003       |
|    loss                 | 0.0164       |
|    n_updates            | 460          |
|    policy_gradient_loss | -0.00018     |
|    value_loss           | 0.0544       |
------------------------------------------
  step  195000/500000 ( 39.0%)  mean_rew=+0.000
-------------------------------------------
| time/                   |               |
|    fps                  | 1211          |
|    iterations           | 48            |
|    time_elapsed         | 162           |
|    total_timesteps      | 196608        |
| train/                  |               |
|    approx_kl            | 0.00069693534 |
|    clip_fraction        | 0.00916       |
|    clip_range           | 0.2           |
|    entropy_loss         | -0.0997       |
|    explained_variance   | 0.889         |
|    learning_rate        | 0.0003        |
|    loss                 | 0.0142        |
|    n_updates            | 470           |
|    policy_gradient_loss | -0.000588     |
|    value_loss           | 0.0172        |
-------------------------------------------
  step  200000/500000 ( 40.0%)  mean_rew=-0.002
------------------------------------------
| time/                   |              |
|    fps                  | 1210         |
|    iterations           | 49           |
|    time_elapsed         | 165          |
|    total_timesteps      | 200704       |
| train/                  |              |
|    approx_kl            | 0.0005426993 |
|    clip_fraction        | 0.00662      |
|    clip_range           | 0.2          |
|    entropy_loss         | -0.0938      |
|    explained_variance   | 0.902        |
|    learning_rate        | 0.0003       |
|    loss                 | 0.00798      |
|    n_updates            | 480          |
|    policy_gradient_loss | -0.000333    |
|    value_loss           | 0.0122       |
------------------------------------------
------------------------------------------
| time/                   |              |
|    fps                  | 1210         |
|    iterations           | 50           |
|    time_elapsed         | 169          |
|    total_timesteps      | 204800       |
| train/                  |              |
|    approx_kl            | 0.0017967718 |
|    clip_fraction        | 0.00674      |
|    clip_range           | 0.2          |
|    entropy_loss         | -0.0952      |
|    explained_variance   | 0.921        |
|    learning_rate        | 0.0003       |
|    loss                 | 0.00774      |
|    n_updates            | 490          |
|    policy_gradient_loss | -0.000238    |
|    value_loss           | 0.0116       |
------------------------------------------
  step  205000/500000 ( 41.0%)  mean_rew=+0.000
-------------------------------------------
| time/                   |               |
|    fps                  | 1210          |
|    iterations           | 51            |
|    time_elapsed         | 172           |
|    total_timesteps      | 208896        |
| train/                  |               |
|    approx_kl            | 0.00029069913 |
|    clip_fraction        | 0.00273       |
|    clip_range           | 0.2           |
|    entropy_loss         | -0.0902       |
|    explained_variance   | 0.86          |
|    learning_rate        | 0.0003        |
|    loss                 | 0.0091        |
|    n_updates            | 500           |
|    policy_gradient_loss | -5.61e-05     |
|    value_loss           | 0.0229        |
-------------------------------------------
  step  210000/500000 ( 42.0%)  mean_rew=+0.000
-------------------------------------------
| time/                   |               |
|    fps                  | 1210          |
|    iterations           | 52            |
|    time_elapsed         | 175           |
|    total_timesteps      | 212992        |
| train/                  |               |
|    approx_kl            | 0.00048194992 |
|    clip_fraction        | 0.00662       |
|    clip_range           | 0.2           |
|    entropy_loss         | -0.0952       |
|    explained_variance   | 0.89          |
|    learning_rate        | 0.0003        |
|    loss                 | 0.00701       |
|    n_updates            | 510           |
|    policy_gradient_loss | 3.55e-05      |
|    value_loss           | 0.0162        |
-------------------------------------------
  step  215000/500000 ( 43.0%)  mean_rew=-0.009
------------------------------------------
| time/                   |              |
|    fps                  | 1210         |
|    iterations           | 53           |
|    time_elapsed         | 179          |
|    total_timesteps      | 217088       |
| train/                  |              |
|    approx_kl            | 0.0063300654 |
|    clip_fraction        | 0.00908      |
|    clip_range           | 0.2          |
|    entropy_loss         | -0.0662      |
|    explained_variance   | 0.913        |
|    learning_rate        | 0.0003       |
|    loss                 | 0.00502      |
|    n_updates            | 520          |
|    policy_gradient_loss | -0.000827    |
|    value_loss           | 0.0132       |
------------------------------------------
  step  220000/500000 ( 44.0%)  mean_rew=-0.005
------------------------------------------
| time/                   |              |
|    fps                  | 1210         |
|    iterations           | 54           |
|    time_elapsed         | 182          |
|    total_timesteps      | 221184       |
| train/                  |              |
|    approx_kl            | 0.0007464865 |
|    clip_fraction        | 0.0074       |
|    clip_range           | 0.2          |
|    entropy_loss         | -0.0523      |
|    explained_variance   | 0.878        |
|    learning_rate        | 0.0003       |
|    loss                 | 0.00832      |
|    n_updates            | 530          |
|    policy_gradient_loss | -0.000736    |
|    value_loss           | 0.0201       |
------------------------------------------
  step  225000/500000 ( 45.0%)  mean_rew=-0.004
-------------------------------------------
| time/                   |               |
|    fps                  | 1211          |
|    iterations           | 55            |
|    time_elapsed         | 186           |
|    total_timesteps      | 225280        |
| train/                  |               |
|    approx_kl            | 0.00031621696 |
|    clip_fraction        | 0.00679       |
|    clip_range           | 0.2           |
|    entropy_loss         | -0.0505       |
|    explained_variance   | 0.882         |
|    learning_rate        | 0.0003        |
|    loss                 | 0.00752       |
|    n_updates            | 540           |
|    policy_gradient_loss | -0.00056      |
|    value_loss           | 0.0179        |
-------------------------------------------
-------------------------------------------
| time/                   |               |
|    fps                  | 1211          |
|    iterations           | 56            |
|    time_elapsed         | 189           |
|    total_timesteps      | 229376        |
| train/                  |               |
|    approx_kl            | 0.00029571942 |
|    clip_fraction        | 0.00237       |
|    clip_range           | 0.2           |
|    entropy_loss         | -0.0458       |
|    explained_variance   | 0.908         |
|    learning_rate        | 0.0003        |
|    loss                 | 0.00724       |
|    n_updates            | 550           |
|    policy_gradient_loss | -0.000157     |
|    value_loss           | 0.0112        |
-------------------------------------------
  step  230000/500000 ( 46.0%)  mean_rew=+0.000
-------------------------------------------
| time/                   |               |
|    fps                  | 1210          |
|    iterations           | 57            |
|    time_elapsed         | 192           |
|    total_timesteps      | 233472        |
| train/                  |               |
|    approx_kl            | 0.00038079626 |
|    clip_fraction        | 0.00254       |
|    clip_range           | 0.2           |
|    entropy_loss         | -0.0427       |
|    explained_variance   | 0.937         |
|    learning_rate        | 0.0003        |
|    loss                 | 0.00183       |
|    n_updates            | 560           |
|    policy_gradient_loss | -0.000306     |
|    value_loss           | 0.00829       |
-------------------------------------------
  step  235000/500000 ( 47.0%)  mean_rew=-0.002
------------------------------------------
| time/                   |              |
|    fps                  | 1211         |
|    iterations           | 58           |
|    time_elapsed         | 196          |
|    total_timesteps      | 237568       |
| train/                  |              |
|    approx_kl            | 0.0003954757 |
|    clip_fraction        | 0.0041       |
|    clip_range           | 0.2          |
|    entropy_loss         | -0.0372      |
|    explained_variance   | 0.871        |
|    learning_rate        | 0.0003       |
|    loss                 | 0.00926      |
|    n_updates            | 570          |
|    policy_gradient_loss | -0.00041     |
|    value_loss           | 0.0185       |
------------------------------------------
  step  240000/500000 ( 48.0%)  mean_rew=-0.019
------------------------------------------
| time/                   |              |
|    fps                  | 1211         |
|    iterations           | 59           |
|    time_elapsed         | 199          |
|    total_timesteps      | 241664       |
| train/                  |              |
|    approx_kl            | 0.0008809264 |
|    clip_fraction        | 0.00571      |
|    clip_range           | 0.2          |
|    entropy_loss         | -0.0353      |
|    explained_variance   | 0.902        |
|    learning_rate        | 0.0003       |
|    loss                 | 0.00304      |
|    n_updates            | 580          |
|    policy_gradient_loss | -0.00046     |
|    value_loss           | 0.0124       |
------------------------------------------
  step  245000/500000 ( 49.0%)  mean_rew=-0.011
-------------------------------------------
| time/                   |               |
|    fps                  | 1211          |
|    iterations           | 60            |
|    time_elapsed         | 202           |
|    total_timesteps      | 245760        |
| train/                  |               |
|    approx_kl            | 0.00040819967 |
|    clip_fraction        | 0.00308       |
|    clip_range           | 0.2           |
|    entropy_loss         | -0.0332       |
|    explained_variance   | 0.938         |
|    learning_rate        | 0.0003        |
|    loss                 | 0.00185       |
|    n_updates            | 590           |
|    policy_gradient_loss | -0.000209     |
|    value_loss           | 0.00799       |
-------------------------------------------
-------------------------------------------
| time/                   |               |
|    fps                  | 1211          |
|    iterations           | 61            |
|    time_elapsed         | 206           |
|    total_timesteps      | 249856        |
| train/                  |               |
|    approx_kl            | 0.00019282762 |
|    clip_fraction        | 0.00222       |
|    clip_range           | 0.2           |
|    entropy_loss         | -0.033        |
|    explained_variance   | 0.892         |
|    learning_rate        | 0.0003        |
|    loss                 | 0.0061        |
|    n_updates            | 600           |
|    policy_gradient_loss | -5.53e-05     |
|    value_loss           | 0.0146        |
-------------------------------------------
  step  250000/500000 ( 50.0%)  mean_rew=-0.007
-------------------------------------------
| time/                   |               |
|    fps                  | 1211          |
|    iterations           | 62            |
|    time_elapsed         | 209           |
|    total_timesteps      | 253952        |
| train/                  |               |
|    approx_kl            | 0.00027881592 |
|    clip_fraction        | 0.00398       |
|    clip_range           | 0.2           |
|    entropy_loss         | -0.0314       |
|    explained_variance   | 0.898         |
|    learning_rate        | 0.0003        |
|    loss                 | 0.00697       |
|    n_updates            | 610           |
|    policy_gradient_loss | -0.000366     |
|    value_loss           | 0.0134        |
-------------------------------------------
  step  255000/500000 ( 51.0%)  mean_rew=-0.018
------------------------------------------
| time/                   |              |
|    fps                  | 1211         |
|    iterations           | 63           |
|    time_elapsed         | 213          |
|    total_timesteps      | 258048       |
| train/                  |              |
|    approx_kl            | 0.0043688063 |
|    clip_fraction        | 0.0823       |
|    clip_range           | 0.2          |
|    entropy_loss         | -0.0907      |
|    explained_variance   | 0.898        |
|    learning_rate        | 0.0003       |
|    loss                 | 0.00142      |
|    n_updates            | 620          |
|    policy_gradient_loss | -0.00295     |
|    value_loss           | 0.0119       |
------------------------------------------
  step  260000/500000 ( 52.0%)  mean_rew=-0.010
------------------------------------------
| time/                   |              |
|    fps                  | 1210         |
|    iterations           | 64           |
|    time_elapsed         | 216          |
|    total_timesteps      | 262144       |
| train/                  |              |
|    approx_kl            | 0.0136509435 |
|    clip_fraction        | 0.023        |
|    clip_range           | 0.2          |
|    entropy_loss         | -0.0684      |
|    explained_variance   | 0.922        |
|    learning_rate        | 0.0003       |
|    loss                 | 0.00464      |
|    n_updates            | 630          |
|    policy_gradient_loss | -0.000263    |
|    value_loss           | 0.0101       |
------------------------------------------
  step  265000/500000 ( 53.0%)  mean_rew=+0.000
-------------------------------------------
| time/                   |               |
|    fps                  | 1210          |
|    iterations           | 65            |
|    time_elapsed         | 219           |
|    total_timesteps      | 266240        |
| train/                  |               |
|    approx_kl            | 0.00022484525 |
|    clip_fraction        | 0.00393       |
|    clip_range           | 0.2           |
|    entropy_loss         | -0.0587       |
|    explained_variance   | 0.881         |
|    learning_rate        | 0.0003        |
|    loss                 | 0.00722       |
|    n_updates            | 640           |
|    policy_gradient_loss | -0.000142     |
|    value_loss           | 0.0161        |
-------------------------------------------
  step  270000/500000 ( 54.0%)  mean_rew=-0.001
------------------------------------------
| time/                   |              |
|    fps                  | 1210         |
|    iterations           | 66           |
|    time_elapsed         | 223          |
|    total_timesteps      | 270336       |
| train/                  |              |
|    approx_kl            | 0.0015217818 |
|    clip_fraction        | 0.0102       |
|    clip_range           | 0.2          |
|    entropy_loss         | -0.0742      |
|    explained_variance   | 0.913        |
|    learning_rate        | 0.0003       |
|    loss                 | 0.00205      |
|    n_updates            | 650          |
|    policy_gradient_loss | -5.97e-05    |
|    value_loss           | 0.00965      |
------------------------------------------
------------------------------------------
| time/                   |              |
|    fps                  | 1210         |
|    iterations           | 67           |
|    time_elapsed         | 226          |
|    total_timesteps      | 274432       |
| train/                  |              |
|    approx_kl            | 0.0013466977 |
|    clip_fraction        | 0.0118       |
|    clip_range           | 0.2          |
|    entropy_loss         | -0.0645      |
|    explained_variance   | 0.929        |
|    learning_rate        | 0.0003       |
|    loss                 | 0.00302      |
|    n_updates            | 660          |
|    policy_gradient_loss | -0.000352    |
|    value_loss           | 0.00869      |
------------------------------------------
  step  275000/500000 ( 55.0%)  mean_rew=+0.000
-----------------------------------------
| time/                   |             |
|    fps                  | 1210        |
|    iterations           | 68          |
|    time_elapsed         | 230         |
|    total_timesteps      | 278528      |
| train/                  |             |
|    approx_kl            | 0.000245651 |
|    clip_fraction        | 0.00515     |
|    clip_range           | 0.2         |
|    entropy_loss         | -0.0596     |
|    explained_variance   | 0.826       |
|    learning_rate        | 0.0003      |
|    loss                 | 0.0104      |
|    n_updates            | 670         |
|    policy_gradient_loss | -0.000317   |
|    value_loss           | 0.0257      |
-----------------------------------------
  step  280000/500000 ( 56.0%)  mean_rew=-0.002
-------------------------------------------
| time/                   |               |
|    fps                  | 1210          |
|    iterations           | 69            |
|    time_elapsed         | 233           |
|    total_timesteps      | 282624        |
| train/                  |               |
|    approx_kl            | 0.00020054558 |
|    clip_fraction        | 0.00276       |
|    clip_range           | 0.2           |
|    entropy_loss         | -0.0547       |
|    explained_variance   | 0.891         |
|    learning_rate        | 0.0003        |
|    loss                 | 0.0038        |
|    n_updates            | 680           |
|    policy_gradient_loss | -9.11e-05     |
|    value_loss           | 0.0147        |
-------------------------------------------
  step  285000/500000 ( 57.0%)  mean_rew=-0.002
-------------------------------------------
| time/                   |               |
|    fps                  | 1210          |
|    iterations           | 70            |
|    time_elapsed         | 236           |
|    total_timesteps      | 286720        |
| train/                  |               |
|    approx_kl            | 0.00057013583 |
|    clip_fraction        | 0.00449       |
|    clip_range           | 0.2           |
|    entropy_loss         | -0.046        |
|    explained_variance   | 0.896         |
|    learning_rate        | 0.0003        |
|    loss                 | 0.00519       |
|    n_updates            | 690           |
|    policy_gradient_loss | -0.000153     |
|    value_loss           | 0.0114        |
-------------------------------------------
  step  290000/500000 ( 58.0%)  mean_rew=-0.013
-------------------------------------------
| time/                   |               |
|    fps                  | 1210          |
|    iterations           | 71            |
|    time_elapsed         | 240           |
|    total_timesteps      | 290816        |
| train/                  |               |
|    approx_kl            | 0.00043792013 |
|    clip_fraction        | 0.00273       |
|    clip_range           | 0.2           |
|    entropy_loss         | -0.039        |
|    explained_variance   | 0.921         |
|    learning_rate        | 0.0003        |
|    loss                 | 0.0058        |
|    n_updates            | 700           |
|    policy_gradient_loss | -0.000116     |
|    value_loss           | 0.00947       |
-------------------------------------------
------------------------------------------
| time/                   |              |
|    fps                  | 1210         |
|    iterations           | 72           |
|    time_elapsed         | 243          |
|    total_timesteps      | 294912       |
| train/                  |              |
|    approx_kl            | 0.0002664426 |
|    clip_fraction        | 0.00286      |
|    clip_range           | 0.2          |
|    entropy_loss         | -0.0357      |
|    explained_variance   | 0.572        |
|    learning_rate        | 0.0003       |
|    loss                 | 0.0933       |
|    n_updates            | 710          |
|    policy_gradient_loss | -0.000199    |
|    value_loss           | 0.102        |
------------------------------------------
  step  295000/500000 ( 59.0%)  mean_rew=-0.005
-------------------------------------------
| time/                   |               |
|    fps                  | 1210          |
|    iterations           | 73            |
|    time_elapsed         | 246           |
|    total_timesteps      | 299008        |
| train/                  |               |
|    approx_kl            | 0.00014068377 |
|    clip_fraction        | 0.00229       |
|    clip_range           | 0.2           |
|    entropy_loss         | -0.0301       |
|    explained_variance   | 0.899         |
|    learning_rate        | 0.0003        |
|    loss                 | 0.00608       |
|    n_updates            | 720           |
|    policy_gradient_loss | -0.000112     |
|    value_loss           | 0.0122        |
-------------------------------------------
  step  300000/500000 ( 60.0%)  mean_rew=-0.006
-------------------------------------------
| time/                   |               |
|    fps                  | 1210          |
|    iterations           | 74            |
|    time_elapsed         | 250           |
|    total_timesteps      | 303104        |
| train/                  |               |
|    approx_kl            | 0.00014987742 |
|    clip_fraction        | 0.00325       |
|    clip_range           | 0.2           |
|    entropy_loss         | -0.0331       |
|    explained_variance   | 0.919         |
|    learning_rate        | 0.0003        |
|    loss                 | 0.00337       |
|    n_updates            | 730           |
|    policy_gradient_loss | -0.000202     |
|    value_loss           | 0.0108        |
-------------------------------------------
  step  305000/500000 ( 61.0%)  mean_rew=-0.009
-------------------------------------------
| time/                   |               |
|    fps                  | 1210          |
|    iterations           | 75            |
|    time_elapsed         | 253           |
|    total_timesteps      | 307200        |
| train/                  |               |
|    approx_kl            | 0.00025601505 |
|    clip_fraction        | 0.00291       |
|    clip_range           | 0.2           |
|    entropy_loss         | -0.0354       |
|    explained_variance   | 0.878         |
|    learning_rate        | 0.0003        |
|    loss                 | 0.0151        |
|    n_updates            | 740           |
|    policy_gradient_loss | 4.64e-05      |
|    value_loss           | 0.0168        |
-------------------------------------------
  step  310000/500000 ( 62.0%)  mean_rew=-0.002
-------------------------------------------
| time/                   |               |
|    fps                  | 1210          |
|    iterations           | 76            |
|    time_elapsed         | 257           |
|    total_timesteps      | 311296        |
| train/                  |               |
|    approx_kl            | 0.00016892453 |
|    clip_fraction        | 0.00415       |
|    clip_range           | 0.2           |
|    entropy_loss         | -0.0387       |
|    explained_variance   | 0.874         |
|    learning_rate        | 0.0003        |
|    loss                 | 0.00904       |
|    n_updates            | 750           |
|    policy_gradient_loss | -0.000164     |
|    value_loss           | 0.0179        |
-------------------------------------------
  step  315000/500000 ( 63.0%)  mean_rew=-0.001
-------------------------------------------
| time/                   |               |
|    fps                  | 1210          |
|    iterations           | 77            |
|    time_elapsed         | 260           |
|    total_timesteps      | 315392        |
| train/                  |               |
|    approx_kl            | 0.00017385105 |
|    clip_fraction        | 0.00242       |
|    clip_range           | 0.2           |
|    entropy_loss         | -0.0378       |
|    explained_variance   | 0.836         |
|    learning_rate        | 0.0003        |
|    loss                 | 0.00516       |
|    n_updates            | 760           |
|    policy_gradient_loss | -9.02e-05     |
|    value_loss           | 0.0231        |
-------------------------------------------
-----------------------------------------
| time/                   |             |
|    fps                  | 1210        |
|    iterations           | 78          |
|    time_elapsed         | 263         |
|    total_timesteps      | 319488      |
| train/                  |             |
|    approx_kl            | 0.009925859 |
|    clip_fraction        | 0.0184      |
|    clip_range           | 0.2         |
|    entropy_loss         | -0.0531     |
|    explained_variance   | 0.925       |
|    learning_rate        | 0.0003      |
|    loss                 | -0.00199    |
|    n_updates            | 770         |
|    policy_gradient_loss | -0.00177    |
|    value_loss           | 0.00983     |
-----------------------------------------
  step  320000/500000 ( 64.0%)  mean_rew=-0.001
-------------------------------------------
| time/                   |               |
|    fps                  | 1210          |
|    iterations           | 79            |
|    time_elapsed         | 267           |
|    total_timesteps      | 323584        |
| train/                  |               |
|    approx_kl            | 0.00061609596 |
|    clip_fraction        | 0.00935       |
|    clip_range           | 0.2           |
|    entropy_loss         | -0.0679       |
|    explained_variance   | 0.884         |
|    learning_rate        | 0.0003        |
|    loss                 | 0.00724       |
|    n_updates            | 780           |
|    policy_gradient_loss | 0.000222      |
|    value_loss           | 0.016         |
-------------------------------------------
  step  325000/500000 ( 65.0%)  mean_rew=-0.044
-----------------------------------------
| time/                   |             |
|    fps                  | 1210        |
|    iterations           | 80          |
|    time_elapsed         | 270         |
|    total_timesteps      | 327680      |
| train/                  |             |
|    approx_kl            | 0.008716871 |
|    clip_fraction        | 0.062       |
|    clip_range           | 0.2         |
|    entropy_loss         | -0.125      |
|    explained_variance   | 0.909       |
|    learning_rate        | 0.0003      |
|    loss                 | 0.00588     |
|    n_updates            | 790         |
|    policy_gradient_loss | -0.00238    |
|    value_loss           | 0.0102      |
-----------------------------------------
  step  330000/500000 ( 66.0%)  mean_rew=-0.004
------------------------------------------
| time/                   |              |
|    fps                  | 1210         |
|    iterations           | 81           |
|    time_elapsed         | 274          |
|    total_timesteps      | 331776       |
| train/                  |              |
|    approx_kl            | 0.0033698392 |
|    clip_fraction        | 0.0212       |
|    clip_range           | 0.2          |
|    entropy_loss         | -0.102       |
|    explained_variance   | 0.894        |
|    learning_rate        | 0.0003       |
|    loss                 | 0.0106       |
|    n_updates            | 800          |
|    policy_gradient_loss | -0.000317    |
|    value_loss           | 0.0144       |
------------------------------------------
  step  335000/500000 ( 67.0%)  mean_rew=-0.010
-------------------------------------------
| time/                   |               |
|    fps                  | 1210          |
|    iterations           | 82            |
|    time_elapsed         | 277           |
|    total_timesteps      | 335872        |
| train/                  |               |
|    approx_kl            | 0.00034093868 |
|    clip_fraction        | 0.00867       |
|    clip_range           | 0.2           |
|    entropy_loss         | -0.0927       |
|    explained_variance   | 0.874         |
|    learning_rate        | 0.0003        |
|    loss                 | 0.00629       |
|    n_updates            | 810           |
|    policy_gradient_loss | -5.35e-05     |
|    value_loss           | 0.0174        |
-------------------------------------------
-------------------------------------------
| time/                   |               |
|    fps                  | 1210          |
|    iterations           | 83            |
|    time_elapsed         | 280           |
|    total_timesteps      | 339968        |
| train/                  |               |
|    approx_kl            | 0.00052151585 |
|    clip_fraction        | 0.00847       |
|    clip_range           | 0.2           |
|    entropy_loss         | -0.0854       |
|    explained_variance   | 0.874         |
|    learning_rate        | 0.0003        |
|    loss                 | 0.00991       |
|    n_updates            | 820           |
|    policy_gradient_loss | -0.000225     |
|    value_loss           | 0.0168        |
-------------------------------------------
  step  340000/500000 ( 68.0%)  mean_rew=+0.000
-------------------------------------------
| time/                   |               |
|    fps                  | 1210          |
|    iterations           | 84            |
|    time_elapsed         | 284           |
|    total_timesteps      | 344064        |
| train/                  |               |
|    approx_kl            | 0.00050072663 |
|    clip_fraction        | 0.00593       |
|    clip_range           | 0.2           |
|    entropy_loss         | -0.0833       |
|    explained_variance   | 0.89          |
|    learning_rate        | 0.0003        |
|    loss                 | 0.00229       |
|    n_updates            | 830           |
|    policy_gradient_loss | -0.000213     |
|    value_loss           | 0.0134        |
-------------------------------------------
  step  345000/500000 ( 69.0%)  mean_rew=+0.000
------------------------------------------
| time/                   |              |
|    fps                  | 1210         |
|    iterations           | 85           |
|    time_elapsed         | 287          |
|    total_timesteps      | 348160       |
| train/                  |              |
|    approx_kl            | 0.0007331696 |
|    clip_fraction        | 0.00732      |
|    clip_range           | 0.2          |
|    entropy_loss         | -0.0851      |
|    explained_variance   | 0.929        |
|    learning_rate        | 0.0003       |
|    loss                 | 0.00663      |
|    n_updates            | 840          |
|    policy_gradient_loss | -0.000248    |
|    value_loss           | 0.00894      |
------------------------------------------
  step  350000/500000 ( 70.0%)  mean_rew=-0.005
-----------------------------------------
| time/                   |             |
|    fps                  | 1211        |
|    iterations           | 86          |
|    time_elapsed         | 290         |
|    total_timesteps      | 352256      |
| train/                  |             |
|    approx_kl            | 0.000637345 |
|    clip_fraction        | 0.0105      |
|    clip_range           | 0.2         |
|    entropy_loss         | -0.0703     |
|    explained_variance   | 0.869       |
|    learning_rate        | 0.0003      |
|    loss                 | 0.0099      |
|    n_updates            | 850         |
|    policy_gradient_loss | -0.000638   |
|    value_loss           | 0.0177      |
-----------------------------------------
  step  355000/500000 ( 71.0%)  mean_rew=-0.001
-------------------------------------------
| time/                   |               |
|    fps                  | 1211          |
|    iterations           | 87            |
|    time_elapsed         | 294           |
|    total_timesteps      | 356352        |
| train/                  |               |
|    approx_kl            | 0.00077090046 |
|    clip_fraction        | 0.00627       |
|    clip_range           | 0.2           |
|    entropy_loss         | -0.0719       |
|    explained_variance   | 0.89          |
|    learning_rate        | 0.0003        |
|    loss                 | 0.00449       |
|    n_updates            | 860           |
|    policy_gradient_loss | -0.000124     |
|    value_loss           | 0.012         |
-------------------------------------------
  step  360000/500000 ( 72.0%)  mean_rew=-0.004
------------------------------------------
| time/                   |              |
|    fps                  | 1211         |
|    iterations           | 88           |
|    time_elapsed         | 297          |
|    total_timesteps      | 360448       |
| train/                  |              |
|    approx_kl            | 0.0002736323 |
|    clip_fraction        | 0.00525      |
|    clip_range           | 0.2          |
|    entropy_loss         | -0.072       |
|    explained_variance   | 0.91         |
|    learning_rate        | 0.0003       |
|    loss                 | 0.0112       |
|    n_updates            | 870          |
|    policy_gradient_loss | -4.6e-05     |
|    value_loss           | 0.0114       |
------------------------------------------
-------------------------------------------
| time/                   |               |
|    fps                  | 1212          |
|    iterations           | 89            |
|    time_elapsed         | 300           |
|    total_timesteps      | 364544        |
| train/                  |               |
|    approx_kl            | 0.00038063544 |
|    clip_fraction        | 0.00874       |
|    clip_range           | 0.2           |
|    entropy_loss         | -0.0723       |
|    explained_variance   | 0.882         |
|    learning_rate        | 0.0003        |
|    loss                 | 0.00315       |
|    n_updates            | 880           |
|    policy_gradient_loss | -0.000621     |
|    value_loss           | 0.0154        |
-------------------------------------------
  step  365000/500000 ( 73.0%)  mean_rew=-0.002
-------------------------------------------
| time/                   |               |
|    fps                  | 1212          |
|    iterations           | 90            |
|    time_elapsed         | 303           |
|    total_timesteps      | 368640        |
| train/                  |               |
|    approx_kl            | 0.00033627095 |
|    clip_fraction        | 0.00398       |
|    clip_range           | 0.2           |
|    entropy_loss         | -0.0763       |
|    explained_variance   | 0.868         |
|    learning_rate        | 0.0003        |
|    loss                 | 0.0166        |
|    n_updates            | 890           |
|    policy_gradient_loss | -4.3e-05      |
|    value_loss           | 0.0172        |
-------------------------------------------
  step  370000/500000 ( 74.0%)  mean_rew=-0.011
-----------------------------------------
| time/                   |             |
|    fps                  | 1213        |
|    iterations           | 91          |
|    time_elapsed         | 307         |
|    total_timesteps      | 372736      |
| train/                  |             |
|    approx_kl            | 0.000637635 |
|    clip_fraction        | 0.0107      |
|    clip_range           | 0.2         |
|    entropy_loss         | -0.0674     |
|    explained_variance   | 0.886       |
|    learning_rate        | 0.0003      |
|    loss                 | 0.00452     |
|    n_updates            | 900         |
|    policy_gradient_loss | -0.000125   |
|    value_loss           | 0.0137      |
-----------------------------------------
  step  375000/500000 ( 75.0%)  mean_rew=-0.001
-------------------------------------------
| time/                   |               |
|    fps                  | 1214          |
|    iterations           | 92            |
|    time_elapsed         | 310           |
|    total_timesteps      | 376832        |
| train/                  |               |
|    approx_kl            | 0.00042520865 |
|    clip_fraction        | 0.00442       |
|    clip_range           | 0.2           |
|    entropy_loss         | -0.0576       |
|    explained_variance   | 0.893         |
|    learning_rate        | 0.0003        |
|    loss                 | 0.005         |
|    n_updates            | 910           |
|    policy_gradient_loss | -0.000501     |
|    value_loss           | 0.0142        |
-------------------------------------------
  step  380000/500000 ( 76.0%)  mean_rew=-0.004
-------------------------------------------
| time/                   |               |
|    fps                  | 1215          |
|    iterations           | 93            |
|    time_elapsed         | 313           |
|    total_timesteps      | 380928        |
| train/                  |               |
|    approx_kl            | 0.00031147985 |
|    clip_fraction        | 0.00437       |
|    clip_range           | 0.2           |
|    entropy_loss         | -0.0587       |
|    explained_variance   | 0.884         |
|    learning_rate        | 0.0003        |
|    loss                 | 0.00713       |
|    n_updates            | 920           |
|    policy_gradient_loss | -0.000328     |
|    value_loss           | 0.0152        |
-------------------------------------------
  step  385000/500000 ( 77.0%)  mean_rew=-0.006
-------------------------------------------
| time/                   |               |
|    fps                  | 1215          |
|    iterations           | 94            |
|    time_elapsed         | 316           |
|    total_timesteps      | 385024        |
| train/                  |               |
|    approx_kl            | 0.00042251134 |
|    clip_fraction        | 0.00308       |
|    clip_range           | 0.2           |
|    entropy_loss         | -0.0533       |
|    explained_variance   | 0.905         |
|    learning_rate        | 0.0003        |
|    loss                 | 0.00671       |
|    n_updates            | 930           |
|    policy_gradient_loss | -0.00024      |
|    value_loss           | 0.01          |
-------------------------------------------
------------------------------------------
| time/                   |              |
|    fps                  | 1216         |
|    iterations           | 95           |
|    time_elapsed         | 319          |
|    total_timesteps      | 389120       |
| train/                  |              |
|    approx_kl            | 0.0026406068 |
|    clip_fraction        | 0.00371      |
|    clip_range           | 0.2          |
|    entropy_loss         | -0.0367      |
|    explained_variance   | 0.872        |
|    learning_rate        | 0.0003       |
|    loss                 | 0.0112       |
|    n_updates            | 940          |
|    policy_gradient_loss | -0.000251    |
|    value_loss           | 0.0172       |
------------------------------------------
  step  390000/500000 ( 78.0%)  mean_rew=-0.006
------------------------------------------
| time/                   |              |
|    fps                  | 1217         |
|    iterations           | 96           |
|    time_elapsed         | 323          |
|    total_timesteps      | 393216       |
| train/                  |              |
|    approx_kl            | 0.0086846845 |
|    clip_fraction        | 0.00823      |
|    clip_range           | 0.2          |
|    entropy_loss         | -0.0507      |
|    explained_variance   | 0.894        |
|    learning_rate        | 0.0003       |
|    loss                 | 0.00296      |
|    n_updates            | 950          |
|    policy_gradient_loss | -0.000789    |
|    value_loss           | 0.0136       |
------------------------------------------
  step  395000/500000 ( 79.0%)  mean_rew=-0.001
------------------------------------------
| time/                   |              |
|    fps                  | 1218         |
|    iterations           | 97           |
|    time_elapsed         | 326          |
|    total_timesteps      | 397312       |
| train/                  |              |
|    approx_kl            | 0.0006043924 |
|    clip_fraction        | 0.00664      |
|    clip_range           | 0.2          |
|    entropy_loss         | -0.0657      |
|    explained_variance   | 0.897        |
|    learning_rate        | 0.0003       |
|    loss                 | 0.0064       |
|    n_updates            | 960          |
|    policy_gradient_loss | 8.75e-05     |
|    value_loss           | 0.0125       |
------------------------------------------
  step  400000/500000 ( 80.0%)  mean_rew=+0.000
------------------------------------------
| time/                   |              |
|    fps                  | 1218         |
|    iterations           | 98           |
|    time_elapsed         | 329          |
|    total_timesteps      | 401408       |
| train/                  |              |
|    approx_kl            | 0.0009825021 |
|    clip_fraction        | 0.00569      |
|    clip_range           | 0.2          |
|    entropy_loss         | -0.0673      |
|    explained_variance   | 0.945        |
|    learning_rate        | 0.0003       |
|    loss                 | 0.00143      |
|    n_updates            | 970          |
|    policy_gradient_loss | 0.000108     |
|    value_loss           | 0.00666      |
------------------------------------------
  step  405000/500000 ( 81.0%)  mean_rew=-0.013
------------------------------------------
| time/                   |              |
|    fps                  | 1218         |
|    iterations           | 99           |
|    time_elapsed         | 332          |
|    total_timesteps      | 405504       |
| train/                  |              |
|    approx_kl            | 0.0004357803 |
|    clip_fraction        | 0.00745      |
|    clip_range           | 0.2          |
|    entropy_loss         | -0.0682      |
|    explained_variance   | 0.891        |
|    learning_rate        | 0.0003       |
|    loss                 | 0.00837      |
|    n_updates            | 980          |
|    policy_gradient_loss | -0.000328    |
|    value_loss           | 0.0146       |
------------------------------------------
----------------------------------------
| time/                   |            |
|    fps                  | 1219       |
|    iterations           | 100        |
|    time_elapsed         | 335        |
|    total_timesteps      | 409600     |
| train/                  |            |
|    approx_kl            | 0.00052127 |
|    clip_fraction        | 0.00898    |
|    clip_range           | 0.2        |
|    entropy_loss         | -0.0636    |
|    explained_variance   | 0.882      |
|    learning_rate        | 0.0003     |
|    loss                 | 0.00709    |
|    n_updates            | 990        |
|    policy_gradient_loss | -0.000302  |
|    value_loss           | 0.0156     |
----------------------------------------
  step  410000/500000 ( 82.0%)  mean_rew=-0.006
------------------------------------------
| time/                   |              |
|    fps                  | 1220         |
|    iterations           | 101          |
|    time_elapsed         | 338          |
|    total_timesteps      | 413696       |
| train/                  |              |
|    approx_kl            | 0.0010947732 |
|    clip_fraction        | 0.0142       |
|    clip_range           | 0.2          |
|    entropy_loss         | -0.0605      |
|    explained_variance   | 0.891        |
|    learning_rate        | 0.0003       |
|    loss                 | 0.00331      |
|    n_updates            | 1000         |
|    policy_gradient_loss | -0.00157     |
|    value_loss           | 0.0121       |
------------------------------------------
  step  415000/500000 ( 83.0%)  mean_rew=-0.004
------------------------------------------
| time/                   |              |
|    fps                  | 1220         |
|    iterations           | 102          |
|    time_elapsed         | 342          |
|    total_timesteps      | 417792       |
| train/                  |              |
|    approx_kl            | 0.0008388349 |
|    clip_fraction        | 0.00786      |
|    clip_range           | 0.2          |
|    entropy_loss         | -0.0587      |
|    explained_variance   | 0.919        |
|    learning_rate        | 0.0003       |
|    loss                 | 0.00284      |
|    n_updates            | 1010         |
|    policy_gradient_loss | -0.000408    |
|    value_loss           | 0.00989      |
------------------------------------------
  step  420000/500000 ( 84.0%)  mean_rew=-0.005
------------------------------------------
| time/                   |              |
|    fps                  | 1221         |
|    iterations           | 103          |
|    time_elapsed         | 345          |
|    total_timesteps      | 421888       |
| train/                  |              |
|    approx_kl            | 0.0002638994 |
|    clip_fraction        | 0.00493      |
|    clip_range           | 0.2          |
|    entropy_loss         | -0.0615      |
|    explained_variance   | 0.844        |
|    learning_rate        | 0.0003       |
|    loss                 | 0.0106       |
|    n_updates            | 1020         |
|    policy_gradient_loss | 0.000186     |
|    value_loss           | 0.0225       |
------------------------------------------
  step  425000/500000 ( 85.0%)  mean_rew=-0.005
-------------------------------------------
| time/                   |               |
|    fps                  | 1222          |
|    iterations           | 104           |
|    time_elapsed         | 348           |
|    total_timesteps      | 425984        |
| train/                  |               |
|    approx_kl            | 0.00036668565 |
|    clip_fraction        | 0.00313       |
|    clip_range           | 0.2           |
|    entropy_loss         | -0.0579       |
|    explained_variance   | 0.9           |
|    learning_rate        | 0.0003        |
|    loss                 | 0.00293       |
|    n_updates            | 1030          |
|    policy_gradient_loss | -9.83e-05     |
|    value_loss           | 0.0119        |
-------------------------------------------
  step  430000/500000 ( 86.0%)  mean_rew=+0.000
-------------------------------------------
| time/                   |               |
|    fps                  | 1222          |
|    iterations           | 105           |
|    time_elapsed         | 351           |
|    total_timesteps      | 430080        |
| train/                  |               |
|    approx_kl            | 0.00043644945 |
|    clip_fraction        | 0.00405       |
|    clip_range           | 0.2           |
|    entropy_loss         | -0.0589       |
|    explained_variance   | 0.924         |
|    learning_rate        | 0.0003        |
|    loss                 | 0.01          |
|    n_updates            | 1040          |
|    policy_gradient_loss | -0.000224     |
|    value_loss           | 0.00958       |
-------------------------------------------
-------------------------------------------
| time/                   |               |
|    fps                  | 1223          |
|    iterations           | 106           |
|    time_elapsed         | 354           |
|    total_timesteps      | 434176        |
| train/                  |               |
|    approx_kl            | 0.00031741444 |
|    clip_fraction        | 0.0052        |
|    clip_range           | 0.2           |
|    entropy_loss         | -0.0558       |
|    explained_variance   | 0.882         |
|    learning_rate        | 0.0003        |
|    loss                 | 0.0101        |
|    n_updates            | 1050          |
|    policy_gradient_loss | 2.15e-05      |
|    value_loss           | 0.0152        |
-------------------------------------------
  step  435000/500000 ( 87.0%)  mean_rew=+0.000
-------------------------------------------
| time/                   |               |
|    fps                  | 1224          |
|    iterations           | 107           |
|    time_elapsed         | 358           |
|    total_timesteps      | 438272        |
| train/                  |               |
|    approx_kl            | 0.00026573543 |
|    clip_fraction        | 0.00476       |
|    clip_range           | 0.2           |
|    entropy_loss         | -0.0487       |
|    explained_variance   | 0.885         |
|    learning_rate        | 0.0003        |
|    loss                 | 0.00663       |
|    n_updates            | 1060          |
|    policy_gradient_loss | -0.000143     |
|    value_loss           | 0.0149        |
-------------------------------------------
  step  440000/500000 ( 88.0%)  mean_rew=-0.010
-----------------------------------------
| time/                   |             |
|    fps                  | 1224        |
|    iterations           | 108         |
|    time_elapsed         | 361         |
|    total_timesteps      | 442368      |
| train/                  |             |
|    approx_kl            | 0.005333337 |
|    clip_fraction        | 0.0568      |
|    clip_range           | 0.2         |
|    entropy_loss         | -0.0755     |
|    explained_variance   | 0.902       |
|    learning_rate        | 0.0003      |
|    loss                 | 0.00817     |
|    n_updates            | 1070        |
|    policy_gradient_loss | -0.00241    |
|    value_loss           | 0.0109      |
-----------------------------------------
  step  445000/500000 ( 89.0%)  mean_rew=+0.000
------------------------------------------
| time/                   |              |
|    fps                  | 1224         |
|    iterations           | 109          |
|    time_elapsed         | 364          |
|    total_timesteps      | 446464       |
| train/                  |              |
|    approx_kl            | 0.0087640695 |
|    clip_fraction        | 0.036        |
|    clip_range           | 0.2          |
|    entropy_loss         | -0.0804      |
|    explained_variance   | 0.911        |
|    learning_rate        | 0.0003       |
|    loss                 | 0.00364      |
|    n_updates            | 1080         |
|    policy_gradient_loss | -0.000632    |
|    value_loss           | 0.0113       |
------------------------------------------
  step  450000/500000 ( 90.0%)  mean_rew=-0.004
-------------------------------------------
| time/                   |               |
|    fps                  | 1225          |
|    iterations           | 110           |
|    time_elapsed         | 367           |
|    total_timesteps      | 450560        |
| train/                  |               |
|    approx_kl            | 0.00048752723 |
|    clip_fraction        | 0.00857       |
|    clip_range           | 0.2           |
|    entropy_loss         | -0.0774       |
|    explained_variance   | 0.758         |
|    learning_rate        | 0.0003        |
|    loss                 | 0.00854       |
|    n_updates            | 1090          |
|    policy_gradient_loss | -5.69e-05     |
|    value_loss           | 0.04          |
-------------------------------------------
----------------------------------------
| time/                   |            |
|    fps                  | 1226       |
|    iterations           | 111        |
|    time_elapsed         | 370        |
|    total_timesteps      | 454656     |
| train/                  |            |
|    approx_kl            | 0.00955754 |
|    clip_fraction        | 0.0182     |
|    clip_range           | 0.2        |
|    entropy_loss         | -0.0979    |
|    explained_variance   | 0.901      |
|    learning_rate        | 0.0003     |
|    loss                 | 0.00609    |
|    n_updates            | 1100       |
|    policy_gradient_loss | -0.000361  |
|    value_loss           | 0.0117     |
----------------------------------------
  step  455000/500000 ( 91.0%)  mean_rew=-0.010
-----------------------------------------
| time/                   |             |
|    fps                  | 1226        |
|    iterations           | 112         |
|    time_elapsed         | 374         |
|    total_timesteps      | 458752      |
| train/                  |             |
|    approx_kl            | 0.010737156 |
|    clip_fraction        | 0.0369      |
|    clip_range           | 0.2         |
|    entropy_loss         | -0.0668     |
|    explained_variance   | 0.918       |
|    learning_rate        | 0.0003      |
|    loss                 | 0.00503     |
|    n_updates            | 1110        |
|    policy_gradient_loss | -0.000463   |
|    value_loss           | 0.0106      |
-----------------------------------------
  step  460000/500000 ( 92.0%)  mean_rew=-0.006
-------------------------------------------
| time/                   |               |
|    fps                  | 1226          |
|    iterations           | 113           |
|    time_elapsed         | 377           |
|    total_timesteps      | 462848        |
| train/                  |               |
|    approx_kl            | 0.00056434295 |
|    clip_fraction        | 0.00444       |
|    clip_range           | 0.2           |
|    entropy_loss         | -0.0625       |
|    explained_variance   | 0.881         |
|    learning_rate        | 0.0003        |
|    loss                 | -0.000281     |
|    n_updates            | 1120          |
|    policy_gradient_loss | -1.72e-05     |
|    value_loss           | 0.0152        |
-------------------------------------------
  step  465000/500000 ( 93.0%)  mean_rew=-0.001
-----------------------------------------
| time/                   |             |
|    fps                  | 1227        |
|    iterations           | 114         |
|    time_elapsed         | 380         |
|    total_timesteps      | 466944      |
| train/                  |             |
|    approx_kl            | 0.000243296 |
|    clip_fraction        | 0.00444     |
|    clip_range           | 0.2         |
|    entropy_loss         | -0.063      |
|    explained_variance   | 0.884       |
|    learning_rate        | 0.0003      |
|    loss                 | 0.0114      |
|    n_updates            | 1130        |
|    policy_gradient_loss | 1.22e-05    |
|    value_loss           | 0.0156      |
-----------------------------------------
  step  470000/500000 ( 94.0%)  mean_rew=+0.000
------------------------------------------
| time/                   |              |
|    fps                  | 1227         |
|    iterations           | 115          |
|    time_elapsed         | 383          |
|    total_timesteps      | 471040       |
| train/                  |              |
|    approx_kl            | 0.0007328456 |
|    clip_fraction        | 0.00547      |
|    clip_range           | 0.2          |
|    entropy_loss         | -0.0609      |
|    explained_variance   | 0.899        |
|    learning_rate        | 0.0003       |
|    loss                 | 0.00628      |
|    n_updates            | 1140         |
|    policy_gradient_loss | -0.000151    |
|    value_loss           | 0.0114       |
------------------------------------------
  step  475000/500000 ( 95.0%)  mean_rew=-0.006
------------------------------------------
| time/                   |              |
|    fps                  | 1228         |
|    iterations           | 116          |
|    time_elapsed         | 386          |
|    total_timesteps      | 475136       |
| train/                  |              |
|    approx_kl            | 0.0025424128 |
|    clip_fraction        | 0.00999      |
|    clip_range           | 0.2          |
|    entropy_loss         | -0.0432      |
|    explained_variance   | 0.92         |
|    learning_rate        | 0.0003       |
|    loss                 | 0.00467      |
|    n_updates            | 1150         |
|    policy_gradient_loss | -0.000348    |
|    value_loss           | 0.01         |
------------------------------------------
-------------------------------------------
| time/                   |               |
|    fps                  | 1228          |
|    iterations           | 117           |
|    time_elapsed         | 389           |
|    total_timesteps      | 479232        |
| train/                  |               |
|    approx_kl            | 0.00042235665 |
|    clip_fraction        | 0.00417       |
|    clip_range           | 0.2           |
|    entropy_loss         | -0.0361       |
|    explained_variance   | 0.888         |
|    learning_rate        | 0.0003        |
|    loss                 | 0.00644       |
|    n_updates            | 1160          |
|    policy_gradient_loss | -0.000153     |
|    value_loss           | 0.0138        |
-------------------------------------------
  step  480000/500000 ( 96.0%)  mean_rew=-0.007
------------------------------------------
| time/                   |              |
|    fps                  | 1229         |
|    iterations           | 118          |
|    time_elapsed         | 393          |
|    total_timesteps      | 483328       |
| train/                  |              |
|    approx_kl            | 0.0002919262 |
|    clip_fraction        | 0.00264      |
|    clip_range           | 0.2          |
|    entropy_loss         | -0.0434      |
|    explained_variance   | 0.9          |
|    learning_rate        | 0.0003       |
|    loss                 | 0.00312      |
|    n_updates            | 1170         |
|    policy_gradient_loss | 4.52e-05     |
|    value_loss           | 0.0106       |
------------------------------------------
  step  485000/500000 ( 97.0%)  mean_rew=-0.012
-------------------------------------------
| time/                   |               |
|    fps                  | 1229          |
|    iterations           | 119           |
|    time_elapsed         | 396           |
|    total_timesteps      | 487424        |
| train/                  |               |
|    approx_kl            | 0.00044052023 |
|    clip_fraction        | 0.00288       |
|    clip_range           | 0.2           |
|    entropy_loss         | -0.0422       |
|    explained_variance   | 0.921         |
|    learning_rate        | 0.0003        |
|    loss                 | 0.00511       |
|    n_updates            | 1180          |
|    policy_gradient_loss | -1.23e-05     |
|    value_loss           | 0.00927       |
-------------------------------------------
  step  490000/500000 ( 98.0%)  mean_rew=+0.000
-------------------------------------------
| time/                   |               |
|    fps                  | 1229          |
|    iterations           | 120           |
|    time_elapsed         | 399           |
|    total_timesteps      | 491520        |
| train/                  |               |
|    approx_kl            | 0.00053012674 |
|    clip_fraction        | 0.00562       |
|    clip_range           | 0.2           |
|    entropy_loss         | -0.0364       |
|    explained_variance   | 0.876         |
|    learning_rate        | 0.0003        |
|    loss                 | 0.00576       |
|    n_updates            | 1190          |
|    policy_gradient_loss | -9.69e-05     |
|    value_loss           | 0.0166        |
-------------------------------------------
  step  495000/500000 ( 99.0%)  mean_rew=+0.000
--------------------------------------------
| time/                   |                |
|    fps                  | 1229           |
|    iterations           | 121            |
|    time_elapsed         | 403            |
|    total_timesteps      | 495616         |
| train/                  |                |
|    approx_kl            | 0.000104473525 |
|    clip_fraction        | 0.00193        |
|    clip_range           | 0.2            |
|    entropy_loss         | -0.0316        |
|    explained_variance   | 0.883          |
|    learning_rate        | 0.0003         |
|    loss                 | 0.00683        |
|    n_updates            | 1200           |
|    policy_gradient_loss | 5.4e-05        |
|    value_loss           | 0.0153         |
--------------------------------------------
-------------------------------------------
| time/                   |               |
|    fps                  | 1229          |
|    iterations           | 122           |
|    time_elapsed         | 406           |
|    total_timesteps      | 499712        |
| train/                  |               |
|    approx_kl            | 0.00017862441 |
|    clip_fraction        | 0.00168       |
|    clip_range           | 0.2           |
|    entropy_loss         | -0.0251       |
|    explained_variance   | 0.497         |
|    learning_rate        | 0.0003        |
|    loss                 | 0.0421        |
|    n_updates            | 1210          |
|    policy_gradient_loss | -3.52e-05     |
|    value_loss           | 0.137         |
-------------------------------------------
  step  500000/500000 (100.0%)  mean_rew=-0.005
-------------------------------------------
| time/                   |               |
|    fps                  | 1229          |
|    iterations           | 123           |
|    time_elapsed         | 409           |
|    total_timesteps      | 503808        |
| train/                  |               |
|    approx_kl            | 0.00075650244 |
|    clip_fraction        | 0.00161       |
|    clip_range           | 0.2           |
|    entropy_loss         | -0.0273       |
|    explained_variance   | 0.922         |
|    learning_rate        | 0.0003        |
|    loss                 | 0.00786       |
|    n_updates            | 1220          |
|    policy_gradient_loss | -4.59e-05     |
|    value_loss           | 0.012         |
-------------------------------------------
[cologne8-PPO] Done. Saved -> /workspace/rl-traffic/exp_cologne8_real/ppo_wait-clip_s777
