Using libsumo as traci as requested by environment variable.
[cologne8-PPO] 8 agents | reward=wait-clip | seed=42
  obs=(7,) | act=Discrete(4)
Using cpu device
-----------------------------
| time/              |      |
|    fps             | 1515 |
|    iterations      | 1    |
|    time_elapsed    | 2    |
|    total_timesteps | 4096 |
-----------------------------
  step    5000/500000 (  1.0%)  mean_rew=-0.140
-----------------------------------------
| time/                   |             |
|    fps                  | 1242        |
|    iterations           | 2           |
|    time_elapsed         | 6           |
|    total_timesteps      | 8192        |
| train/                  |             |
|    approx_kl            | 0.011291686 |
|    clip_fraction        | 0.0573      |
|    clip_range           | 0.2         |
|    entropy_loss         | -1.38       |
|    explained_variance   | -0.0042     |
|    learning_rate        | 0.0003      |
|    loss                 | 94.6        |
|    n_updates            | 10          |
|    policy_gradient_loss | -0.00714    |
|    value_loss           | 172         |
-----------------------------------------
  step   10000/500000 (  2.0%)  mean_rew=-0.039
-----------------------------------------
| time/                   |             |
|    fps                  | 1233        |
|    iterations           | 3           |
|    time_elapsed         | 9           |
|    total_timesteps      | 12288       |
| train/                  |             |
|    approx_kl            | 0.011615574 |
|    clip_fraction        | 0.0851      |
|    clip_range           | 0.2         |
|    entropy_loss         | -1.35       |
|    explained_variance   | 0.132       |
|    learning_rate        | 0.0003      |
|    loss                 | 21.6        |
|    n_updates            | 20          |
|    policy_gradient_loss | -0.00719    |
|    value_loss           | 37.5        |
-----------------------------------------
  step   15000/500000 (  3.0%)  mean_rew=-0.009
-----------------------------------------
| time/                   |             |
|    fps                  | 1225        |
|    iterations           | 4           |
|    time_elapsed         | 13          |
|    total_timesteps      | 16384       |
| train/                  |             |
|    approx_kl            | 0.011369005 |
|    clip_fraction        | 0.106       |
|    clip_range           | 0.2         |
|    entropy_loss         | -1.3        |
|    explained_variance   | 0.371       |
|    learning_rate        | 0.0003      |
|    loss                 | 13.2        |
|    n_updates            | 30          |
|    policy_gradient_loss | -0.009      |
|    value_loss           | 20.6        |
-----------------------------------------
  step   20000/500000 (  4.0%)  mean_rew=-0.065
-----------------------------------------
| time/                   |             |
|    fps                  | 1210        |
|    iterations           | 5           |
|    time_elapsed         | 16          |
|    total_timesteps      | 20480       |
| train/                  |             |
|    approx_kl            | 0.008549411 |
|    clip_fraction        | 0.0698      |
|    clip_range           | 0.2         |
|    entropy_loss         | -1.26       |
|    explained_variance   | 0.497       |
|    learning_rate        | 0.0003      |
|    loss                 | 2.2         |
|    n_updates            | 40          |
|    policy_gradient_loss | -0.00739    |
|    value_loss           | 17.8        |
-----------------------------------------
-----------------------------------------
| time/                   |             |
|    fps                  | 1213        |
|    iterations           | 6           |
|    time_elapsed         | 20          |
|    total_timesteps      | 24576       |
| train/                  |             |
|    approx_kl            | 0.013613442 |
|    clip_fraction        | 0.113       |
|    clip_range           | 0.2         |
|    entropy_loss         | -1.25       |
|    explained_variance   | 0.638       |
|    learning_rate        | 0.0003      |
|    loss                 | 5.84        |
|    n_updates            | 50          |
|    policy_gradient_loss | -0.00889    |
|    value_loss           | 11.9        |
-----------------------------------------
  step   25000/500000 (  5.0%)  mean_rew=-0.051
----------------------------------------
| time/                   |            |
|    fps                  | 1211       |
|    iterations           | 7          |
|    time_elapsed         | 23         |
|    total_timesteps      | 28672      |
| train/                  |            |
|    approx_kl            | 0.01011464 |
|    clip_fraction        | 0.117      |
|    clip_range           | 0.2        |
|    entropy_loss         | -1.2       |
|    explained_variance   | 0.73       |
|    learning_rate        | 0.0003     |
|    loss                 | 5.12       |
|    n_updates            | 60         |
|    policy_gradient_loss | -0.00962   |
|    value_loss           | 8.97       |
----------------------------------------
  step   30000/500000 (  6.0%)  mean_rew=-0.025
-----------------------------------------
| time/                   |             |
|    fps                  | 1206        |
|    iterations           | 8           |
|    time_elapsed         | 27          |
|    total_timesteps      | 32768       |
| train/                  |             |
|    approx_kl            | 0.016563552 |
|    clip_fraction        | 0.147       |
|    clip_range           | 0.2         |
|    entropy_loss         | -1.14       |
|    explained_variance   | 0.894       |
|    learning_rate        | 0.0003      |
|    loss                 | 1.44        |
|    n_updates            | 70          |
|    policy_gradient_loss | -0.0126     |
|    value_loss           | 2.89        |
-----------------------------------------
  step   35000/500000 (  7.0%)  mean_rew=-0.008
-----------------------------------------
| time/                   |             |
|    fps                  | 1206        |
|    iterations           | 9           |
|    time_elapsed         | 30          |
|    total_timesteps      | 36864       |
| train/                  |             |
|    approx_kl            | 0.010465708 |
|    clip_fraction        | 0.0955      |
|    clip_range           | 0.2         |
|    entropy_loss         | -1.07       |
|    explained_variance   | 0.89        |
|    learning_rate        | 0.0003      |
|    loss                 | 0.559       |
|    n_updates            | 80          |
|    policy_gradient_loss | -0.00423    |
|    value_loss           | 2.25        |
-----------------------------------------
  step   40000/500000 (  8.0%)  mean_rew=+0.000
-----------------------------------------
| time/                   |             |
|    fps                  | 1212        |
|    iterations           | 10          |
|    time_elapsed         | 33          |
|    total_timesteps      | 40960       |
| train/                  |             |
|    approx_kl            | 0.010167962 |
|    clip_fraction        | 0.0715      |
|    clip_range           | 0.2         |
|    entropy_loss         | -1          |
|    explained_variance   | 0.868       |
|    learning_rate        | 0.0003      |
|    loss                 | 1.07        |
|    n_updates            | 90          |
|    policy_gradient_loss | -0.00501    |
|    value_loss           | 1.96        |
-----------------------------------------
  step   45000/500000 (  9.0%)  mean_rew=-0.008
----------------------------------------
| time/                   |            |
|    fps                  | 1212       |
|    iterations           | 11         |
|    time_elapsed         | 37         |
|    total_timesteps      | 45056      |
| train/                  |            |
|    approx_kl            | 0.00394262 |
|    clip_fraction        | 0.0282     |
|    clip_range           | 0.2        |
|    entropy_loss         | -0.965     |
|    explained_variance   | 0.885      |
|    learning_rate        | 0.0003     |
|    loss                 | 0.71       |
|    n_updates            | 100        |
|    policy_gradient_loss | -0.00206   |
|    value_loss           | 1.04       |
----------------------------------------
-----------------------------------------
| time/                   |             |
|    fps                  | 1211        |
|    iterations           | 12          |
|    time_elapsed         | 40          |
|    total_timesteps      | 49152       |
| train/                  |             |
|    approx_kl            | 0.011556044 |
|    clip_fraction        | 0.123       |
|    clip_range           | 0.2         |
|    entropy_loss         | -0.912      |
|    explained_variance   | 0.923       |
|    learning_rate        | 0.0003      |
|    loss                 | 0.378       |
|    n_updates            | 110         |
|    policy_gradient_loss | -0.00884    |
|    value_loss           | 0.734       |
-----------------------------------------
  step   50000/500000 ( 10.0%)  mean_rew=-0.005
------------------------------------------
| time/                   |              |
|    fps                  | 1211         |
|    iterations           | 13           |
|    time_elapsed         | 43           |
|    total_timesteps      | 53248        |
| train/                  |              |
|    approx_kl            | 0.0077070617 |
|    clip_fraction        | 0.0749       |
|    clip_range           | 0.2          |
|    entropy_loss         | -0.833       |
|    explained_variance   | 0.871        |
|    learning_rate        | 0.0003       |
|    loss                 | 0.503        |
|    n_updates            | 120          |
|    policy_gradient_loss | -0.00535     |
|    value_loss           | 1.12         |
------------------------------------------
  step   55000/500000 ( 11.0%)  mean_rew=-0.012
------------------------------------------
| time/                   |              |
|    fps                  | 1212         |
|    iterations           | 14           |
|    time_elapsed         | 47           |
|    total_timesteps      | 57344        |
| train/                  |              |
|    approx_kl            | 0.0046823053 |
|    clip_fraction        | 0.0673       |
|    clip_range           | 0.2          |
|    entropy_loss         | -0.773       |
|    explained_variance   | 0.894        |
|    learning_rate        | 0.0003       |
|    loss                 | 0.287        |
|    n_updates            | 130          |
|    policy_gradient_loss | -0.0032      |
|    value_loss           | 0.561        |
------------------------------------------
  step   60000/500000 ( 12.0%)  mean_rew=-0.004
-----------------------------------------
| time/                   |             |
|    fps                  | 1212        |
|    iterations           | 15          |
|    time_elapsed         | 50          |
|    total_timesteps      | 61440       |
| train/                  |             |
|    approx_kl            | 0.006872404 |
|    clip_fraction        | 0.113       |
|    clip_range           | 0.2         |
|    entropy_loss         | -0.711      |
|    explained_variance   | 0.922       |
|    learning_rate        | 0.0003      |
|    loss                 | 0.217       |
|    n_updates            | 140         |
|    policy_gradient_loss | -0.00782    |
|    value_loss           | 0.354       |
-----------------------------------------
  step   65000/500000 ( 13.0%)  mean_rew=-0.008
-----------------------------------------
| time/                   |             |
|    fps                  | 1210        |
|    iterations           | 16          |
|    time_elapsed         | 54          |
|    total_timesteps      | 65536       |
| train/                  |             |
|    approx_kl            | 0.009430826 |
|    clip_fraction        | 0.0873      |
|    clip_range           | 0.2         |
|    entropy_loss         | -0.697      |
|    explained_variance   | 0.871       |
|    learning_rate        | 0.0003      |
|    loss                 | 0.132       |
|    n_updates            | 150         |
|    policy_gradient_loss | -0.0056     |
|    value_loss           | 0.502       |
-----------------------------------------
-----------------------------------------
| time/                   |             |
|    fps                  | 1214        |
|    iterations           | 17          |
|    time_elapsed         | 57          |
|    total_timesteps      | 69632       |
| train/                  |             |
|    approx_kl            | 0.005078466 |
|    clip_fraction        | 0.0629      |
|    clip_range           | 0.2         |
|    entropy_loss         | -0.638      |
|    explained_variance   | 0.891       |
|    learning_rate        | 0.0003      |
|    loss                 | 0.0933      |
|    n_updates            | 160         |
|    policy_gradient_loss | -0.00483    |
|    value_loss           | 0.335       |
-----------------------------------------
  step   70000/500000 ( 14.0%)  mean_rew=-0.004
------------------------------------------
| time/                   |              |
|    fps                  | 1212         |
|    iterations           | 18           |
|    time_elapsed         | 60           |
|    total_timesteps      | 73728        |
| train/                  |              |
|    approx_kl            | 0.0033872267 |
|    clip_fraction        | 0.0261       |
|    clip_range           | 0.2          |
|    entropy_loss         | -0.632       |
|    explained_variance   | 0.902        |
|    learning_rate        | 0.0003       |
|    loss                 | 0.121        |
|    n_updates            | 170          |
|    policy_gradient_loss | -0.0017      |
|    value_loss           | 0.186        |
------------------------------------------
  step   75000/500000 ( 15.0%)  mean_rew=-0.005
-----------------------------------------
| time/                   |             |
|    fps                  | 1211        |
|    iterations           | 19          |
|    time_elapsed         | 64          |
|    total_timesteps      | 77824       |
| train/                  |             |
|    approx_kl            | 0.006861292 |
|    clip_fraction        | 0.0756      |
|    clip_range           | 0.2         |
|    entropy_loss         | -0.599      |
|    explained_variance   | 0.951       |
|    learning_rate        | 0.0003      |
|    loss                 | 0.0451      |
|    n_updates            | 180         |
|    policy_gradient_loss | -0.00618    |
|    value_loss           | 0.0968      |
-----------------------------------------
  step   80000/500000 ( 16.0%)  mean_rew=-0.005
------------------------------------------
| time/                   |              |
|    fps                  | 1214         |
|    iterations           | 20           |
|    time_elapsed         | 67           |
|    total_timesteps      | 81920        |
| train/                  |              |
|    approx_kl            | 0.0031900047 |
|    clip_fraction        | 0.0244       |
|    clip_range           | 0.2          |
|    entropy_loss         | -0.555       |
|    explained_variance   | 0.699        |
|    learning_rate        | 0.0003       |
|    loss                 | 0.929        |
|    n_updates            | 190          |
|    policy_gradient_loss | -0.00274     |
|    value_loss           | 0.873        |
------------------------------------------
  step   85000/500000 ( 17.0%)  mean_rew=-0.011
-----------------------------------------
| time/                   |             |
|    fps                  | 1213        |
|    iterations           | 21          |
|    time_elapsed         | 70          |
|    total_timesteps      | 86016       |
| train/                  |             |
|    approx_kl            | 0.004845748 |
|    clip_fraction        | 0.0476      |
|    clip_range           | 0.2         |
|    entropy_loss         | -0.506      |
|    explained_variance   | 0.885       |
|    learning_rate        | 0.0003      |
|    loss                 | 0.0553      |
|    n_updates            | 200         |
|    policy_gradient_loss | -0.00349    |
|    value_loss           | 0.151       |
-----------------------------------------
  step   90000/500000 ( 18.0%)  mean_rew=+0.000
------------------------------------------
| time/                   |              |
|    fps                  | 1213         |
|    iterations           | 22           |
|    time_elapsed         | 74           |
|    total_timesteps      | 90112        |
| train/                  |              |
|    approx_kl            | 0.0037902147 |
|    clip_fraction        | 0.056        |
|    clip_range           | 0.2          |
|    entropy_loss         | -0.452       |
|    explained_variance   | 0.943        |
|    learning_rate        | 0.0003       |
|    loss                 | 0.0245       |
|    n_updates            | 210          |
|    policy_gradient_loss | -0.00465     |
|    value_loss           | 0.0728       |
------------------------------------------
------------------------------------------
| time/                   |              |
|    fps                  | 1213         |
|    iterations           | 23           |
|    time_elapsed         | 77           |
|    total_timesteps      | 94208        |
| train/                  |              |
|    approx_kl            | 0.0031859158 |
|    clip_fraction        | 0.0301       |
|    clip_range           | 0.2          |
|    entropy_loss         | -0.418       |
|    explained_variance   | 0.897        |
|    learning_rate        | 0.0003       |
|    loss                 | 0.051        |
|    n_updates            | 220          |
|    policy_gradient_loss | -0.00244     |
|    value_loss           | 0.0997       |
------------------------------------------
  step   95000/500000 ( 19.0%)  mean_rew=-0.002
------------------------------------------
| time/                   |              |
|    fps                  | 1214         |
|    iterations           | 24           |
|    time_elapsed         | 80           |
|    total_timesteps      | 98304        |
| train/                  |              |
|    approx_kl            | 0.0014980165 |
|    clip_fraction        | 0.0259       |
|    clip_range           | 0.2          |
|    entropy_loss         | -0.386       |
|    explained_variance   | 0.823        |
|    learning_rate        | 0.0003       |
|    loss                 | 0.156        |
|    n_updates            | 230          |
|    policy_gradient_loss | -0.00164     |
|    value_loss           | 0.181        |
------------------------------------------
  step  100000/500000 ( 20.0%)  mean_rew=-0.006
------------------------------------------
| time/                   |              |
|    fps                  | 1213         |
|    iterations           | 25           |
|    time_elapsed         | 84           |
|    total_timesteps      | 102400       |
| train/                  |              |
|    approx_kl            | 0.0060133985 |
|    clip_fraction        | 0.0333       |
|    clip_range           | 0.2          |
|    entropy_loss         | -0.377       |
|    explained_variance   | 0.874        |
|    learning_rate        | 0.0003       |
|    loss                 | 0.0167       |
|    n_updates            | 240          |
|    policy_gradient_loss | -0.00166     |
|    value_loss           | 0.0853       |
------------------------------------------
  step  105000/500000 ( 21.0%)  mean_rew=-0.010
------------------------------------------
| time/                   |              |
|    fps                  | 1212         |
|    iterations           | 26           |
|    time_elapsed         | 87           |
|    total_timesteps      | 106496       |
| train/                  |              |
|    approx_kl            | 0.0019377726 |
|    clip_fraction        | 0.0203       |
|    clip_range           | 0.2          |
|    entropy_loss         | -0.348       |
|    explained_variance   | 0.956        |
|    learning_rate        | 0.0003       |
|    loss                 | 0.0119       |
|    n_updates            | 250          |
|    policy_gradient_loss | -0.00181     |
|    value_loss           | 0.0257       |
------------------------------------------
  step  110000/500000 ( 22.0%)  mean_rew=+0.000
------------------------------------------
| time/                   |              |
|    fps                  | 1213         |
|    iterations           | 27           |
|    time_elapsed         | 91           |
|    total_timesteps      | 110592       |
| train/                  |              |
|    approx_kl            | 0.0071895835 |
|    clip_fraction        | 0.0313       |
|    clip_range           | 0.2          |
|    entropy_loss         | -0.311       |
|    explained_variance   | 0.887        |
|    learning_rate        | 0.0003       |
|    loss                 | 0.0225       |
|    n_updates            | 260          |
|    policy_gradient_loss | -0.00232     |
|    value_loss           | 0.0593       |
------------------------------------------
-----------------------------------------
| time/                   |             |
|    fps                  | 1213        |
|    iterations           | 28          |
|    time_elapsed         | 94          |
|    total_timesteps      | 114688      |
| train/                  |             |
|    approx_kl            | 0.003668814 |
|    clip_fraction        | 0.0444      |
|    clip_range           | 0.2         |
|    entropy_loss         | -0.282      |
|    explained_variance   | 0.899       |
|    learning_rate        | 0.0003      |
|    loss                 | 0.0227      |
|    n_updates            | 270         |
|    policy_gradient_loss | -0.00258    |
|    value_loss           | 0.0402      |
-----------------------------------------
  step  115000/500000 ( 23.0%)  mean_rew=-0.005
------------------------------------------
| time/                   |              |
|    fps                  | 1213         |
|    iterations           | 29           |
|    time_elapsed         | 97           |
|    total_timesteps      | 118784       |
| train/                  |              |
|    approx_kl            | 0.0015282426 |
|    clip_fraction        | 0.0139       |
|    clip_range           | 0.2          |
|    entropy_loss         | -0.259       |
|    explained_variance   | 0.905        |
|    learning_rate        | 0.0003       |
|    loss                 | 0.0166       |
|    n_updates            | 280          |
|    policy_gradient_loss | -0.00134     |
|    value_loss           | 0.0415       |
------------------------------------------
  step  120000/500000 ( 24.0%)  mean_rew=+0.000
------------------------------------------
| time/                   |              |
|    fps                  | 1214         |
|    iterations           | 30           |
|    time_elapsed         | 101          |
|    total_timesteps      | 122880       |
| train/                  |              |
|    approx_kl            | 0.0023430374 |
|    clip_fraction        | 0.0256       |
|    clip_range           | 0.2          |
|    entropy_loss         | -0.244       |
|    explained_variance   | 0.806        |
|    learning_rate        | 0.0003       |
|    loss                 | 0.0202       |
|    n_updates            | 290          |
|    policy_gradient_loss | -0.00154     |
|    value_loss           | 0.092        |
------------------------------------------
  step  125000/500000 ( 25.0%)  mean_rew=-0.015
------------------------------------------
| time/                   |              |
|    fps                  | 1214         |
|    iterations           | 31           |
|    time_elapsed         | 104          |
|    total_timesteps      | 126976       |
| train/                  |              |
|    approx_kl            | 0.0027320837 |
|    clip_fraction        | 0.0367       |
|    clip_range           | 0.2          |
|    entropy_loss         | -0.228       |
|    explained_variance   | 0.896        |
|    learning_rate        | 0.0003       |
|    loss                 | 0.0204       |
|    n_updates            | 300          |
|    policy_gradient_loss | -0.00101     |
|    value_loss           | 0.0357       |
------------------------------------------
  step  130000/500000 ( 26.0%)  mean_rew=+0.000
------------------------------------------
| time/                   |              |
|    fps                  | 1214         |
|    iterations           | 32           |
|    time_elapsed         | 107          |
|    total_timesteps      | 131072       |
| train/                  |              |
|    approx_kl            | 0.0012730213 |
|    clip_fraction        | 0.00852      |
|    clip_range           | 0.2          |
|    entropy_loss         | -0.216       |
|    explained_variance   | 0.887        |
|    learning_rate        | 0.0003       |
|    loss                 | 0.00594      |
|    n_updates            | 310          |
|    policy_gradient_loss | -0.00118     |
|    value_loss           | 0.0313       |
------------------------------------------
  step  135000/500000 ( 27.0%)  mean_rew=-0.004
------------------------------------------
| time/                   |              |
|    fps                  | 1214         |
|    iterations           | 33           |
|    time_elapsed         | 111          |
|    total_timesteps      | 135168       |
| train/                  |              |
|    approx_kl            | 0.0017500288 |
|    clip_fraction        | 0.0126       |
|    clip_range           | 0.2          |
|    entropy_loss         | -0.207       |
|    explained_variance   | 0.956        |
|    learning_rate        | 0.0003       |
|    loss                 | 0.00378      |
|    n_updates            | 320          |
|    policy_gradient_loss | -0.000476    |
|    value_loss           | 0.0111       |
------------------------------------------
----------------------------------------
| time/                   |            |
|    fps                  | 1215       |
|    iterations           | 34         |
|    time_elapsed         | 114        |
|    total_timesteps      | 139264     |
| train/                  |            |
|    approx_kl            | 0.00156409 |
|    clip_fraction        | 0.00498    |
|    clip_range           | 0.2        |
|    entropy_loss         | -0.198     |
|    explained_variance   | 0.894      |
|    learning_rate        | 0.0003     |
|    loss                 | 0.0101     |
|    n_updates            | 330        |
|    policy_gradient_loss | -0.000409  |
|    value_loss           | 0.0247     |
----------------------------------------
  step  140000/500000 ( 28.0%)  mean_rew=-0.015
------------------------------------------
| time/                   |              |
|    fps                  | 1215         |
|    iterations           | 35           |
|    time_elapsed         | 117          |
|    total_timesteps      | 143360       |
| train/                  |              |
|    approx_kl            | 0.0039490424 |
|    clip_fraction        | 0.0262       |
|    clip_range           | 0.2          |
|    entropy_loss         | -0.196       |
|    explained_variance   | 0.908        |
|    learning_rate        | 0.0003       |
|    loss                 | 0.0138       |
|    n_updates            | 340          |
|    policy_gradient_loss | -0.000883    |
|    value_loss           | 0.0166       |
------------------------------------------
  step  145000/500000 ( 29.0%)  mean_rew=+0.000
------------------------------------------
| time/                   |              |
|    fps                  | 1214         |
|    iterations           | 36           |
|    time_elapsed         | 121          |
|    total_timesteps      | 147456       |
| train/                  |              |
|    approx_kl            | 0.0017034429 |
|    clip_fraction        | 0.0167       |
|    clip_range           | 0.2          |
|    entropy_loss         | -0.182       |
|    explained_variance   | 0.943        |
|    learning_rate        | 0.0003       |
|    loss                 | 0.00509      |
|    n_updates            | 350          |
|    policy_gradient_loss | -0.000362    |
|    value_loss           | 0.0111       |
------------------------------------------
  step  150000/500000 ( 30.0%)  mean_rew=-0.011
-------------------------------------------
| time/                   |               |
|    fps                  | 1215          |
|    iterations           | 37            |
|    time_elapsed         | 124           |
|    total_timesteps      | 151552        |
| train/                  |               |
|    approx_kl            | 0.00014416379 |
|    clip_fraction        | 0.00173       |
|    clip_range           | 0.2           |
|    entropy_loss         | -0.186        |
|    explained_variance   | 0.846         |
|    learning_rate        | 0.0003        |
|    loss                 | 0.0127        |
|    n_updates            | 360           |
|    policy_gradient_loss | -0.000197     |
|    value_loss           | 0.0336        |
-------------------------------------------
  step  155000/500000 ( 31.0%)  mean_rew=-0.005
------------------------------------------
| time/                   |              |
|    fps                  | 1215         |
|    iterations           | 38           |
|    time_elapsed         | 128          |
|    total_timesteps      | 155648       |
| train/                  |              |
|    approx_kl            | 0.0012947833 |
|    clip_fraction        | 0.0134       |
|    clip_range           | 0.2          |
|    entropy_loss         | -0.18        |
|    explained_variance   | 0.89         |
|    learning_rate        | 0.0003       |
|    loss                 | 0.0148       |
|    n_updates            | 370          |
|    policy_gradient_loss | -0.000354    |
|    value_loss           | 0.0213       |
------------------------------------------
------------------------------------------
| time/                   |              |
|    fps                  | 1215         |
|    iterations           | 39           |
|    time_elapsed         | 131          |
|    total_timesteps      | 159744       |
| train/                  |              |
|    approx_kl            | 0.0018213289 |
|    clip_fraction        | 0.0148       |
|    clip_range           | 0.2          |
|    entropy_loss         | -0.17        |
|    explained_variance   | 0.91         |
|    learning_rate        | 0.0003       |
|    loss                 | 0.00513      |
|    n_updates            | 380          |
|    policy_gradient_loss | -0.000949    |
|    value_loss           | 0.0147       |
------------------------------------------
  step  160000/500000 ( 32.0%)  mean_rew=-0.004
------------------------------------------
| time/                   |              |
|    fps                  | 1215         |
|    iterations           | 40           |
|    time_elapsed         | 134          |
|    total_timesteps      | 163840       |
| train/                  |              |
|    approx_kl            | 0.0015407649 |
|    clip_fraction        | 0.0153       |
|    clip_range           | 0.2          |
|    entropy_loss         | -0.175       |
|    explained_variance   | 0.827        |
|    learning_rate        | 0.0003       |
|    loss                 | 0.00168      |
|    n_updates            | 390          |
|    policy_gradient_loss | -0.000696    |
|    value_loss           | 0.0357       |
------------------------------------------
  step  165000/500000 ( 33.0%)  mean_rew=-0.005
------------------------------------------
| time/                   |              |
|    fps                  | 1215         |
|    iterations           | 41           |
|    time_elapsed         | 138          |
|    total_timesteps      | 167936       |
| train/                  |              |
|    approx_kl            | 0.0009064552 |
|    clip_fraction        | 0.00879      |
|    clip_range           | 0.2          |
|    entropy_loss         | -0.16        |
|    explained_variance   | 0.745        |
|    learning_rate        | 0.0003       |
|    loss                 | 0.00113      |
|    n_updates            | 400          |
|    policy_gradient_loss | -0.000374    |
|    value_loss           | 0.0612       |
------------------------------------------
  step  170000/500000 ( 34.0%)  mean_rew=+0.000
------------------------------------------
| time/                   |              |
|    fps                  | 1215         |
|    iterations           | 42           |
|    time_elapsed         | 141          |
|    total_timesteps      | 172032       |
| train/                  |              |
|    approx_kl            | 0.0014476574 |
|    clip_fraction        | 0.0121       |
|    clip_range           | 0.2          |
|    entropy_loss         | -0.146       |
|    explained_variance   | 0.896        |
|    learning_rate        | 0.0003       |
|    loss                 | 0.0138       |
|    n_updates            | 410          |
|    policy_gradient_loss | -0.00098     |
|    value_loss           | 0.0176       |
------------------------------------------
  step  175000/500000 ( 35.0%)  mean_rew=-0.011
------------------------------------------
| time/                   |              |
|    fps                  | 1215         |
|    iterations           | 43           |
|    time_elapsed         | 144          |
|    total_timesteps      | 176128       |
| train/                  |              |
|    approx_kl            | 0.0004695985 |
|    clip_fraction        | 0.00647      |
|    clip_range           | 0.2          |
|    entropy_loss         | -0.15        |
|    explained_variance   | 0.94         |
|    learning_rate        | 0.0003       |
|    loss                 | 0.00564      |
|    n_updates            | 420          |
|    policy_gradient_loss | -0.000189    |
|    value_loss           | 0.01         |
------------------------------------------
  step  180000/500000 ( 36.0%)  mean_rew=-0.005
-------------------------------------------
| time/                   |               |
|    fps                  | 1215          |
|    iterations           | 44            |
|    time_elapsed         | 148           |
|    total_timesteps      | 180224        |
| train/                  |               |
|    approx_kl            | 0.00078075554 |
|    clip_fraction        | 0.0157        |
|    clip_range           | 0.2           |
|    entropy_loss         | -0.155        |
|    explained_variance   | 0.886         |
|    learning_rate        | 0.0003        |
|    loss                 | 0.0132        |
|    n_updates            | 430           |
|    policy_gradient_loss | -0.00109      |
|    value_loss           | 0.0196        |
-------------------------------------------
------------------------------------------
| time/                   |              |
|    fps                  | 1215         |
|    iterations           | 45           |
|    time_elapsed         | 151          |
|    total_timesteps      | 184320       |
| train/                  |              |
|    approx_kl            | 0.0015101816 |
|    clip_fraction        | 0.0137       |
|    clip_range           | 0.2          |
|    entropy_loss         | -0.149       |
|    explained_variance   | 0.877        |
|    learning_rate        | 0.0003       |
|    loss                 | 0.00967      |
|    n_updates            | 440          |
|    policy_gradient_loss | -0.000495    |
|    value_loss           | 0.021        |
------------------------------------------
  step  185000/500000 ( 37.0%)  mean_rew=-0.004
------------------------------------------
| time/                   |              |
|    fps                  | 1215         |
|    iterations           | 46           |
|    time_elapsed         | 155          |
|    total_timesteps      | 188416       |
| train/                  |              |
|    approx_kl            | 0.0010954437 |
|    clip_fraction        | 0.00781      |
|    clip_range           | 0.2          |
|    entropy_loss         | -0.142       |
|    explained_variance   | 0.901        |
|    learning_rate        | 0.0003       |
|    loss                 | 0.00259      |
|    n_updates            | 450          |
|    policy_gradient_loss | -0.000286    |
|    value_loss           | 0.0142       |
------------------------------------------
  step  190000/500000 ( 38.0%)  mean_rew=-0.001
------------------------------------------
| time/                   |              |
|    fps                  | 1214         |
|    iterations           | 47           |
|    time_elapsed         | 158          |
|    total_timesteps      | 192512       |
| train/                  |              |
|    approx_kl            | 0.0010095381 |
|    clip_fraction        | 0.00591      |
|    clip_range           | 0.2          |
|    entropy_loss         | -0.152       |
|    explained_variance   | 0.739        |
|    learning_rate        | 0.0003       |
|    loss                 | 0.0142       |
|    n_updates            | 460          |
|    policy_gradient_loss | -0.000103    |
|    value_loss           | 0.056        |
------------------------------------------
  step  195000/500000 ( 39.0%)  mean_rew=+0.000
------------------------------------------
| time/                   |              |
|    fps                  | 1215         |
|    iterations           | 48           |
|    time_elapsed         | 161          |
|    total_timesteps      | 196608       |
| train/                  |              |
|    approx_kl            | 0.0009942598 |
|    clip_fraction        | 0.0125       |
|    clip_range           | 0.2          |
|    entropy_loss         | -0.15        |
|    explained_variance   | 0.886        |
|    learning_rate        | 0.0003       |
|    loss                 | 0.0139       |
|    n_updates            | 470          |
|    policy_gradient_loss | -0.00073     |
|    value_loss           | 0.0185       |
------------------------------------------
  step  200000/500000 ( 40.0%)  mean_rew=-0.002
------------------------------------------
| time/                   |              |
|    fps                  | 1215         |
|    iterations           | 49           |
|    time_elapsed         | 165          |
|    total_timesteps      | 200704       |
| train/                  |              |
|    approx_kl            | 0.0015244248 |
|    clip_fraction        | 0.0183       |
|    clip_range           | 0.2          |
|    entropy_loss         | -0.139       |
|    explained_variance   | 0.895        |
|    learning_rate        | 0.0003       |
|    loss                 | 0.00493      |
|    n_updates            | 480          |
|    policy_gradient_loss | -0.00112     |
|    value_loss           | 0.0142       |
------------------------------------------
------------------------------------------
| time/                   |              |
|    fps                  | 1214         |
|    iterations           | 50           |
|    time_elapsed         | 168          |
|    total_timesteps      | 204800       |
| train/                  |              |
|    approx_kl            | 0.0064821644 |
|    clip_fraction        | 0.0177       |
|    clip_range           | 0.2          |
|    entropy_loss         | -0.117       |
|    explained_variance   | 0.797        |
|    learning_rate        | 0.0003       |
|    loss                 | 0.00782      |
|    n_updates            | 490          |
|    policy_gradient_loss | -0.000431    |
|    value_loss           | 0.0391       |
------------------------------------------
  step  205000/500000 ( 41.0%)  mean_rew=+0.000
-------------------------------------------
| time/                   |               |
|    fps                  | 1215          |
|    iterations           | 51            |
|    time_elapsed         | 171           |
|    total_timesteps      | 208896        |
| train/                  |               |
|    approx_kl            | 0.00068706856 |
|    clip_fraction        | 0.0111        |
|    clip_range           | 0.2           |
|    entropy_loss         | -0.113        |
|    explained_variance   | 0.736         |
|    learning_rate        | 0.0003        |
|    loss                 | 0.0434        |
|    n_updates            | 500           |
|    policy_gradient_loss | -0.000736     |
|    value_loss           | 0.0619        |
-------------------------------------------
  step  210000/500000 ( 42.0%)  mean_rew=-0.004
-------------------------------------------
| time/                   |               |
|    fps                  | 1215          |
|    iterations           | 52            |
|    time_elapsed         | 175           |
|    total_timesteps      | 212992        |
| train/                  |               |
|    approx_kl            | 0.00047916255 |
|    clip_fraction        | 0.00471       |
|    clip_range           | 0.2           |
|    entropy_loss         | -0.107        |
|    explained_variance   | 0.903         |
|    learning_rate        | 0.0003        |
|    loss                 | 0.00534       |
|    n_updates            | 510           |
|    policy_gradient_loss | -0.000602     |
|    value_loss           | 0.0146        |
-------------------------------------------
  step  215000/500000 ( 43.0%)  mean_rew=-0.004
------------------------------------------
| time/                   |              |
|    fps                  | 1215         |
|    iterations           | 53           |
|    time_elapsed         | 178          |
|    total_timesteps      | 217088       |
| train/                  |              |
|    approx_kl            | 0.0049197567 |
|    clip_fraction        | 0.0146       |
|    clip_range           | 0.2          |
|    entropy_loss         | -0.0935      |
|    explained_variance   | 0.917        |
|    learning_rate        | 0.0003       |
|    loss                 | 0.00653      |
|    n_updates            | 520          |
|    policy_gradient_loss | -0.000761    |
|    value_loss           | 0.0134       |
------------------------------------------
  step  220000/500000 ( 44.0%)  mean_rew=-0.004
-------------------------------------------
| time/                   |               |
|    fps                  | 1215          |
|    iterations           | 54            |
|    time_elapsed         | 182           |
|    total_timesteps      | 221184        |
| train/                  |               |
|    approx_kl            | 0.00042157347 |
|    clip_fraction        | 0.00488       |
|    clip_range           | 0.2           |
|    entropy_loss         | -0.0859       |
|    explained_variance   | 0.823         |
|    learning_rate        | 0.0003        |
|    loss                 | 0.00232       |
|    n_updates            | 530           |
|    policy_gradient_loss | -0.00059      |
|    value_loss           | 0.0354        |
-------------------------------------------
  step  225000/500000 ( 45.0%)  mean_rew=-0.013
------------------------------------------
| time/                   |              |
|    fps                  | 1216         |
|    iterations           | 55           |
|    time_elapsed         | 185          |
|    total_timesteps      | 225280       |
| train/                  |              |
|    approx_kl            | 0.0012418815 |
|    clip_fraction        | 0.0101       |
|    clip_range           | 0.2          |
|    entropy_loss         | -0.085       |
|    explained_variance   | 0.874        |
|    learning_rate        | 0.0003       |
|    loss                 | 0.0109       |
|    n_updates            | 540          |
|    policy_gradient_loss | -0.000606    |
|    value_loss           | 0.0225       |
------------------------------------------
-------------------------------------------
| time/                   |               |
|    fps                  | 1215          |
|    iterations           | 56            |
|    time_elapsed         | 188           |
|    total_timesteps      | 229376        |
| train/                  |               |
|    approx_kl            | 0.00072471506 |
|    clip_fraction        | 0.00437       |
|    clip_range           | 0.2           |
|    entropy_loss         | -0.0795       |
|    explained_variance   | 0.908         |
|    learning_rate        | 0.0003        |
|    loss                 | 0.00776       |
|    n_updates            | 550           |
|    policy_gradient_loss | -0.000165     |
|    value_loss           | 0.0133        |
-------------------------------------------
  step  230000/500000 ( 46.0%)  mean_rew=-0.007
-----------------------------------------
| time/                   |             |
|    fps                  | 1215        |
|    iterations           | 57          |
|    time_elapsed         | 192         |
|    total_timesteps      | 233472      |
| train/                  |             |
|    approx_kl            | 0.001484128 |
|    clip_fraction        | 0.0232      |
|    clip_range           | 0.2         |
|    entropy_loss         | -0.0787     |
|    explained_variance   | 0.937       |
|    learning_rate        | 0.0003      |
|    loss                 | 0.00525     |
|    n_updates            | 560         |
|    policy_gradient_loss | -0.00151    |
|    value_loss           | 0.00955     |
-----------------------------------------
  step  235000/500000 ( 47.0%)  mean_rew=-0.002
------------------------------------------
| time/                   |              |
|    fps                  | 1215         |
|    iterations           | 58           |
|    time_elapsed         | 195          |
|    total_timesteps      | 237568       |
| train/                  |              |
|    approx_kl            | 0.0013726506 |
|    clip_fraction        | 0.0139       |
|    clip_range           | 0.2          |
|    entropy_loss         | -0.0754      |
|    explained_variance   | 0.879        |
|    learning_rate        | 0.0003       |
|    loss                 | 0.00329      |
|    n_updates            | 570          |
|    policy_gradient_loss | -0.00107     |
|    value_loss           | 0.0199       |
------------------------------------------
  step  240000/500000 ( 48.0%)  mean_rew=-0.004
------------------------------------------
| time/                   |              |
|    fps                  | 1216         |
|    iterations           | 59           |
|    time_elapsed         | 198          |
|    total_timesteps      | 241664       |
| train/                  |              |
|    approx_kl            | 0.0016134065 |
|    clip_fraction        | 0.00862      |
|    clip_range           | 0.2          |
|    entropy_loss         | -0.0736      |
|    explained_variance   | 0.907        |
|    learning_rate        | 0.0003       |
|    loss                 | 0.00499      |
|    n_updates            | 580          |
|    policy_gradient_loss | -0.000464    |
|    value_loss           | 0.0134       |
------------------------------------------
  step  245000/500000 ( 49.0%)  mean_rew=-0.010
------------------------------------------
| time/                   |              |
|    fps                  | 1215         |
|    iterations           | 60           |
|    time_elapsed         | 202          |
|    total_timesteps      | 245760       |
| train/                  |              |
|    approx_kl            | 0.0012191508 |
|    clip_fraction        | 0.00396      |
|    clip_range           | 0.2          |
|    entropy_loss         | -0.0705      |
|    explained_variance   | 0.939        |
|    learning_rate        | 0.0003       |
|    loss                 | 0.0049       |
|    n_updates            | 590          |
|    policy_gradient_loss | -0.000197    |
|    value_loss           | 0.00865      |
------------------------------------------
------------------------------------------
| time/                   |              |
|    fps                  | 1215         |
|    iterations           | 61           |
|    time_elapsed         | 205          |
|    total_timesteps      | 249856       |
| train/                  |              |
|    approx_kl            | 0.0009017022 |
|    clip_fraction        | 0.00813      |
|    clip_range           | 0.2          |
|    entropy_loss         | -0.0577      |
|    explained_variance   | 0.889        |
|    learning_rate        | 0.0003       |
|    loss                 | 0.00548      |
|    n_updates            | 600          |
|    policy_gradient_loss | -0.000709    |
|    value_loss           | 0.0163       |
------------------------------------------
  step  250000/500000 ( 50.0%)  mean_rew=-0.013
------------------------------------------
| time/                   |              |
|    fps                  | 1215         |
|    iterations           | 62           |
|    time_elapsed         | 208          |
|    total_timesteps      | 253952       |
| train/                  |              |
|    approx_kl            | 0.0005772377 |
|    clip_fraction        | 0.00447      |
|    clip_range           | 0.2          |
|    entropy_loss         | -0.0558      |
|    explained_variance   | 0.889        |
|    learning_rate        | 0.0003       |
|    loss                 | 0.0131       |
|    n_updates            | 610          |
|    policy_gradient_loss | -0.000201    |
|    value_loss           | 0.0158       |
------------------------------------------
  step  255000/500000 ( 51.0%)  mean_rew=-0.016
------------------------------------------
| time/                   |              |
|    fps                  | 1215         |
|    iterations           | 63           |
|    time_elapsed         | 212          |
|    total_timesteps      | 258048       |
| train/                  |              |
|    approx_kl            | 0.0003857884 |
|    clip_fraction        | 0.00359      |
|    clip_range           | 0.2          |
|    entropy_loss         | -0.0538      |
|    explained_variance   | 0.903        |
|    learning_rate        | 0.0003       |
|    loss                 | 0.00324      |
|    n_updates            | 620          |
|    policy_gradient_loss | -0.000294    |
|    value_loss           | 0.0117       |
------------------------------------------
  step  260000/500000 ( 52.0%)  mean_rew=-0.004
-------------------------------------------
| time/                   |               |
|    fps                  | 1215          |
|    iterations           | 64            |
|    time_elapsed         | 215           |
|    total_timesteps      | 262144        |
| train/                  |               |
|    approx_kl            | 0.00068728265 |
|    clip_fraction        | 0.00703       |
|    clip_range           | 0.2           |
|    entropy_loss         | -0.055        |
|    explained_variance   | 0.927         |
|    learning_rate        | 0.0003        |
|    loss                 | 0.00163       |
|    n_updates            | 630           |
|    policy_gradient_loss | -0.000525     |
|    value_loss           | 0.00938       |
-------------------------------------------
  step  265000/500000 ( 53.0%)  mean_rew=+0.000
-------------------------------------------
| time/                   |               |
|    fps                  | 1215          |
|    iterations           | 65            |
|    time_elapsed         | 219           |
|    total_timesteps      | 266240        |
| train/                  |               |
|    approx_kl            | 0.00047971835 |
|    clip_fraction        | 0.0054        |
|    clip_range           | 0.2           |
|    entropy_loss         | -0.062        |
|    explained_variance   | 0.665         |
|    learning_rate        | 0.0003        |
|    loss                 | 0.0362        |
|    n_updates            | 640           |
|    policy_gradient_loss | -0.000136     |
|    value_loss           | 0.0698        |
-------------------------------------------
  step  270000/500000 ( 54.0%)  mean_rew=+0.000
-----------------------------------------
| time/                   |             |
|    fps                  | 1215        |
|    iterations           | 66          |
|    time_elapsed         | 222         |
|    total_timesteps      | 270336      |
| train/                  |             |
|    approx_kl            | 0.018214306 |
|    clip_fraction        | 0.0151      |
|    clip_range           | 0.2         |
|    entropy_loss         | -0.109      |
|    explained_variance   | 0.91        |
|    learning_rate        | 0.0003      |
|    loss                 | 0.0337      |
|    n_updates            | 650         |
|    policy_gradient_loss | -0.000698   |
|    value_loss           | 0.0121      |
-----------------------------------------
------------------------------------------
| time/                   |              |
|    fps                  | 1215         |
|    iterations           | 67           |
|    time_elapsed         | 225          |
|    total_timesteps      | 274432       |
| train/                  |              |
|    approx_kl            | 0.0024403534 |
|    clip_fraction        | 0.0313       |
|    clip_range           | 0.2          |
|    entropy_loss         | -0.128       |
|    explained_variance   | 0.913        |
|    learning_rate        | 0.0003       |
|    loss                 | 0.0102       |
|    n_updates            | 660          |
|    policy_gradient_loss | -0.00106     |
|    value_loss           | 0.0126       |
------------------------------------------
  step  275000/500000 ( 55.0%)  mean_rew=-0.001
------------------------------------------
| time/                   |              |
|    fps                  | 1214         |
|    iterations           | 68           |
|    time_elapsed         | 229          |
|    total_timesteps      | 278528       |
| train/                  |              |
|    approx_kl            | 0.0043447735 |
|    clip_fraction        | 0.021        |
|    clip_range           | 0.2          |
|    entropy_loss         | -0.132       |
|    explained_variance   | 0.881        |
|    learning_rate        | 0.0003       |
|    loss                 | -0.00711     |
|    n_updates            | 670          |
|    policy_gradient_loss | -0.00175     |
|    value_loss           | 0.0178       |
------------------------------------------
  step  280000/500000 ( 56.0%)  mean_rew=-0.014
------------------------------------------
| time/                   |              |
|    fps                  | 1215         |
|    iterations           | 69           |
|    time_elapsed         | 232          |
|    total_timesteps      | 282624       |
| train/                  |              |
|    approx_kl            | 0.0038027128 |
|    clip_fraction        | 0.0136       |
|    clip_range           | 0.2          |
|    entropy_loss         | -0.124       |
|    explained_variance   | 0.85         |
|    learning_rate        | 0.0003       |
|    loss                 | 0.0101       |
|    n_updates            | 680          |
|    policy_gradient_loss | -0.00108     |
|    value_loss           | 0.0239       |
------------------------------------------
  step  285000/500000 ( 57.0%)  mean_rew=-0.004
------------------------------------------
| time/                   |              |
|    fps                  | 1215         |
|    iterations           | 70           |
|    time_elapsed         | 235          |
|    total_timesteps      | 286720       |
| train/                  |              |
|    approx_kl            | 0.0012747329 |
|    clip_fraction        | 0.0197       |
|    clip_range           | 0.2          |
|    entropy_loss         | -0.153       |
|    explained_variance   | 0.684        |
|    learning_rate        | 0.0003       |
|    loss                 | 0.0175       |
|    n_updates            | 690          |
|    policy_gradient_loss | -0.000369    |
|    value_loss           | 0.0631       |
------------------------------------------
  step  290000/500000 ( 58.0%)  mean_rew=-0.007
------------------------------------------
| time/                   |              |
|    fps                  | 1214         |
|    iterations           | 71           |
|    time_elapsed         | 239          |
|    total_timesteps      | 290816       |
| train/                  |              |
|    approx_kl            | 0.0017972281 |
|    clip_fraction        | 0.0152       |
|    clip_range           | 0.2          |
|    entropy_loss         | -0.139       |
|    explained_variance   | 0.877        |
|    learning_rate        | 0.0003       |
|    loss                 | 0.00493      |
|    n_updates            | 700          |
|    policy_gradient_loss | -0.000201    |
|    value_loss           | 0.0213       |
------------------------------------------
------------------------------------------
| time/                   |              |
|    fps                  | 1215         |
|    iterations           | 72           |
|    time_elapsed         | 242          |
|    total_timesteps      | 294912       |
| train/                  |              |
|    approx_kl            | 0.0009639897 |
|    clip_fraction        | 0.0132       |
|    clip_range           | 0.2          |
|    entropy_loss         | -0.133       |
|    explained_variance   | 0.894        |
|    learning_rate        | 0.0003       |
|    loss                 | 0.00364      |
|    n_updates            | 710          |
|    policy_gradient_loss | -0.000162    |
|    value_loss           | 0.0176       |
------------------------------------------
  step  295000/500000 ( 59.0%)  mean_rew=-0.015
-------------------------------------------
| time/                   |               |
|    fps                  | 1215          |
|    iterations           | 73            |
|    time_elapsed         | 246           |
|    total_timesteps      | 299008        |
| train/                  |               |
|    approx_kl            | 0.00079175236 |
|    clip_fraction        | 0.0121        |
|    clip_range           | 0.2           |
|    entropy_loss         | -0.126        |
|    explained_variance   | 0.909         |
|    learning_rate        | 0.0003        |
|    loss                 | 0.0051        |
|    n_updates            | 720           |
|    policy_gradient_loss | -0.000752     |
|    value_loss           | 0.0125        |
-------------------------------------------
  step  300000/500000 ( 60.0%)  mean_rew=-0.007
------------------------------------------
| time/                   |              |
|    fps                  | 1214         |
|    iterations           | 74           |
|    time_elapsed         | 249          |
|    total_timesteps      | 303104       |
| train/                  |              |
|    approx_kl            | 0.0017502108 |
|    clip_fraction        | 0.0225       |
|    clip_range           | 0.2          |
|    entropy_loss         | -0.111       |
|    explained_variance   | 0.648        |
|    learning_rate        | 0.0003       |
|    loss                 | 0.00151      |
|    n_updates            | 730          |
|    policy_gradient_loss | -0.000648    |
|    value_loss           | 0.0868       |
------------------------------------------
  step  305000/500000 ( 61.0%)  mean_rew=-0.006
------------------------------------------
| time/                   |              |
|    fps                  | 1214         |
|    iterations           | 75           |
|    time_elapsed         | 252          |
|    total_timesteps      | 307200       |
| train/                  |              |
|    approx_kl            | 0.0005915542 |
|    clip_fraction        | 0.00879      |
|    clip_range           | 0.2          |
|    entropy_loss         | -0.093       |
|    explained_variance   | 0.892        |
|    learning_rate        | 0.0003       |
|    loss                 | 0.00897      |
|    n_updates            | 740          |
|    policy_gradient_loss | -0.000444    |
|    value_loss           | 0.0181       |
------------------------------------------
  step  310000/500000 ( 62.0%)  mean_rew=+0.000
-------------------------------------------
| time/                   |               |
|    fps                  | 1215          |
|    iterations           | 76            |
|    time_elapsed         | 256           |
|    total_timesteps      | 311296        |
| train/                  |               |
|    approx_kl            | 0.00046600838 |
|    clip_fraction        | 0.00815       |
|    clip_range           | 0.2           |
|    entropy_loss         | -0.0828       |
|    explained_variance   | 0.901         |
|    learning_rate        | 0.0003        |
|    loss                 | 0.0092        |
|    n_updates            | 750           |
|    policy_gradient_loss | -0.000434     |
|    value_loss           | 0.016         |
-------------------------------------------
  step  315000/500000 ( 63.0%)  mean_rew=-0.001
------------------------------------------
| time/                   |              |
|    fps                  | 1214         |
|    iterations           | 77           |
|    time_elapsed         | 259          |
|    total_timesteps      | 315392       |
| train/                  |              |
|    approx_kl            | 0.0005216061 |
|    clip_fraction        | 0.00781      |
|    clip_range           | 0.2          |
|    entropy_loss         | -0.0803      |
|    explained_variance   | 0.909        |
|    learning_rate        | 0.0003       |
|    loss                 | 0.00593      |
|    n_updates            | 760          |
|    policy_gradient_loss | -0.000202    |
|    value_loss           | 0.0122       |
------------------------------------------
------------------------------------------
| time/                   |              |
|    fps                  | 1214         |
|    iterations           | 78           |
|    time_elapsed         | 263          |
|    total_timesteps      | 319488       |
| train/                  |              |
|    approx_kl            | 0.0006488681 |
|    clip_fraction        | 0.0109       |
|    clip_range           | 0.2          |
|    entropy_loss         | -0.0824      |
|    explained_variance   | 0.655        |
|    learning_rate        | 0.0003       |
|    loss                 | 0.014        |
|    n_updates            | 770          |
|    policy_gradient_loss | -0.000302    |
|    value_loss           | 0.091        |
------------------------------------------
  step  320000/500000 ( 64.0%)  mean_rew=-0.007
-------------------------------------------
| time/                   |               |
|    fps                  | 1215          |
|    iterations           | 79            |
|    time_elapsed         | 266           |
|    total_timesteps      | 323584        |
| train/                  |               |
|    approx_kl            | 0.00048331526 |
|    clip_fraction        | 0.00691       |
|    clip_range           | 0.2           |
|    entropy_loss         | -0.0733       |
|    explained_variance   | 0.889         |
|    learning_rate        | 0.0003        |
|    loss                 | 0.006         |
|    n_updates            | 780           |
|    policy_gradient_loss | -0.000203     |
|    value_loss           | 0.02          |
-------------------------------------------
  step  325000/500000 ( 65.0%)  mean_rew=+0.000
------------------------------------------
| time/                   |              |
|    fps                  | 1215         |
|    iterations           | 80           |
|    time_elapsed         | 269          |
|    total_timesteps      | 327680       |
| train/                  |              |
|    approx_kl            | 0.0007310871 |
|    clip_fraction        | 0.00769      |
|    clip_range           | 0.2          |
|    entropy_loss         | -0.0619      |
|    explained_variance   | 0.903        |
|    learning_rate        | 0.0003       |
|    loss                 | 0.00412      |
|    n_updates            | 790          |
|    policy_gradient_loss | -0.000664    |
|    value_loss           | 0.0132       |
------------------------------------------
  step  330000/500000 ( 66.0%)  mean_rew=-0.005
-------------------------------------------
| time/                   |               |
|    fps                  | 1214          |
|    iterations           | 81            |
|    time_elapsed         | 273           |
|    total_timesteps      | 331776        |
| train/                  |               |
|    approx_kl            | 0.00011812891 |
|    clip_fraction        | 0.00381       |
|    clip_range           | 0.2           |
|    entropy_loss         | -0.0592       |
|    explained_variance   | 0.727         |
|    learning_rate        | 0.0003        |
|    loss                 | 0.0343        |
|    n_updates            | 800           |
|    policy_gradient_loss | -3.62e-05     |
|    value_loss           | 0.0628        |
-------------------------------------------
  step  335000/500000 ( 67.0%)  mean_rew=+0.000
-------------------------------------------
| time/                   |               |
|    fps                  | 1214          |
|    iterations           | 82            |
|    time_elapsed         | 276           |
|    total_timesteps      | 335872        |
| train/                  |               |
|    approx_kl            | 0.00037749374 |
|    clip_fraction        | 0.00515       |
|    clip_range           | 0.2           |
|    entropy_loss         | -0.0622       |
|    explained_variance   | 0.899         |
|    learning_rate        | 0.0003        |
|    loss                 | 0.00334       |
|    n_updates            | 810           |
|    policy_gradient_loss | -0.000266     |
|    value_loss           | 0.0162        |
-------------------------------------------
------------------------------------------
| time/                   |              |
|    fps                  | 1215         |
|    iterations           | 83           |
|    time_elapsed         | 279          |
|    total_timesteps      | 339968       |
| train/                  |              |
|    approx_kl            | 0.0003300502 |
|    clip_fraction        | 0.00698      |
|    clip_range           | 0.2          |
|    entropy_loss         | -0.0672      |
|    explained_variance   | 0.783        |
|    learning_rate        | 0.0003       |
|    loss                 | 0.0148       |
|    n_updates            | 820          |
|    policy_gradient_loss | -0.000253    |
|    value_loss           | 0.0455       |
------------------------------------------
  step  340000/500000 ( 68.0%)  mean_rew=+0.000
------------------------------------------
| time/                   |              |
|    fps                  | 1215         |
|    iterations           | 84           |
|    time_elapsed         | 283          |
|    total_timesteps      | 344064       |
| train/                  |              |
|    approx_kl            | 0.0009942416 |
|    clip_fraction        | 0.00752      |
|    clip_range           | 0.2          |
|    entropy_loss         | -0.0636      |
|    explained_variance   | 0.906        |
|    learning_rate        | 0.0003       |
|    loss                 | 0.0053       |
|    n_updates            | 830          |
|    policy_gradient_loss | -0.000245    |
|    value_loss           | 0.013        |
------------------------------------------
  step  345000/500000 ( 69.0%)  mean_rew=+0.000
------------------------------------------
| time/                   |              |
|    fps                  | 1215         |
|    iterations           | 85           |
|    time_elapsed         | 286          |
|    total_timesteps      | 348160       |
| train/                  |              |
|    approx_kl            | 0.0048787137 |
|    clip_fraction        | 0.00862      |
|    clip_range           | 0.2          |
|    entropy_loss         | -0.0564      |
|    explained_variance   | 0.913        |
|    learning_rate        | 0.0003       |
|    loss                 | 0.00256      |
|    n_updates            | 840          |
|    policy_gradient_loss | -0.000718    |
|    value_loss           | 0.014        |
------------------------------------------
  step  350000/500000 ( 70.0%)  mean_rew=+0.000
-------------------------------------------
| time/                   |               |
|    fps                  | 1215          |
|    iterations           | 86            |
|    time_elapsed         | 289           |
|    total_timesteps      | 352256        |
| train/                  |               |
|    approx_kl            | 0.00040686532 |
|    clip_fraction        | 0.00874       |
|    clip_range           | 0.2           |
|    entropy_loss         | -0.0514       |
|    explained_variance   | 0.894         |
|    learning_rate        | 0.0003        |
|    loss                 | 0.00822       |
|    n_updates            | 850           |
|    policy_gradient_loss | -0.000381     |
|    value_loss           | 0.0165        |
-------------------------------------------
  step  355000/500000 ( 71.0%)  mean_rew=+0.000
------------------------------------------
| time/                   |              |
|    fps                  | 1216         |
|    iterations           | 87           |
|    time_elapsed         | 293          |
|    total_timesteps      | 356352       |
| train/                  |              |
|    approx_kl            | 0.0004156048 |
|    clip_fraction        | 0.00415      |
|    clip_range           | 0.2          |
|    entropy_loss         | -0.0445      |
|    explained_variance   | 0.905        |
|    learning_rate        | 0.0003       |
|    loss                 | 0.0101       |
|    n_updates            | 860          |
|    policy_gradient_loss | -0.000291    |
|    value_loss           | 0.0122       |
------------------------------------------
  step  360000/500000 ( 72.0%)  mean_rew=-0.013
-------------------------------------------
| time/                   |               |
|    fps                  | 1216          |
|    iterations           | 88            |
|    time_elapsed         | 296           |
|    total_timesteps      | 360448        |
| train/                  |               |
|    approx_kl            | 0.00023558206 |
|    clip_fraction        | 0.00215       |
|    clip_range           | 0.2           |
|    entropy_loss         | -0.0456       |
|    explained_variance   | 0.935         |
|    learning_rate        | 0.0003        |
|    loss                 | 0.00373       |
|    n_updates            | 870           |
|    policy_gradient_loss | -8.19e-05     |
|    value_loss           | 0.00915       |
-------------------------------------------
-------------------------------------------
| time/                   |               |
|    fps                  | 1216          |
|    iterations           | 89            |
|    time_elapsed         | 299           |
|    total_timesteps      | 364544        |
| train/                  |               |
|    approx_kl            | 0.00054767507 |
|    clip_fraction        | 0.00532       |
|    clip_range           | 0.2           |
|    entropy_loss         | -0.0465       |
|    explained_variance   | 0.881         |
|    learning_rate        | 0.0003        |
|    loss                 | 0.00307       |
|    n_updates            | 880           |
|    policy_gradient_loss | -0.000486     |
|    value_loss           | 0.0171        |
-------------------------------------------
  step  365000/500000 ( 73.0%)  mean_rew=-0.005
-------------------------------------------
| time/                   |               |
|    fps                  | 1217          |
|    iterations           | 90            |
|    time_elapsed         | 302           |
|    total_timesteps      | 368640        |
| train/                  |               |
|    approx_kl            | 0.00017374431 |
|    clip_fraction        | 0.00195       |
|    clip_range           | 0.2           |
|    entropy_loss         | -0.047        |
|    explained_variance   | 0.884         |
|    learning_rate        | 0.0003        |
|    loss                 | 0.0117        |
|    n_updates            | 890           |
|    policy_gradient_loss | 8.8e-05       |
|    value_loss           | 0.0164        |
-------------------------------------------
  step  370000/500000 ( 74.0%)  mean_rew=-0.005
-------------------------------------------
| time/                   |               |
|    fps                  | 1217          |
|    iterations           | 91            |
|    time_elapsed         | 306           |
|    total_timesteps      | 372736        |
| train/                  |               |
|    approx_kl            | 0.00024127388 |
|    clip_fraction        | 0.00371       |
|    clip_range           | 0.2           |
|    entropy_loss         | -0.0513       |
|    explained_variance   | 0.895         |
|    learning_rate        | 0.0003        |
|    loss                 | 0.0107        |
|    n_updates            | 900           |
|    policy_gradient_loss | -0.000144     |
|    value_loss           | 0.0129        |
-------------------------------------------
  step  375000/500000 ( 75.0%)  mean_rew=-0.014
-------------------------------------------
| time/                   |               |
|    fps                  | 1218          |
|    iterations           | 92            |
|    time_elapsed         | 309           |
|    total_timesteps      | 376832        |
| train/                  |               |
|    approx_kl            | 0.00016104855 |
|    clip_fraction        | 0.00198       |
|    clip_range           | 0.2           |
|    entropy_loss         | -0.0541       |
|    explained_variance   | 0.702         |
|    learning_rate        | 0.0003        |
|    loss                 | 0.0734        |
|    n_updates            | 910           |
|    policy_gradient_loss | -5.61e-05     |
|    value_loss           | 0.0592        |
-------------------------------------------
  step  380000/500000 ( 76.0%)  mean_rew=-0.010
-------------------------------------------
| time/                   |               |
|    fps                  | 1219          |
|    iterations           | 93            |
|    time_elapsed         | 312           |
|    total_timesteps      | 380928        |
| train/                  |               |
|    approx_kl            | 0.00051997765 |
|    clip_fraction        | 0.00876       |
|    clip_range           | 0.2           |
|    entropy_loss         | -0.0544       |
|    explained_variance   | 0.883         |
|    learning_rate        | 0.0003        |
|    loss                 | 0.00656       |
|    n_updates            | 920           |
|    policy_gradient_loss | -0.000615     |
|    value_loss           | 0.0185        |
-------------------------------------------
  step  385000/500000 ( 77.0%)  mean_rew=-0.005
-------------------------------------------
| time/                   |               |
|    fps                  | 1219          |
|    iterations           | 94            |
|    time_elapsed         | 315           |
|    total_timesteps      | 385024        |
| train/                  |               |
|    approx_kl            | 0.00045775203 |
|    clip_fraction        | 0.00591       |
|    clip_range           | 0.2           |
|    entropy_loss         | -0.056        |
|    explained_variance   | 0.906         |
|    learning_rate        | 0.0003        |
|    loss                 | 0.00602       |
|    n_updates            | 930           |
|    policy_gradient_loss | -0.000421     |
|    value_loss           | 0.0125        |
-------------------------------------------
------------------------------------------
| time/                   |              |
|    fps                  | 1220         |
|    iterations           | 95           |
|    time_elapsed         | 318          |
|    total_timesteps      | 389120       |
| train/                  |              |
|    approx_kl            | 0.0003898369 |
|    clip_fraction        | 0.00574      |
|    clip_range           | 0.2          |
|    entropy_loss         | -0.0506      |
|    explained_variance   | 0.927        |
|    learning_rate        | 0.0003       |
|    loss                 | 0.00483      |
|    n_updates            | 940          |
|    policy_gradient_loss | -0.000394    |
|    value_loss           | 0.0107       |
------------------------------------------
  step  390000/500000 ( 78.0%)  mean_rew=-0.009
-------------------------------------------
| time/                   |               |
|    fps                  | 1221          |
|    iterations           | 96            |
|    time_elapsed         | 321           |
|    total_timesteps      | 393216        |
| train/                  |               |
|    approx_kl            | 0.00011840415 |
|    clip_fraction        | 0.00134       |
|    clip_range           | 0.2           |
|    entropy_loss         | -0.0473       |
|    explained_variance   | 0.685         |
|    learning_rate        | 0.0003        |
|    loss                 | 0.0853        |
|    n_updates            | 950           |
|    policy_gradient_loss | -8.7e-05      |
|    value_loss           | 0.0725        |
-------------------------------------------
  step  395000/500000 ( 79.0%)  mean_rew=+0.000
-------------------------------------------
| time/                   |               |
|    fps                  | 1222          |
|    iterations           | 97            |
|    time_elapsed         | 325           |
|    total_timesteps      | 397312        |
| train/                  |               |
|    approx_kl            | 0.00020153311 |
|    clip_fraction        | 0.00144       |
|    clip_range           | 0.2           |
|    entropy_loss         | -0.0493       |
|    explained_variance   | 0.896         |
|    learning_rate        | 0.0003        |
|    loss                 | 0.00975       |
|    n_updates            | 960           |
|    policy_gradient_loss | -9.92e-06     |
|    value_loss           | 0.0159        |
-------------------------------------------
  step  400000/500000 ( 80.0%)  mean_rew=+0.000
-------------------------------------------
| time/                   |               |
|    fps                  | 1222          |
|    iterations           | 98            |
|    time_elapsed         | 328           |
|    total_timesteps      | 401408        |
| train/                  |               |
|    approx_kl            | 0.00046068482 |
|    clip_fraction        | 0.00234       |
|    clip_range           | 0.2           |
|    entropy_loss         | -0.0506       |
|    explained_variance   | 0.936         |
|    learning_rate        | 0.0003        |
|    loss                 | 0.00388       |
|    n_updates            | 970           |
|    policy_gradient_loss | -5.36e-05     |
|    value_loss           | 0.00984       |
-------------------------------------------
  step  405000/500000 ( 81.0%)  mean_rew=-0.011
-------------------------------------------
| time/                   |               |
|    fps                  | 1223          |
|    iterations           | 99            |
|    time_elapsed         | 331           |
|    total_timesteps      | 405504        |
| train/                  |               |
|    approx_kl            | 0.00030728965 |
|    clip_fraction        | 0.00432       |
|    clip_range           | 0.2           |
|    entropy_loss         | -0.0447       |
|    explained_variance   | 0.888         |
|    learning_rate        | 0.0003        |
|    loss                 | 0.00631       |
|    n_updates            | 980           |
|    policy_gradient_loss | -0.000211     |
|    value_loss           | 0.0186        |
-------------------------------------------
------------------------------------------
| time/                   |              |
|    fps                  | 1224         |
|    iterations           | 100          |
|    time_elapsed         | 334          |
|    total_timesteps      | 409600       |
| train/                  |              |
|    approx_kl            | 0.0006375463 |
|    clip_fraction        | 0.00813      |
|    clip_range           | 0.2          |
|    entropy_loss         | -0.0458      |
|    explained_variance   | 0.881        |
|    learning_rate        | 0.0003       |
|    loss                 | 0.00432      |
|    n_updates            | 990          |
|    policy_gradient_loss | -0.000729    |
|    value_loss           | 0.0198       |
------------------------------------------
  step  410000/500000 ( 82.0%)  mean_rew=-0.014
-----------------------------------------
| time/                   |             |
|    fps                  | 1224        |
|    iterations           | 101         |
|    time_elapsed         | 337         |
|    total_timesteps      | 413696      |
| train/                  |             |
|    approx_kl            | 0.014395846 |
|    clip_fraction        | 0.0114      |
|    clip_range           | 0.2         |
|    entropy_loss         | -0.0639     |
|    explained_variance   | 0.892       |
|    learning_rate        | 0.0003      |
|    loss                 | 0.011       |
|    n_updates            | 1000        |
|    policy_gradient_loss | -0.000263   |
|    value_loss           | 0.0149      |
-----------------------------------------
  step  415000/500000 ( 83.0%)  mean_rew=+0.000
-----------------------------------------
| time/                   |             |
|    fps                  | 1225        |
|    iterations           | 102         |
|    time_elapsed         | 341         |
|    total_timesteps      | 417792      |
| train/                  |             |
|    approx_kl            | 0.008661676 |
|    clip_fraction        | 0.0321      |
|    clip_range           | 0.2         |
|    entropy_loss         | -0.0847     |
|    explained_variance   | 0.92        |
|    learning_rate        | 0.0003      |
|    loss                 | 0.00771     |
|    n_updates            | 1010        |
|    policy_gradient_loss | -0.000522   |
|    value_loss           | 0.0121      |
-----------------------------------------
  step  420000/500000 ( 84.0%)  mean_rew=-0.006
------------------------------------------
| time/                   |              |
|    fps                  | 1225         |
|    iterations           | 103          |
|    time_elapsed         | 344          |
|    total_timesteps      | 421888       |
| train/                  |              |
|    approx_kl            | 0.0010001129 |
|    clip_fraction        | 0.011        |
|    clip_range           | 0.2          |
|    entropy_loss         | -0.0845      |
|    explained_variance   | 0.891        |
|    learning_rate        | 0.0003       |
|    loss                 | 0.0119       |
|    n_updates            | 1020         |
|    policy_gradient_loss | -0.000449    |
|    value_loss           | 0.0162       |
------------------------------------------
  step  425000/500000 ( 85.0%)  mean_rew=-0.004
-------------------------------------------
| time/                   |               |
|    fps                  | 1226          |
|    iterations           | 104           |
|    time_elapsed         | 347           |
|    total_timesteps      | 425984        |
| train/                  |               |
|    approx_kl            | 0.00082735927 |
|    clip_fraction        | 0.00845       |
|    clip_range           | 0.2           |
|    entropy_loss         | -0.092        |
|    explained_variance   | 0.896         |
|    learning_rate        | 0.0003        |
|    loss                 | -0.0025       |
|    n_updates            | 1030          |
|    policy_gradient_loss | -0.00027      |
|    value_loss           | 0.0144        |
-------------------------------------------
  step  430000/500000 ( 86.0%)  mean_rew=+0.000
------------------------------------------
| time/                   |              |
|    fps                  | 1226         |
|    iterations           | 105          |
|    time_elapsed         | 350          |
|    total_timesteps      | 430080       |
| train/                  |              |
|    approx_kl            | 0.0007750227 |
|    clip_fraction        | 0.0106       |
|    clip_range           | 0.2          |
|    entropy_loss         | -0.0817      |
|    explained_variance   | 0.922        |
|    learning_rate        | 0.0003       |
|    loss                 | 0.00526      |
|    n_updates            | 1040         |
|    policy_gradient_loss | -0.000898    |
|    value_loss           | 0.0112       |
------------------------------------------
------------------------------------------
| time/                   |              |
|    fps                  | 1227         |
|    iterations           | 106          |
|    time_elapsed         | 353          |
|    total_timesteps      | 434176       |
| train/                  |              |
|    approx_kl            | 0.0005010053 |
|    clip_fraction        | 0.00718      |
|    clip_range           | 0.2          |
|    entropy_loss         | -0.0629      |
|    explained_variance   | 0.887        |
|    learning_rate        | 0.0003       |
|    loss                 | 0.00484      |
|    n_updates            | 1050         |
|    policy_gradient_loss | -0.000348    |
|    value_loss           | 0.0164       |
------------------------------------------
  step  435000/500000 ( 87.0%)  mean_rew=-0.005
-------------------------------------------
| time/                   |               |
|    fps                  | 1228          |
|    iterations           | 107           |
|    time_elapsed         | 356           |
|    total_timesteps      | 438272        |
| train/                  |               |
|    approx_kl            | 0.00035404513 |
|    clip_fraction        | 0.00344       |
|    clip_range           | 0.2           |
|    entropy_loss         | -0.0549       |
|    explained_variance   | 0.879         |
|    learning_rate        | 0.0003        |
|    loss                 | 0.00859       |
|    n_updates            | 1060          |
|    policy_gradient_loss | -0.000226     |
|    value_loss           | 0.0175        |
-------------------------------------------
  step  440000/500000 ( 88.0%)  mean_rew=-0.016
-------------------------------------------
| time/                   |               |
|    fps                  | 1228          |
|    iterations           | 108           |
|    time_elapsed         | 360           |
|    total_timesteps      | 442368        |
| train/                  |               |
|    approx_kl            | 0.00026876052 |
|    clip_fraction        | 0.00261       |
|    clip_range           | 0.2           |
|    entropy_loss         | -0.0521       |
|    explained_variance   | 0.877         |
|    learning_rate        | 0.0003        |
|    loss                 | 0.00424       |
|    n_updates            | 1070          |
|    policy_gradient_loss | -0.000189     |
|    value_loss           | 0.0161        |
-------------------------------------------
  step  445000/500000 ( 89.0%)  mean_rew=-0.007
-------------------------------------------
| time/                   |               |
|    fps                  | 1229          |
|    iterations           | 109           |
|    time_elapsed         | 363           |
|    total_timesteps      | 446464        |
| train/                  |               |
|    approx_kl            | 0.00029465283 |
|    clip_fraction        | 0.00247       |
|    clip_range           | 0.2           |
|    entropy_loss         | -0.0551       |
|    explained_variance   | 0.927         |
|    learning_rate        | 0.0003        |
|    loss                 | 0.00377       |
|    n_updates            | 1080          |
|    policy_gradient_loss | -5.56e-05     |
|    value_loss           | 0.0097        |
-------------------------------------------
  step  450000/500000 ( 90.0%)  mean_rew=-0.005
-------------------------------------------
| time/                   |               |
|    fps                  | 1230          |
|    iterations           | 110           |
|    time_elapsed         | 366           |
|    total_timesteps      | 450560        |
| train/                  |               |
|    approx_kl            | 0.00045263415 |
|    clip_fraction        | 0.005         |
|    clip_range           | 0.2           |
|    entropy_loss         | -0.0545       |
|    explained_variance   | 0.702         |
|    learning_rate        | 0.0003        |
|    loss                 | 0.0181        |
|    n_updates            | 1090          |
|    policy_gradient_loss | -0.000162     |
|    value_loss           | 0.0611        |
-------------------------------------------
------------------------------------------
| time/                   |              |
|    fps                  | 1230         |
|    iterations           | 111          |
|    time_elapsed         | 369          |
|    total_timesteps      | 454656       |
| train/                  |              |
|    approx_kl            | 0.0004053056 |
|    clip_fraction        | 0.00315      |
|    clip_range           | 0.2          |
|    entropy_loss         | -0.0549      |
|    explained_variance   | 0.887        |
|    learning_rate        | 0.0003       |
|    loss                 | 0.00553      |
|    n_updates            | 1100         |
|    policy_gradient_loss | -0.000338    |
|    value_loss           | 0.0161       |
------------------------------------------
  step  455000/500000 ( 91.0%)  mean_rew=-0.001
-------------------------------------------
| time/                   |               |
|    fps                  | 1230          |
|    iterations           | 112           |
|    time_elapsed         | 372           |
|    total_timesteps      | 458752        |
| train/                  |               |
|    approx_kl            | 0.00083662756 |
|    clip_fraction        | 0.00906       |
|    clip_range           | 0.2           |
|    entropy_loss         | -0.0568       |
|    explained_variance   | 0.921         |
|    learning_rate        | 0.0003        |
|    loss                 | 0.00672       |
|    n_updates            | 1110          |
|    policy_gradient_loss | -0.000357     |
|    value_loss           | 0.0123        |
-------------------------------------------
  step  460000/500000 ( 92.0%)  mean_rew=+0.000
-------------------------------------------
| time/                   |               |
|    fps                  | 1231          |
|    iterations           | 113           |
|    time_elapsed         | 375           |
|    total_timesteps      | 462848        |
| train/                  |               |
|    approx_kl            | 0.00034413376 |
|    clip_fraction        | 0.00505       |
|    clip_range           | 0.2           |
|    entropy_loss         | -0.0532       |
|    explained_variance   | 0.877         |
|    learning_rate        | 0.0003        |
|    loss                 | 0.0102        |
|    n_updates            | 1120          |
|    policy_gradient_loss | -0.000216     |
|    value_loss           | 0.0188        |
-------------------------------------------
  step  465000/500000 ( 93.0%)  mean_rew=+0.000
-----------------------------------------
| time/                   |             |
|    fps                  | 1232        |
|    iterations           | 114         |
|    time_elapsed         | 378         |
|    total_timesteps      | 466944      |
| train/                  |             |
|    approx_kl            | 0.000611733 |
|    clip_fraction        | 0.00552     |
|    clip_range           | 0.2         |
|    entropy_loss         | -0.0535     |
|    explained_variance   | 0.876       |
|    learning_rate        | 0.0003      |
|    loss                 | 0.0105      |
|    n_updates            | 1130        |
|    policy_gradient_loss | -0.00025    |
|    value_loss           | 0.0195      |
-----------------------------------------
  step  470000/500000 ( 94.0%)  mean_rew=+0.000
-------------------------------------------
| time/                   |               |
|    fps                  | 1232          |
|    iterations           | 115           |
|    time_elapsed         | 382           |
|    total_timesteps      | 471040        |
| train/                  |               |
|    approx_kl            | 0.00020905165 |
|    clip_fraction        | 0.00349       |
|    clip_range           | 0.2           |
|    entropy_loss         | -0.0506       |
|    explained_variance   | 0.907         |
|    learning_rate        | 0.0003        |
|    loss                 | 0.00543       |
|    n_updates            | 1140          |
|    policy_gradient_loss | -0.000111     |
|    value_loss           | 0.011         |
-------------------------------------------
  step  475000/500000 ( 95.0%)  mean_rew=+0.000
-------------------------------------------
| time/                   |               |
|    fps                  | 1232          |
|    iterations           | 116           |
|    time_elapsed         | 385           |
|    total_timesteps      | 475136        |
| train/                  |               |
|    approx_kl            | 0.00011216165 |
|    clip_fraction        | 0.00198       |
|    clip_range           | 0.2           |
|    entropy_loss         | -0.055        |
|    explained_variance   | 0.921         |
|    learning_rate        | 0.0003        |
|    loss                 | 0.00366       |
|    n_updates            | 1150          |
|    policy_gradient_loss | 3.55e-05      |
|    value_loss           | 0.011         |
-------------------------------------------
-------------------------------------------
| time/                   |               |
|    fps                  | 1233          |
|    iterations           | 117           |
|    time_elapsed         | 388           |
|    total_timesteps      | 479232        |
| train/                  |               |
|    approx_kl            | 0.00016259374 |
|    clip_fraction        | 0.00542       |
|    clip_range           | 0.2           |
|    entropy_loss         | -0.0506       |
|    explained_variance   | 0.876         |
|    learning_rate        | 0.0003        |
|    loss                 | 0.00784       |
|    n_updates            | 1160          |
|    policy_gradient_loss | -0.000187     |
|    value_loss           | 0.0187        |
-------------------------------------------
  step  480000/500000 ( 96.0%)  mean_rew=-0.010
------------------------------------------
| time/                   |              |
|    fps                  | 1233         |
|    iterations           | 118          |
|    time_elapsed         | 391          |
|    total_timesteps      | 483328       |
| train/                  |              |
|    approx_kl            | 0.0006482672 |
|    clip_fraction        | 0.00391      |
|    clip_range           | 0.2          |
|    entropy_loss         | -0.0568      |
|    explained_variance   | 0.905        |
|    learning_rate        | 0.0003       |
|    loss                 | 0.00653      |
|    n_updates            | 1170         |
|    policy_gradient_loss | 0.000123     |
|    value_loss           | 0.012        |
------------------------------------------
  step  485000/500000 ( 97.0%)  mean_rew=-0.009
-------------------------------------------
| time/                   |               |
|    fps                  | 1234          |
|    iterations           | 119           |
|    time_elapsed         | 394           |
|    total_timesteps      | 487424        |
| train/                  |               |
|    approx_kl            | 0.00057838205 |
|    clip_fraction        | 0.00725       |
|    clip_range           | 0.2           |
|    entropy_loss         | -0.0514       |
|    explained_variance   | 0.553         |
|    learning_rate        | 0.0003        |
|    loss                 | 0.0706        |
|    n_updates            | 1180          |
|    policy_gradient_loss | -0.000143     |
|    value_loss           | 0.128         |
-------------------------------------------
  step  490000/500000 ( 98.0%)  mean_rew=-0.002
----------------------------------------
| time/                   |            |
|    fps                  | 1234       |
|    iterations           | 120        |
|    time_elapsed         | 398        |
|    total_timesteps      | 491520     |
| train/                  |            |
|    approx_kl            | 0.00225246 |
|    clip_fraction        | 0.00535    |
|    clip_range           | 0.2        |
|    entropy_loss         | -0.0565    |
|    explained_variance   | 0.801      |
|    learning_rate        | 0.0003     |
|    loss                 | 0.0106     |
|    n_updates            | 1190       |
|    policy_gradient_loss | -0.000286  |
|    value_loss           | 0.0418     |
----------------------------------------
  step  495000/500000 ( 99.0%)  mean_rew=-0.006
-------------------------------------------
| time/                   |               |
|    fps                  | 1235          |
|    iterations           | 121           |
|    time_elapsed         | 401           |
|    total_timesteps      | 495616        |
| train/                  |               |
|    approx_kl            | 0.00036955153 |
|    clip_fraction        | 0.00654       |
|    clip_range           | 0.2           |
|    entropy_loss         | -0.0594       |
|    explained_variance   | 0.886         |
|    learning_rate        | 0.0003        |
|    loss                 | 0.0024        |
|    n_updates            | 1200          |
|    policy_gradient_loss | -0.000347     |
|    value_loss           | 0.0207        |
-------------------------------------------
-------------------------------------------
| time/                   |               |
|    fps                  | 1234          |
|    iterations           | 122           |
|    time_elapsed         | 404           |
|    total_timesteps      | 499712        |
| train/                  |               |
|    approx_kl            | 0.00050360826 |
|    clip_fraction        | 0.00737       |
|    clip_range           | 0.2           |
|    entropy_loss         | -0.0624       |
|    explained_variance   | 0.893         |
|    learning_rate        | 0.0003        |
|    loss                 | 0.0129        |
|    n_updates            | 1210          |
|    policy_gradient_loss | -0.000136     |
|    value_loss           | 0.0164        |
-------------------------------------------
  step  500000/500000 (100.0%)  mean_rew=-0.001
-------------------------------------------
| time/                   |               |
|    fps                  | 1234          |
|    iterations           | 123           |
|    time_elapsed         | 408           |
|    total_timesteps      | 503808        |
| train/                  |               |
|    approx_kl            | 0.00074524875 |
|    clip_fraction        | 0.0053        |
|    clip_range           | 0.2           |
|    entropy_loss         | -0.0577       |
|    explained_variance   | 0.834         |
|    learning_rate        | 0.0003        |
|    loss                 | 0.0279        |
|    n_updates            | 1220          |
|    policy_gradient_loss | -0.000232     |
|    value_loss           | 0.0331        |
-------------------------------------------
[cologne8-PPO] Done. Saved -> /workspace/rl-traffic/exp_cologne8_real/ppo_wait-clip_s42
