Using libsumo as traci as requested by environment variable.
[cologne8-PPO] 8 agents | reward=queue | seed=5678
  obs=(7,) | act=Discrete(4)
Using cpu device
-----------------------------
| time/              |      |
|    fps             | 1561 |
|    iterations      | 1    |
|    time_elapsed    | 2    |
|    total_timesteps | 4096 |
-----------------------------
  step    5000/500000 (  1.0%)  mean_rew=-0.003
-----------------------------------------
| time/                   |             |
|    fps                  | 1350        |
|    iterations           | 2           |
|    time_elapsed         | 6           |
|    total_timesteps      | 8192        |
| train/                  |             |
|    approx_kl            | 0.015484201 |
|    clip_fraction        | 0.0618      |
|    clip_range           | 0.2         |
|    entropy_loss         | -1.38       |
|    explained_variance   | 0.00754     |
|    learning_rate        | 0.0003      |
|    loss                 | -0.00904    |
|    n_updates            | 10          |
|    policy_gradient_loss | -0.00646    |
|    value_loss           | 0.0109      |
-----------------------------------------
  step   10000/500000 (  2.0%)  mean_rew=+0.001
----------------------------------------
| time/                   |            |
|    fps                  | 1323       |
|    iterations           | 3          |
|    time_elapsed         | 9          |
|    total_timesteps      | 12288      |
| train/                  |            |
|    approx_kl            | 0.01065652 |
|    clip_fraction        | 0.0399     |
|    clip_range           | 0.2        |
|    entropy_loss         | -1.34      |
|    explained_variance   | 0.678      |
|    learning_rate        | 0.0003     |
|    loss                 | -0.00298   |
|    n_updates            | 20         |
|    policy_gradient_loss | -0.00414   |
|    value_loss           | 0.00424    |
----------------------------------------
  step   15000/500000 (  3.0%)  mean_rew=-0.002
-----------------------------------------
| time/                   |             |
|    fps                  | 1298        |
|    iterations           | 4           |
|    time_elapsed         | 12          |
|    total_timesteps      | 16384       |
| train/                  |             |
|    approx_kl            | 0.010966521 |
|    clip_fraction        | 0.125       |
|    clip_range           | 0.2         |
|    entropy_loss         | -1.29       |
|    explained_variance   | 0.742       |
|    learning_rate        | 0.0003      |
|    loss                 | -0.0292     |
|    n_updates            | 30          |
|    policy_gradient_loss | -0.0116     |
|    value_loss           | 0.00236     |
-----------------------------------------
  step   20000/500000 (  4.0%)  mean_rew=-0.004
-----------------------------------------
| time/                   |             |
|    fps                  | 1276        |
|    iterations           | 5           |
|    time_elapsed         | 16          |
|    total_timesteps      | 20480       |
| train/                  |             |
|    approx_kl            | 0.011691239 |
|    clip_fraction        | 0.0561      |
|    clip_range           | 0.2         |
|    entropy_loss         | -1.26       |
|    explained_variance   | 0.792       |
|    learning_rate        | 0.0003      |
|    loss                 | -0.0278     |
|    n_updates            | 40          |
|    policy_gradient_loss | -0.00598    |
|    value_loss           | 0.0019      |
-----------------------------------------
-----------------------------------------
| time/                   |             |
|    fps                  | 1273        |
|    iterations           | 6           |
|    time_elapsed         | 19          |
|    total_timesteps      | 24576       |
| train/                  |             |
|    approx_kl            | 0.012232415 |
|    clip_fraction        | 0.0918      |
|    clip_range           | 0.2         |
|    entropy_loss         | -1.25       |
|    explained_variance   | 0.712       |
|    learning_rate        | 0.0003      |
|    loss                 | 0.00686     |
|    n_updates            | 50          |
|    policy_gradient_loss | -0.00633    |
|    value_loss           | 0.00535     |
-----------------------------------------
  step   25000/500000 (  5.0%)  mean_rew=-0.003
-----------------------------------------
| time/                   |             |
|    fps                  | 1270        |
|    iterations           | 7           |
|    time_elapsed         | 22          |
|    total_timesteps      | 28672       |
| train/                  |             |
|    approx_kl            | 0.008807337 |
|    clip_fraction        | 0.0539      |
|    clip_range           | 0.2         |
|    entropy_loss         | -1.22       |
|    explained_variance   | 0.832       |
|    learning_rate        | 0.0003      |
|    loss                 | -0.00831    |
|    n_updates            | 60          |
|    policy_gradient_loss | -0.00469    |
|    value_loss           | 0.00184     |
-----------------------------------------
  step   30000/500000 (  6.0%)  mean_rew=-0.000
------------------------------------------
| time/                   |              |
|    fps                  | 1265         |
|    iterations           | 8            |
|    time_elapsed         | 25           |
|    total_timesteps      | 32768        |
| train/                  |              |
|    approx_kl            | 0.0143222585 |
|    clip_fraction        | 0.0968       |
|    clip_range           | 0.2          |
|    entropy_loss         | -1.15        |
|    explained_variance   | 0.895        |
|    learning_rate        | 0.0003       |
|    loss                 | -0.00462     |
|    n_updates            | 70           |
|    policy_gradient_loss | -0.00978     |
|    value_loss           | 0.000974     |
------------------------------------------
  step   35000/500000 (  7.0%)  mean_rew=-0.001
------------------------------------------
| time/                   |              |
|    fps                  | 1261         |
|    iterations           | 9            |
|    time_elapsed         | 29           |
|    total_timesteps      | 36864        |
| train/                  |              |
|    approx_kl            | 0.0077396296 |
|    clip_fraction        | 0.056        |
|    clip_range           | 0.2          |
|    entropy_loss         | -1.07        |
|    explained_variance   | 0.879        |
|    learning_rate        | 0.0003       |
|    loss                 | -0.0137      |
|    n_updates            | 80           |
|    policy_gradient_loss | -0.00328     |
|    value_loss           | 0.00129      |
------------------------------------------
  step   40000/500000 (  8.0%)  mean_rew=+0.001
-----------------------------------------
| time/                   |             |
|    fps                  | 1266        |
|    iterations           | 10          |
|    time_elapsed         | 32          |
|    total_timesteps      | 40960       |
| train/                  |             |
|    approx_kl            | 0.006960514 |
|    clip_fraction        | 0.0806      |
|    clip_range           | 0.2         |
|    entropy_loss         | -1.01       |
|    explained_variance   | 0.843       |
|    learning_rate        | 0.0003      |
|    loss                 | 0.00632     |
|    n_updates            | 90          |
|    policy_gradient_loss | -0.00569    |
|    value_loss           | 0.00161     |
-----------------------------------------
  step   45000/500000 (  9.0%)  mean_rew=+0.000
------------------------------------------
| time/                   |              |
|    fps                  | 1263         |
|    iterations           | 11           |
|    time_elapsed         | 35           |
|    total_timesteps      | 45056        |
| train/                  |              |
|    approx_kl            | 0.0072680754 |
|    clip_fraction        | 0.0584       |
|    clip_range           | 0.2          |
|    entropy_loss         | -0.974       |
|    explained_variance   | 0.905        |
|    learning_rate        | 0.0003       |
|    loss                 | 0.0164       |
|    n_updates            | 100          |
|    policy_gradient_loss | -0.00378     |
|    value_loss           | 0.000539     |
------------------------------------------
-----------------------------------------
| time/                   |             |
|    fps                  | 1261        |
|    iterations           | 12          |
|    time_elapsed         | 38          |
|    total_timesteps      | 49152       |
| train/                  |             |
|    approx_kl            | 0.011800906 |
|    clip_fraction        | 0.115       |
|    clip_range           | 0.2         |
|    entropy_loss         | -0.879      |
|    explained_variance   | 0.913       |
|    learning_rate        | 0.0003      |
|    loss                 | -0.0198     |
|    n_updates            | 110         |
|    policy_gradient_loss | -0.00836    |
|    value_loss           | 0.000581    |
-----------------------------------------
  step   50000/500000 ( 10.0%)  mean_rew=-0.000
-----------------------------------------
| time/                   |             |
|    fps                  | 1263        |
|    iterations           | 13          |
|    time_elapsed         | 42          |
|    total_timesteps      | 53248       |
| train/                  |             |
|    approx_kl            | 0.006966954 |
|    clip_fraction        | 0.0729      |
|    clip_range           | 0.2         |
|    entropy_loss         | -0.82       |
|    explained_variance   | 0.896       |
|    learning_rate        | 0.0003      |
|    loss                 | -0.00805    |
|    n_updates            | 120         |
|    policy_gradient_loss | -0.00556    |
|    value_loss           | 0.000634    |
-----------------------------------------
  step   55000/500000 ( 11.0%)  mean_rew=+0.001
-----------------------------------------
| time/                   |             |
|    fps                  | 1263        |
|    iterations           | 14          |
|    time_elapsed         | 45          |
|    total_timesteps      | 57344       |
| train/                  |             |
|    approx_kl            | 0.005116201 |
|    clip_fraction        | 0.058       |
|    clip_range           | 0.2         |
|    entropy_loss         | -0.777      |
|    explained_variance   | 0.903       |
|    learning_rate        | 0.0003      |
|    loss                 | 0.00101     |
|    n_updates            | 130         |
|    policy_gradient_loss | -0.00416    |
|    value_loss           | 0.000424    |
-----------------------------------------
  step   60000/500000 ( 12.0%)  mean_rew=-0.001
-----------------------------------------
| time/                   |             |
|    fps                  | 1261        |
|    iterations           | 15          |
|    time_elapsed         | 48          |
|    total_timesteps      | 61440       |
| train/                  |             |
|    approx_kl            | 0.004966923 |
|    clip_fraction        | 0.0461      |
|    clip_range           | 0.2         |
|    entropy_loss         | -0.729      |
|    explained_variance   | 0.931       |
|    learning_rate        | 0.0003      |
|    loss                 | 0.0036      |
|    n_updates            | 140         |
|    policy_gradient_loss | -0.00329    |
|    value_loss           | 0.000319    |
-----------------------------------------
  step   65000/500000 ( 13.0%)  mean_rew=-0.002
-----------------------------------------
| time/                   |             |
|    fps                  | 1260        |
|    iterations           | 16          |
|    time_elapsed         | 51          |
|    total_timesteps      | 65536       |
| train/                  |             |
|    approx_kl            | 0.004241579 |
|    clip_fraction        | 0.0466      |
|    clip_range           | 0.2         |
|    entropy_loss         | -0.665      |
|    explained_variance   | 0.903       |
|    learning_rate        | 0.0003      |
|    loss                 | -0.00345    |
|    n_updates            | 150         |
|    policy_gradient_loss | -0.00347    |
|    value_loss           | 0.000377    |
-----------------------------------------
------------------------------------------
| time/                   |              |
|    fps                  | 1263         |
|    iterations           | 17           |
|    time_elapsed         | 55           |
|    total_timesteps      | 69632        |
| train/                  |              |
|    approx_kl            | 0.0036962666 |
|    clip_fraction        | 0.0379       |
|    clip_range           | 0.2          |
|    entropy_loss         | -0.602       |
|    explained_variance   | 0.898        |
|    learning_rate        | 0.0003       |
|    loss                 | -0.00724     |
|    n_updates            | 160          |
|    policy_gradient_loss | -0.00265     |
|    value_loss           | 0.000358     |
------------------------------------------
  step   70000/500000 ( 14.0%)  mean_rew=-0.001
------------------------------------------
| time/                   |              |
|    fps                  | 1263         |
|    iterations           | 18           |
|    time_elapsed         | 58           |
|    total_timesteps      | 73728        |
| train/                  |              |
|    approx_kl            | 0.0031261577 |
|    clip_fraction        | 0.03         |
|    clip_range           | 0.2          |
|    entropy_loss         | -0.542       |
|    explained_variance   | 0.911        |
|    learning_rate        | 0.0003       |
|    loss                 | -0.00388     |
|    n_updates            | 170          |
|    policy_gradient_loss | -0.00249     |
|    value_loss           | 0.000217     |
------------------------------------------
  step   75000/500000 ( 15.0%)  mean_rew=-0.001
-----------------------------------------
| time/                   |             |
|    fps                  | 1262        |
|    iterations           | 19          |
|    time_elapsed         | 61          |
|    total_timesteps      | 77824       |
| train/                  |             |
|    approx_kl            | 0.003399612 |
|    clip_fraction        | 0.0333      |
|    clip_range           | 0.2         |
|    entropy_loss         | -0.488      |
|    explained_variance   | 0.945       |
|    learning_rate        | 0.0003      |
|    loss                 | 0.00245     |
|    n_updates            | 180         |
|    policy_gradient_loss | -0.00254    |
|    value_loss           | 0.000141    |
-----------------------------------------
  step   80000/500000 ( 16.0%)  mean_rew=-0.002
------------------------------------------
| time/                   |              |
|    fps                  | 1264         |
|    iterations           | 20           |
|    time_elapsed         | 64           |
|    total_timesteps      | 81920        |
| train/                  |              |
|    approx_kl            | 0.0020146002 |
|    clip_fraction        | 0.0241       |
|    clip_range           | 0.2          |
|    entropy_loss         | -0.473       |
|    explained_variance   | 0.888        |
|    learning_rate        | 0.0003       |
|    loss                 | -0.00767     |
|    n_updates            | 190          |
|    policy_gradient_loss | -0.00141     |
|    value_loss           | 0.000266     |
------------------------------------------
  step   85000/500000 ( 17.0%)  mean_rew=+0.000
------------------------------------------
| time/                   |              |
|    fps                  | 1264         |
|    iterations           | 21           |
|    time_elapsed         | 68           |
|    total_timesteps      | 86016        |
| train/                  |              |
|    approx_kl            | 0.0035346285 |
|    clip_fraction        | 0.0354       |
|    clip_range           | 0.2          |
|    entropy_loss         | -0.438       |
|    explained_variance   | 0.897        |
|    learning_rate        | 0.0003       |
|    loss                 | -0.0101      |
|    n_updates            | 200          |
|    policy_gradient_loss | -0.00258     |
|    value_loss           | 0.000189     |
------------------------------------------
  step   90000/500000 ( 18.0%)  mean_rew=-0.000
------------------------------------------
| time/                   |              |
|    fps                  | 1263         |
|    iterations           | 22           |
|    time_elapsed         | 71           |
|    total_timesteps      | 90112        |
| train/                  |              |
|    approx_kl            | 0.0018699444 |
|    clip_fraction        | 0.0216       |
|    clip_range           | 0.2          |
|    entropy_loss         | -0.405       |
|    explained_variance   | 0.932        |
|    learning_rate        | 0.0003       |
|    loss                 | -0.0117      |
|    n_updates            | 210          |
|    policy_gradient_loss | -0.00166     |
|    value_loss           | 0.000137     |
------------------------------------------
------------------------------------------
| time/                   |              |
|    fps                  | 1262         |
|    iterations           | 23           |
|    time_elapsed         | 74           |
|    total_timesteps      | 94208        |
| train/                  |              |
|    approx_kl            | 0.0015069712 |
|    clip_fraction        | 0.00647      |
|    clip_range           | 0.2          |
|    entropy_loss         | -0.38        |
|    explained_variance   | 0.867        |
|    learning_rate        | 0.0003       |
|    loss                 | -0.00821     |
|    n_updates            | 220          |
|    policy_gradient_loss | -0.000833    |
|    value_loss           | 0.000277     |
------------------------------------------
  step   95000/500000 ( 19.0%)  mean_rew=-0.003
------------------------------------------
| time/                   |              |
|    fps                  | 1263         |
|    iterations           | 24           |
|    time_elapsed         | 77           |
|    total_timesteps      | 98304        |
| train/                  |              |
|    approx_kl            | 0.0016915496 |
|    clip_fraction        | 0.0199       |
|    clip_range           | 0.2          |
|    entropy_loss         | -0.363       |
|    explained_variance   | 0.888        |
|    learning_rate        | 0.0003       |
|    loss                 | -0.00285     |
|    n_updates            | 230          |
|    policy_gradient_loss | -0.00153     |
|    value_loss           | 0.000211     |
------------------------------------------
  step  100000/500000 ( 20.0%)  mean_rew=+0.001
-----------------------------------------
| time/                   |             |
|    fps                  | 1262        |
|    iterations           | 25          |
|    time_elapsed         | 81          |
|    total_timesteps      | 102400      |
| train/                  |             |
|    approx_kl            | 0.004812788 |
|    clip_fraction        | 0.0259      |
|    clip_range           | 0.2         |
|    entropy_loss         | -0.356      |
|    explained_variance   | 0.907       |
|    learning_rate        | 0.0003      |
|    loss                 | 0.00191     |
|    n_updates            | 240         |
|    policy_gradient_loss | -0.00115    |
|    value_loss           | 0.000121    |
-----------------------------------------
  step  105000/500000 ( 21.0%)  mean_rew=-0.003
------------------------------------------
| time/                   |              |
|    fps                  | 1262         |
|    iterations           | 26           |
|    time_elapsed         | 84           |
|    total_timesteps      | 106496       |
| train/                  |              |
|    approx_kl            | 0.0021188767 |
|    clip_fraction        | 0.023        |
|    clip_range           | 0.2          |
|    entropy_loss         | -0.332       |
|    explained_variance   | 0.923        |
|    learning_rate        | 0.0003       |
|    loss                 | -0.00131     |
|    n_updates            | 250          |
|    policy_gradient_loss | -0.00189     |
|    value_loss           | 0.000113     |
------------------------------------------
  step  110000/500000 ( 22.0%)  mean_rew=-0.001
------------------------------------------
| time/                   |              |
|    fps                  | 1263         |
|    iterations           | 27           |
|    time_elapsed         | 87           |
|    total_timesteps      | 110592       |
| train/                  |              |
|    approx_kl            | 0.0017072308 |
|    clip_fraction        | 0.0222       |
|    clip_range           | 0.2          |
|    entropy_loss         | -0.318       |
|    explained_variance   | 0.878        |
|    learning_rate        | 0.0003       |
|    loss                 | 0.000568     |
|    n_updates            | 260          |
|    policy_gradient_loss | -0.00144     |
|    value_loss           | 0.000177     |
------------------------------------------
------------------------------------------
| time/                   |              |
|    fps                  | 1263         |
|    iterations           | 28           |
|    time_elapsed         | 90           |
|    total_timesteps      | 114688       |
| train/                  |              |
|    approx_kl            | 0.0021435267 |
|    clip_fraction        | 0.0271       |
|    clip_range           | 0.2          |
|    entropy_loss         | -0.286       |
|    explained_variance   | 0.906        |
|    learning_rate        | 0.0003       |
|    loss                 | -0.000461    |
|    n_updates            | 270          |
|    policy_gradient_loss | -0.00189     |
|    value_loss           | 0.00011      |
------------------------------------------
  step  115000/500000 ( 23.0%)  mean_rew=-0.002
------------------------------------------
| time/                   |              |
|    fps                  | 1262         |
|    iterations           | 29           |
|    time_elapsed         | 94           |
|    total_timesteps      | 118784       |
| train/                  |              |
|    approx_kl            | 0.0018546585 |
|    clip_fraction        | 0.0214       |
|    clip_range           | 0.2          |
|    entropy_loss         | -0.258       |
|    explained_variance   | 0.933        |
|    learning_rate        | 0.0003       |
|    loss                 | 0.00198      |
|    n_updates            | 280          |
|    policy_gradient_loss | -0.00147     |
|    value_loss           | 8.45e-05     |
------------------------------------------
  step  120000/500000 ( 24.0%)  mean_rew=-0.001
------------------------------------------
| time/                   |              |
|    fps                  | 1262         |
|    iterations           | 30           |
|    time_elapsed         | 97           |
|    total_timesteps      | 122880       |
| train/                  |              |
|    approx_kl            | 0.0014833114 |
|    clip_fraction        | 0.0128       |
|    clip_range           | 0.2          |
|    entropy_loss         | -0.237       |
|    explained_variance   | 0.881        |
|    learning_rate        | 0.0003       |
|    loss                 | -0.0085      |
|    n_updates            | 290          |
|    policy_gradient_loss | -0.000928    |
|    value_loss           | 0.000154     |
------------------------------------------
  step  125000/500000 ( 25.0%)  mean_rew=+0.002
------------------------------------------
| time/                   |              |
|    fps                  | 1263         |
|    iterations           | 31           |
|    time_elapsed         | 100          |
|    total_timesteps      | 126976       |
| train/                  |              |
|    approx_kl            | 0.0011951546 |
|    clip_fraction        | 0.0157       |
|    clip_range           | 0.2          |
|    entropy_loss         | -0.239       |
|    explained_variance   | 0.862        |
|    learning_rate        | 0.0003       |
|    loss                 | -0.00123     |
|    n_updates            | 300          |
|    policy_gradient_loss | -0.00136     |
|    value_loss           | 0.000188     |
------------------------------------------
  step  130000/500000 ( 26.0%)  mean_rew=-0.001
-----------------------------------------
| time/                   |             |
|    fps                  | 1263        |
|    iterations           | 32          |
|    time_elapsed         | 103         |
|    total_timesteps      | 131072      |
| train/                  |             |
|    approx_kl            | 0.005714308 |
|    clip_fraction        | 0.0267      |
|    clip_range           | 0.2         |
|    entropy_loss         | -0.255      |
|    explained_variance   | 0.902       |
|    learning_rate        | 0.0003      |
|    loss                 | -0.00177    |
|    n_updates            | 310         |
|    policy_gradient_loss | -0.00111    |
|    value_loss           | 0.000104    |
-----------------------------------------
  step  135000/500000 ( 27.0%)  mean_rew=-0.001
------------------------------------------
| time/                   |              |
|    fps                  | 1262         |
|    iterations           | 33           |
|    time_elapsed         | 107          |
|    total_timesteps      | 135168       |
| train/                  |              |
|    approx_kl            | 0.0019347603 |
|    clip_fraction        | 0.0184       |
|    clip_range           | 0.2          |
|    entropy_loss         | -0.248       |
|    explained_variance   | 0.928        |
|    learning_rate        | 0.0003       |
|    loss                 | -0.00112     |
|    n_updates            | 320          |
|    policy_gradient_loss | -0.000934    |
|    value_loss           | 8.28e-05     |
------------------------------------------
------------------------------------------
| time/                   |              |
|    fps                  | 1264         |
|    iterations           | 34           |
|    time_elapsed         | 110          |
|    total_timesteps      | 139264       |
| train/                  |              |
|    approx_kl            | 0.0016994735 |
|    clip_fraction        | 0.0196       |
|    clip_range           | 0.2          |
|    entropy_loss         | -0.226       |
|    explained_variance   | 0.875        |
|    learning_rate        | 0.0003       |
|    loss                 | -0.000748    |
|    n_updates            | 330          |
|    policy_gradient_loss | -0.000928    |
|    value_loss           | 0.000157     |
------------------------------------------
  step  140000/500000 ( 28.0%)  mean_rew=-0.000
------------------------------------------
| time/                   |              |
|    fps                  | 1263         |
|    iterations           | 35           |
|    time_elapsed         | 113          |
|    total_timesteps      | 143360       |
| train/                  |              |
|    approx_kl            | 0.0016240923 |
|    clip_fraction        | 0.0183       |
|    clip_range           | 0.2          |
|    entropy_loss         | -0.224       |
|    explained_variance   | 0.898        |
|    learning_rate        | 0.0003       |
|    loss                 | 2.03e-05     |
|    n_updates            | 340          |
|    policy_gradient_loss | -0.00134     |
|    value_loss           | 9.79e-05     |
------------------------------------------
  step  145000/500000 ( 29.0%)  mean_rew=-0.002
------------------------------------------
| time/                   |              |
|    fps                  | 1263         |
|    iterations           | 36           |
|    time_elapsed         | 116          |
|    total_timesteps      | 147456       |
| train/                  |              |
|    approx_kl            | 0.0017844352 |
|    clip_fraction        | 0.018        |
|    clip_range           | 0.2          |
|    entropy_loss         | -0.223       |
|    explained_variance   | 0.934        |
|    learning_rate        | 0.0003       |
|    loss                 | -0.00344     |
|    n_updates            | 350          |
|    policy_gradient_loss | -0.000814    |
|    value_loss           | 6.79e-05     |
------------------------------------------
  step  150000/500000 ( 30.0%)  mean_rew=-0.001
------------------------------------------
| time/                   |              |
|    fps                  | 1263         |
|    iterations           | 37           |
|    time_elapsed         | 119          |
|    total_timesteps      | 151552       |
| train/                  |              |
|    approx_kl            | 0.0014148898 |
|    clip_fraction        | 0.0207       |
|    clip_range           | 0.2          |
|    entropy_loss         | -0.21        |
|    explained_variance   | 0.88         |
|    learning_rate        | 0.0003       |
|    loss                 | -0.00143     |
|    n_updates            | 360          |
|    policy_gradient_loss | -0.00131     |
|    value_loss           | 0.00013      |
------------------------------------------
  step  155000/500000 ( 31.0%)  mean_rew=+0.001
------------------------------------------
| time/                   |              |
|    fps                  | 1263         |
|    iterations           | 38           |
|    time_elapsed         | 123          |
|    total_timesteps      | 155648       |
| train/                  |              |
|    approx_kl            | 0.0013446814 |
|    clip_fraction        | 0.0169       |
|    clip_range           | 0.2          |
|    entropy_loss         | -0.206       |
|    explained_variance   | 0.868        |
|    learning_rate        | 0.0003       |
|    loss                 | -0.00287     |
|    n_updates            | 370          |
|    policy_gradient_loss | -0.000945    |
|    value_loss           | 0.000153     |
------------------------------------------
------------------------------------------
| time/                   |              |
|    fps                  | 1263         |
|    iterations           | 39           |
|    time_elapsed         | 126          |
|    total_timesteps      | 159744       |
| train/                  |              |
|    approx_kl            | 0.0011184784 |
|    clip_fraction        | 0.013        |
|    clip_range           | 0.2          |
|    entropy_loss         | -0.19        |
|    explained_variance   | 0.9          |
|    learning_rate        | 0.0003       |
|    loss                 | 0.000217     |
|    n_updates            | 380          |
|    policy_gradient_loss | -0.000851    |
|    value_loss           | 9.7e-05      |
------------------------------------------
  step  160000/500000 ( 32.0%)  mean_rew=+0.000
------------------------------------------
| time/                   |              |
|    fps                  | 1263         |
|    iterations           | 40           |
|    time_elapsed         | 129          |
|    total_timesteps      | 163840       |
| train/                  |              |
|    approx_kl            | 0.0017214904 |
|    clip_fraction        | 0.0146       |
|    clip_range           | 0.2          |
|    entropy_loss         | -0.183       |
|    explained_variance   | 0.92         |
|    learning_rate        | 0.0003       |
|    loss                 | -0.00138     |
|    n_updates            | 390          |
|    policy_gradient_loss | -0.000819    |
|    value_loss           | 8.28e-05     |
------------------------------------------
  step  165000/500000 ( 33.0%)  mean_rew=+0.001
------------------------------------------
| time/                   |              |
|    fps                  | 1263         |
|    iterations           | 41           |
|    time_elapsed         | 132          |
|    total_timesteps      | 167936       |
| train/                  |              |
|    approx_kl            | 0.0006382457 |
|    clip_fraction        | 0.0112       |
|    clip_range           | 0.2          |
|    entropy_loss         | -0.178       |
|    explained_variance   | 0.862        |
|    learning_rate        | 0.0003       |
|    loss                 | 0.000745     |
|    n_updates            | 400          |
|    policy_gradient_loss | -0.000405    |
|    value_loss           | 0.000156     |
------------------------------------------
  step  170000/500000 ( 34.0%)  mean_rew=-0.000
------------------------------------------
| time/                   |              |
|    fps                  | 1263         |
|    iterations           | 42           |
|    time_elapsed         | 136          |
|    total_timesteps      | 172032       |
| train/                  |              |
|    approx_kl            | 0.0032570946 |
|    clip_fraction        | 0.0162       |
|    clip_range           | 0.2          |
|    entropy_loss         | -0.19        |
|    explained_variance   | 0.903        |
|    learning_rate        | 0.0003       |
|    loss                 | -0.00109     |
|    n_updates            | 410          |
|    policy_gradient_loss | -0.00054     |
|    value_loss           | 8.59e-05     |
------------------------------------------
  step  175000/500000 ( 35.0%)  mean_rew=-0.003
------------------------------------------
| time/                   |              |
|    fps                  | 1263         |
|    iterations           | 43           |
|    time_elapsed         | 139          |
|    total_timesteps      | 176128       |
| train/                  |              |
|    approx_kl            | 0.0055908747 |
|    clip_fraction        | 0.0171       |
|    clip_range           | 0.2          |
|    entropy_loss         | -0.208       |
|    explained_variance   | 0.92         |
|    learning_rate        | 0.0003       |
|    loss                 | -0.000671    |
|    n_updates            | 420          |
|    policy_gradient_loss | -0.000788    |
|    value_loss           | 7.9e-05      |
------------------------------------------
  step  180000/500000 ( 36.0%)  mean_rew=+0.000
-----------------------------------------
| time/                   |             |
|    fps                  | 1263        |
|    iterations           | 44          |
|    time_elapsed         | 142         |
|    total_timesteps      | 180224      |
| train/                  |             |
|    approx_kl            | 0.001414842 |
|    clip_fraction        | 0.023       |
|    clip_range           | 0.2         |
|    entropy_loss         | -0.204      |
|    explained_variance   | 0.874       |
|    learning_rate        | 0.0003      |
|    loss                 | -0.00306    |
|    n_updates            | 430         |
|    policy_gradient_loss | -8.66e-05   |
|    value_loss           | 0.000128    |
-----------------------------------------
------------------------------------------
| time/                   |              |
|    fps                  | 1263         |
|    iterations           | 45           |
|    time_elapsed         | 145          |
|    total_timesteps      | 184320       |
| train/                  |              |
|    approx_kl            | 0.0014359534 |
|    clip_fraction        | 0.0183       |
|    clip_range           | 0.2          |
|    entropy_loss         | -0.221       |
|    explained_variance   | 0.889        |
|    learning_rate        | 0.0003       |
|    loss                 | -0.00064     |
|    n_updates            | 440          |
|    policy_gradient_loss | -0.000421    |
|    value_loss           | 0.000105     |
------------------------------------------
  step  185000/500000 ( 37.0%)  mean_rew=-0.001
------------------------------------------
| time/                   |              |
|    fps                  | 1263         |
|    iterations           | 46           |
|    time_elapsed         | 149          |
|    total_timesteps      | 188416       |
| train/                  |              |
|    approx_kl            | 0.0011637213 |
|    clip_fraction        | 0.0114       |
|    clip_range           | 0.2          |
|    entropy_loss         | -0.213       |
|    explained_variance   | 0.889        |
|    learning_rate        | 0.0003       |
|    loss                 | -0.00182     |
|    n_updates            | 450          |
|    policy_gradient_loss | -0.000371    |
|    value_loss           | 9.44e-05     |
------------------------------------------
  step  190000/500000 ( 38.0%)  mean_rew=+0.000
-----------------------------------------
| time/                   |             |
|    fps                  | 1262        |
|    iterations           | 47          |
|    time_elapsed         | 152         |
|    total_timesteps      | 192512      |
| train/                  |             |
|    approx_kl            | 0.001105374 |
|    clip_fraction        | 0.0135      |
|    clip_range           | 0.2         |
|    entropy_loss         | -0.21       |
|    explained_variance   | 0.893       |
|    learning_rate        | 0.0003      |
|    loss                 | 0.00173     |
|    n_updates            | 460         |
|    policy_gradient_loss | -0.00086    |
|    value_loss           | 0.000102    |
-----------------------------------------
  step  195000/500000 ( 39.0%)  mean_rew=-0.000
------------------------------------------
| time/                   |              |
|    fps                  | 1263         |
|    iterations           | 48           |
|    time_elapsed         | 155          |
|    total_timesteps      | 196608       |
| train/                  |              |
|    approx_kl            | 0.0010528833 |
|    clip_fraction        | 0.0166       |
|    clip_range           | 0.2          |
|    entropy_loss         | -0.189       |
|    explained_variance   | 0.87         |
|    learning_rate        | 0.0003       |
|    loss                 | -0.00835     |
|    n_updates            | 470          |
|    policy_gradient_loss | -0.000852    |
|    value_loss           | 0.000136     |
------------------------------------------
  step  200000/500000 ( 40.0%)  mean_rew=-0.001
------------------------------------------
| time/                   |              |
|    fps                  | 1263         |
|    iterations           | 49           |
|    time_elapsed         | 158          |
|    total_timesteps      | 200704       |
| train/                  |              |
|    approx_kl            | 0.0010357669 |
|    clip_fraction        | 0.0185       |
|    clip_range           | 0.2          |
|    entropy_loss         | -0.177       |
|    explained_variance   | 0.894        |
|    learning_rate        | 0.0003       |
|    loss                 | -0.00084     |
|    n_updates            | 480          |
|    policy_gradient_loss | -0.000697    |
|    value_loss           | 8.5e-05      |
------------------------------------------
-------------------------------------------
| time/                   |               |
|    fps                  | 1262          |
|    iterations           | 50            |
|    time_elapsed         | 162           |
|    total_timesteps      | 204800        |
| train/                  |               |
|    approx_kl            | 0.00091524463 |
|    clip_fraction        | 0.0111        |
|    clip_range           | 0.2           |
|    entropy_loss         | -0.167        |
|    explained_variance   | 0.914         |
|    learning_rate        | 0.0003        |
|    loss                 | -0.00161      |
|    n_updates            | 490           |
|    policy_gradient_loss | -0.00013      |
|    value_loss           | 7.77e-05      |
-------------------------------------------
  step  205000/500000 ( 41.0%)  mean_rew=+0.000
------------------------------------------
| time/                   |              |
|    fps                  | 1263         |
|    iterations           | 51           |
|    time_elapsed         | 165          |
|    total_timesteps      | 208896       |
| train/                  |              |
|    approx_kl            | 0.0010507208 |
|    clip_fraction        | 0.0169       |
|    clip_range           | 0.2          |
|    entropy_loss         | -0.158       |
|    explained_variance   | 0.881        |
|    learning_rate        | 0.0003       |
|    loss                 | -0.00151     |
|    n_updates            | 500          |
|    policy_gradient_loss | -0.000584    |
|    value_loss           | 0.000121     |
------------------------------------------
  step  210000/500000 ( 42.0%)  mean_rew=-0.001
-------------------------------------------
| time/                   |               |
|    fps                  | 1263          |
|    iterations           | 52            |
|    time_elapsed         | 168           |
|    total_timesteps      | 212992        |
| train/                  |               |
|    approx_kl            | 0.00062145607 |
|    clip_fraction        | 0.00671       |
|    clip_range           | 0.2           |
|    entropy_loss         | -0.169        |
|    explained_variance   | 0.886         |
|    learning_rate        | 0.0003        |
|    loss                 | -0.00118      |
|    n_updates            | 510           |
|    policy_gradient_loss | -0.000248     |
|    value_loss           | 0.000111      |
-------------------------------------------
  step  215000/500000 ( 43.0%)  mean_rew=+0.001
------------------------------------------
| time/                   |              |
|    fps                  | 1262         |
|    iterations           | 53           |
|    time_elapsed         | 171          |
|    total_timesteps      | 217088       |
| train/                  |              |
|    approx_kl            | 0.0005588747 |
|    clip_fraction        | 0.00928      |
|    clip_range           | 0.2          |
|    entropy_loss         | -0.17        |
|    explained_variance   | 0.932        |
|    learning_rate        | 0.0003       |
|    loss                 | -0.000502    |
|    n_updates            | 520          |
|    policy_gradient_loss | -0.000645    |
|    value_loss           | 6.67e-05     |
------------------------------------------
  step  220000/500000 ( 44.0%)  mean_rew=-0.001
-------------------------------------------
| time/                   |               |
|    fps                  | 1262          |
|    iterations           | 54            |
|    time_elapsed         | 175           |
|    total_timesteps      | 221184        |
| train/                  |               |
|    approx_kl            | 0.00094145274 |
|    clip_fraction        | 0.0115        |
|    clip_range           | 0.2           |
|    entropy_loss         | -0.158        |
|    explained_variance   | 0.886         |
|    learning_rate        | 0.0003        |
|    loss                 | 0.00129       |
|    n_updates            | 530           |
|    policy_gradient_loss | -0.00051      |
|    value_loss           | 0.000123      |
-------------------------------------------
  step  225000/500000 ( 45.0%)  mean_rew=+0.001
------------------------------------------
| time/                   |              |
|    fps                  | 1263         |
|    iterations           | 55           |
|    time_elapsed         | 178          |
|    total_timesteps      | 225280       |
| train/                  |              |
|    approx_kl            | 0.0007762491 |
|    clip_fraction        | 0.0139       |
|    clip_range           | 0.2          |
|    entropy_loss         | -0.148       |
|    explained_variance   | 0.885        |
|    learning_rate        | 0.0003       |
|    loss                 | -0.000905    |
|    n_updates            | 540          |
|    policy_gradient_loss | -0.000476    |
|    value_loss           | 0.000123     |
------------------------------------------
------------------------------------------
| time/                   |              |
|    fps                  | 1262         |
|    iterations           | 56           |
|    time_elapsed         | 181          |
|    total_timesteps      | 229376       |
| train/                  |              |
|    approx_kl            | 0.0008398917 |
|    clip_fraction        | 0.0153       |
|    clip_range           | 0.2          |
|    entropy_loss         | -0.159       |
|    explained_variance   | 0.898        |
|    learning_rate        | 0.0003       |
|    loss                 | -0.000199    |
|    n_updates            | 550          |
|    policy_gradient_loss | -0.000528    |
|    value_loss           | 9.33e-05     |
------------------------------------------
  step  230000/500000 ( 46.0%)  mean_rew=-0.002
------------------------------------------
| time/                   |              |
|    fps                  | 1262         |
|    iterations           | 57           |
|    time_elapsed         | 184          |
|    total_timesteps      | 233472       |
| train/                  |              |
|    approx_kl            | 0.0013054421 |
|    clip_fraction        | 0.0219       |
|    clip_range           | 0.2          |
|    entropy_loss         | -0.14        |
|    explained_variance   | 0.928        |
|    learning_rate        | 0.0003       |
|    loss                 | 0.000171     |
|    n_updates            | 560          |
|    policy_gradient_loss | -0.000769    |
|    value_loss           | 7.41e-05     |
------------------------------------------
  step  235000/500000 ( 47.0%)  mean_rew=-0.001
-------------------------------------------
| time/                   |               |
|    fps                  | 1262          |
|    iterations           | 58            |
|    time_elapsed         | 188           |
|    total_timesteps      | 237568        |
| train/                  |               |
|    approx_kl            | 0.00045403338 |
|    clip_fraction        | 0.00752       |
|    clip_range           | 0.2           |
|    entropy_loss         | -0.14         |
|    explained_variance   | 0.896         |
|    learning_rate        | 0.0003        |
|    loss                 | 0.00289       |
|    n_updates            | 570           |
|    policy_gradient_loss | -0.000559     |
|    value_loss           | 0.000107      |
-------------------------------------------
  step  240000/500000 ( 48.0%)  mean_rew=-0.000
-------------------------------------------
| time/                   |               |
|    fps                  | 1263          |
|    iterations           | 59            |
|    time_elapsed         | 191           |
|    total_timesteps      | 241664        |
| train/                  |               |
|    approx_kl            | 0.00082995626 |
|    clip_fraction        | 0.0107        |
|    clip_range           | 0.2           |
|    entropy_loss         | -0.13         |
|    explained_variance   | 0.9           |
|    learning_rate        | 0.0003        |
|    loss                 | -0.00125      |
|    n_updates            | 580           |
|    policy_gradient_loss | -0.000618     |
|    value_loss           | 9.84e-05      |
-------------------------------------------
  step  245000/500000 ( 49.0%)  mean_rew=-0.001
------------------------------------------
| time/                   |              |
|    fps                  | 1262         |
|    iterations           | 60           |
|    time_elapsed         | 194          |
|    total_timesteps      | 245760       |
| train/                  |              |
|    approx_kl            | 0.0011921742 |
|    clip_fraction        | 0.0173       |
|    clip_range           | 0.2          |
|    entropy_loss         | -0.113       |
|    explained_variance   | 0.935        |
|    learning_rate        | 0.0003       |
|    loss                 | 0.000686     |
|    n_updates            | 590          |
|    policy_gradient_loss | -0.00104     |
|    value_loss           | 6.32e-05     |
------------------------------------------
------------------------------------------
| time/                   |              |
|    fps                  | 1262         |
|    iterations           | 61           |
|    time_elapsed         | 197          |
|    total_timesteps      | 249856       |
| train/                  |              |
|    approx_kl            | 0.0006465462 |
|    clip_fraction        | 0.0123       |
|    clip_range           | 0.2          |
|    entropy_loss         | -0.107       |
|    explained_variance   | 0.886        |
|    learning_rate        | 0.0003       |
|    loss                 | -0.000775    |
|    n_updates            | 600          |
|    policy_gradient_loss | -0.000548    |
|    value_loss           | 0.000117     |
------------------------------------------
  step  250000/500000 ( 50.0%)  mean_rew=+0.000
------------------------------------------
| time/                   |              |
|    fps                  | 1263         |
|    iterations           | 62           |
|    time_elapsed         | 201          |
|    total_timesteps      | 253952       |
| train/                  |              |
|    approx_kl            | 0.0007645651 |
|    clip_fraction        | 0.00591      |
|    clip_range           | 0.2          |
|    entropy_loss         | -0.111       |
|    explained_variance   | 0.888        |
|    learning_rate        | 0.0003       |
|    loss                 | 0.00116      |
|    n_updates            | 610          |
|    policy_gradient_loss | -0.000102    |
|    value_loss           | 0.000117     |
------------------------------------------
  step  255000/500000 ( 51.0%)  mean_rew=-0.001
------------------------------------------
| time/                   |              |
|    fps                  | 1262         |
|    iterations           | 63           |
|    time_elapsed         | 204          |
|    total_timesteps      | 258048       |
| train/                  |              |
|    approx_kl            | 0.0007650158 |
|    clip_fraction        | 0.00972      |
|    clip_range           | 0.2          |
|    entropy_loss         | -0.114       |
|    explained_variance   | 0.916        |
|    learning_rate        | 0.0003       |
|    loss                 | 0.00544      |
|    n_updates            | 620          |
|    policy_gradient_loss | -0.000545    |
|    value_loss           | 7.14e-05     |
------------------------------------------
  step  260000/500000 ( 52.0%)  mean_rew=-0.003
------------------------------------------
| time/                   |              |
|    fps                  | 1262         |
|    iterations           | 64           |
|    time_elapsed         | 207          |
|    total_timesteps      | 262144       |
| train/                  |              |
|    approx_kl            | 0.0010289855 |
|    clip_fraction        | 0.0094       |
|    clip_range           | 0.2          |
|    entropy_loss         | -0.112       |
|    explained_variance   | 0.922        |
|    learning_rate        | 0.0003       |
|    loss                 | 0.00238      |
|    n_updates            | 630          |
|    policy_gradient_loss | -0.000333    |
|    value_loss           | 7.59e-05     |
------------------------------------------
  step  265000/500000 ( 53.0%)  mean_rew=+0.000
------------------------------------------
| time/                   |              |
|    fps                  | 1263         |
|    iterations           | 65           |
|    time_elapsed         | 210          |
|    total_timesteps      | 266240       |
| train/                  |              |
|    approx_kl            | 0.0011763275 |
|    clip_fraction        | 0.0124       |
|    clip_range           | 0.2          |
|    entropy_loss         | -0.105       |
|    explained_variance   | 0.892        |
|    learning_rate        | 0.0003       |
|    loss                 | 0.00134      |
|    n_updates            | 640          |
|    policy_gradient_loss | -0.000574    |
|    value_loss           | 0.00011      |
------------------------------------------
  step  270000/500000 ( 54.0%)  mean_rew=-0.000
-----------------------------------------
| time/                   |             |
|    fps                  | 1262        |
|    iterations           | 66          |
|    time_elapsed         | 214         |
|    total_timesteps      | 270336      |
| train/                  |             |
|    approx_kl            | 0.001086808 |
|    clip_fraction        | 0.0131      |
|    clip_range           | 0.2         |
|    entropy_loss         | -0.102      |
|    explained_variance   | 0.907       |
|    learning_rate        | 0.0003      |
|    loss                 | -0.00197    |
|    n_updates            | 650         |
|    policy_gradient_loss | -0.000518   |
|    value_loss           | 8.1e-05     |
-----------------------------------------
-----------------------------------------
| time/                   |             |
|    fps                  | 1262        |
|    iterations           | 67          |
|    time_elapsed         | 217         |
|    total_timesteps      | 274432      |
| train/                  |             |
|    approx_kl            | 0.000766451 |
|    clip_fraction        | 0.00708     |
|    clip_range           | 0.2         |
|    entropy_loss         | -0.101      |
|    explained_variance   | 0.933       |
|    learning_rate        | 0.0003      |
|    loss                 | -0.00304    |
|    n_updates            | 660         |
|    policy_gradient_loss | -0.000384   |
|    value_loss           | 5.84e-05    |
-----------------------------------------
  step  275000/500000 ( 55.0%)  mean_rew=-0.000
-----------------------------------------
| time/                   |             |
|    fps                  | 1262        |
|    iterations           | 68          |
|    time_elapsed         | 220         |
|    total_timesteps      | 278528      |
| train/                  |             |
|    approx_kl            | 0.042701676 |
|    clip_fraction        | 0.0476      |
|    clip_range           | 0.2         |
|    entropy_loss         | -0.195      |
|    explained_variance   | 0.876       |
|    learning_rate        | 0.0003      |
|    loss                 | -0.0118     |
|    n_updates            | 670         |
|    policy_gradient_loss | -0.00371    |
|    value_loss           | 0.000119    |
-----------------------------------------
  step  280000/500000 ( 56.0%)  mean_rew=-0.005
-----------------------------------------
| time/                   |             |
|    fps                  | 1262        |
|    iterations           | 69          |
|    time_elapsed         | 223         |
|    total_timesteps      | 282624      |
| train/                  |             |
|    approx_kl            | 0.003164111 |
|    clip_fraction        | 0.0422      |
|    clip_range           | 0.2         |
|    entropy_loss         | -0.268      |
|    explained_variance   | 0.851       |
|    learning_rate        | 0.0003      |
|    loss                 | 0.00498     |
|    n_updates            | 680         |
|    policy_gradient_loss | -0.00208    |
|    value_loss           | 0.000163    |
-----------------------------------------
  step  285000/500000 ( 57.0%)  mean_rew=-0.001
-----------------------------------------
| time/                   |             |
|    fps                  | 1262        |
|    iterations           | 70          |
|    time_elapsed         | 227         |
|    total_timesteps      | 286720      |
| train/                  |             |
|    approx_kl            | 0.003526742 |
|    clip_fraction        | 0.0493      |
|    clip_range           | 0.2         |
|    entropy_loss         | -0.235      |
|    explained_variance   | 0.888       |
|    learning_rate        | 0.0003      |
|    loss                 | -0.0019     |
|    n_updates            | 690         |
|    policy_gradient_loss | -0.00301    |
|    value_loss           | 0.000108    |
-----------------------------------------
  step  290000/500000 ( 58.0%)  mean_rew=-0.002
------------------------------------------
| time/                   |              |
|    fps                  | 1262         |
|    iterations           | 71           |
|    time_elapsed         | 230          |
|    total_timesteps      | 290816       |
| train/                  |              |
|    approx_kl            | 0.0022075577 |
|    clip_fraction        | 0.0202       |
|    clip_range           | 0.2          |
|    entropy_loss         | -0.236       |
|    explained_variance   | 0.849        |
|    learning_rate        | 0.0003       |
|    loss                 | -0.0143      |
|    n_updates            | 700          |
|    policy_gradient_loss | -0.0023      |
|    value_loss           | 0.000185     |
------------------------------------------
-----------------------------------------
| time/                   |             |
|    fps                  | 1262        |
|    iterations           | 72          |
|    time_elapsed         | 233         |
|    total_timesteps      | 294912      |
| train/                  |             |
|    approx_kl            | 0.002310326 |
|    clip_fraction        | 0.0277      |
|    clip_range           | 0.2         |
|    entropy_loss         | -0.211      |
|    explained_variance   | 0.839       |
|    learning_rate        | 0.0003      |
|    loss                 | -0.00196    |
|    n_updates            | 710         |
|    policy_gradient_loss | -0.00159    |
|    value_loss           | 0.000224    |
-----------------------------------------
  step  295000/500000 ( 59.0%)  mean_rew=-0.001
------------------------------------------
| time/                   |              |
|    fps                  | 1262         |
|    iterations           | 73           |
|    time_elapsed         | 236          |
|    total_timesteps      | 299008       |
| train/                  |              |
|    approx_kl            | 0.0020147625 |
|    clip_fraction        | 0.0304       |
|    clip_range           | 0.2          |
|    entropy_loss         | -0.2         |
|    explained_variance   | 0.903        |
|    learning_rate        | 0.0003       |
|    loss                 | -0.00625     |
|    n_updates            | 720          |
|    policy_gradient_loss | -0.00182     |
|    value_loss           | 0.000107     |
------------------------------------------
  step  300000/500000 ( 60.0%)  mean_rew=-0.000
------------------------------------------
| time/                   |              |
|    fps                  | 1262         |
|    iterations           | 74           |
|    time_elapsed         | 240          |
|    total_timesteps      | 303104       |
| train/                  |              |
|    approx_kl            | 0.0015040424 |
|    clip_fraction        | 0.0212       |
|    clip_range           | 0.2          |
|    entropy_loss         | -0.176       |
|    explained_variance   | 0.929        |
|    learning_rate        | 0.0003       |
|    loss                 | 0.00152      |
|    n_updates            | 730          |
|    policy_gradient_loss | -0.00106     |
|    value_loss           | 8.26e-05     |
------------------------------------------
  step  305000/500000 ( 61.0%)  mean_rew=-0.000
------------------------------------------
| time/                   |              |
|    fps                  | 1261         |
|    iterations           | 75           |
|    time_elapsed         | 243          |
|    total_timesteps      | 307200       |
| train/                  |              |
|    approx_kl            | 0.0008929642 |
|    clip_fraction        | 0.0117       |
|    clip_range           | 0.2          |
|    entropy_loss         | -0.159       |
|    explained_variance   | 0.878        |
|    learning_rate        | 0.0003       |
|    loss                 | 0.00108      |
|    n_updates            | 740          |
|    policy_gradient_loss | -0.00028     |
|    value_loss           | 0.000157     |
------------------------------------------
  step  310000/500000 ( 62.0%)  mean_rew=-0.001
-------------------------------------------
| time/                   |               |
|    fps                  | 1262          |
|    iterations           | 76            |
|    time_elapsed         | 246           |
|    total_timesteps      | 311296        |
| train/                  |               |
|    approx_kl            | 0.00083178724 |
|    clip_fraction        | 0.0126        |
|    clip_range           | 0.2           |
|    entropy_loss         | -0.141        |
|    explained_variance   | 0.884         |
|    learning_rate        | 0.0003        |
|    loss                 | -0.00524      |
|    n_updates            | 750           |
|    policy_gradient_loss | -0.000568     |
|    value_loss           | 0.000152      |
-------------------------------------------
  step  315000/500000 ( 63.0%)  mean_rew=+0.000
------------------------------------------
| time/                   |              |
|    fps                  | 1261         |
|    iterations           | 77           |
|    time_elapsed         | 249          |
|    total_timesteps      | 315392       |
| train/                  |              |
|    approx_kl            | 0.0012230044 |
|    clip_fraction        | 0.0182       |
|    clip_range           | 0.2          |
|    entropy_loss         | -0.126       |
|    explained_variance   | 0.91         |
|    learning_rate        | 0.0003       |
|    loss                 | -0.00567     |
|    n_updates            | 760          |
|    policy_gradient_loss | -0.00149     |
|    value_loss           | 9.99e-05     |
------------------------------------------
------------------------------------------
| time/                   |              |
|    fps                  | 1261         |
|    iterations           | 78           |
|    time_elapsed         | 253          |
|    total_timesteps      | 319488       |
| train/                  |              |
|    approx_kl            | 0.0009641871 |
|    clip_fraction        | 0.00566      |
|    clip_range           | 0.2          |
|    entropy_loss         | -0.123       |
|    explained_variance   | 0.939        |
|    learning_rate        | 0.0003       |
|    loss                 | -0.000422    |
|    n_updates            | 770          |
|    policy_gradient_loss | 2.38e-05     |
|    value_loss           | 7.17e-05     |
------------------------------------------
  step  320000/500000 ( 64.0%)  mean_rew=+0.001
------------------------------------------
| time/                   |              |
|    fps                  | 1261         |
|    iterations           | 79           |
|    time_elapsed         | 256          |
|    total_timesteps      | 323584       |
| train/                  |              |
|    approx_kl            | 0.0009931164 |
|    clip_fraction        | 0.00544      |
|    clip_range           | 0.2          |
|    entropy_loss         | -0.115       |
|    explained_variance   | 0.889        |
|    learning_rate        | 0.0003       |
|    loss                 | 0.00194      |
|    n_updates            | 780          |
|    policy_gradient_loss | -8.73e-05    |
|    value_loss           | 0.000127     |
------------------------------------------
  step  325000/500000 ( 65.0%)  mean_rew=-0.000
------------------------------------------
| time/                   |              |
|    fps                  | 1261         |
|    iterations           | 80           |
|    time_elapsed         | 259          |
|    total_timesteps      | 327680       |
| train/                  |              |
|    approx_kl            | 0.0009243778 |
|    clip_fraction        | 0.0143       |
|    clip_range           | 0.2          |
|    entropy_loss         | -0.115       |
|    explained_variance   | 0.91         |
|    learning_rate        | 0.0003       |
|    loss                 | -0.000469    |
|    n_updates            | 790          |
|    policy_gradient_loss | -0.000813    |
|    value_loss           | 8.61e-05     |
------------------------------------------
  step  330000/500000 ( 66.0%)  mean_rew=+0.001
------------------------------------------
| time/                   |              |
|    fps                  | 1261         |
|    iterations           | 81           |
|    time_elapsed         | 263          |
|    total_timesteps      | 331776       |
| train/                  |              |
|    approx_kl            | 0.0003008645 |
|    clip_fraction        | 0.00437      |
|    clip_range           | 0.2          |
|    entropy_loss         | -0.114       |
|    explained_variance   | 0.93         |
|    learning_rate        | 0.0003       |
|    loss                 | -0.00163     |
|    n_updates            | 800          |
|    policy_gradient_loss | -6.91e-06    |
|    value_loss           | 7.29e-05     |
------------------------------------------
  step  335000/500000 ( 67.0%)  mean_rew=-0.001
-----------------------------------------
| time/                   |             |
|    fps                  | 1261        |
|    iterations           | 82          |
|    time_elapsed         | 266         |
|    total_timesteps      | 335872      |
| train/                  |             |
|    approx_kl            | 0.010457702 |
|    clip_fraction        | 0.0264      |
|    clip_range           | 0.2         |
|    entropy_loss         | -0.119      |
|    explained_variance   | 0.883       |
|    learning_rate        | 0.0003      |
|    loss                 | -0.00304    |
|    n_updates            | 810         |
|    policy_gradient_loss | -0.00216    |
|    value_loss           | 0.000131    |
-----------------------------------------
------------------------------------------
| time/                   |              |
|    fps                  | 1261         |
|    iterations           | 83           |
|    time_elapsed         | 269          |
|    total_timesteps      | 339968       |
| train/                  |              |
|    approx_kl            | 0.0061946562 |
|    clip_fraction        | 0.0122       |
|    clip_range           | 0.2          |
|    entropy_loss         | -0.128       |
|    explained_variance   | 0.894        |
|    learning_rate        | 0.0003       |
|    loss                 | -0.00283     |
|    n_updates            | 820          |
|    policy_gradient_loss | -0.0007      |
|    value_loss           | 0.000115     |
------------------------------------------
  step  340000/500000 ( 68.0%)  mean_rew=-0.001
------------------------------------------
| time/                   |              |
|    fps                  | 1262         |
|    iterations           | 84           |
|    time_elapsed         | 272          |
|    total_timesteps      | 344064       |
| train/                  |              |
|    approx_kl            | 0.0013505715 |
|    clip_fraction        | 0.0169       |
|    clip_range           | 0.2          |
|    entropy_loss         | -0.158       |
|    explained_variance   | 0.904        |
|    learning_rate        | 0.0003       |
|    loss                 | -0.00137     |
|    n_updates            | 830          |
|    policy_gradient_loss | -0.000527    |
|    value_loss           | 8.93e-05     |
------------------------------------------
  step  345000/500000 ( 69.0%)  mean_rew=-0.001
------------------------------------------
| time/                   |              |
|    fps                  | 1262         |
|    iterations           | 85           |
|    time_elapsed         | 275          |
|    total_timesteps      | 348160       |
| train/                  |              |
|    approx_kl            | 0.0010031813 |
|    clip_fraction        | 0.0095       |
|    clip_range           | 0.2          |
|    entropy_loss         | -0.158       |
|    explained_variance   | 0.927        |
|    learning_rate        | 0.0003       |
|    loss                 | 0.00071      |
|    n_updates            | 840          |
|    policy_gradient_loss | -0.000212    |
|    value_loss           | 7.39e-05     |
------------------------------------------
  step  350000/500000 ( 70.0%)  mean_rew=-0.001
------------------------------------------
| time/                   |              |
|    fps                  | 1263         |
|    iterations           | 86           |
|    time_elapsed         | 278          |
|    total_timesteps      | 352256       |
| train/                  |              |
|    approx_kl            | 0.0006075354 |
|    clip_fraction        | 0.0128       |
|    clip_range           | 0.2          |
|    entropy_loss         | -0.167       |
|    explained_variance   | 0.872        |
|    learning_rate        | 0.0003       |
|    loss                 | -0.000855    |
|    n_updates            | 850          |
|    policy_gradient_loss | -5.23e-06    |
|    value_loss           | 0.00013      |
------------------------------------------
  step  355000/500000 ( 71.0%)  mean_rew=-0.000
------------------------------------------
| time/                   |              |
|    fps                  | 1263         |
|    iterations           | 87           |
|    time_elapsed         | 281          |
|    total_timesteps      | 356352       |
| train/                  |              |
|    approx_kl            | 0.0007344991 |
|    clip_fraction        | 0.00728      |
|    clip_range           | 0.2          |
|    entropy_loss         | -0.159       |
|    explained_variance   | 0.901        |
|    learning_rate        | 0.0003       |
|    loss                 | 0.000306     |
|    n_updates            | 860          |
|    policy_gradient_loss | 6.05e-05     |
|    value_loss           | 8.02e-05     |
------------------------------------------
  step  360000/500000 ( 72.0%)  mean_rew=-0.000
-------------------------------------------
| time/                   |               |
|    fps                  | 1264          |
|    iterations           | 88            |
|    time_elapsed         | 285           |
|    total_timesteps      | 360448        |
| train/                  |               |
|    approx_kl            | 0.00057697674 |
|    clip_fraction        | 0.0154        |
|    clip_range           | 0.2           |
|    entropy_loss         | -0.149        |
|    explained_variance   | 0.928         |
|    learning_rate        | 0.0003        |
|    loss                 | -0.000381     |
|    n_updates            | 870           |
|    policy_gradient_loss | -0.000381     |
|    value_loss           | 6.31e-05      |
-------------------------------------------
------------------------------------------
| time/                   |              |
|    fps                  | 1265         |
|    iterations           | 89           |
|    time_elapsed         | 288          |
|    total_timesteps      | 364544       |
| train/                  |              |
|    approx_kl            | 0.0010703944 |
|    clip_fraction        | 0.0147       |
|    clip_range           | 0.2          |
|    entropy_loss         | -0.141       |
|    explained_variance   | 0.885        |
|    learning_rate        | 0.0003       |
|    loss                 | 0.000542     |
|    n_updates            | 880          |
|    policy_gradient_loss | -0.000356    |
|    value_loss           | 0.00011      |
------------------------------------------
  step  365000/500000 ( 73.0%)  mean_rew=+0.002
------------------------------------------
| time/                   |              |
|    fps                  | 1266         |
|    iterations           | 90           |
|    time_elapsed         | 291          |
|    total_timesteps      | 368640       |
| train/                  |              |
|    approx_kl            | 0.0007636931 |
|    clip_fraction        | 0.0084       |
|    clip_range           | 0.2          |
|    entropy_loss         | -0.142       |
|    explained_variance   | 0.889        |
|    learning_rate        | 0.0003       |
|    loss                 | 0.000962     |
|    n_updates            | 890          |
|    policy_gradient_loss | -0.000257    |
|    value_loss           | 0.0001       |
------------------------------------------
  step  370000/500000 ( 74.0%)  mean_rew=-0.001
------------------------------------------
| time/                   |              |
|    fps                  | 1267         |
|    iterations           | 91           |
|    time_elapsed         | 294          |
|    total_timesteps      | 372736       |
| train/                  |              |
|    approx_kl            | 0.0013294036 |
|    clip_fraction        | 0.0127       |
|    clip_range           | 0.2          |
|    entropy_loss         | -0.134       |
|    explained_variance   | 0.884        |
|    learning_rate        | 0.0003       |
|    loss                 | 0.000853     |
|    n_updates            | 900          |
|    policy_gradient_loss | -0.000192    |
|    value_loss           | 9.15e-05     |
------------------------------------------
  step  375000/500000 ( 75.0%)  mean_rew=-0.001
------------------------------------------
| time/                   |              |
|    fps                  | 1268         |
|    iterations           | 92           |
|    time_elapsed         | 297          |
|    total_timesteps      | 376832       |
| train/                  |              |
|    approx_kl            | 0.0010073958 |
|    clip_fraction        | 0.0164       |
|    clip_range           | 0.2          |
|    entropy_loss         | -0.122       |
|    explained_variance   | 0.927        |
|    learning_rate        | 0.0003       |
|    loss                 | 0.00434      |
|    n_updates            | 910          |
|    policy_gradient_loss | -0.000708    |
|    value_loss           | 6.23e-05     |
------------------------------------------
  step  380000/500000 ( 76.0%)  mean_rew=+0.001
------------------------------------------
| time/                   |              |
|    fps                  | 1269         |
|    iterations           | 93           |
|    time_elapsed         | 300          |
|    total_timesteps      | 380928       |
| train/                  |              |
|    approx_kl            | 0.0012258028 |
|    clip_fraction        | 0.0163       |
|    clip_range           | 0.2          |
|    entropy_loss         | -0.109       |
|    explained_variance   | 0.873        |
|    learning_rate        | 0.0003       |
|    loss                 | -0.000285    |
|    n_updates            | 920          |
|    policy_gradient_loss | -0.000706    |
|    value_loss           | 0.000126     |
------------------------------------------
  step  385000/500000 ( 77.0%)  mean_rew=-0.000
-------------------------------------------
| time/                   |               |
|    fps                  | 1270          |
|    iterations           | 94            |
|    time_elapsed         | 302           |
|    total_timesteps      | 385024        |
| train/                  |               |
|    approx_kl            | 0.00072411046 |
|    clip_fraction        | 0.00669       |
|    clip_range           | 0.2           |
|    entropy_loss         | -0.101        |
|    explained_variance   | 0.898         |
|    learning_rate        | 0.0003        |
|    loss                 | -0.000647     |
|    n_updates            | 930           |
|    policy_gradient_loss | -0.000129     |
|    value_loss           | 8.25e-05      |
-------------------------------------------
------------------------------------------
| time/                   |              |
|    fps                  | 1271         |
|    iterations           | 95           |
|    time_elapsed         | 306          |
|    total_timesteps      | 389120       |
| train/                  |              |
|    approx_kl            | 0.0017483358 |
|    clip_fraction        | 0.00522      |
|    clip_range           | 0.2          |
|    entropy_loss         | -0.0909      |
|    explained_variance   | 0.927        |
|    learning_rate        | 0.0003       |
|    loss                 | -0.000604    |
|    n_updates            | 940          |
|    policy_gradient_loss | -0.000453    |
|    value_loss           | 6.32e-05     |
------------------------------------------
  step  390000/500000 ( 78.0%)  mean_rew=-0.001
-------------------------------------------
| time/                   |               |
|    fps                  | 1272          |
|    iterations           | 96            |
|    time_elapsed         | 308           |
|    total_timesteps      | 393216        |
| train/                  |               |
|    approx_kl            | 0.00077662664 |
|    clip_fraction        | 0.0108        |
|    clip_range           | 0.2           |
|    entropy_loss         | -0.0911       |
|    explained_variance   | 0.873         |
|    learning_rate        | 0.0003        |
|    loss                 | -0.00196      |
|    n_updates            | 950           |
|    policy_gradient_loss | -0.000488     |
|    value_loss           | 0.000118      |
-------------------------------------------
  step  395000/500000 ( 79.0%)  mean_rew=+0.000
------------------------------------------
| time/                   |              |
|    fps                  | 1273         |
|    iterations           | 97           |
|    time_elapsed         | 311          |
|    total_timesteps      | 397312       |
| train/                  |              |
|    approx_kl            | 0.0005339021 |
|    clip_fraction        | 0.00566      |
|    clip_range           | 0.2          |
|    entropy_loss         | -0.0903      |
|    explained_variance   | 0.882        |
|    learning_rate        | 0.0003       |
|    loss                 | 0.00077      |
|    n_updates            | 960          |
|    policy_gradient_loss | -0.000304    |
|    value_loss           | 0.000109     |
------------------------------------------
  step  400000/500000 ( 80.0%)  mean_rew=+0.001
-------------------------------------------
| time/                   |               |
|    fps                  | 1274          |
|    iterations           | 98            |
|    time_elapsed         | 314           |
|    total_timesteps      | 401408        |
| train/                  |               |
|    approx_kl            | 0.00079553097 |
|    clip_fraction        | 0.00488       |
|    clip_range           | 0.2           |
|    entropy_loss         | -0.0871       |
|    explained_variance   | 0.93          |
|    learning_rate        | 0.0003        |
|    loss                 | -0.00274      |
|    n_updates            | 970           |
|    policy_gradient_loss | -0.000195     |
|    value_loss           | 6.34e-05      |
-------------------------------------------
  step  405000/500000 ( 81.0%)  mean_rew=-0.002
------------------------------------------
| time/                   |              |
|    fps                  | 1275         |
|    iterations           | 99           |
|    time_elapsed         | 317          |
|    total_timesteps      | 405504       |
| train/                  |              |
|    approx_kl            | 0.0005715652 |
|    clip_fraction        | 0.00725      |
|    clip_range           | 0.2          |
|    entropy_loss         | -0.0858      |
|    explained_variance   | 0.884        |
|    learning_rate        | 0.0003       |
|    loss                 | 0.000349     |
|    n_updates            | 980          |
|    policy_gradient_loss | -0.000244    |
|    value_loss           | 0.000117     |
------------------------------------------
------------------------------------------
| time/                   |              |
|    fps                  | 1276         |
|    iterations           | 100          |
|    time_elapsed         | 320          |
|    total_timesteps      | 409600       |
| train/                  |              |
|    approx_kl            | 0.0012034464 |
|    clip_fraction        | 0.0104       |
|    clip_range           | 0.2          |
|    entropy_loss         | -0.0807      |
|    explained_variance   | 0.886        |
|    learning_rate        | 0.0003       |
|    loss                 | 0.00283      |
|    n_updates            | 990          |
|    policy_gradient_loss | -0.000316    |
|    value_loss           | 0.000116     |
------------------------------------------
  step  410000/500000 ( 82.0%)  mean_rew=-0.001
------------------------------------------
| time/                   |              |
|    fps                  | 1277         |
|    iterations           | 101          |
|    time_elapsed         | 323          |
|    total_timesteps      | 413696       |
| train/                  |              |
|    approx_kl            | 0.0010592269 |
|    clip_fraction        | 0.00613      |
|    clip_range           | 0.2          |
|    entropy_loss         | -0.0842      |
|    explained_variance   | 0.897        |
|    learning_rate        | 0.0003       |
|    loss                 | 0.00158      |
|    n_updates            | 1000         |
|    policy_gradient_loss | -0.00028     |
|    value_loss           | 8.48e-05     |
------------------------------------------
  step  415000/500000 ( 83.0%)  mean_rew=+0.001
-------------------------------------------
| time/                   |               |
|    fps                  | 1278          |
|    iterations           | 102           |
|    time_elapsed         | 326           |
|    total_timesteps      | 417792        |
| train/                  |               |
|    approx_kl            | 0.00083999796 |
|    clip_fraction        | 0.00984       |
|    clip_range           | 0.2           |
|    entropy_loss         | -0.0976       |
|    explained_variance   | 0.923         |
|    learning_rate        | 0.0003        |
|    loss                 | -0.00115      |
|    n_updates            | 1010          |
|    policy_gradient_loss | -0.000514     |
|    value_loss           | 7.15e-05      |
-------------------------------------------
  step  420000/500000 ( 84.0%)  mean_rew=+0.000
------------------------------------------
| time/                   |              |
|    fps                  | 1279         |
|    iterations           | 103          |
|    time_elapsed         | 329          |
|    total_timesteps      | 421888       |
| train/                  |              |
|    approx_kl            | 0.0011449351 |
|    clip_fraction        | 0.0101       |
|    clip_range           | 0.2          |
|    entropy_loss         | -0.106       |
|    explained_variance   | 0.884        |
|    learning_rate        | 0.0003       |
|    loss                 | -0.0011      |
|    n_updates            | 1020         |
|    policy_gradient_loss | -0.000568    |
|    value_loss           | 0.000116     |
------------------------------------------
  step  425000/500000 ( 85.0%)  mean_rew=-0.001
------------------------------------------
| time/                   |              |
|    fps                  | 1280         |
|    iterations           | 104          |
|    time_elapsed         | 332          |
|    total_timesteps      | 425984       |
| train/                  |              |
|    approx_kl            | 0.0006184313 |
|    clip_fraction        | 0.00959      |
|    clip_range           | 0.2          |
|    entropy_loss         | -0.11        |
|    explained_variance   | 0.898        |
|    learning_rate        | 0.0003       |
|    loss                 | 0.00108      |
|    n_updates            | 1030         |
|    policy_gradient_loss | -0.000517    |
|    value_loss           | 9.23e-05     |
------------------------------------------
  step  430000/500000 ( 86.0%)  mean_rew=+0.001
------------------------------------------
| time/                   |              |
|    fps                  | 1280         |
|    iterations           | 105          |
|    time_elapsed         | 335          |
|    total_timesteps      | 430080       |
| train/                  |              |
|    approx_kl            | 0.0015883592 |
|    clip_fraction        | 0.00591      |
|    clip_range           | 0.2          |
|    entropy_loss         | -0.0955      |
|    explained_variance   | 0.929        |
|    learning_rate        | 0.0003       |
|    loss                 | 2.91e-06     |
|    n_updates            | 1040         |
|    policy_gradient_loss | -0.000131    |
|    value_loss           | 6.16e-05     |
------------------------------------------
------------------------------------------
| time/                   |              |
|    fps                  | 1281         |
|    iterations           | 106          |
|    time_elapsed         | 338          |
|    total_timesteps      | 434176       |
| train/                  |              |
|    approx_kl            | 0.0010957767 |
|    clip_fraction        | 0.00671      |
|    clip_range           | 0.2          |
|    entropy_loss         | -0.102       |
|    explained_variance   | 0.882        |
|    learning_rate        | 0.0003       |
|    loss                 | -0.00228     |
|    n_updates            | 1050         |
|    policy_gradient_loss | -7.68e-05    |
|    value_loss           | 0.000121     |
------------------------------------------
  step  435000/500000 ( 87.0%)  mean_rew=+0.000
------------------------------------------
| time/                   |              |
|    fps                  | 1282         |
|    iterations           | 107          |
|    time_elapsed         | 341          |
|    total_timesteps      | 438272       |
| train/                  |              |
|    approx_kl            | 0.0007574486 |
|    clip_fraction        | 0.00571      |
|    clip_range           | 0.2          |
|    entropy_loss         | -0.11        |
|    explained_variance   | 0.884        |
|    learning_rate        | 0.0003       |
|    loss                 | 0.000685     |
|    n_updates            | 1060         |
|    policy_gradient_loss | 0.000118     |
|    value_loss           | 0.000117     |
------------------------------------------
  step  440000/500000 ( 88.0%)  mean_rew=-0.002
------------------------------------------
| time/                   |              |
|    fps                  | 1283         |
|    iterations           | 108          |
|    time_elapsed         | 344          |
|    total_timesteps      | 442368       |
| train/                  |              |
|    approx_kl            | 0.0012373414 |
|    clip_fraction        | 0.00867      |
|    clip_range           | 0.2          |
|    entropy_loss         | -0.105       |
|    explained_variance   | 0.9          |
|    learning_rate        | 0.0003       |
|    loss                 | -0.0108      |
|    n_updates            | 1070         |
|    policy_gradient_loss | -0.00052     |
|    value_loss           | 7.74e-05     |
------------------------------------------
  step  445000/500000 ( 89.0%)  mean_rew=-0.003
-------------------------------------------
| time/                   |               |
|    fps                  | 1283          |
|    iterations           | 109           |
|    time_elapsed         | 347           |
|    total_timesteps      | 446464        |
| train/                  |               |
|    approx_kl            | 0.00043687475 |
|    clip_fraction        | 0.00298       |
|    clip_range           | 0.2           |
|    entropy_loss         | -0.101        |
|    explained_variance   | 0.938         |
|    learning_rate        | 0.0003        |
|    loss                 | 0.000379      |
|    n_updates            | 1080          |
|    policy_gradient_loss | 2.42e-05      |
|    value_loss           | 5.13e-05      |
-------------------------------------------
  step  450000/500000 ( 90.0%)  mean_rew=-0.001
-------------------------------------------
| time/                   |               |
|    fps                  | 1284          |
|    iterations           | 110           |
|    time_elapsed         | 350           |
|    total_timesteps      | 450560        |
| train/                  |               |
|    approx_kl            | 0.00096473785 |
|    clip_fraction        | 0.0121        |
|    clip_range           | 0.2           |
|    entropy_loss         | -0.0968       |
|    explained_variance   | 0.881         |
|    learning_rate        | 0.0003        |
|    loss                 | 0.000954      |
|    n_updates            | 1090          |
|    policy_gradient_loss | -0.000631     |
|    value_loss           | 0.000111      |
-------------------------------------------
------------------------------------------
| time/                   |              |
|    fps                  | 1285         |
|    iterations           | 111          |
|    time_elapsed         | 353          |
|    total_timesteps      | 454656       |
| train/                  |              |
|    approx_kl            | 0.0012504336 |
|    clip_fraction        | 0.0119       |
|    clip_range           | 0.2          |
|    entropy_loss         | -0.0987      |
|    explained_variance   | 0.898        |
|    learning_rate        | 0.0003       |
|    loss                 | 0.000324     |
|    n_updates            | 1100         |
|    policy_gradient_loss | -0.000534    |
|    value_loss           | 8.49e-05     |
------------------------------------------
  step  455000/500000 ( 91.0%)  mean_rew=-0.001
-------------------------------------------
| time/                   |               |
|    fps                  | 1285          |
|    iterations           | 112           |
|    time_elapsed         | 356           |
|    total_timesteps      | 458752        |
| train/                  |               |
|    approx_kl            | 0.00080814224 |
|    clip_fraction        | 0.00518       |
|    clip_range           | 0.2           |
|    entropy_loss         | -0.0986       |
|    explained_variance   | 0.923         |
|    learning_rate        | 0.0003        |
|    loss                 | -0.000324     |
|    n_updates            | 1110          |
|    policy_gradient_loss | -0.000113     |
|    value_loss           | 6.69e-05      |
-------------------------------------------
  step  460000/500000 ( 92.0%)  mean_rew=+0.000
------------------------------------------
| time/                   |              |
|    fps                  | 1286         |
|    iterations           | 113          |
|    time_elapsed         | 359          |
|    total_timesteps      | 462848       |
| train/                  |              |
|    approx_kl            | 0.0010336478 |
|    clip_fraction        | 0.00984      |
|    clip_range           | 0.2          |
|    entropy_loss         | -0.0936      |
|    explained_variance   | 0.874        |
|    learning_rate        | 0.0003       |
|    loss                 | -0.000903    |
|    n_updates            | 1120         |
|    policy_gradient_loss | -0.000419    |
|    value_loss           | 0.000118     |
------------------------------------------
  step  465000/500000 ( 93.0%)  mean_rew=-0.000
-------------------------------------------
| time/                   |               |
|    fps                  | 1286          |
|    iterations           | 114           |
|    time_elapsed         | 362           |
|    total_timesteps      | 466944        |
| train/                  |               |
|    approx_kl            | 0.00053847244 |
|    clip_fraction        | 0.00427       |
|    clip_range           | 0.2           |
|    entropy_loss         | -0.0968       |
|    explained_variance   | 0.871         |
|    learning_rate        | 0.0003        |
|    loss                 | 0.000156      |
|    n_updates            | 1130          |
|    policy_gradient_loss | 0.000118      |
|    value_loss           | 0.000124      |
-------------------------------------------
  step  470000/500000 ( 94.0%)  mean_rew=-0.001
------------------------------------------
| time/                   |              |
|    fps                  | 1287         |
|    iterations           | 115          |
|    time_elapsed         | 365          |
|    total_timesteps      | 471040       |
| train/                  |              |
|    approx_kl            | 0.0012641157 |
|    clip_fraction        | 0.0148       |
|    clip_range           | 0.2          |
|    entropy_loss         | -0.0872      |
|    explained_variance   | 0.897        |
|    learning_rate        | 0.0003       |
|    loss                 | 0.00346      |
|    n_updates            | 1140         |
|    policy_gradient_loss | -0.000506    |
|    value_loss           | 8.38e-05     |
------------------------------------------
  step  475000/500000 ( 95.0%)  mean_rew=-0.000
-----------------------------------------
| time/                   |             |
|    fps                  | 1288        |
|    iterations           | 116         |
|    time_elapsed         | 368         |
|    total_timesteps      | 475136      |
| train/                  |             |
|    approx_kl            | 0.000762249 |
|    clip_fraction        | 0.00674     |
|    clip_range           | 0.2         |
|    entropy_loss         | -0.0838     |
|    explained_variance   | 0.924       |
|    learning_rate        | 0.0003      |
|    loss                 | -0.00184    |
|    n_updates            | 1150        |
|    policy_gradient_loss | -0.000206   |
|    value_loss           | 6.38e-05    |
-----------------------------------------
------------------------------------------
| time/                   |              |
|    fps                  | 1288         |
|    iterations           | 117          |
|    time_elapsed         | 371          |
|    total_timesteps      | 479232       |
| train/                  |              |
|    approx_kl            | 0.0008854607 |
|    clip_fraction        | 0.00364      |
|    clip_range           | 0.2          |
|    entropy_loss         | -0.0839      |
|    explained_variance   | 0.872        |
|    learning_rate        | 0.0003       |
|    loss                 | -0.00457     |
|    n_updates            | 1160         |
|    policy_gradient_loss | -0.000373    |
|    value_loss           | 0.000126     |
------------------------------------------
  step  480000/500000 ( 96.0%)  mean_rew=-0.002
-------------------------------------------
| time/                   |               |
|    fps                  | 1289          |
|    iterations           | 118           |
|    time_elapsed         | 374           |
|    total_timesteps      | 483328        |
| train/                  |               |
|    approx_kl            | 0.00054399465 |
|    clip_fraction        | 0.00686       |
|    clip_range           | 0.2           |
|    entropy_loss         | -0.0817       |
|    explained_variance   | 0.897         |
|    learning_rate        | 0.0003        |
|    loss                 | 0.00235       |
|    n_updates            | 1170          |
|    policy_gradient_loss | -0.000147     |
|    value_loss           | 8.67e-05      |
-------------------------------------------
  step  485000/500000 ( 97.0%)  mean_rew=-0.001
-------------------------------------------
| time/                   |               |
|    fps                  | 1289          |
|    iterations           | 119           |
|    time_elapsed         | 377           |
|    total_timesteps      | 487424        |
| train/                  |               |
|    approx_kl            | 0.00064397545 |
|    clip_fraction        | 0.0053        |
|    clip_range           | 0.2           |
|    entropy_loss         | -0.0869       |
|    explained_variance   | 0.92          |
|    learning_rate        | 0.0003        |
|    loss                 | -0.0024       |
|    n_updates            | 1180          |
|    policy_gradient_loss | -0.000171     |
|    value_loss           | 7.51e-05      |
-------------------------------------------
  step  490000/500000 ( 98.0%)  mean_rew=+0.000
------------------------------------------
| time/                   |              |
|    fps                  | 1290         |
|    iterations           | 120          |
|    time_elapsed         | 380          |
|    total_timesteps      | 491520       |
| train/                  |              |
|    approx_kl            | 0.0008426958 |
|    clip_fraction        | 0.0118       |
|    clip_range           | 0.2          |
|    entropy_loss         | -0.0904      |
|    explained_variance   | 0.877        |
|    learning_rate        | 0.0003       |
|    loss                 | -0.00299     |
|    n_updates            | 1190         |
|    policy_gradient_loss | -0.000532    |
|    value_loss           | 0.000118     |
------------------------------------------
  step  495000/500000 ( 99.0%)  mean_rew=-0.001
-------------------------------------------
| time/                   |               |
|    fps                  | 1291          |
|    iterations           | 121           |
|    time_elapsed         | 383           |
|    total_timesteps      | 495616        |
| train/                  |               |
|    approx_kl            | 0.00097524154 |
|    clip_fraction        | 0.0145        |
|    clip_range           | 0.2           |
|    entropy_loss         | -0.0832       |
|    explained_variance   | 0.874         |
|    learning_rate        | 0.0003        |
|    loss                 | 0.000924      |
|    n_updates            | 1200          |
|    policy_gradient_loss | -0.000368     |
|    value_loss           | 0.000127      |
-------------------------------------------
------------------------------------------
| time/                   |              |
|    fps                  | 1291         |
|    iterations           | 122          |
|    time_elapsed         | 386          |
|    total_timesteps      | 499712       |
| train/                  |              |
|    approx_kl            | 0.0007326942 |
|    clip_fraction        | 0.0126       |
|    clip_range           | 0.2          |
|    entropy_loss         | -0.0864      |
|    explained_variance   | 0.906        |
|    learning_rate        | 0.0003       |
|    loss                 | -0.00398     |
|    n_updates            | 1210         |
|    policy_gradient_loss | -0.000606    |
|    value_loss           | 8.37e-05     |
------------------------------------------
  step  500000/500000 (100.0%)  mean_rew=-0.000
------------------------------------------
| time/                   |              |
|    fps                  | 1292         |
|    iterations           | 123          |
|    time_elapsed         | 389          |
|    total_timesteps      | 503808       |
| train/                  |              |
|    approx_kl            | 0.0011481898 |
|    clip_fraction        | 0.00559      |
|    clip_range           | 0.2          |
|    entropy_loss         | -0.0783      |
|    explained_variance   | 0.922        |
|    learning_rate        | 0.0003       |
|    loss                 | 0.000819     |
|    n_updates            | 1220         |
|    policy_gradient_loss | -0.00024     |
|    value_loss           | 7.56e-05     |
------------------------------------------
[cologne8-PPO] Done. Saved -> exp_cologne8_real/ppo_queue_s5678
