Using libsumo as traci as requested by environment variable.
[cologne8-PPO] 8 agents | reward=queue | seed=123
  obs=(7,) | act=Discrete(4)
Using cpu device
-----------------------------
| time/              |      |
|    fps             | 1602 |
|    iterations      | 1    |
|    time_elapsed    | 2    |
|    total_timesteps | 4096 |
-----------------------------
  step    5000/500000 (  1.0%)  mean_rew=-0.004
-----------------------------------------
| time/                   |             |
|    fps                  | 1334        |
|    iterations           | 2           |
|    time_elapsed         | 6           |
|    total_timesteps      | 8192        |
| train/                  |             |
|    approx_kl            | 0.016157154 |
|    clip_fraction        | 0.0586      |
|    clip_range           | 0.2         |
|    entropy_loss         | -1.38       |
|    explained_variance   | 0.318       |
|    learning_rate        | 0.0003      |
|    loss                 | -0.00455    |
|    n_updates            | 10          |
|    policy_gradient_loss | -0.00677    |
|    value_loss           | 0.0098      |
-----------------------------------------
  step   10000/500000 (  2.0%)  mean_rew=-0.001
----------------------------------------
| time/                   |            |
|    fps                  | 1294       |
|    iterations           | 3          |
|    time_elapsed         | 9          |
|    total_timesteps      | 12288      |
| train/                  |            |
|    approx_kl            | 0.01257832 |
|    clip_fraction        | 0.147      |
|    clip_range           | 0.2        |
|    entropy_loss         | -1.33      |
|    explained_variance   | 0.758      |
|    learning_rate        | 0.0003     |
|    loss                 | -0.00305   |
|    n_updates            | 20         |
|    policy_gradient_loss | -0.00922   |
|    value_loss           | 0.004      |
----------------------------------------
  step   15000/500000 (  3.0%)  mean_rew=-0.003
-----------------------------------------
| time/                   |             |
|    fps                  | 1257        |
|    iterations           | 4           |
|    time_elapsed         | 13          |
|    total_timesteps      | 16384       |
| train/                  |             |
|    approx_kl            | 0.010403568 |
|    clip_fraction        | 0.0735      |
|    clip_range           | 0.2         |
|    entropy_loss         | -1.29       |
|    explained_variance   | 0.803       |
|    learning_rate        | 0.0003      |
|    loss                 | 0.0169      |
|    n_updates            | 30          |
|    policy_gradient_loss | -0.00543    |
|    value_loss           | 0.0026      |
-----------------------------------------
  step   20000/500000 (  4.0%)  mean_rew=-0.002
-----------------------------------------
| time/                   |             |
|    fps                  | 1234        |
|    iterations           | 5           |
|    time_elapsed         | 16          |
|    total_timesteps      | 20480       |
| train/                  |             |
|    approx_kl            | 0.009943257 |
|    clip_fraction        | 0.0868      |
|    clip_range           | 0.2         |
|    entropy_loss         | -1.23       |
|    explained_variance   | 0.768       |
|    learning_rate        | 0.0003      |
|    loss                 | -0.00812    |
|    n_updates            | 40          |
|    policy_gradient_loss | -0.00924    |
|    value_loss           | 0.00518     |
-----------------------------------------
----------------------------------------
| time/                   |            |
|    fps                  | 1230       |
|    iterations           | 6          |
|    time_elapsed         | 19         |
|    total_timesteps      | 24576      |
| train/                  |            |
|    approx_kl            | 0.01044377 |
|    clip_fraction        | 0.0821     |
|    clip_range           | 0.2        |
|    entropy_loss         | -1.18      |
|    explained_variance   | 0.806      |
|    learning_rate        | 0.0003     |
|    loss                 | -0.00623   |
|    n_updates            | 50         |
|    policy_gradient_loss | -0.0063    |
|    value_loss           | 0.00387    |
----------------------------------------
  step   25000/500000 (  5.0%)  mean_rew=-0.007
----------------------------------------
| time/                   |            |
|    fps                  | 1228       |
|    iterations           | 7          |
|    time_elapsed         | 23         |
|    total_timesteps      | 28672      |
| train/                  |            |
|    approx_kl            | 0.00999626 |
|    clip_fraction        | 0.0502     |
|    clip_range           | 0.2        |
|    entropy_loss         | -1.15      |
|    explained_variance   | 0.84       |
|    learning_rate        | 0.0003     |
|    loss                 | -0.00912   |
|    n_updates            | 60         |
|    policy_gradient_loss | -0.00356   |
|    value_loss           | 0.00199    |
----------------------------------------
  step   30000/500000 (  6.0%)  mean_rew=-0.000
-----------------------------------------
| time/                   |             |
|    fps                  | 1222        |
|    iterations           | 8           |
|    time_elapsed         | 26          |
|    total_timesteps      | 32768       |
| train/                  |             |
|    approx_kl            | 0.013451112 |
|    clip_fraction        | 0.103       |
|    clip_range           | 0.2         |
|    entropy_loss         | -1.07       |
|    explained_variance   | 0.919       |
|    learning_rate        | 0.0003      |
|    loss                 | -1.94e-05   |
|    n_updates            | 70          |
|    policy_gradient_loss | -0.0064     |
|    value_loss           | 0.000854    |
-----------------------------------------
  step   35000/500000 (  7.0%)  mean_rew=+0.000
----------------------------------------
| time/                   |            |
|    fps                  | 1218       |
|    iterations           | 9          |
|    time_elapsed         | 30         |
|    total_timesteps      | 36864      |
| train/                  |            |
|    approx_kl            | 0.01159204 |
|    clip_fraction        | 0.119      |
|    clip_range           | 0.2        |
|    entropy_loss         | -0.964     |
|    explained_variance   | 0.885      |
|    learning_rate        | 0.0003     |
|    loss                 | 0.00425    |
|    n_updates            | 80         |
|    policy_gradient_loss | -0.00765   |
|    value_loss           | 0.00113    |
----------------------------------------
  step   40000/500000 (  8.0%)  mean_rew=+0.000
-----------------------------------------
| time/                   |             |
|    fps                  | 1221        |
|    iterations           | 10          |
|    time_elapsed         | 33          |
|    total_timesteps      | 40960       |
| train/                  |             |
|    approx_kl            | 0.006179644 |
|    clip_fraction        | 0.0685      |
|    clip_range           | 0.2         |
|    entropy_loss         | -0.909      |
|    explained_variance   | 0.896       |
|    learning_rate        | 0.0003      |
|    loss                 | -0.0136     |
|    n_updates            | 90          |
|    policy_gradient_loss | -0.00465    |
|    value_loss           | 0.000854    |
-----------------------------------------
  step   45000/500000 (  9.0%)  mean_rew=-0.002
------------------------------------------
| time/                   |              |
|    fps                  | 1218         |
|    iterations           | 11           |
|    time_elapsed         | 36           |
|    total_timesteps      | 45056        |
| train/                  |              |
|    approx_kl            | 0.0052204262 |
|    clip_fraction        | 0.0362       |
|    clip_range           | 0.2          |
|    entropy_loss         | -0.857       |
|    explained_variance   | 0.902        |
|    learning_rate        | 0.0003       |
|    loss                 | 7.02e-05     |
|    n_updates            | 100          |
|    policy_gradient_loss | -0.00245     |
|    value_loss           | 0.000577     |
------------------------------------------
------------------------------------------
| time/                   |              |
|    fps                  | 1215         |
|    iterations           | 12           |
|    time_elapsed         | 40           |
|    total_timesteps      | 49152        |
| train/                  |              |
|    approx_kl            | 0.0069311596 |
|    clip_fraction        | 0.0886       |
|    clip_range           | 0.2          |
|    entropy_loss         | -0.76        |
|    explained_variance   | 0.943        |
|    learning_rate        | 0.0003       |
|    loss                 | -0.00556     |
|    n_updates            | 110          |
|    policy_gradient_loss | -0.00668     |
|    value_loss           | 0.000303     |
------------------------------------------
  step   50000/500000 ( 10.0%)  mean_rew=-0.002
-----------------------------------------
| time/                   |             |
|    fps                  | 1216        |
|    iterations           | 13          |
|    time_elapsed         | 43          |
|    total_timesteps      | 53248       |
| train/                  |             |
|    approx_kl            | 0.004160666 |
|    clip_fraction        | 0.0388      |
|    clip_range           | 0.2         |
|    entropy_loss         | -0.711      |
|    explained_variance   | 0.888       |
|    learning_rate        | 0.0003      |
|    loss                 | -0.00156    |
|    n_updates            | 120         |
|    policy_gradient_loss | -0.00288    |
|    value_loss           | 0.00058     |
-----------------------------------------
  step   55000/500000 ( 11.0%)  mean_rew=+0.000
-----------------------------------------
| time/                   |             |
|    fps                  | 1214        |
|    iterations           | 14          |
|    time_elapsed         | 47          |
|    total_timesteps      | 57344       |
| train/                  |             |
|    approx_kl            | 0.004765594 |
|    clip_fraction        | 0.05        |
|    clip_range           | 0.2         |
|    entropy_loss         | -0.696      |
|    explained_variance   | 0.901       |
|    learning_rate        | 0.0003      |
|    loss                 | 0.00445     |
|    n_updates            | 130         |
|    policy_gradient_loss | -0.00257    |
|    value_loss           | 0.000398    |
-----------------------------------------
  step   60000/500000 ( 12.0%)  mean_rew=-0.000
-----------------------------------------
| time/                   |             |
|    fps                  | 1212        |
|    iterations           | 15          |
|    time_elapsed         | 50          |
|    total_timesteps      | 61440       |
| train/                  |             |
|    approx_kl            | 0.005152035 |
|    clip_fraction        | 0.0617      |
|    clip_range           | 0.2         |
|    entropy_loss         | -0.614      |
|    explained_variance   | 0.954       |
|    learning_rate        | 0.0003      |
|    loss                 | -0.000185   |
|    n_updates            | 140         |
|    policy_gradient_loss | -0.00623    |
|    value_loss           | 0.000152    |
-----------------------------------------
  step   65000/500000 ( 13.0%)  mean_rew=-0.001
------------------------------------------
| time/                   |              |
|    fps                  | 1211         |
|    iterations           | 16           |
|    time_elapsed         | 54           |
|    total_timesteps      | 65536        |
| train/                  |              |
|    approx_kl            | 0.0016958489 |
|    clip_fraction        | 0.0141       |
|    clip_range           | 0.2          |
|    entropy_loss         | -0.58        |
|    explained_variance   | 0.904        |
|    learning_rate        | 0.0003       |
|    loss                 | -0.00567     |
|    n_updates            | 150          |
|    policy_gradient_loss | -0.000653    |
|    value_loss           | 0.000324     |
------------------------------------------
------------------------------------------
| time/                   |              |
|    fps                  | 1213         |
|    iterations           | 17           |
|    time_elapsed         | 57           |
|    total_timesteps      | 69632        |
| train/                  |              |
|    approx_kl            | 0.0048457203 |
|    clip_fraction        | 0.054        |
|    clip_range           | 0.2          |
|    entropy_loss         | -0.512       |
|    explained_variance   | 0.894        |
|    learning_rate        | 0.0003       |
|    loss                 | -0.00273     |
|    n_updates            | 160          |
|    policy_gradient_loss | -0.0046      |
|    value_loss           | 0.000328     |
------------------------------------------
  step   70000/500000 ( 14.0%)  mean_rew=-0.000
----------------------------------------
| time/                   |            |
|    fps                  | 1212       |
|    iterations           | 18         |
|    time_elapsed         | 60         |
|    total_timesteps      | 73728      |
| train/                  |            |
|    approx_kl            | 0.00183237 |
|    clip_fraction        | 0.0128     |
|    clip_range           | 0.2        |
|    entropy_loss         | -0.468     |
|    explained_variance   | 0.901      |
|    learning_rate        | 0.0003     |
|    loss                 | -0.000897  |
|    n_updates            | 170        |
|    policy_gradient_loss | -0.000914  |
|    value_loss           | 0.000225   |
----------------------------------------
  step   75000/500000 ( 15.0%)  mean_rew=-0.001
------------------------------------------
| time/                   |              |
|    fps                  | 1209         |
|    iterations           | 19           |
|    time_elapsed         | 64           |
|    total_timesteps      | 77824        |
| train/                  |              |
|    approx_kl            | 0.0023646704 |
|    clip_fraction        | 0.0294       |
|    clip_range           | 0.2          |
|    entropy_loss         | -0.428       |
|    explained_variance   | 0.958        |
|    learning_rate        | 0.0003       |
|    loss                 | -0.014       |
|    n_updates            | 180          |
|    policy_gradient_loss | -0.00205     |
|    value_loss           | 9.16e-05     |
------------------------------------------
  step   80000/500000 ( 16.0%)  mean_rew=-0.003
------------------------------------------
| time/                   |              |
|    fps                  | 1211         |
|    iterations           | 20           |
|    time_elapsed         | 67           |
|    total_timesteps      | 81920        |
| train/                  |              |
|    approx_kl            | 0.0020100204 |
|    clip_fraction        | 0.0163       |
|    clip_range           | 0.2          |
|    entropy_loss         | -0.396       |
|    explained_variance   | 0.89         |
|    learning_rate        | 0.0003       |
|    loss                 | -0.00151     |
|    n_updates            | 190          |
|    policy_gradient_loss | -0.00147     |
|    value_loss           | 0.00024      |
------------------------------------------
  step   85000/500000 ( 17.0%)  mean_rew=+0.001
------------------------------------------
| time/                   |              |
|    fps                  | 1210         |
|    iterations           | 21           |
|    time_elapsed         | 71           |
|    total_timesteps      | 86016        |
| train/                  |              |
|    approx_kl            | 0.0043781525 |
|    clip_fraction        | 0.0209       |
|    clip_range           | 0.2          |
|    entropy_loss         | -0.374       |
|    explained_variance   | 0.906        |
|    learning_rate        | 0.0003       |
|    loss                 | 0.00227      |
|    n_updates            | 200          |
|    policy_gradient_loss | -0.00132     |
|    value_loss           | 0.000159     |
------------------------------------------
  step   90000/500000 ( 18.0%)  mean_rew=-0.000
------------------------------------------
| time/                   |              |
|    fps                  | 1209         |
|    iterations           | 22           |
|    time_elapsed         | 74           |
|    total_timesteps      | 90112        |
| train/                  |              |
|    approx_kl            | 0.0024357885 |
|    clip_fraction        | 0.0282       |
|    clip_range           | 0.2          |
|    entropy_loss         | -0.356       |
|    explained_variance   | 0.943        |
|    learning_rate        | 0.0003       |
|    loss                 | -0.00709     |
|    n_updates            | 210          |
|    policy_gradient_loss | -0.00173     |
|    value_loss           | 9.28e-05     |
------------------------------------------
------------------------------------------
| time/                   |              |
|    fps                  | 1208         |
|    iterations           | 23           |
|    time_elapsed         | 77           |
|    total_timesteps      | 94208        |
| train/                  |              |
|    approx_kl            | 0.0019505462 |
|    clip_fraction        | 0.0238       |
|    clip_range           | 0.2          |
|    entropy_loss         | -0.321       |
|    explained_variance   | 0.876        |
|    learning_rate        | 0.0003       |
|    loss                 | 2.35e-05     |
|    n_updates            | 220          |
|    policy_gradient_loss | -0.00127     |
|    value_loss           | 0.000201     |
------------------------------------------
  step   95000/500000 ( 19.0%)  mean_rew=-0.001
------------------------------------------
| time/                   |              |
|    fps                  | 1209         |
|    iterations           | 24           |
|    time_elapsed         | 81           |
|    total_timesteps      | 98304        |
| train/                  |              |
|    approx_kl            | 0.0017071258 |
|    clip_fraction        | 0.0177       |
|    clip_range           | 0.2          |
|    entropy_loss         | -0.298       |
|    explained_variance   | 0.892        |
|    learning_rate        | 0.0003       |
|    loss                 | -0.00848     |
|    n_updates            | 230          |
|    policy_gradient_loss | -0.00143     |
|    value_loss           | 0.000161     |
------------------------------------------
  step  100000/500000 ( 20.0%)  mean_rew=-0.002
------------------------------------------
| time/                   |              |
|    fps                  | 1209         |
|    iterations           | 25           |
|    time_elapsed         | 84           |
|    total_timesteps      | 102400       |
| train/                  |              |
|    approx_kl            | 0.0014229591 |
|    clip_fraction        | 0.0222       |
|    clip_range           | 0.2          |
|    entropy_loss         | -0.28        |
|    explained_variance   | 0.896        |
|    learning_rate        | 0.0003       |
|    loss                 | -0.00167     |
|    n_updates            | 240          |
|    policy_gradient_loss | -0.0018      |
|    value_loss           | 0.000127     |
------------------------------------------
  step  105000/500000 ( 21.0%)  mean_rew=-0.000
-----------------------------------------
| time/                   |             |
|    fps                  | 1208        |
|    iterations           | 26          |
|    time_elapsed         | 88          |
|    total_timesteps      | 106496      |
| train/                  |             |
|    approx_kl            | 0.005883964 |
|    clip_fraction        | 0.0223      |
|    clip_range           | 0.2         |
|    entropy_loss         | -0.278      |
|    explained_variance   | 0.931       |
|    learning_rate        | 0.0003      |
|    loss                 | -0.000556   |
|    n_updates            | 250         |
|    policy_gradient_loss | -0.00198    |
|    value_loss           | 8.72e-05    |
-----------------------------------------
  step  110000/500000 ( 22.0%)  mean_rew=+0.001
------------------------------------------
| time/                   |              |
|    fps                  | 1209         |
|    iterations           | 27           |
|    time_elapsed         | 91           |
|    total_timesteps      | 110592       |
| train/                  |              |
|    approx_kl            | 0.0014584204 |
|    clip_fraction        | 0.0183       |
|    clip_range           | 0.2          |
|    entropy_loss         | -0.269       |
|    explained_variance   | 0.877        |
|    learning_rate        | 0.0003       |
|    loss                 | -0.00312     |
|    n_updates            | 260          |
|    policy_gradient_loss | -0.00118     |
|    value_loss           | 0.000159     |
------------------------------------------
------------------------------------------
| time/                   |              |
|    fps                  | 1209         |
|    iterations           | 28           |
|    time_elapsed         | 94           |
|    total_timesteps      | 114688       |
| train/                  |              |
|    approx_kl            | 0.0009983893 |
|    clip_fraction        | 0.0111       |
|    clip_range           | 0.2          |
|    entropy_loss         | -0.257       |
|    explained_variance   | 0.899        |
|    learning_rate        | 0.0003       |
|    loss                 | -0.00212     |
|    n_updates            | 270          |
|    policy_gradient_loss | -0.000548    |
|    value_loss           | 0.000103     |
------------------------------------------
  step  115000/500000 ( 23.0%)  mean_rew=+0.000
-----------------------------------------
| time/                   |             |
|    fps                  | 1208        |
|    iterations           | 29          |
|    time_elapsed         | 98          |
|    total_timesteps      | 118784      |
| train/                  |             |
|    approx_kl            | 0.002063182 |
|    clip_fraction        | 0.0273      |
|    clip_range           | 0.2         |
|    entropy_loss         | -0.242      |
|    explained_variance   | 0.919       |
|    learning_rate        | 0.0003      |
|    loss                 | 0.00451     |
|    n_updates            | 280         |
|    policy_gradient_loss | -0.00409    |
|    value_loss           | 8.48e-05    |
-----------------------------------------
  step  120000/500000 ( 24.0%)  mean_rew=-0.001
------------------------------------------
| time/                   |              |
|    fps                  | 1208         |
|    iterations           | 30           |
|    time_elapsed         | 101          |
|    total_timesteps      | 122880       |
| train/                  |              |
|    approx_kl            | 0.0010649848 |
|    clip_fraction        | 0.0185       |
|    clip_range           | 0.2          |
|    entropy_loss         | -0.252       |
|    explained_variance   | 0.882        |
|    learning_rate        | 0.0003       |
|    loss                 | 0.00175      |
|    n_updates            | 290          |
|    policy_gradient_loss | -0.00172     |
|    value_loss           | 0.000133     |
------------------------------------------
  step  125000/500000 ( 25.0%)  mean_rew=-0.000
------------------------------------------
| time/                   |              |
|    fps                  | 1208         |
|    iterations           | 31           |
|    time_elapsed         | 105          |
|    total_timesteps      | 126976       |
| train/                  |              |
|    approx_kl            | 0.0008643848 |
|    clip_fraction        | 0.0102       |
|    clip_range           | 0.2          |
|    entropy_loss         | -0.255       |
|    explained_variance   | 0.882        |
|    learning_rate        | 0.0003       |
|    loss                 | 0.00222      |
|    n_updates            | 300          |
|    policy_gradient_loss | -0.000144    |
|    value_loss           | 0.000133     |
------------------------------------------
  step  130000/500000 ( 26.0%)  mean_rew=-0.001
------------------------------------------
| time/                   |              |
|    fps                  | 1207         |
|    iterations           | 32           |
|    time_elapsed         | 108          |
|    total_timesteps      | 131072       |
| train/                  |              |
|    approx_kl            | 0.0009968776 |
|    clip_fraction        | 0.0141       |
|    clip_range           | 0.2          |
|    entropy_loss         | -0.226       |
|    explained_variance   | 0.902        |
|    learning_rate        | 0.0003       |
|    loss                 | 0.000641     |
|    n_updates            | 310          |
|    policy_gradient_loss | -0.000879    |
|    value_loss           | 9.2e-05      |
------------------------------------------
  step  135000/500000 ( 27.0%)  mean_rew=-0.001
------------------------------------------
| time/                   |              |
|    fps                  | 1207         |
|    iterations           | 33           |
|    time_elapsed         | 111          |
|    total_timesteps      | 135168       |
| train/                  |              |
|    approx_kl            | 0.0012511144 |
|    clip_fraction        | 0.0162       |
|    clip_range           | 0.2          |
|    entropy_loss         | -0.212       |
|    explained_variance   | 0.926        |
|    learning_rate        | 0.0003       |
|    loss                 | -0.00234     |
|    n_updates            | 320          |
|    policy_gradient_loss | -0.00031     |
|    value_loss           | 7.59e-05     |
------------------------------------------
------------------------------------------
| time/                   |              |
|    fps                  | 1208         |
|    iterations           | 34           |
|    time_elapsed         | 115          |
|    total_timesteps      | 139264       |
| train/                  |              |
|    approx_kl            | 0.0012478029 |
|    clip_fraction        | 0.0116       |
|    clip_range           | 0.2          |
|    entropy_loss         | -0.213       |
|    explained_variance   | 0.874        |
|    learning_rate        | 0.0003       |
|    loss                 | -1.71e-05    |
|    n_updates            | 330          |
|    policy_gradient_loss | -0.000365    |
|    value_loss           | 0.000141     |
------------------------------------------
  step  140000/500000 ( 28.0%)  mean_rew=-0.000
------------------------------------------
| time/                   |              |
|    fps                  | 1208         |
|    iterations           | 35           |
|    time_elapsed         | 118          |
|    total_timesteps      | 143360       |
| train/                  |              |
|    approx_kl            | 0.0007570324 |
|    clip_fraction        | 0.00925      |
|    clip_range           | 0.2          |
|    entropy_loss         | -0.211       |
|    explained_variance   | 0.903        |
|    learning_rate        | 0.0003       |
|    loss                 | 0.000262     |
|    n_updates            | 340          |
|    policy_gradient_loss | -0.00041     |
|    value_loss           | 8.91e-05     |
------------------------------------------
  step  145000/500000 ( 29.0%)  mean_rew=-0.002
------------------------------------------
| time/                   |              |
|    fps                  | 1207         |
|    iterations           | 36           |
|    time_elapsed         | 122          |
|    total_timesteps      | 147456       |
| train/                  |              |
|    approx_kl            | 0.0011015129 |
|    clip_fraction        | 0.0124       |
|    clip_range           | 0.2          |
|    entropy_loss         | -0.18        |
|    explained_variance   | 0.93         |
|    learning_rate        | 0.0003       |
|    loss                 | 0.000917     |
|    n_updates            | 350          |
|    policy_gradient_loss | -0.000844    |
|    value_loss           | 6.87e-05     |
------------------------------------------
  step  150000/500000 ( 30.0%)  mean_rew=-0.001
-------------------------------------------
| time/                   |               |
|    fps                  | 1207          |
|    iterations           | 37            |
|    time_elapsed         | 125           |
|    total_timesteps      | 151552        |
| train/                  |               |
|    approx_kl            | 0.00067054137 |
|    clip_fraction        | 0.0143        |
|    clip_range           | 0.2           |
|    entropy_loss         | -0.166        |
|    explained_variance   | 0.86          |
|    learning_rate        | 0.0003        |
|    loss                 | -0.00801      |
|    n_updates            | 360           |
|    policy_gradient_loss | -0.00137      |
|    value_loss           | 0.000155      |
-------------------------------------------
  step  155000/500000 ( 31.0%)  mean_rew=-0.001
------------------------------------------
| time/                   |              |
|    fps                  | 1207         |
|    iterations           | 38           |
|    time_elapsed         | 128          |
|    total_timesteps      | 155648       |
| train/                  |              |
|    approx_kl            | 0.0010024926 |
|    clip_fraction        | 0.0134       |
|    clip_range           | 0.2          |
|    entropy_loss         | -0.154       |
|    explained_variance   | 0.879        |
|    learning_rate        | 0.0003       |
|    loss                 | -0.00343     |
|    n_updates            | 370          |
|    policy_gradient_loss | -0.000685    |
|    value_loss           | 0.000124     |
------------------------------------------
------------------------------------------
| time/                   |              |
|    fps                  | 1207         |
|    iterations           | 39           |
|    time_elapsed         | 132          |
|    total_timesteps      | 159744       |
| train/                  |              |
|    approx_kl            | 0.0007400627 |
|    clip_fraction        | 0.00852      |
|    clip_range           | 0.2          |
|    entropy_loss         | -0.135       |
|    explained_variance   | 0.894        |
|    learning_rate        | 0.0003       |
|    loss                 | 0.00188      |
|    n_updates            | 380          |
|    policy_gradient_loss | -0.000422    |
|    value_loss           | 9.51e-05     |
------------------------------------------
  step  160000/500000 ( 32.0%)  mean_rew=-0.001
------------------------------------------
| time/                   |              |
|    fps                  | 1206         |
|    iterations           | 40           |
|    time_elapsed         | 135          |
|    total_timesteps      | 163840       |
| train/                  |              |
|    approx_kl            | 0.0009502361 |
|    clip_fraction        | 0.00818      |
|    clip_range           | 0.2          |
|    entropy_loss         | -0.123       |
|    explained_variance   | 0.926        |
|    learning_rate        | 0.0003       |
|    loss                 | 0.00104      |
|    n_updates            | 390          |
|    policy_gradient_loss | -0.000257    |
|    value_loss           | 7e-05        |
------------------------------------------
  step  165000/500000 ( 33.0%)  mean_rew=-0.001
-------------------------------------------
| time/                   |               |
|    fps                  | 1207          |
|    iterations           | 41            |
|    time_elapsed         | 139           |
|    total_timesteps      | 167936        |
| train/                  |               |
|    approx_kl            | 0.00087209744 |
|    clip_fraction        | 0.00886       |
|    clip_range           | 0.2           |
|    entropy_loss         | -0.112        |
|    explained_variance   | 0.87          |
|    learning_rate        | 0.0003        |
|    loss                 | -0.00032      |
|    n_updates            | 400           |
|    policy_gradient_loss | -0.000972     |
|    value_loss           | 0.000134      |
-------------------------------------------
  step  170000/500000 ( 34.0%)  mean_rew=-0.001
-------------------------------------------
| time/                   |               |
|    fps                  | 1207          |
|    iterations           | 42            |
|    time_elapsed         | 142           |
|    total_timesteps      | 172032        |
| train/                  |               |
|    approx_kl            | 0.00043571694 |
|    clip_fraction        | 0.00542       |
|    clip_range           | 0.2           |
|    entropy_loss         | -0.113        |
|    explained_variance   | 0.896         |
|    learning_rate        | 0.0003        |
|    loss                 | 0.00156       |
|    n_updates            | 410           |
|    policy_gradient_loss | -0.000118     |
|    value_loss           | 8.44e-05      |
-------------------------------------------
  step  175000/500000 ( 35.0%)  mean_rew=-0.001
-------------------------------------------
| time/                   |               |
|    fps                  | 1206          |
|    iterations           | 43            |
|    time_elapsed         | 145           |
|    total_timesteps      | 176128        |
| train/                  |               |
|    approx_kl            | 0.00037964853 |
|    clip_fraction        | 0.0063        |
|    clip_range           | 0.2           |
|    entropy_loss         | -0.104        |
|    explained_variance   | 0.918         |
|    learning_rate        | 0.0003        |
|    loss                 | -9.47e-07     |
|    n_updates            | 420           |
|    policy_gradient_loss | -0.000492     |
|    value_loss           | 7.47e-05      |
-------------------------------------------
  step  180000/500000 ( 36.0%)  mean_rew=+0.000
-------------------------------------------
| time/                   |               |
|    fps                  | 1207          |
|    iterations           | 44            |
|    time_elapsed         | 149           |
|    total_timesteps      | 180224        |
| train/                  |               |
|    approx_kl            | 0.00067266397 |
|    clip_fraction        | 0.00686       |
|    clip_range           | 0.2           |
|    entropy_loss         | -0.092        |
|    explained_variance   | 0.865         |
|    learning_rate        | 0.0003        |
|    loss                 | 0.000392      |
|    n_updates            | 430           |
|    policy_gradient_loss | -0.000241     |
|    value_loss           | 0.000138      |
-------------------------------------------
------------------------------------------
| time/                   |              |
|    fps                  | 1206         |
|    iterations           | 45           |
|    time_elapsed         | 152          |
|    total_timesteps      | 184320       |
| train/                  |              |
|    approx_kl            | 0.0006581809 |
|    clip_fraction        | 0.00935      |
|    clip_range           | 0.2          |
|    entropy_loss         | -0.0866      |
|    explained_variance   | 0.886        |
|    learning_rate        | 0.0003       |
|    loss                 | -0.00115     |
|    n_updates            | 440          |
|    policy_gradient_loss | -0.000801    |
|    value_loss           | 0.000111     |
------------------------------------------
  step  185000/500000 ( 37.0%)  mean_rew=-0.002
-------------------------------------------
| time/                   |               |
|    fps                  | 1206          |
|    iterations           | 46            |
|    time_elapsed         | 156           |
|    total_timesteps      | 188416        |
| train/                  |               |
|    approx_kl            | 0.00071108126 |
|    clip_fraction        | 0.00776       |
|    clip_range           | 0.2           |
|    entropy_loss         | -0.0852       |
|    explained_variance   | 0.882         |
|    learning_rate        | 0.0003        |
|    loss                 | 0.00253       |
|    n_updates            | 450           |
|    policy_gradient_loss | -0.00027      |
|    value_loss           | 0.000101      |
-------------------------------------------
  step  190000/500000 ( 38.0%)  mean_rew=-0.001
-------------------------------------------
| time/                   |               |
|    fps                  | 1206          |
|    iterations           | 47            |
|    time_elapsed         | 159           |
|    total_timesteps      | 192512        |
| train/                  |               |
|    approx_kl            | 0.00046847854 |
|    clip_fraction        | 0.00581       |
|    clip_range           | 0.2           |
|    entropy_loss         | -0.0902       |
|    explained_variance   | 0.929         |
|    learning_rate        | 0.0003        |
|    loss                 | 4.95e-05      |
|    n_updates            | 460           |
|    policy_gradient_loss | -0.000371     |
|    value_loss           | 6.28e-05      |
-------------------------------------------
  step  195000/500000 ( 39.0%)  mean_rew=+0.001
-------------------------------------------
| time/                   |               |
|    fps                  | 1206          |
|    iterations           | 48            |
|    time_elapsed         | 162           |
|    total_timesteps      | 196608        |
| train/                  |               |
|    approx_kl            | 0.00055215484 |
|    clip_fraction        | 0.00557       |
|    clip_range           | 0.2           |
|    entropy_loss         | -0.0842       |
|    explained_variance   | 0.864         |
|    learning_rate        | 0.0003        |
|    loss                 | 0.000801      |
|    n_updates            | 470           |
|    policy_gradient_loss | -0.000458     |
|    value_loss           | 0.000131      |
-------------------------------------------
  step  200000/500000 ( 40.0%)  mean_rew=-0.001
------------------------------------------
| time/                   |              |
|    fps                  | 1206         |
|    iterations           | 49           |
|    time_elapsed         | 166          |
|    total_timesteps      | 200704       |
| train/                  |              |
|    approx_kl            | 0.0006230141 |
|    clip_fraction        | 0.00732      |
|    clip_range           | 0.2          |
|    entropy_loss         | -0.0819      |
|    explained_variance   | 0.901        |
|    learning_rate        | 0.0003       |
|    loss                 | -0.000428    |
|    n_updates            | 480          |
|    policy_gradient_loss | -0.000549    |
|    value_loss           | 7.88e-05     |
------------------------------------------
------------------------------------------
| time/                   |              |
|    fps                  | 1205         |
|    iterations           | 50           |
|    time_elapsed         | 169          |
|    total_timesteps      | 204800       |
| train/                  |              |
|    approx_kl            | 0.0005778843 |
|    clip_fraction        | 0.00449      |
|    clip_range           | 0.2          |
|    entropy_loss         | -0.0788      |
|    explained_variance   | 0.926        |
|    learning_rate        | 0.0003       |
|    loss                 | 0.00198      |
|    n_updates            | 490          |
|    policy_gradient_loss | -0.000469    |
|    value_loss           | 6.4e-05      |
------------------------------------------
  step  205000/500000 ( 41.0%)  mean_rew=+0.001
-------------------------------------------
| time/                   |               |
|    fps                  | 1206          |
|    iterations           | 51            |
|    time_elapsed         | 173           |
|    total_timesteps      | 208896        |
| train/                  |               |
|    approx_kl            | 0.00043917907 |
|    clip_fraction        | 0.00449       |
|    clip_range           | 0.2           |
|    entropy_loss         | -0.0726       |
|    explained_variance   | 0.857         |
|    learning_rate        | 0.0003        |
|    loss                 | -0.000145     |
|    n_updates            | 500           |
|    policy_gradient_loss | 6.39e-05      |
|    value_loss           | 0.00014       |
-------------------------------------------
  step  210000/500000 ( 42.0%)  mean_rew=-0.001
------------------------------------------
| time/                   |              |
|    fps                  | 1206         |
|    iterations           | 52           |
|    time_elapsed         | 176          |
|    total_timesteps      | 212992       |
| train/                  |              |
|    approx_kl            | 0.0003580226 |
|    clip_fraction        | 0.00679      |
|    clip_range           | 0.2          |
|    entropy_loss         | -0.0731      |
|    explained_variance   | 0.896        |
|    learning_rate        | 0.0003       |
|    loss                 | -5.87e-06    |
|    n_updates            | 510          |
|    policy_gradient_loss | -0.000558    |
|    value_loss           | 9.56e-05     |
------------------------------------------
  step  215000/500000 ( 43.0%)  mean_rew=-0.000
-------------------------------------------
| time/                   |               |
|    fps                  | 1205          |
|    iterations           | 53            |
|    time_elapsed         | 180           |
|    total_timesteps      | 217088        |
| train/                  |               |
|    approx_kl            | 0.00047455938 |
|    clip_fraction        | 0.00757       |
|    clip_range           | 0.2           |
|    entropy_loss         | -0.0607       |
|    explained_variance   | 0.925         |
|    learning_rate        | 0.0003        |
|    loss                 | -0.000749     |
|    n_updates            | 520           |
|    policy_gradient_loss | -0.00101      |
|    value_loss           | 6.73e-05      |
-------------------------------------------
  step  220000/500000 ( 44.0%)  mean_rew=+0.000
-------------------------------------------
| time/                   |               |
|    fps                  | 1205          |
|    iterations           | 54            |
|    time_elapsed         | 183           |
|    total_timesteps      | 221184        |
| train/                  |               |
|    approx_kl            | 0.00046165718 |
|    clip_fraction        | 0.00354       |
|    clip_range           | 0.2           |
|    entropy_loss         | -0.0608       |
|    explained_variance   | 0.887         |
|    learning_rate        | 0.0003        |
|    loss                 | -0.00141      |
|    n_updates            | 530           |
|    policy_gradient_loss | -0.000532     |
|    value_loss           | 0.000112      |
-------------------------------------------
  step  225000/500000 ( 45.0%)  mean_rew=-0.001
-------------------------------------------
| time/                   |               |
|    fps                  | 1206          |
|    iterations           | 55            |
|    time_elapsed         | 186           |
|    total_timesteps      | 225280        |
| train/                  |               |
|    approx_kl            | 0.00032928862 |
|    clip_fraction        | 0.00479       |
|    clip_range           | 0.2           |
|    entropy_loss         | -0.0681       |
|    explained_variance   | 0.877         |
|    learning_rate        | 0.0003        |
|    loss                 | -0.00272      |
|    n_updates            | 540           |
|    policy_gradient_loss | -0.000281     |
|    value_loss           | 0.000122      |
-------------------------------------------
------------------------------------------
| time/                   |              |
|    fps                  | 1205         |
|    iterations           | 56           |
|    time_elapsed         | 190          |
|    total_timesteps      | 229376       |
| train/                  |              |
|    approx_kl            | 0.0005667832 |
|    clip_fraction        | 0.00454      |
|    clip_range           | 0.2          |
|    entropy_loss         | -0.0677      |
|    explained_variance   | 0.903        |
|    learning_rate        | 0.0003       |
|    loss                 | -4.77e-05    |
|    n_updates            | 550          |
|    policy_gradient_loss | -0.000374    |
|    value_loss           | 7.94e-05     |
------------------------------------------
  step  230000/500000 ( 46.0%)  mean_rew=-0.002
------------------------------------------
| time/                   |              |
|    fps                  | 1205         |
|    iterations           | 57           |
|    time_elapsed         | 193          |
|    total_timesteps      | 233472       |
| train/                  |              |
|    approx_kl            | 0.0002755478 |
|    clip_fraction        | 0.00403      |
|    clip_range           | 0.2          |
|    entropy_loss         | -0.0646      |
|    explained_variance   | 0.917        |
|    learning_rate        | 0.0003       |
|    loss                 | -0.000291    |
|    n_updates            | 560          |
|    policy_gradient_loss | -0.000392    |
|    value_loss           | 7.48e-05     |
------------------------------------------
  step  235000/500000 ( 47.0%)  mean_rew=+0.001
------------------------------------------
| time/                   |              |
|    fps                  | 1205         |
|    iterations           | 58           |
|    time_elapsed         | 197          |
|    total_timesteps      | 237568       |
| train/                  |              |
|    approx_kl            | 0.0007577664 |
|    clip_fraction        | 0.00811      |
|    clip_range           | 0.2          |
|    entropy_loss         | -0.065       |
|    explained_variance   | 0.852        |
|    learning_rate        | 0.0003       |
|    loss                 | -0.00237     |
|    n_updates            | 570          |
|    policy_gradient_loss | -0.00066     |
|    value_loss           | 0.000154     |
------------------------------------------
  step  240000/500000 ( 48.0%)  mean_rew=-0.002
-------------------------------------------
| time/                   |               |
|    fps                  | 1205          |
|    iterations           | 59            |
|    time_elapsed         | 200           |
|    total_timesteps      | 241664        |
| train/                  |               |
|    approx_kl            | 0.00025535567 |
|    clip_fraction        | 0.00261       |
|    clip_range           | 0.2           |
|    entropy_loss         | -0.0578       |
|    explained_variance   | 0.898         |
|    learning_rate        | 0.0003        |
|    loss                 | -0.000916     |
|    n_updates            | 580           |
|    policy_gradient_loss | -8.71e-05     |
|    value_loss           | 9.59e-05      |
-------------------------------------------
  step  245000/500000 ( 49.0%)  mean_rew=+0.000
-------------------------------------------
| time/                   |               |
|    fps                  | 1204          |
|    iterations           | 60            |
|    time_elapsed         | 203           |
|    total_timesteps      | 245760        |
| train/                  |               |
|    approx_kl            | 0.00026717677 |
|    clip_fraction        | 0.00283       |
|    clip_range           | 0.2           |
|    entropy_loss         | -0.0578       |
|    explained_variance   | 0.916         |
|    learning_rate        | 0.0003        |
|    loss                 | -0.000421     |
|    n_updates            | 590           |
|    policy_gradient_loss | -0.00022      |
|    value_loss           | 7.93e-05      |
-------------------------------------------
-------------------------------------------
| time/                   |               |
|    fps                  | 1204          |
|    iterations           | 61            |
|    time_elapsed         | 207           |
|    total_timesteps      | 249856        |
| train/                  |               |
|    approx_kl            | 0.00022049648 |
|    clip_fraction        | 0.00308       |
|    clip_range           | 0.2           |
|    entropy_loss         | -0.0607       |
|    explained_variance   | 0.869         |
|    learning_rate        | 0.0003        |
|    loss                 | -0.000178     |
|    n_updates            | 600           |
|    policy_gradient_loss | -0.000183     |
|    value_loss           | 0.00014       |
-------------------------------------------
  step  250000/500000 ( 50.0%)  mean_rew=+0.001
-------------------------------------------
| time/                   |               |
|    fps                  | 1204          |
|    iterations           | 62            |
|    time_elapsed         | 210           |
|    total_timesteps      | 253952        |
| train/                  |               |
|    approx_kl            | 0.00025953975 |
|    clip_fraction        | 0.0053        |
|    clip_range           | 0.2           |
|    entropy_loss         | -0.0663       |
|    explained_variance   | 0.892         |
|    learning_rate        | 0.0003        |
|    loss                 | 0.000512      |
|    n_updates            | 610           |
|    policy_gradient_loss | -0.000413     |
|    value_loss           | 0.000114      |
-------------------------------------------
  step  255000/500000 ( 51.0%)  mean_rew=-0.001
------------------------------------------
| time/                   |              |
|    fps                  | 1204         |
|    iterations           | 63           |
|    time_elapsed         | 214          |
|    total_timesteps      | 258048       |
| train/                  |              |
|    approx_kl            | 0.0002710924 |
|    clip_fraction        | 0.003        |
|    clip_range           | 0.2          |
|    entropy_loss         | -0.0702      |
|    explained_variance   | 0.9          |
|    learning_rate        | 0.0003       |
|    loss                 | 4.1e-05      |
|    n_updates            | 620          |
|    policy_gradient_loss | -0.000115    |
|    value_loss           | 8.04e-05     |
------------------------------------------
  step  260000/500000 ( 52.0%)  mean_rew=-0.001
------------------------------------------
| time/                   |              |
|    fps                  | 1203         |
|    iterations           | 64           |
|    time_elapsed         | 217          |
|    total_timesteps      | 262144       |
| train/                  |              |
|    approx_kl            | 0.0003965611 |
|    clip_fraction        | 0.00642      |
|    clip_range           | 0.2          |
|    entropy_loss         | -0.0725      |
|    explained_variance   | 0.915        |
|    learning_rate        | 0.0003       |
|    loss                 | 0.000492     |
|    n_updates            | 630          |
|    policy_gradient_loss | -0.000913    |
|    value_loss           | 7.91e-05     |
------------------------------------------
  step  265000/500000 ( 53.0%)  mean_rew=+0.001
-------------------------------------------
| time/                   |               |
|    fps                  | 1203          |
|    iterations           | 65            |
|    time_elapsed         | 221           |
|    total_timesteps      | 266240        |
| train/                  |               |
|    approx_kl            | 0.00046667538 |
|    clip_fraction        | 0.00483       |
|    clip_range           | 0.2           |
|    entropy_loss         | -0.0696       |
|    explained_variance   | 0.889         |
|    learning_rate        | 0.0003        |
|    loss                 | -0.000921     |
|    n_updates            | 640           |
|    policy_gradient_loss | -0.000323     |
|    value_loss           | 0.00011       |
-------------------------------------------
  step  270000/500000 ( 54.0%)  mean_rew=-0.001
-------------------------------------------
| time/                   |               |
|    fps                  | 1203          |
|    iterations           | 66            |
|    time_elapsed         | 224           |
|    total_timesteps      | 270336        |
| train/                  |               |
|    approx_kl            | 0.00028073604 |
|    clip_fraction        | 0.00349       |
|    clip_range           | 0.2           |
|    entropy_loss         | -0.0686       |
|    explained_variance   | 0.9           |
|    learning_rate        | 0.0003        |
|    loss                 | -0.000964     |
|    n_updates            | 650           |
|    policy_gradient_loss | -1.26e-05     |
|    value_loss           | 8.88e-05      |
-------------------------------------------
-----------------------------------------
| time/                   |             |
|    fps                  | 1203        |
|    iterations           | 67          |
|    time_elapsed         | 228         |
|    total_timesteps      | 274432      |
| train/                  |             |
|    approx_kl            | 0.000245162 |
|    clip_fraction        | 0.00396     |
|    clip_range           | 0.2         |
|    entropy_loss         | -0.0652     |
|    explained_variance   | 0.927       |
|    learning_rate        | 0.0003      |
|    loss                 | -0.00728    |
|    n_updates            | 660         |
|    policy_gradient_loss | -0.000495   |
|    value_loss           | 6.73e-05    |
-----------------------------------------
  step  275000/500000 ( 55.0%)  mean_rew=+0.000
-------------------------------------------
| time/                   |               |
|    fps                  | 1202          |
|    iterations           | 68            |
|    time_elapsed         | 231           |
|    total_timesteps      | 278528        |
| train/                  |               |
|    approx_kl            | 0.00028267916 |
|    clip_fraction        | 0.00364       |
|    clip_range           | 0.2           |
|    entropy_loss         | -0.0687       |
|    explained_variance   | 0.889         |
|    learning_rate        | 0.0003        |
|    loss                 | -0.000795     |
|    n_updates            | 670           |
|    policy_gradient_loss | -0.000206     |
|    value_loss           | 0.000106      |
-------------------------------------------
  step  280000/500000 ( 56.0%)  mean_rew=-0.001
-------------------------------------------
| time/                   |               |
|    fps                  | 1202          |
|    iterations           | 69            |
|    time_elapsed         | 234           |
|    total_timesteps      | 282624        |
| train/                  |               |
|    approx_kl            | 0.00055522803 |
|    clip_fraction        | 0.00847       |
|    clip_range           | 0.2           |
|    entropy_loss         | -0.0676       |
|    explained_variance   | 0.893         |
|    learning_rate        | 0.0003        |
|    loss                 | 0.000253      |
|    n_updates            | 680           |
|    policy_gradient_loss | -0.000516     |
|    value_loss           | 0.000102      |
-------------------------------------------
  step  285000/500000 ( 57.0%)  mean_rew=-0.000
-------------------------------------------
| time/                   |               |
|    fps                  | 1202          |
|    iterations           | 70            |
|    time_elapsed         | 238           |
|    total_timesteps      | 286720        |
| train/                  |               |
|    approx_kl            | 0.00033654534 |
|    clip_fraction        | 0.00486       |
|    clip_range           | 0.2           |
|    entropy_loss         | -0.0621       |
|    explained_variance   | 0.9           |
|    learning_rate        | 0.0003        |
|    loss                 | 0.000706      |
|    n_updates            | 690           |
|    policy_gradient_loss | -0.00018      |
|    value_loss           | 8.56e-05      |
-------------------------------------------
  step  290000/500000 ( 58.0%)  mean_rew=-0.000
-------------------------------------------
| time/                   |               |
|    fps                  | 1202          |
|    iterations           | 71            |
|    time_elapsed         | 241           |
|    total_timesteps      | 290816        |
| train/                  |               |
|    approx_kl            | 0.00064550014 |
|    clip_fraction        | 0.00425       |
|    clip_range           | 0.2           |
|    entropy_loss         | -0.0634       |
|    explained_variance   | 0.911         |
|    learning_rate        | 0.0003        |
|    loss                 | -0.00127      |
|    n_updates            | 700           |
|    policy_gradient_loss | -0.000173     |
|    value_loss           | 7.82e-05      |
-------------------------------------------
-------------------------------------------
| time/                   |               |
|    fps                  | 1202          |
|    iterations           | 72            |
|    time_elapsed         | 245           |
|    total_timesteps      | 294912        |
| train/                  |               |
|    approx_kl            | 0.00022158574 |
|    clip_fraction        | 0.0042        |
|    clip_range           | 0.2           |
|    entropy_loss         | -0.0611       |
|    explained_variance   | 0.886         |
|    learning_rate        | 0.0003        |
|    loss                 | 2.19e-05      |
|    n_updates            | 710           |
|    policy_gradient_loss | -0.000318     |
|    value_loss           | 0.00011       |
-------------------------------------------
  step  295000/500000 ( 59.0%)  mean_rew=+0.000
-------------------------------------------
| time/                   |               |
|    fps                  | 1202          |
|    iterations           | 73            |
|    time_elapsed         | 248           |
|    total_timesteps      | 299008        |
| train/                  |               |
|    approx_kl            | 0.00028074265 |
|    clip_fraction        | 0.00378       |
|    clip_range           | 0.2           |
|    entropy_loss         | -0.0608       |
|    explained_variance   | 0.906         |
|    learning_rate        | 0.0003        |
|    loss                 | 0.000888      |
|    n_updates            | 720           |
|    policy_gradient_loss | -0.000271     |
|    value_loss           | 7.59e-05      |
-------------------------------------------
  step  300000/500000 ( 60.0%)  mean_rew=-0.001
-------------------------------------------
| time/                   |               |
|    fps                  | 1202          |
|    iterations           | 74            |
|    time_elapsed         | 252           |
|    total_timesteps      | 303104        |
| train/                  |               |
|    approx_kl            | 0.00016757993 |
|    clip_fraction        | 0.00356       |
|    clip_range           | 0.2           |
|    entropy_loss         | -0.064        |
|    explained_variance   | 0.93          |
|    learning_rate        | 0.0003        |
|    loss                 | 0.000815      |
|    n_updates            | 730           |
|    policy_gradient_loss | -7.11e-05     |
|    value_loss           | 5.84e-05      |
-------------------------------------------
  step  305000/500000 ( 61.0%)  mean_rew=-0.002
-------------------------------------------
| time/                   |               |
|    fps                  | 1202          |
|    iterations           | 75            |
|    time_elapsed         | 255           |
|    total_timesteps      | 307200        |
| train/                  |               |
|    approx_kl            | 0.00027667335 |
|    clip_fraction        | 0.00352       |
|    clip_range           | 0.2           |
|    entropy_loss         | -0.0637       |
|    explained_variance   | 0.852         |
|    learning_rate        | 0.0003        |
|    loss                 | -0.00013      |
|    n_updates            | 740           |
|    policy_gradient_loss | -0.00034      |
|    value_loss           | 0.000142      |
-------------------------------------------
  step  310000/500000 ( 62.0%)  mean_rew=+0.000
-------------------------------------------
| time/                   |               |
|    fps                  | 1202          |
|    iterations           | 76            |
|    time_elapsed         | 258           |
|    total_timesteps      | 311296        |
| train/                  |               |
|    approx_kl            | 0.00042617848 |
|    clip_fraction        | 0.00706       |
|    clip_range           | 0.2           |
|    entropy_loss         | -0.073        |
|    explained_variance   | 0.877         |
|    learning_rate        | 0.0003        |
|    loss                 | -0.000582     |
|    n_updates            | 750           |
|    policy_gradient_loss | -0.000424     |
|    value_loss           | 0.000123      |
-------------------------------------------
  step  315000/500000 ( 63.0%)  mean_rew=-0.000
-------------------------------------------
| time/                   |               |
|    fps                  | 1202          |
|    iterations           | 77            |
|    time_elapsed         | 262           |
|    total_timesteps      | 315392        |
| train/                  |               |
|    approx_kl            | 0.00045591418 |
|    clip_fraction        | 0.00664       |
|    clip_range           | 0.2           |
|    entropy_loss         | -0.0709       |
|    explained_variance   | 0.894         |
|    learning_rate        | 0.0003        |
|    loss                 | 0.00243       |
|    n_updates            | 760           |
|    policy_gradient_loss | -0.000369     |
|    value_loss           | 8.34e-05      |
-------------------------------------------
-------------------------------------------
| time/                   |               |
|    fps                  | 1201          |
|    iterations           | 78            |
|    time_elapsed         | 265           |
|    total_timesteps      | 319488        |
| train/                  |               |
|    approx_kl            | 0.00025790883 |
|    clip_fraction        | 0.00356       |
|    clip_range           | 0.2           |
|    entropy_loss         | -0.068        |
|    explained_variance   | 0.92          |
|    learning_rate        | 0.0003        |
|    loss                 | 0.00066       |
|    n_updates            | 770           |
|    policy_gradient_loss | -0.000382     |
|    value_loss           | 7.03e-05      |
-------------------------------------------
  step  320000/500000 ( 64.0%)  mean_rew=-0.001
------------------------------------------
| time/                   |              |
|    fps                  | 1202         |
|    iterations           | 79           |
|    time_elapsed         | 269          |
|    total_timesteps      | 323584       |
| train/                  |              |
|    approx_kl            | 0.0003983681 |
|    clip_fraction        | 0.0064       |
|    clip_range           | 0.2          |
|    entropy_loss         | -0.0633      |
|    explained_variance   | 0.876        |
|    learning_rate        | 0.0003       |
|    loss                 | 0.000879     |
|    n_updates            | 780          |
|    policy_gradient_loss | 2.27e-05     |
|    value_loss           | 0.000114     |
------------------------------------------
  step  325000/500000 ( 65.0%)  mean_rew=+0.001
-------------------------------------------
| time/                   |               |
|    fps                  | 1201          |
|    iterations           | 80            |
|    time_elapsed         | 272           |
|    total_timesteps      | 327680        |
| train/                  |               |
|    approx_kl            | 0.00042344414 |
|    clip_fraction        | 0.00588       |
|    clip_range           | 0.2           |
|    entropy_loss         | -0.0623       |
|    explained_variance   | 0.902         |
|    learning_rate        | 0.0003        |
|    loss                 | 0.000121      |
|    n_updates            | 790           |
|    policy_gradient_loss | -0.000189     |
|    value_loss           | 8.01e-05      |
-------------------------------------------
  step  330000/500000 ( 66.0%)  mean_rew=-0.001
-------------------------------------------
| time/                   |               |
|    fps                  | 1201          |
|    iterations           | 81            |
|    time_elapsed         | 276           |
|    total_timesteps      | 331776        |
| train/                  |               |
|    approx_kl            | 0.00042263867 |
|    clip_fraction        | 0.00508       |
|    clip_range           | 0.2           |
|    entropy_loss         | -0.0583       |
|    explained_variance   | 0.924         |
|    learning_rate        | 0.0003        |
|    loss                 | 0.000139      |
|    n_updates            | 800           |
|    policy_gradient_loss | -0.000248     |
|    value_loss           | 6.41e-05      |
-------------------------------------------
  step  335000/500000 ( 67.0%)  mean_rew=-0.000
-------------------------------------------
| time/                   |               |
|    fps                  | 1200          |
|    iterations           | 82            |
|    time_elapsed         | 279           |
|    total_timesteps      | 335872        |
| train/                  |               |
|    approx_kl            | 0.00038384087 |
|    clip_fraction        | 0.00596       |
|    clip_range           | 0.2           |
|    entropy_loss         | -0.053        |
|    explained_variance   | 0.871         |
|    learning_rate        | 0.0003        |
|    loss                 | 0.00021       |
|    n_updates            | 810           |
|    policy_gradient_loss | -0.000386     |
|    value_loss           | 0.000127      |
-------------------------------------------
-------------------------------------------
| time/                   |               |
|    fps                  | 1201          |
|    iterations           | 83            |
|    time_elapsed         | 283           |
|    total_timesteps      | 339968        |
| train/                  |               |
|    approx_kl            | 0.00026997732 |
|    clip_fraction        | 0.00449       |
|    clip_range           | 0.2           |
|    entropy_loss         | -0.0545       |
|    explained_variance   | 0.875         |
|    learning_rate        | 0.0003        |
|    loss                 | 0.000251      |
|    n_updates            | 820           |
|    policy_gradient_loss | -0.000332     |
|    value_loss           | 0.000122      |
-------------------------------------------
  step  340000/500000 ( 68.0%)  mean_rew=+0.001
-------------------------------------------
| time/                   |               |
|    fps                  | 1201          |
|    iterations           | 84            |
|    time_elapsed         | 286           |
|    total_timesteps      | 344064        |
| train/                  |               |
|    approx_kl            | 0.00036283364 |
|    clip_fraction        | 0.00393       |
|    clip_range           | 0.2           |
|    entropy_loss         | -0.0551       |
|    explained_variance   | 0.895         |
|    learning_rate        | 0.0003        |
|    loss                 | -0.000274     |
|    n_updates            | 830           |
|    policy_gradient_loss | -0.000353     |
|    value_loss           | 8.96e-05      |
-------------------------------------------
  step  345000/500000 ( 69.0%)  mean_rew=+0.001
------------------------------------------
| time/                   |              |
|    fps                  | 1201         |
|    iterations           | 85           |
|    time_elapsed         | 289          |
|    total_timesteps      | 348160       |
| train/                  |              |
|    approx_kl            | 0.0001728875 |
|    clip_fraction        | 0.00298      |
|    clip_range           | 0.2          |
|    entropy_loss         | -0.0561      |
|    explained_variance   | 0.926        |
|    learning_rate        | 0.0003       |
|    loss                 | -0.000431    |
|    n_updates            | 840          |
|    policy_gradient_loss | -0.000165    |
|    value_loss           | 6.68e-05     |
------------------------------------------
  step  350000/500000 ( 70.0%)  mean_rew=-0.001
-----------------------------------------
| time/                   |             |
|    fps                  | 1202        |
|    iterations           | 86          |
|    time_elapsed         | 292         |
|    total_timesteps      | 352256      |
| train/                  |             |
|    approx_kl            | 0.049528155 |
|    clip_fraction        | 0.0465      |
|    clip_range           | 0.2         |
|    entropy_loss         | -0.106      |
|    explained_variance   | 0.881       |
|    learning_rate        | 0.0003      |
|    loss                 | -0.0249     |
|    n_updates            | 850         |
|    policy_gradient_loss | -0.00277    |
|    value_loss           | 0.000115    |
-----------------------------------------
  step  355000/500000 ( 71.0%)  mean_rew=+0.000
-----------------------------------------
| time/                   |             |
|    fps                  | 1203        |
|    iterations           | 87          |
|    time_elapsed         | 296         |
|    total_timesteps      | 356352      |
| train/                  |             |
|    approx_kl            | 0.000462013 |
|    clip_fraction        | 0.0187      |
|    clip_range           | 0.2         |
|    entropy_loss         | -0.316      |
|    explained_variance   | 0.884       |
|    learning_rate        | 0.0003      |
|    loss                 | -0.00438    |
|    n_updates            | 860         |
|    policy_gradient_loss | 0.000578    |
|    value_loss           | 0.000105    |
-----------------------------------------
  step  360000/500000 ( 72.0%)  mean_rew=-0.000
------------------------------------------
| time/                   |              |
|    fps                  | 1204         |
|    iterations           | 88           |
|    time_elapsed         | 299          |
|    total_timesteps      | 360448       |
| train/                  |              |
|    approx_kl            | 0.0015001176 |
|    clip_fraction        | 0.0279       |
|    clip_range           | 0.2          |
|    entropy_loss         | -0.308       |
|    explained_variance   | 0.808        |
|    learning_rate        | 0.0003       |
|    loss                 | -0.00933     |
|    n_updates            | 870          |
|    policy_gradient_loss | -0.00184     |
|    value_loss           | 0.000231     |
------------------------------------------
------------------------------------------
| time/                   |              |
|    fps                  | 1206         |
|    iterations           | 89           |
|    time_elapsed         | 302          |
|    total_timesteps      | 364544       |
| train/                  |              |
|    approx_kl            | 0.0024265526 |
|    clip_fraction        | 0.0333       |
|    clip_range           | 0.2          |
|    entropy_loss         | -0.266       |
|    explained_variance   | 0.801        |
|    learning_rate        | 0.0003       |
|    loss                 | 0.00415      |
|    n_updates            | 880          |
|    policy_gradient_loss | -0.00266     |
|    value_loss           | 0.000296     |
------------------------------------------
  step  365000/500000 ( 73.0%)  mean_rew=-0.002
------------------------------------------
| time/                   |              |
|    fps                  | 1207         |
|    iterations           | 90           |
|    time_elapsed         | 305          |
|    total_timesteps      | 368640       |
| train/                  |              |
|    approx_kl            | 0.0010338157 |
|    clip_fraction        | 0.0186       |
|    clip_range           | 0.2          |
|    entropy_loss         | -0.245       |
|    explained_variance   | 0.876        |
|    learning_rate        | 0.0003       |
|    loss                 | 0.000868     |
|    n_updates            | 890          |
|    policy_gradient_loss | -0.00052     |
|    value_loss           | 0.00016      |
------------------------------------------
  step  370000/500000 ( 74.0%)  mean_rew=-0.002
------------------------------------------
| time/                   |              |
|    fps                  | 1209         |
|    iterations           | 91           |
|    time_elapsed         | 308          |
|    total_timesteps      | 372736       |
| train/                  |              |
|    approx_kl            | 0.0008795209 |
|    clip_fraction        | 0.0146       |
|    clip_range           | 0.2          |
|    entropy_loss         | -0.218       |
|    explained_variance   | 0.806        |
|    learning_rate        | 0.0003       |
|    loss                 | 0.0084       |
|    n_updates            | 900          |
|    policy_gradient_loss | -0.000676    |
|    value_loss           | 0.000258     |
------------------------------------------
  step  375000/500000 ( 75.0%)  mean_rew=-0.001
------------------------------------------
| time/                   |              |
|    fps                  | 1210         |
|    iterations           | 92           |
|    time_elapsed         | 311          |
|    total_timesteps      | 376832       |
| train/                  |              |
|    approx_kl            | 0.0011850204 |
|    clip_fraction        | 0.011        |
|    clip_range           | 0.2          |
|    entropy_loss         | -0.204       |
|    explained_variance   | 0.896        |
|    learning_rate        | 0.0003       |
|    loss                 | 0.0043       |
|    n_updates            | 910          |
|    policy_gradient_loss | -0.000909    |
|    value_loss           | 0.000134     |
------------------------------------------
  step  380000/500000 ( 76.0%)  mean_rew=+0.001
------------------------------------------
| time/                   |              |
|    fps                  | 1212         |
|    iterations           | 93           |
|    time_elapsed         | 314          |
|    total_timesteps      | 380928       |
| train/                  |              |
|    approx_kl            | 0.0013262269 |
|    clip_fraction        | 0.0135       |
|    clip_range           | 0.2          |
|    entropy_loss         | -0.19        |
|    explained_variance   | 0.874        |
|    learning_rate        | 0.0003       |
|    loss                 | 0.00184      |
|    n_updates            | 920          |
|    policy_gradient_loss | -0.000594    |
|    value_loss           | 0.00016      |
------------------------------------------
  step  385000/500000 ( 77.0%)  mean_rew=+0.002
----------------------------------------
| time/                   |            |
|    fps                  | 1214       |
|    iterations           | 94         |
|    time_elapsed         | 316        |
|    total_timesteps      | 385024     |
| train/                  |            |
|    approx_kl            | 0.01892246 |
|    clip_fraction        | 0.031      |
|    clip_range           | 0.2        |
|    entropy_loss         | -0.221     |
|    explained_variance   | 0.905      |
|    learning_rate        | 0.0003     |
|    loss                 | 0.00264    |
|    n_updates            | 930        |
|    policy_gradient_loss | -0.00211   |
|    value_loss           | 8.93e-05   |
----------------------------------------
-----------------------------------------
| time/                   |             |
|    fps                  | 1216        |
|    iterations           | 95          |
|    time_elapsed         | 319         |
|    total_timesteps      | 389120      |
| train/                  |             |
|    approx_kl            | 0.002472382 |
|    clip_fraction        | 0.0263      |
|    clip_range           | 0.2         |
|    entropy_loss         | -0.242      |
|    explained_variance   | 0.905       |
|    learning_rate        | 0.0003      |
|    loss                 | -0.0021     |
|    n_updates            | 940         |
|    policy_gradient_loss | -0.00117    |
|    value_loss           | 0.000105    |
-----------------------------------------
  step  390000/500000 ( 78.0%)  mean_rew=-0.002
-------------------------------------------
| time/                   |               |
|    fps                  | 1218          |
|    iterations           | 96            |
|    time_elapsed         | 322           |
|    total_timesteps      | 393216        |
| train/                  |               |
|    approx_kl            | 0.00076267304 |
|    clip_fraction        | 0.0107        |
|    clip_range           | 0.2           |
|    entropy_loss         | -0.235        |
|    explained_variance   | 0.842         |
|    learning_rate        | 0.0003        |
|    loss                 | 0.00369       |
|    n_updates            | 950           |
|    policy_gradient_loss | -0.000303     |
|    value_loss           | 0.000196      |
-------------------------------------------
  step  395000/500000 ( 79.0%)  mean_rew=-0.001
------------------------------------------
| time/                   |              |
|    fps                  | 1220         |
|    iterations           | 97           |
|    time_elapsed         | 325          |
|    total_timesteps      | 397312       |
| train/                  |              |
|    approx_kl            | 0.0042850813 |
|    clip_fraction        | 0.0213       |
|    clip_range           | 0.2          |
|    entropy_loss         | -0.246       |
|    explained_variance   | 0.898        |
|    learning_rate        | 0.0003       |
|    loss                 | -0.00448     |
|    n_updates            | 960          |
|    policy_gradient_loss | -0.000556    |
|    value_loss           | 0.000105     |
------------------------------------------
  step  400000/500000 ( 80.0%)  mean_rew=-0.001
-------------------------------------------
| time/                   |               |
|    fps                  | 1221          |
|    iterations           | 98            |
|    time_elapsed         | 328           |
|    total_timesteps      | 401408        |
| train/                  |               |
|    approx_kl            | 0.00096525316 |
|    clip_fraction        | 0.00767       |
|    clip_range           | 0.2           |
|    entropy_loss         | -0.247        |
|    explained_variance   | 0.919         |
|    learning_rate        | 0.0003        |
|    loss                 | 0.00279       |
|    n_updates            | 970           |
|    policy_gradient_loss | 9.35e-05      |
|    value_loss           | 8.13e-05      |
-------------------------------------------
  step  405000/500000 ( 81.0%)  mean_rew=-0.003
------------------------------------------
| time/                   |              |
|    fps                  | 1223         |
|    iterations           | 99           |
|    time_elapsed         | 331          |
|    total_timesteps      | 405504       |
| train/                  |              |
|    approx_kl            | 0.0023766088 |
|    clip_fraction        | 0.0308       |
|    clip_range           | 0.2          |
|    entropy_loss         | -0.275       |
|    explained_variance   | 0.885        |
|    learning_rate        | 0.0003       |
|    loss                 | 0.00115      |
|    n_updates            | 980          |
|    policy_gradient_loss | -0.00123     |
|    value_loss           | 0.000122     |
------------------------------------------
-----------------------------------------
| time/                   |             |
|    fps                  | 1225        |
|    iterations           | 100         |
|    time_elapsed         | 334         |
|    total_timesteps      | 409600      |
| train/                  |             |
|    approx_kl            | 0.002176755 |
|    clip_fraction        | 0.0277      |
|    clip_range           | 0.2         |
|    entropy_loss         | -0.245      |
|    explained_variance   | 0.867       |
|    learning_rate        | 0.0003      |
|    loss                 | -0.00568    |
|    n_updates            | 990         |
|    policy_gradient_loss | -0.00129    |
|    value_loss           | 0.000141    |
-----------------------------------------
  step  410000/500000 ( 82.0%)  mean_rew=+0.000
------------------------------------------
| time/                   |              |
|    fps                  | 1226         |
|    iterations           | 101          |
|    time_elapsed         | 337          |
|    total_timesteps      | 413696       |
| train/                  |              |
|    approx_kl            | 0.0019768728 |
|    clip_fraction        | 0.0248       |
|    clip_range           | 0.2          |
|    entropy_loss         | -0.257       |
|    explained_variance   | 0.898        |
|    learning_rate        | 0.0003       |
|    loss                 | -0.000976    |
|    n_updates            | 1000         |
|    policy_gradient_loss | -0.000231    |
|    value_loss           | 8.6e-05      |
------------------------------------------
  step  415000/500000 ( 83.0%)  mean_rew=-0.001
-----------------------------------------
| time/                   |             |
|    fps                  | 1228        |
|    iterations           | 102         |
|    time_elapsed         | 340         |
|    total_timesteps      | 417792      |
| train/                  |             |
|    approx_kl            | 0.002189541 |
|    clip_fraction        | 0.0348      |
|    clip_range           | 0.2         |
|    entropy_loss         | -0.234      |
|    explained_variance   | 0.915       |
|    learning_rate        | 0.0003      |
|    loss                 | -0.00155    |
|    n_updates            | 1010        |
|    policy_gradient_loss | -0.00205    |
|    value_loss           | 8.11e-05    |
-----------------------------------------
  step  420000/500000 ( 84.0%)  mean_rew=-0.002
------------------------------------------
| time/                   |              |
|    fps                  | 1230         |
|    iterations           | 103          |
|    time_elapsed         | 342          |
|    total_timesteps      | 421888       |
| train/                  |              |
|    approx_kl            | 0.0027485297 |
|    clip_fraction        | 0.0439       |
|    clip_range           | 0.2          |
|    entropy_loss         | -0.22        |
|    explained_variance   | 0.881        |
|    learning_rate        | 0.0003       |
|    loss                 | -0.00153     |
|    n_updates            | 1020         |
|    policy_gradient_loss | -0.000971    |
|    value_loss           | 0.000122     |
------------------------------------------
  step  425000/500000 ( 85.0%)  mean_rew=-0.002
------------------------------------------
| time/                   |              |
|    fps                  | 1232         |
|    iterations           | 104          |
|    time_elapsed         | 345          |
|    total_timesteps      | 425984       |
| train/                  |              |
|    approx_kl            | 0.0015577218 |
|    clip_fraction        | 0.0202       |
|    clip_range           | 0.2          |
|    entropy_loss         | -0.229       |
|    explained_variance   | 0.896        |
|    learning_rate        | 0.0003       |
|    loss                 | -0.00144     |
|    n_updates            | 1030         |
|    policy_gradient_loss | -0.00076     |
|    value_loss           | 9.49e-05     |
------------------------------------------
  step  430000/500000 ( 86.0%)  mean_rew=-0.001
------------------------------------------
| time/                   |              |
|    fps                  | 1233         |
|    iterations           | 105          |
|    time_elapsed         | 348          |
|    total_timesteps      | 430080       |
| train/                  |              |
|    approx_kl            | 0.0029222176 |
|    clip_fraction        | 0.0244       |
|    clip_range           | 0.2          |
|    entropy_loss         | -0.208       |
|    explained_variance   | 0.929        |
|    learning_rate        | 0.0003       |
|    loss                 | 0.00131      |
|    n_updates            | 1040         |
|    policy_gradient_loss | -0.000983    |
|    value_loss           | 6.59e-05     |
------------------------------------------
------------------------------------------
| time/                   |              |
|    fps                  | 1234         |
|    iterations           | 106          |
|    time_elapsed         | 351          |
|    total_timesteps      | 434176       |
| train/                  |              |
|    approx_kl            | 0.0011493134 |
|    clip_fraction        | 0.0162       |
|    clip_range           | 0.2          |
|    entropy_loss         | -0.19        |
|    explained_variance   | 0.87         |
|    learning_rate        | 0.0003       |
|    loss                 | -0.000983    |
|    n_updates            | 1050         |
|    policy_gradient_loss | -0.000431    |
|    value_loss           | 0.000125     |
------------------------------------------
  step  435000/500000 ( 87.0%)  mean_rew=+0.000
------------------------------------------
| time/                   |              |
|    fps                  | 1236         |
|    iterations           | 107          |
|    time_elapsed         | 354          |
|    total_timesteps      | 438272       |
| train/                  |              |
|    approx_kl            | 0.0010866581 |
|    clip_fraction        | 0.0119       |
|    clip_range           | 0.2          |
|    entropy_loss         | -0.18        |
|    explained_variance   | 0.862        |
|    learning_rate        | 0.0003       |
|    loss                 | -0.000796    |
|    n_updates            | 1060         |
|    policy_gradient_loss | -0.000694    |
|    value_loss           | 0.000136     |
------------------------------------------
  step  440000/500000 ( 88.0%)  mean_rew=+0.001
------------------------------------------
| time/                   |              |
|    fps                  | 1237         |
|    iterations           | 108          |
|    time_elapsed         | 357          |
|    total_timesteps      | 442368       |
| train/                  |              |
|    approx_kl            | 0.0059638177 |
|    clip_fraction        | 0.0485       |
|    clip_range           | 0.2          |
|    entropy_loss         | -0.191       |
|    explained_variance   | 0.896        |
|    learning_rate        | 0.0003       |
|    loss                 | -0.00991     |
|    n_updates            | 1070         |
|    policy_gradient_loss | -0.00163     |
|    value_loss           | 9.05e-05     |
------------------------------------------
  step  445000/500000 ( 89.0%)  mean_rew=-0.000
------------------------------------------
| time/                   |              |
|    fps                  | 1239         |
|    iterations           | 109          |
|    time_elapsed         | 360          |
|    total_timesteps      | 446464       |
| train/                  |              |
|    approx_kl            | 0.0017889638 |
|    clip_fraction        | 0.013        |
|    clip_range           | 0.2          |
|    entropy_loss         | -0.193       |
|    explained_variance   | 0.913        |
|    learning_rate        | 0.0003       |
|    loss                 | -0.00353     |
|    n_updates            | 1080         |
|    policy_gradient_loss | -0.000853    |
|    value_loss           | 8.39e-05     |
------------------------------------------
  step  450000/500000 ( 90.0%)  mean_rew=-0.000
------------------------------------------
| time/                   |              |
|    fps                  | 1240         |
|    iterations           | 110          |
|    time_elapsed         | 363          |
|    total_timesteps      | 450560       |
| train/                  |              |
|    approx_kl            | 0.0023838796 |
|    clip_fraction        | 0.026        |
|    clip_range           | 0.2          |
|    entropy_loss         | -0.188       |
|    explained_variance   | 0.873        |
|    learning_rate        | 0.0003       |
|    loss                 | -0.00496     |
|    n_updates            | 1090         |
|    policy_gradient_loss | -0.000774    |
|    value_loss           | 0.000128     |
------------------------------------------
---------------------------------------
| time/                   |           |
|    fps                  | 1242      |
|    iterations           | 111       |
|    time_elapsed         | 365       |
|    total_timesteps      | 454656    |
| train/                  |           |
|    approx_kl            | 0.0040466 |
|    clip_fraction        | 0.0306    |
|    clip_range           | 0.2       |
|    entropy_loss         | -0.196    |
|    explained_variance   | 0.891     |
|    learning_rate        | 0.0003    |
|    loss                 | -0.00189  |
|    n_updates            | 1100      |
|    policy_gradient_loss | -0.0013   |
|    value_loss           | 9.65e-05  |
---------------------------------------
  step  455000/500000 ( 91.0%)  mean_rew=-0.001
------------------------------------------
| time/                   |              |
|    fps                  | 1243         |
|    iterations           | 112          |
|    time_elapsed         | 368          |
|    total_timesteps      | 458752       |
| train/                  |              |
|    approx_kl            | 0.0018739739 |
|    clip_fraction        | 0.0195       |
|    clip_range           | 0.2          |
|    entropy_loss         | -0.193       |
|    explained_variance   | 0.92         |
|    learning_rate        | 0.0003       |
|    loss                 | 0.00162      |
|    n_updates            | 1110         |
|    policy_gradient_loss | -0.00101     |
|    value_loss           | 7.21e-05     |
------------------------------------------
  step  460000/500000 ( 92.0%)  mean_rew=-0.002
------------------------------------------
| time/                   |              |
|    fps                  | 1244         |
|    iterations           | 113          |
|    time_elapsed         | 371          |
|    total_timesteps      | 462848       |
| train/                  |              |
|    approx_kl            | 0.0016067435 |
|    clip_fraction        | 0.0139       |
|    clip_range           | 0.2          |
|    entropy_loss         | -0.191       |
|    explained_variance   | 0.885        |
|    learning_rate        | 0.0003       |
|    loss                 | -0.00191     |
|    n_updates            | 1120         |
|    policy_gradient_loss | -0.000647    |
|    value_loss           | 0.000109     |
------------------------------------------
  step  465000/500000 ( 93.0%)  mean_rew=-0.000
------------------------------------------
| time/                   |              |
|    fps                  | 1246         |
|    iterations           | 114          |
|    time_elapsed         | 374          |
|    total_timesteps      | 466944       |
| train/                  |              |
|    approx_kl            | 0.0009839189 |
|    clip_fraction        | 0.00769      |
|    clip_range           | 0.2          |
|    entropy_loss         | -0.189       |
|    explained_variance   | 0.875        |
|    learning_rate        | 0.0003       |
|    loss                 | 0.00554      |
|    n_updates            | 1130         |
|    policy_gradient_loss | -4.84e-05    |
|    value_loss           | 0.000121     |
------------------------------------------
  step  470000/500000 ( 94.0%)  mean_rew=-0.001
-----------------------------------------
| time/                   |             |
|    fps                  | 1247        |
|    iterations           | 115         |
|    time_elapsed         | 377         |
|    total_timesteps      | 471040      |
| train/                  |             |
|    approx_kl            | 0.001986078 |
|    clip_fraction        | 0.0343      |
|    clip_range           | 0.2         |
|    entropy_loss         | -0.19       |
|    explained_variance   | 0.897       |
|    learning_rate        | 0.0003      |
|    loss                 | -0.00304    |
|    n_updates            | 1140        |
|    policy_gradient_loss | -0.00134    |
|    value_loss           | 7.87e-05    |
-----------------------------------------
  step  475000/500000 ( 95.0%)  mean_rew=+0.000
-----------------------------------------
| time/                   |             |
|    fps                  | 1249        |
|    iterations           | 116         |
|    time_elapsed         | 380         |
|    total_timesteps      | 475136      |
| train/                  |             |
|    approx_kl            | 0.002588641 |
|    clip_fraction        | 0.0144      |
|    clip_range           | 0.2         |
|    entropy_loss         | -0.196      |
|    explained_variance   | 0.918       |
|    learning_rate        | 0.0003      |
|    loss                 | 0.00178     |
|    n_updates            | 1150        |
|    policy_gradient_loss | -0.000583   |
|    value_loss           | 6.93e-05    |
-----------------------------------------
-----------------------------------------
| time/                   |             |
|    fps                  | 1250        |
|    iterations           | 117         |
|    time_elapsed         | 383         |
|    total_timesteps      | 479232      |
| train/                  |             |
|    approx_kl            | 0.002544492 |
|    clip_fraction        | 0.0149      |
|    clip_range           | 0.2         |
|    entropy_loss         | -0.194      |
|    explained_variance   | 0.855       |
|    learning_rate        | 0.0003      |
|    loss                 | 0.00307     |
|    n_updates            | 1160        |
|    policy_gradient_loss | -0.00048    |
|    value_loss           | 0.00014     |
-----------------------------------------
  step  480000/500000 ( 96.0%)  mean_rew=-0.002
------------------------------------------
| time/                   |              |
|    fps                  | 1251         |
|    iterations           | 118          |
|    time_elapsed         | 386          |
|    total_timesteps      | 483328       |
| train/                  |              |
|    approx_kl            | 0.0010992525 |
|    clip_fraction        | 0.0145       |
|    clip_range           | 0.2          |
|    entropy_loss         | -0.188       |
|    explained_variance   | 0.889        |
|    learning_rate        | 0.0003       |
|    loss                 | 0.000116     |
|    n_updates            | 1170         |
|    policy_gradient_loss | -0.000498    |
|    value_loss           | 8.89e-05     |
------------------------------------------
  step  485000/500000 ( 97.0%)  mean_rew=-0.001
------------------------------------------
| time/                   |              |
|    fps                  | 1252         |
|    iterations           | 119          |
|    time_elapsed         | 389          |
|    total_timesteps      | 487424       |
| train/                  |              |
|    approx_kl            | 0.0010972134 |
|    clip_fraction        | 0.0111       |
|    clip_range           | 0.2          |
|    entropy_loss         | -0.191       |
|    explained_variance   | 0.914        |
|    learning_rate        | 0.0003       |
|    loss                 | 0.00109      |
|    n_updates            | 1180         |
|    policy_gradient_loss | -0.000229    |
|    value_loss           | 7.31e-05     |
------------------------------------------
  step  490000/500000 ( 98.0%)  mean_rew=+0.000
-----------------------------------------
| time/                   |             |
|    fps                  | 1254        |
|    iterations           | 120         |
|    time_elapsed         | 391         |
|    total_timesteps      | 491520      |
| train/                  |             |
|    approx_kl            | 0.002895752 |
|    clip_fraction        | 0.023       |
|    clip_range           | 0.2         |
|    entropy_loss         | -0.18       |
|    explained_variance   | 0.851       |
|    learning_rate        | 0.0003      |
|    loss                 | 0.00196     |
|    n_updates            | 1190        |
|    policy_gradient_loss | -0.000914   |
|    value_loss           | 0.000142    |
-----------------------------------------
  step  495000/500000 ( 99.0%)  mean_rew=+0.001
------------------------------------------
| time/                   |              |
|    fps                  | 1255         |
|    iterations           | 121          |
|    time_elapsed         | 394          |
|    total_timesteps      | 495616       |
| train/                  |              |
|    approx_kl            | 0.0021270392 |
|    clip_fraction        | 0.0129       |
|    clip_range           | 0.2          |
|    entropy_loss         | -0.176       |
|    explained_variance   | 0.867        |
|    learning_rate        | 0.0003       |
|    loss                 | -0.00352     |
|    n_updates            | 1200         |
|    policy_gradient_loss | -0.000394    |
|    value_loss           | 0.000125     |
------------------------------------------
------------------------------------------
| time/                   |              |
|    fps                  | 1256         |
|    iterations           | 122          |
|    time_elapsed         | 397          |
|    total_timesteps      | 499712       |
| train/                  |              |
|    approx_kl            | 0.0072282064 |
|    clip_fraction        | 0.0152       |
|    clip_range           | 0.2          |
|    entropy_loss         | -0.191       |
|    explained_variance   | 0.886        |
|    learning_rate        | 0.0003       |
|    loss                 | 0.00427      |
|    n_updates            | 1210         |
|    policy_gradient_loss | -0.000859    |
|    value_loss           | 8.86e-05     |
------------------------------------------
  step  500000/500000 (100.0%)  mean_rew=-0.000
------------------------------------------
| time/                   |              |
|    fps                  | 1257         |
|    iterations           | 123          |
|    time_elapsed         | 400          |
|    total_timesteps      | 503808       |
| train/                  |              |
|    approx_kl            | 0.0028413578 |
|    clip_fraction        | 0.0205       |
|    clip_range           | 0.2          |
|    entropy_loss         | -0.192       |
|    explained_variance   | 0.921        |
|    learning_rate        | 0.0003       |
|    loss                 | -5.94e-05    |
|    n_updates            | 1220         |
|    policy_gradient_loss | -0.000499    |
|    value_loss           | 6.46e-05     |
------------------------------------------
[cologne8-PPO] Done. Saved -> /workspace/rl-traffic/exp_cologne8_real/ppo_queue_s123
