Using libsumo as traci as requested by environment variable.
[cologne8-PPO] 8 agents | reward=wait-clip | seed=999
  obs=(7,) | act=Discrete(4)
Using cpu device
-----------------------------
| time/              |      |
|    fps             | 1568 |
|    iterations      | 1    |
|    time_elapsed    | 2    |
|    total_timesteps | 4096 |
-----------------------------
  step    5000/500000 (  1.0%)  mean_rew=-0.220
----------------------------------------
| time/                   |            |
|    fps                  | 1309       |
|    iterations           | 2          |
|    time_elapsed         | 6          |
|    total_timesteps      | 8192       |
| train/                  |            |
|    approx_kl            | 0.00977871 |
|    clip_fraction        | 0.0749     |
|    clip_range           | 0.2        |
|    entropy_loss         | -1.38      |
|    explained_variance   | 0.00295    |
|    learning_rate        | 0.0003     |
|    loss                 | 110        |
|    n_updates            | 10         |
|    policy_gradient_loss | -0.00718   |
|    value_loss           | 184        |
----------------------------------------
  step   10000/500000 (  2.0%)  mean_rew=-0.064
-----------------------------------------
| time/                   |             |
|    fps                  | 1267        |
|    iterations           | 3           |
|    time_elapsed         | 9           |
|    total_timesteps      | 12288       |
| train/                  |             |
|    approx_kl            | 0.008931131 |
|    clip_fraction        | 0.0592      |
|    clip_range           | 0.2         |
|    entropy_loss         | -1.36       |
|    explained_variance   | 0.142       |
|    learning_rate        | 0.0003      |
|    loss                 | 18.7        |
|    n_updates            | 20          |
|    policy_gradient_loss | -0.00434    |
|    value_loss           | 39          |
-----------------------------------------
  step   15000/500000 (  3.0%)  mean_rew=-0.018
-----------------------------------------
| time/                   |             |
|    fps                  | 1231        |
|    iterations           | 4           |
|    time_elapsed         | 13          |
|    total_timesteps      | 16384       |
| train/                  |             |
|    approx_kl            | 0.010613137 |
|    clip_fraction        | 0.0984      |
|    clip_range           | 0.2         |
|    entropy_loss         | -1.32       |
|    explained_variance   | 0.502       |
|    learning_rate        | 0.0003      |
|    loss                 | 4.17        |
|    n_updates            | 30          |
|    policy_gradient_loss | -0.00814    |
|    value_loss           | 11.3        |
-----------------------------------------
  step   20000/500000 (  4.0%)  mean_rew=-0.096
-----------------------------------------
| time/                   |             |
|    fps                  | 1211        |
|    iterations           | 5           |
|    time_elapsed         | 16          |
|    total_timesteps      | 20480       |
| train/                  |             |
|    approx_kl            | 0.011058423 |
|    clip_fraction        | 0.0842      |
|    clip_range           | 0.2         |
|    entropy_loss         | -1.26       |
|    explained_variance   | 0.631       |
|    learning_rate        | 0.0003      |
|    loss                 | 2.43        |
|    n_updates            | 40          |
|    policy_gradient_loss | -0.00873    |
|    value_loss           | 8.55        |
-----------------------------------------
----------------------------------------
| time/                   |            |
|    fps                  | 1207       |
|    iterations           | 6          |
|    time_elapsed         | 20         |
|    total_timesteps      | 24576      |
| train/                  |            |
|    approx_kl            | 0.01102967 |
|    clip_fraction        | 0.109      |
|    clip_range           | 0.2        |
|    entropy_loss         | -1.19      |
|    explained_variance   | 0.776      |
|    learning_rate        | 0.0003     |
|    loss                 | 2.48       |
|    n_updates            | 50         |
|    policy_gradient_loss | -0.00889   |
|    value_loss           | 4.8        |
----------------------------------------
  step   25000/500000 (  5.0%)  mean_rew=-0.169
-----------------------------------------
| time/                   |             |
|    fps                  | 1203        |
|    iterations           | 7           |
|    time_elapsed         | 23          |
|    total_timesteps      | 28672       |
| train/                  |             |
|    approx_kl            | 0.014716333 |
|    clip_fraction        | 0.121       |
|    clip_range           | 0.2         |
|    entropy_loss         | -1.16       |
|    explained_variance   | 0.719       |
|    learning_rate        | 0.0003      |
|    loss                 | 1.31        |
|    n_updates            | 60          |
|    policy_gradient_loss | -0.00899    |
|    value_loss           | 4.77        |
-----------------------------------------
  step   30000/500000 (  6.0%)  mean_rew=-0.002
-----------------------------------------
| time/                   |             |
|    fps                  | 1195        |
|    iterations           | 8           |
|    time_elapsed         | 27          |
|    total_timesteps      | 32768       |
| train/                  |             |
|    approx_kl            | 0.009106354 |
|    clip_fraction        | 0.0942      |
|    clip_range           | 0.2         |
|    entropy_loss         | -1.09       |
|    explained_variance   | 0.869       |
|    learning_rate        | 0.0003      |
|    loss                 | 0.612       |
|    n_updates            | 70          |
|    policy_gradient_loss | -0.00674    |
|    value_loss           | 1.86        |
-----------------------------------------
  step   35000/500000 (  7.0%)  mean_rew=-0.001
----------------------------------------
| time/                   |            |
|    fps                  | 1192       |
|    iterations           | 9          |
|    time_elapsed         | 30         |
|    total_timesteps      | 36864      |
| train/                  |            |
|    approx_kl            | 0.01209854 |
|    clip_fraction        | 0.134      |
|    clip_range           | 0.2        |
|    entropy_loss         | -0.986     |
|    explained_variance   | 0.851      |
|    learning_rate        | 0.0003     |
|    loss                 | 0.945      |
|    n_updates            | 80         |
|    policy_gradient_loss | -0.0078    |
|    value_loss           | 2.01       |
----------------------------------------
  step   40000/500000 (  8.0%)  mean_rew=-0.001
-----------------------------------------
| time/                   |             |
|    fps                  | 1196        |
|    iterations           | 10          |
|    time_elapsed         | 34          |
|    total_timesteps      | 40960       |
| train/                  |             |
|    approx_kl            | 0.008529532 |
|    clip_fraction        | 0.0736      |
|    clip_range           | 0.2         |
|    entropy_loss         | -0.929      |
|    explained_variance   | 0.854       |
|    learning_rate        | 0.0003      |
|    loss                 | 0.394       |
|    n_updates            | 90          |
|    policy_gradient_loss | -0.00479    |
|    value_loss           | 1.41        |
-----------------------------------------
  step   45000/500000 (  9.0%)  mean_rew=+0.000
------------------------------------------
| time/                   |              |
|    fps                  | 1193         |
|    iterations           | 11           |
|    time_elapsed         | 37           |
|    total_timesteps      | 45056        |
| train/                  |              |
|    approx_kl            | 0.0049014124 |
|    clip_fraction        | 0.0646       |
|    clip_range           | 0.2          |
|    entropy_loss         | -0.85        |
|    explained_variance   | 0.867        |
|    learning_rate        | 0.0003       |
|    loss                 | 0.512        |
|    n_updates            | 100          |
|    policy_gradient_loss | -0.00231     |
|    value_loss           | 0.835        |
------------------------------------------
-----------------------------------------
| time/                   |             |
|    fps                  | 1191        |
|    iterations           | 12          |
|    time_elapsed         | 41          |
|    total_timesteps      | 49152       |
| train/                  |             |
|    approx_kl            | 0.011972915 |
|    clip_fraction        | 0.124       |
|    clip_range           | 0.2         |
|    entropy_loss         | -0.73       |
|    explained_variance   | 0.94        |
|    learning_rate        | 0.0003      |
|    loss                 | 0.108       |
|    n_updates            | 110         |
|    policy_gradient_loss | -0.00744    |
|    value_loss           | 0.253       |
-----------------------------------------
  step   50000/500000 ( 10.0%)  mean_rew=-0.011
-----------------------------------------
| time/                   |             |
|    fps                  | 1192        |
|    iterations           | 13          |
|    time_elapsed         | 44          |
|    total_timesteps      | 53248       |
| train/                  |             |
|    approx_kl            | 0.004181115 |
|    clip_fraction        | 0.0442      |
|    clip_range           | 0.2         |
|    entropy_loss         | -0.694      |
|    explained_variance   | 0.858       |
|    learning_rate        | 0.0003      |
|    loss                 | 0.28        |
|    n_updates            | 120         |
|    policy_gradient_loss | -0.00297    |
|    value_loss           | 0.627       |
-----------------------------------------
  step   55000/500000 ( 11.0%)  mean_rew=-0.015
-----------------------------------------
| time/                   |             |
|    fps                  | 1191        |
|    iterations           | 14          |
|    time_elapsed         | 48          |
|    total_timesteps      | 57344       |
| train/                  |             |
|    approx_kl            | 0.006204989 |
|    clip_fraction        | 0.0483      |
|    clip_range           | 0.2         |
|    entropy_loss         | -0.608      |
|    explained_variance   | 0.859       |
|    learning_rate        | 0.0003      |
|    loss                 | 0.122       |
|    n_updates            | 130         |
|    policy_gradient_loss | -0.00354    |
|    value_loss           | 0.446       |
-----------------------------------------
  step   60000/500000 ( 12.0%)  mean_rew=-0.002
------------------------------------------
| time/                   |              |
|    fps                  | 1187         |
|    iterations           | 15           |
|    time_elapsed         | 51           |
|    total_timesteps      | 61440        |
| train/                  |              |
|    approx_kl            | 0.0054863766 |
|    clip_fraction        | 0.0436       |
|    clip_range           | 0.2          |
|    entropy_loss         | -0.539       |
|    explained_variance   | 0.941        |
|    learning_rate        | 0.0003       |
|    loss                 | 0.0534       |
|    n_updates            | 140          |
|    policy_gradient_loss | -0.00247     |
|    value_loss           | 0.141        |
------------------------------------------
  step   65000/500000 ( 13.0%)  mean_rew=-0.069
------------------------------------------
| time/                   |              |
|    fps                  | 1186         |
|    iterations           | 16           |
|    time_elapsed         | 55           |
|    total_timesteps      | 65536        |
| train/                  |              |
|    approx_kl            | 0.0022606843 |
|    clip_fraction        | 0.0302       |
|    clip_range           | 0.2          |
|    entropy_loss         | -0.521       |
|    explained_variance   | 0.84         |
|    learning_rate        | 0.0003       |
|    loss                 | 0.11         |
|    n_updates            | 150          |
|    policy_gradient_loss | -0.00161     |
|    value_loss           | 0.433        |
------------------------------------------
-----------------------------------------
| time/                   |             |
|    fps                  | 1187        |
|    iterations           | 17          |
|    time_elapsed         | 58          |
|    total_timesteps      | 69632       |
| train/                  |             |
|    approx_kl            | 0.006947874 |
|    clip_fraction        | 0.0577      |
|    clip_range           | 0.2         |
|    entropy_loss         | -0.495      |
|    explained_variance   | 0.875       |
|    learning_rate        | 0.0003      |
|    loss                 | 0.163       |
|    n_updates            | 160         |
|    policy_gradient_loss | -0.00366    |
|    value_loss           | 0.219       |
-----------------------------------------
  step   70000/500000 ( 14.0%)  mean_rew=+0.000
------------------------------------------
| time/                   |              |
|    fps                  | 1186         |
|    iterations           | 18           |
|    time_elapsed         | 62           |
|    total_timesteps      | 73728        |
| train/                  |              |
|    approx_kl            | 0.0038602632 |
|    clip_fraction        | 0.0473       |
|    clip_range           | 0.2          |
|    entropy_loss         | -0.463       |
|    explained_variance   | 0.884        |
|    learning_rate        | 0.0003       |
|    loss                 | 0.0728       |
|    n_updates            | 170          |
|    policy_gradient_loss | -0.00288     |
|    value_loss           | 0.121        |
------------------------------------------
  step   75000/500000 ( 15.0%)  mean_rew=-0.043
------------------------------------------
| time/                   |              |
|    fps                  | 1186         |
|    iterations           | 19           |
|    time_elapsed         | 65           |
|    total_timesteps      | 77824        |
| train/                  |              |
|    approx_kl            | 0.0041190814 |
|    clip_fraction        | 0.0528       |
|    clip_range           | 0.2          |
|    entropy_loss         | -0.425       |
|    explained_variance   | 0.963        |
|    learning_rate        | 0.0003       |
|    loss                 | 0.00598      |
|    n_updates            | 180          |
|    policy_gradient_loss | -0.00342     |
|    value_loss           | 0.0279       |
------------------------------------------
  step   80000/500000 ( 16.0%)  mean_rew=+0.000
-----------------------------------------
| time/                   |             |
|    fps                  | 1187        |
|    iterations           | 20          |
|    time_elapsed         | 69          |
|    total_timesteps      | 81920       |
| train/                  |             |
|    approx_kl            | 0.004194009 |
|    clip_fraction        | 0.0452      |
|    clip_range           | 0.2         |
|    entropy_loss         | -0.383      |
|    explained_variance   | 0.891       |
|    learning_rate        | 0.0003      |
|    loss                 | 0.00966     |
|    n_updates            | 190         |
|    policy_gradient_loss | -0.00328    |
|    value_loss           | 0.0857      |
-----------------------------------------
  step   85000/500000 ( 17.0%)  mean_rew=+0.000
-----------------------------------------
| time/                   |             |
|    fps                  | 1185        |
|    iterations           | 21          |
|    time_elapsed         | 72          |
|    total_timesteps      | 86016       |
| train/                  |             |
|    approx_kl            | 0.005516301 |
|    clip_fraction        | 0.0519      |
|    clip_range           | 0.2         |
|    entropy_loss         | -0.353      |
|    explained_variance   | 0.89        |
|    learning_rate        | 0.0003      |
|    loss                 | 0.0289      |
|    n_updates            | 200         |
|    policy_gradient_loss | -0.00308    |
|    value_loss           | 0.0658      |
-----------------------------------------
  step   90000/500000 ( 18.0%)  mean_rew=+0.000
------------------------------------------
| time/                   |              |
|    fps                  | 1185         |
|    iterations           | 22           |
|    time_elapsed         | 76           |
|    total_timesteps      | 90112        |
| train/                  |              |
|    approx_kl            | 0.0022762748 |
|    clip_fraction        | 0.0415       |
|    clip_range           | 0.2          |
|    entropy_loss         | -0.312       |
|    explained_variance   | 0.909        |
|    learning_rate        | 0.0003       |
|    loss                 | 0.0129       |
|    n_updates            | 210          |
|    policy_gradient_loss | -0.00135     |
|    value_loss           | 0.0565       |
------------------------------------------
------------------------------------------
| time/                   |              |
|    fps                  | 1184         |
|    iterations           | 23           |
|    time_elapsed         | 79           |
|    total_timesteps      | 94208        |
| train/                  |              |
|    approx_kl            | 0.0018098201 |
|    clip_fraction        | 0.0171       |
|    clip_range           | 0.2          |
|    entropy_loss         | -0.297       |
|    explained_variance   | 0.837        |
|    learning_rate        | 0.0003       |
|    loss                 | 0.056        |
|    n_updates            | 220          |
|    policy_gradient_loss | -0.000467    |
|    value_loss           | 0.103        |
------------------------------------------
  step   95000/500000 ( 19.0%)  mean_rew=-0.004
------------------------------------------
| time/                   |              |
|    fps                  | 1185         |
|    iterations           | 24           |
|    time_elapsed         | 82           |
|    total_timesteps      | 98304        |
| train/                  |              |
|    approx_kl            | 0.0019279501 |
|    clip_fraction        | 0.0149       |
|    clip_range           | 0.2          |
|    entropy_loss         | -0.278       |
|    explained_variance   | 0.817        |
|    learning_rate        | 0.0003       |
|    loss                 | 0.0666       |
|    n_updates            | 230          |
|    policy_gradient_loss | -0.00131     |
|    value_loss           | 0.108        |
------------------------------------------
  step  100000/500000 ( 20.0%)  mean_rew=-0.012
------------------------------------------
| time/                   |              |
|    fps                  | 1185         |
|    iterations           | 25           |
|    time_elapsed         | 86           |
|    total_timesteps      | 102400       |
| train/                  |              |
|    approx_kl            | 0.0026001516 |
|    clip_fraction        | 0.0209       |
|    clip_range           | 0.2          |
|    entropy_loss         | -0.253       |
|    explained_variance   | 0.9          |
|    learning_rate        | 0.0003       |
|    loss                 | 0.0104       |
|    n_updates            | 240          |
|    policy_gradient_loss | -0.00128     |
|    value_loss           | 0.0328       |
------------------------------------------
  step  105000/500000 ( 21.0%)  mean_rew=-0.006
------------------------------------------
| time/                   |              |
|    fps                  | 1185         |
|    iterations           | 26           |
|    time_elapsed         | 89           |
|    total_timesteps      | 106496       |
| train/                  |              |
|    approx_kl            | 0.0015738017 |
|    clip_fraction        | 0.0166       |
|    clip_range           | 0.2          |
|    entropy_loss         | -0.225       |
|    explained_variance   | 0.953        |
|    learning_rate        | 0.0003       |
|    loss                 | 0.00663      |
|    n_updates            | 250          |
|    policy_gradient_loss | -0.00104     |
|    value_loss           | 0.0168       |
------------------------------------------
  step  110000/500000 ( 22.0%)  mean_rew=-0.001
------------------------------------------
| time/                   |              |
|    fps                  | 1186         |
|    iterations           | 27           |
|    time_elapsed         | 93           |
|    total_timesteps      | 110592       |
| train/                  |              |
|    approx_kl            | 0.0060531823 |
|    clip_fraction        | 0.0377       |
|    clip_range           | 0.2          |
|    entropy_loss         | -0.246       |
|    explained_variance   | 0.854        |
|    learning_rate        | 0.0003       |
|    loss                 | 0.0214       |
|    n_updates            | 260          |
|    policy_gradient_loss | -0.000919    |
|    value_loss           | 0.0557       |
------------------------------------------
------------------------------------------
| time/                   |              |
|    fps                  | 1186         |
|    iterations           | 28           |
|    time_elapsed         | 96           |
|    total_timesteps      | 114688       |
| train/                  |              |
|    approx_kl            | 0.0025182788 |
|    clip_fraction        | 0.0232       |
|    clip_range           | 0.2          |
|    entropy_loss         | -0.24        |
|    explained_variance   | 0.907        |
|    learning_rate        | 0.0003       |
|    loss                 | 0.00716      |
|    n_updates            | 270          |
|    policy_gradient_loss | -0.00155     |
|    value_loss           | 0.0234       |
------------------------------------------
  step  115000/500000 ( 23.0%)  mean_rew=-0.009
-----------------------------------------
| time/                   |             |
|    fps                  | 1185        |
|    iterations           | 29          |
|    time_elapsed         | 100         |
|    total_timesteps      | 118784      |
| train/                  |             |
|    approx_kl            | 0.002380252 |
|    clip_fraction        | 0.0193      |
|    clip_range           | 0.2         |
|    entropy_loss         | -0.221      |
|    explained_variance   | 0.868       |
|    learning_rate        | 0.0003      |
|    loss                 | 0.00591     |
|    n_updates            | 280         |
|    policy_gradient_loss | -0.000746   |
|    value_loss           | 0.0397      |
-----------------------------------------
  step  120000/500000 ( 24.0%)  mean_rew=-0.001
------------------------------------------
| time/                   |              |
|    fps                  | 1184         |
|    iterations           | 30           |
|    time_elapsed         | 103          |
|    total_timesteps      | 122880       |
| train/                  |              |
|    approx_kl            | 0.0023813946 |
|    clip_fraction        | 0.0155       |
|    clip_range           | 0.2          |
|    entropy_loss         | -0.214       |
|    explained_variance   | 0.79         |
|    learning_rate        | 0.0003       |
|    loss                 | 0.0377       |
|    n_updates            | 290          |
|    policy_gradient_loss | -0.00115     |
|    value_loss           | 0.0707       |
------------------------------------------
  step  125000/500000 ( 25.0%)  mean_rew=-0.011
------------------------------------------
| time/                   |              |
|    fps                  | 1184         |
|    iterations           | 31           |
|    time_elapsed         | 107          |
|    total_timesteps      | 126976       |
| train/                  |              |
|    approx_kl            | 0.0016585721 |
|    clip_fraction        | 0.00928      |
|    clip_range           | 0.2          |
|    entropy_loss         | -0.198       |
|    explained_variance   | 0.804        |
|    learning_rate        | 0.0003       |
|    loss                 | 0.0469       |
|    n_updates            | 300          |
|    policy_gradient_loss | -0.000227    |
|    value_loss           | 0.0673       |
------------------------------------------
  step  130000/500000 ( 26.0%)  mean_rew=-0.004
------------------------------------------
| time/                   |              |
|    fps                  | 1184         |
|    iterations           | 32           |
|    time_elapsed         | 110          |
|    total_timesteps      | 131072       |
| train/                  |              |
|    approx_kl            | 0.0016156076 |
|    clip_fraction        | 0.0128       |
|    clip_range           | 0.2          |
|    entropy_loss         | -0.189       |
|    explained_variance   | 0.906        |
|    learning_rate        | 0.0003       |
|    loss                 | 0.00557      |
|    n_updates            | 310          |
|    policy_gradient_loss | -0.000525    |
|    value_loss           | 0.0196       |
------------------------------------------
  step  135000/500000 ( 27.0%)  mean_rew=-0.005
------------------------------------------
| time/                   |              |
|    fps                  | 1184         |
|    iterations           | 33           |
|    time_elapsed         | 114          |
|    total_timesteps      | 135168       |
| train/                  |              |
|    approx_kl            | 0.0011088608 |
|    clip_fraction        | 0.0127       |
|    clip_range           | 0.2          |
|    entropy_loss         | -0.195       |
|    explained_variance   | 0.914        |
|    learning_rate        | 0.0003       |
|    loss                 | 0.0123       |
|    n_updates            | 320          |
|    policy_gradient_loss | -0.000419    |
|    value_loss           | 0.0209       |
------------------------------------------
------------------------------------------
| time/                   |              |
|    fps                  | 1185         |
|    iterations           | 34           |
|    time_elapsed         | 117          |
|    total_timesteps      | 139264       |
| train/                  |              |
|    approx_kl            | 0.0016110456 |
|    clip_fraction        | 0.0174       |
|    clip_range           | 0.2          |
|    entropy_loss         | -0.178       |
|    explained_variance   | 0.753        |
|    learning_rate        | 0.0003       |
|    loss                 | 0.00561      |
|    n_updates            | 330          |
|    policy_gradient_loss | -0.000688    |
|    value_loss           | 0.0741       |
------------------------------------------
  step  140000/500000 ( 28.0%)  mean_rew=-0.016
------------------------------------------
| time/                   |              |
|    fps                  | 1184         |
|    iterations           | 35           |
|    time_elapsed         | 121          |
|    total_timesteps      | 143360       |
| train/                  |              |
|    approx_kl            | 0.0025952416 |
|    clip_fraction        | 0.0186       |
|    clip_range           | 0.2          |
|    entropy_loss         | -0.162       |
|    explained_variance   | 0.906        |
|    learning_rate        | 0.0003       |
|    loss                 | 0.0107       |
|    n_updates            | 340          |
|    policy_gradient_loss | -0.00128     |
|    value_loss           | 0.0169       |
------------------------------------------
  step  145000/500000 ( 29.0%)  mean_rew=+0.000
------------------------------------------
| time/                   |              |
|    fps                  | 1180         |
|    iterations           | 36           |
|    time_elapsed         | 124          |
|    total_timesteps      | 147456       |
| train/                  |              |
|    approx_kl            | 0.0017513258 |
|    clip_fraction        | 0.0166       |
|    clip_range           | 0.2          |
|    entropy_loss         | -0.161       |
|    explained_variance   | 0.941        |
|    learning_rate        | 0.0003       |
|    loss                 | 0.00462      |
|    n_updates            | 350          |
|    policy_gradient_loss | -0.000728    |
|    value_loss           | 0.0119       |
------------------------------------------
  step  150000/500000 ( 30.0%)  mean_rew=+0.000
------------------------------------------
| time/                   |              |
|    fps                  | 1158         |
|    iterations           | 37           |
|    time_elapsed         | 130          |
|    total_timesteps      | 151552       |
| train/                  |              |
|    approx_kl            | 0.0005874708 |
|    clip_fraction        | 0.000854     |
|    clip_range           | 0.2          |
|    entropy_loss         | -0.165       |
|    explained_variance   | 0.139        |
|    learning_rate        | 0.0003       |
|    loss                 | 63.2         |
|    n_updates            | 360          |
|    policy_gradient_loss | -0.000755    |
|    value_loss           | 161          |
------------------------------------------
  step  155000/500000 ( 31.0%)  mean_rew=-0.013
------------------------------------------
| time/                   |              |
|    fps                  | 1159         |
|    iterations           | 38           |
|    time_elapsed         | 134          |
|    total_timesteps      | 155648       |
| train/                  |              |
|    approx_kl            | 0.0010343278 |
|    clip_fraction        | 0.00139      |
|    clip_range           | 0.2          |
|    entropy_loss         | -0.177       |
|    explained_variance   | 0.395        |
|    learning_rate        | 0.0003       |
|    loss                 | 256          |
|    n_updates            | 370          |
|    policy_gradient_loss | -0.00105     |
|    value_loss           | 735          |
------------------------------------------
------------------------------------------
| time/                   |              |
|    fps                  | 1159         |
|    iterations           | 39           |
|    time_elapsed         | 137          |
|    total_timesteps      | 159744       |
| train/                  |              |
|    approx_kl            | 0.0009746031 |
|    clip_fraction        | 0.00554      |
|    clip_range           | 0.2          |
|    entropy_loss         | -0.165       |
|    explained_variance   | 0.824        |
|    learning_rate        | 0.0003       |
|    loss                 | 0.322        |
|    n_updates            | 380          |
|    policy_gradient_loss | -0.000516    |
|    value_loss           | 1.04         |
------------------------------------------
  step  160000/500000 ( 32.0%)  mean_rew=-0.006
------------------------------------------
| time/                   |              |
|    fps                  | 1160         |
|    iterations           | 40           |
|    time_elapsed         | 141          |
|    total_timesteps      | 163840       |
| train/                  |              |
|    approx_kl            | 0.0016703213 |
|    clip_fraction        | 0.00623      |
|    clip_range           | 0.2          |
|    entropy_loss         | -0.163       |
|    explained_variance   | 0.868        |
|    learning_rate        | 0.0003       |
|    loss                 | 0.257        |
|    n_updates            | 390          |
|    policy_gradient_loss | -0.000208    |
|    value_loss           | 0.644        |
------------------------------------------
  step  165000/500000 ( 33.0%)  mean_rew=-0.010
------------------------------------------
| time/                   |              |
|    fps                  | 1161         |
|    iterations           | 41           |
|    time_elapsed         | 144          |
|    total_timesteps      | 167936       |
| train/                  |              |
|    approx_kl            | 0.0029314854 |
|    clip_fraction        | 0.0241       |
|    clip_range           | 0.2          |
|    entropy_loss         | -0.179       |
|    explained_variance   | 0.837        |
|    learning_rate        | 0.0003       |
|    loss                 | 0.272        |
|    n_updates            | 400          |
|    policy_gradient_loss | -0.00115     |
|    value_loss           | 0.6          |
------------------------------------------
  step  170000/500000 ( 34.0%)  mean_rew=-0.002
------------------------------------------
| time/                   |              |
|    fps                  | 1161         |
|    iterations           | 42           |
|    time_elapsed         | 148          |
|    total_timesteps      | 172032       |
| train/                  |              |
|    approx_kl            | 0.0047337282 |
|    clip_fraction        | 0.0291       |
|    clip_range           | 0.2          |
|    entropy_loss         | -0.198       |
|    explained_variance   | 0.851        |
|    learning_rate        | 0.0003       |
|    loss                 | 0.156        |
|    n_updates            | 410          |
|    policy_gradient_loss | -0.000974    |
|    value_loss           | 0.333        |
------------------------------------------
  step  175000/500000 ( 35.0%)  mean_rew=-0.005
------------------------------------------
| time/                   |              |
|    fps                  | 1161         |
|    iterations           | 43           |
|    time_elapsed         | 151          |
|    total_timesteps      | 176128       |
| train/                  |              |
|    approx_kl            | 0.0024421127 |
|    clip_fraction        | 0.0263       |
|    clip_range           | 0.2          |
|    entropy_loss         | -0.196       |
|    explained_variance   | 0.855        |
|    learning_rate        | 0.0003       |
|    loss                 | 0.214        |
|    n_updates            | 420          |
|    policy_gradient_loss | -0.000418    |
|    value_loss           | 0.36         |
------------------------------------------
  step  180000/500000 ( 36.0%)  mean_rew=-0.001
------------------------------------------
| time/                   |              |
|    fps                  | 1161         |
|    iterations           | 44           |
|    time_elapsed         | 155          |
|    total_timesteps      | 180224       |
| train/                  |              |
|    approx_kl            | 0.0015425025 |
|    clip_fraction        | 0.0145       |
|    clip_range           | 0.2          |
|    entropy_loss         | -0.187       |
|    explained_variance   | 0.852        |
|    learning_rate        | 0.0003       |
|    loss                 | 0.0932       |
|    n_updates            | 430          |
|    policy_gradient_loss | -0.00102     |
|    value_loss           | 0.231        |
------------------------------------------
------------------------------------------
| time/                   |              |
|    fps                  | 1162         |
|    iterations           | 45           |
|    time_elapsed         | 158          |
|    total_timesteps      | 184320       |
| train/                  |              |
|    approx_kl            | 0.0023381365 |
|    clip_fraction        | 0.0182       |
|    clip_range           | 0.2          |
|    entropy_loss         | -0.19        |
|    explained_variance   | 0.881        |
|    learning_rate        | 0.0003       |
|    loss                 | 0.0493       |
|    n_updates            | 440          |
|    policy_gradient_loss | -0.000555    |
|    value_loss           | 0.121        |
------------------------------------------
  step  185000/500000 ( 37.0%)  mean_rew=-0.012
-----------------------------------------
| time/                   |             |
|    fps                  | 1162        |
|    iterations           | 46          |
|    time_elapsed         | 162         |
|    total_timesteps      | 188416      |
| train/                  |             |
|    approx_kl            | 0.003488132 |
|    clip_fraction        | 0.0285      |
|    clip_range           | 0.2         |
|    entropy_loss         | -0.194      |
|    explained_variance   | 0.875       |
|    learning_rate        | 0.0003      |
|    loss                 | 0.0218      |
|    n_updates            | 450         |
|    policy_gradient_loss | -0.000577   |
|    value_loss           | 0.0843      |
-----------------------------------------
  step  190000/500000 ( 38.0%)  mean_rew=-0.005
------------------------------------------
| time/                   |              |
|    fps                  | 1162         |
|    iterations           | 47           |
|    time_elapsed         | 165          |
|    total_timesteps      | 192512       |
| train/                  |              |
|    approx_kl            | 0.0019425474 |
|    clip_fraction        | 0.0147       |
|    clip_range           | 0.2          |
|    entropy_loss         | -0.193       |
|    explained_variance   | 0.935        |
|    learning_rate        | 0.0003       |
|    loss                 | 0.0194       |
|    n_updates            | 460          |
|    policy_gradient_loss | -0.000945    |
|    value_loss           | 0.0353       |
------------------------------------------
  step  195000/500000 ( 39.0%)  mean_rew=+0.000
------------------------------------------
| time/                   |              |
|    fps                  | 1163         |
|    iterations           | 48           |
|    time_elapsed         | 168          |
|    total_timesteps      | 196608       |
| train/                  |              |
|    approx_kl            | 0.0010791944 |
|    clip_fraction        | 0.00894      |
|    clip_range           | 0.2          |
|    entropy_loss         | -0.195       |
|    explained_variance   | 0.866        |
|    learning_rate        | 0.0003       |
|    loss                 | 0.0496       |
|    n_updates            | 470          |
|    policy_gradient_loss | -0.000149    |
|    value_loss           | 0.0752       |
------------------------------------------
  step  200000/500000 ( 40.0%)  mean_rew=-0.008
------------------------------------------
| time/                   |              |
|    fps                  | 1163         |
|    iterations           | 49           |
|    time_elapsed         | 172          |
|    total_timesteps      | 200704       |
| train/                  |              |
|    approx_kl            | 0.0011632574 |
|    clip_fraction        | 0.0182       |
|    clip_range           | 0.2          |
|    entropy_loss         | -0.196       |
|    explained_variance   | 0.891        |
|    learning_rate        | 0.0003       |
|    loss                 | 0.00844      |
|    n_updates            | 480          |
|    policy_gradient_loss | -7.83e-06    |
|    value_loss           | 0.0354       |
------------------------------------------
------------------------------------------
| time/                   |              |
|    fps                  | 1163         |
|    iterations           | 50           |
|    time_elapsed         | 176          |
|    total_timesteps      | 204800       |
| train/                  |              |
|    approx_kl            | 0.0013803951 |
|    clip_fraction        | 0.0149       |
|    clip_range           | 0.2          |
|    entropy_loss         | -0.192       |
|    explained_variance   | 0.939        |
|    learning_rate        | 0.0003       |
|    loss                 | 0.00505      |
|    n_updates            | 490          |
|    policy_gradient_loss | -0.00114     |
|    value_loss           | 0.0191       |
------------------------------------------
  step  205000/500000 ( 41.0%)  mean_rew=-0.010
------------------------------------------
| time/                   |              |
|    fps                  | 1163         |
|    iterations           | 51           |
|    time_elapsed         | 179          |
|    total_timesteps      | 208896       |
| train/                  |              |
|    approx_kl            | 0.0019842507 |
|    clip_fraction        | 0.0222       |
|    clip_range           | 0.2          |
|    entropy_loss         | -0.191       |
|    explained_variance   | 0.891        |
|    learning_rate        | 0.0003       |
|    loss                 | 0.016        |
|    n_updates            | 500          |
|    policy_gradient_loss | -0.000487    |
|    value_loss           | 0.033        |
------------------------------------------
  step  210000/500000 ( 42.0%)  mean_rew=-0.001
------------------------------------------
| time/                   |              |
|    fps                  | 1164         |
|    iterations           | 52           |
|    time_elapsed         | 182          |
|    total_timesteps      | 212992       |
| train/                  |              |
|    approx_kl            | 0.0035376442 |
|    clip_fraction        | 0.0514       |
|    clip_range           | 0.2          |
|    entropy_loss         | -0.196       |
|    explained_variance   | 0.897        |
|    learning_rate        | 0.0003       |
|    loss                 | 0.00645      |
|    n_updates            | 510          |
|    policy_gradient_loss | -0.0011      |
|    value_loss           | 0.0249       |
------------------------------------------
  step  215000/500000 ( 43.0%)  mean_rew=-0.006
------------------------------------------
| time/                   |              |
|    fps                  | 1163         |
|    iterations           | 53           |
|    time_elapsed         | 186          |
|    total_timesteps      | 217088       |
| train/                  |              |
|    approx_kl            | 0.0018822365 |
|    clip_fraction        | 0.0159       |
|    clip_range           | 0.2          |
|    entropy_loss         | -0.186       |
|    explained_variance   | 0.95         |
|    learning_rate        | 0.0003       |
|    loss                 | 0.0103       |
|    n_updates            | 520          |
|    policy_gradient_loss | -0.00107     |
|    value_loss           | 0.0102       |
------------------------------------------
  step  220000/500000 ( 44.0%)  mean_rew=-0.007
------------------------------------------
| time/                   |              |
|    fps                  | 1163         |
|    iterations           | 54           |
|    time_elapsed         | 190          |
|    total_timesteps      | 221184       |
| train/                  |              |
|    approx_kl            | 0.0023905716 |
|    clip_fraction        | 0.0147       |
|    clip_range           | 0.2          |
|    entropy_loss         | -0.181       |
|    explained_variance   | 0.852        |
|    learning_rate        | 0.0003       |
|    loss                 | 0.0467       |
|    n_updates            | 530          |
|    policy_gradient_loss | -0.000255    |
|    value_loss           | 0.0369       |
------------------------------------------
  step  225000/500000 ( 45.0%)  mean_rew=-0.006
------------------------------------------
| time/                   |              |
|    fps                  | 1165         |
|    iterations           | 55           |
|    time_elapsed         | 193          |
|    total_timesteps      | 225280       |
| train/                  |              |
|    approx_kl            | 0.0014501784 |
|    clip_fraction        | 0.0103       |
|    clip_range           | 0.2          |
|    entropy_loss         | -0.178       |
|    explained_variance   | 0.884        |
|    learning_rate        | 0.0003       |
|    loss                 | 0.00885      |
|    n_updates            | 540          |
|    policy_gradient_loss | -9.01e-05    |
|    value_loss           | 0.0232       |
------------------------------------------
------------------------------------------
| time/                   |              |
|    fps                  | 1165         |
|    iterations           | 56           |
|    time_elapsed         | 196          |
|    total_timesteps      | 229376       |
| train/                  |              |
|    approx_kl            | 0.0020065322 |
|    clip_fraction        | 0.0144       |
|    clip_range           | 0.2          |
|    entropy_loss         | -0.172       |
|    explained_variance   | 0.897        |
|    learning_rate        | 0.0003       |
|    loss                 | 0.0132       |
|    n_updates            | 550          |
|    policy_gradient_loss | -0.000709    |
|    value_loss           | 0.0166       |
------------------------------------------
  step  230000/500000 ( 46.0%)  mean_rew=-0.002
------------------------------------------
| time/                   |              |
|    fps                  | 1164         |
|    iterations           | 57           |
|    time_elapsed         | 200          |
|    total_timesteps      | 233472       |
| train/                  |              |
|    approx_kl            | 0.0016749188 |
|    clip_fraction        | 0.026        |
|    clip_range           | 0.2          |
|    entropy_loss         | -0.175       |
|    explained_variance   | 0.925        |
|    learning_rate        | 0.0003       |
|    loss                 | 0.00636      |
|    n_updates            | 560          |
|    policy_gradient_loss | -0.000793    |
|    value_loss           | 0.0133       |
------------------------------------------
  step  235000/500000 ( 47.0%)  mean_rew=-0.001
------------------------------------------
| time/                   |              |
|    fps                  | 1165         |
|    iterations           | 58           |
|    time_elapsed         | 203          |
|    total_timesteps      | 237568       |
| train/                  |              |
|    approx_kl            | 0.0014805882 |
|    clip_fraction        | 0.0144       |
|    clip_range           | 0.2          |
|    entropy_loss         | -0.178       |
|    explained_variance   | 0.716        |
|    learning_rate        | 0.0003       |
|    loss                 | 0.0741       |
|    n_updates            | 570          |
|    policy_gradient_loss | -0.000295    |
|    value_loss           | 0.0684       |
------------------------------------------
  step  240000/500000 ( 48.0%)  mean_rew=-0.011
------------------------------------------
| time/                   |              |
|    fps                  | 1165         |
|    iterations           | 59           |
|    time_elapsed         | 207          |
|    total_timesteps      | 241664       |
| train/                  |              |
|    approx_kl            | 0.0018160124 |
|    clip_fraction        | 0.0119       |
|    clip_range           | 0.2          |
|    entropy_loss         | -0.169       |
|    explained_variance   | 0.782        |
|    learning_rate        | 0.0003       |
|    loss                 | 0.00975      |
|    n_updates            | 580          |
|    policy_gradient_loss | -0.000506    |
|    value_loss           | 0.0449       |
------------------------------------------
  step  245000/500000 ( 49.0%)  mean_rew=-0.006
-----------------------------------------
| time/                   |             |
|    fps                  | 1165        |
|    iterations           | 60          |
|    time_elapsed         | 210         |
|    total_timesteps      | 245760      |
| train/                  |             |
|    approx_kl            | 0.001526685 |
|    clip_fraction        | 0.0253      |
|    clip_range           | 0.2         |
|    entropy_loss         | -0.159      |
|    explained_variance   | 0.899       |
|    learning_rate        | 0.0003      |
|    loss                 | 0.014       |
|    n_updates            | 590         |
|    policy_gradient_loss | -0.000599   |
|    value_loss           | 0.019       |
-----------------------------------------
------------------------------------------
| time/                   |              |
|    fps                  | 1165         |
|    iterations           | 61           |
|    time_elapsed         | 214          |
|    total_timesteps      | 249856       |
| train/                  |              |
|    approx_kl            | 0.0011849797 |
|    clip_fraction        | 0.00593      |
|    clip_range           | 0.2          |
|    entropy_loss         | -0.156       |
|    explained_variance   | 0.785        |
|    learning_rate        | 0.0003       |
|    loss                 | 0.0113       |
|    n_updates            | 600          |
|    policy_gradient_loss | -0.000419    |
|    value_loss           | 0.0473       |
------------------------------------------
  step  250000/500000 ( 50.0%)  mean_rew=-0.004
------------------------------------------
| time/                   |              |
|    fps                  | 1165         |
|    iterations           | 62           |
|    time_elapsed         | 217          |
|    total_timesteps      | 253952       |
| train/                  |              |
|    approx_kl            | 0.0016794329 |
|    clip_fraction        | 0.0207       |
|    clip_range           | 0.2          |
|    entropy_loss         | -0.152       |
|    explained_variance   | 0.892        |
|    learning_rate        | 0.0003       |
|    loss                 | 0.0104       |
|    n_updates            | 610          |
|    policy_gradient_loss | -0.000301    |
|    value_loss           | 0.0195       |
------------------------------------------
  step  255000/500000 ( 51.0%)  mean_rew=-0.016
------------------------------------------
| time/                   |              |
|    fps                  | 1165         |
|    iterations           | 63           |
|    time_elapsed         | 221          |
|    total_timesteps      | 258048       |
| train/                  |              |
|    approx_kl            | 0.0023911966 |
|    clip_fraction        | 0.0271       |
|    clip_range           | 0.2          |
|    entropy_loss         | -0.146       |
|    explained_variance   | 0.904        |
|    learning_rate        | 0.0003       |
|    loss                 | 0.00502      |
|    n_updates            | 620          |
|    policy_gradient_loss | -0.000342    |
|    value_loss           | 0.0131       |
------------------------------------------
  step  260000/500000 ( 52.0%)  mean_rew=-0.006
------------------------------------------
| time/                   |              |
|    fps                  | 1165         |
|    iterations           | 64           |
|    time_elapsed         | 224          |
|    total_timesteps      | 262144       |
| train/                  |              |
|    approx_kl            | 0.0025486108 |
|    clip_fraction        | 0.0139       |
|    clip_range           | 0.2          |
|    entropy_loss         | -0.146       |
|    explained_variance   | 0.907        |
|    learning_rate        | 0.0003       |
|    loss                 | 0.00507      |
|    n_updates            | 630          |
|    policy_gradient_loss | -0.000264    |
|    value_loss           | 0.0151       |
------------------------------------------
  step  265000/500000 ( 53.0%)  mean_rew=+0.000
-----------------------------------------
| time/                   |             |
|    fps                  | 1166        |
|    iterations           | 65          |
|    time_elapsed         | 228         |
|    total_timesteps      | 266240      |
| train/                  |             |
|    approx_kl            | 0.002007662 |
|    clip_fraction        | 0.0102      |
|    clip_range           | 0.2         |
|    entropy_loss         | -0.142      |
|    explained_variance   | 0.889       |
|    learning_rate        | 0.0003      |
|    loss                 | 0.00562     |
|    n_updates            | 640         |
|    policy_gradient_loss | -0.000225   |
|    value_loss           | 0.0177      |
-----------------------------------------
  step  270000/500000 ( 54.0%)  mean_rew=-0.004
------------------------------------------
| time/                   |              |
|    fps                  | 1166         |
|    iterations           | 66           |
|    time_elapsed         | 231          |
|    total_timesteps      | 270336       |
| train/                  |              |
|    approx_kl            | 0.0025614584 |
|    clip_fraction        | 0.0228       |
|    clip_range           | 0.2          |
|    entropy_loss         | -0.15        |
|    explained_variance   | 0.899        |
|    learning_rate        | 0.0003       |
|    loss                 | 0.00477      |
|    n_updates            | 650          |
|    policy_gradient_loss | -0.000588    |
|    value_loss           | 0.013        |
------------------------------------------
------------------------------------------
| time/                   |              |
|    fps                  | 1166         |
|    iterations           | 67           |
|    time_elapsed         | 235          |
|    total_timesteps      | 274432       |
| train/                  |              |
|    approx_kl            | 0.0023781918 |
|    clip_fraction        | 0.0237       |
|    clip_range           | 0.2          |
|    entropy_loss         | -0.146       |
|    explained_variance   | 0.84         |
|    learning_rate        | 0.0003       |
|    loss                 | 0.0231       |
|    n_updates            | 660          |
|    policy_gradient_loss | -0.000248    |
|    value_loss           | 0.0267       |
------------------------------------------
  step  275000/500000 ( 55.0%)  mean_rew=+0.000
------------------------------------------
| time/                   |              |
|    fps                  | 1166         |
|    iterations           | 68           |
|    time_elapsed         | 238          |
|    total_timesteps      | 278528       |
| train/                  |              |
|    approx_kl            | 0.0011332338 |
|    clip_fraction        | 0.00974      |
|    clip_range           | 0.2          |
|    entropy_loss         | -0.144       |
|    explained_variance   | 0.878        |
|    learning_rate        | 0.0003       |
|    loss                 | 0.00949      |
|    n_updates            | 670          |
|    policy_gradient_loss | -0.000218    |
|    value_loss           | 0.0184       |
------------------------------------------
  step  280000/500000 ( 56.0%)  mean_rew=-0.004
------------------------------------------
| time/                   |              |
|    fps                  | 1166         |
|    iterations           | 69           |
|    time_elapsed         | 242          |
|    total_timesteps      | 282624       |
| train/                  |              |
|    approx_kl            | 0.0024028202 |
|    clip_fraction        | 0.014        |
|    clip_range           | 0.2          |
|    entropy_loss         | -0.142       |
|    explained_variance   | 0.878        |
|    learning_rate        | 0.0003       |
|    loss                 | 0.00991      |
|    n_updates            | 680          |
|    policy_gradient_loss | -0.000165    |
|    value_loss           | 0.0183       |
------------------------------------------
  step  285000/500000 ( 57.0%)  mean_rew=-0.006
------------------------------------------
| time/                   |              |
|    fps                  | 1166         |
|    iterations           | 70           |
|    time_elapsed         | 245          |
|    total_timesteps      | 286720       |
| train/                  |              |
|    approx_kl            | 0.0010022093 |
|    clip_fraction        | 0.0167       |
|    clip_range           | 0.2          |
|    entropy_loss         | -0.133       |
|    explained_variance   | 0.896        |
|    learning_rate        | 0.0003       |
|    loss                 | 0.00464      |
|    n_updates            | 690          |
|    policy_gradient_loss | -4.7e-05     |
|    value_loss           | 0.0126       |
------------------------------------------
  step  290000/500000 ( 58.0%)  mean_rew=-0.010
-------------------------------------------
| time/                   |               |
|    fps                  | 1166          |
|    iterations           | 71            |
|    time_elapsed         | 249           |
|    total_timesteps      | 290816        |
| train/                  |               |
|    approx_kl            | 0.00082791987 |
|    clip_fraction        | 0.00527       |
|    clip_range           | 0.2           |
|    entropy_loss         | -0.132        |
|    explained_variance   | 0.926         |
|    learning_rate        | 0.0003        |
|    loss                 | 0.00504       |
|    n_updates            | 700           |
|    policy_gradient_loss | -0.000303     |
|    value_loss           | 0.01          |
-------------------------------------------
------------------------------------------
| time/                   |              |
|    fps                  | 1167         |
|    iterations           | 72           |
|    time_elapsed         | 252          |
|    total_timesteps      | 294912       |
| train/                  |              |
|    approx_kl            | 0.0013403669 |
|    clip_fraction        | 0.0139       |
|    clip_range           | 0.2          |
|    entropy_loss         | -0.131       |
|    explained_variance   | 0.802        |
|    learning_rate        | 0.0003       |
|    loss                 | 0.0109       |
|    n_updates            | 710          |
|    policy_gradient_loss | -0.000535    |
|    value_loss           | 0.0332       |
------------------------------------------
  step  295000/500000 ( 59.0%)  mean_rew=-0.005
------------------------------------------
| time/                   |              |
|    fps                  | 1167         |
|    iterations           | 73           |
|    time_elapsed         | 256          |
|    total_timesteps      | 299008       |
| train/                  |              |
|    approx_kl            | 0.0010118892 |
|    clip_fraction        | 0.0243       |
|    clip_range           | 0.2          |
|    entropy_loss         | -0.125       |
|    explained_variance   | 0.857        |
|    learning_rate        | 0.0003       |
|    loss                 | 0.0108       |
|    n_updates            | 720          |
|    policy_gradient_loss | -0.000206    |
|    value_loss           | 0.0203       |
------------------------------------------
  step  300000/500000 ( 60.0%)  mean_rew=+0.000
------------------------------------------
| time/                   |              |
|    fps                  | 1166         |
|    iterations           | 74           |
|    time_elapsed         | 259          |
|    total_timesteps      | 303104       |
| train/                  |              |
|    approx_kl            | 0.0023876617 |
|    clip_fraction        | 0.017        |
|    clip_range           | 0.2          |
|    entropy_loss         | -0.119       |
|    explained_variance   | 0.716        |
|    learning_rate        | 0.0003       |
|    loss                 | 0.00612      |
|    n_updates            | 730          |
|    policy_gradient_loss | -0.000363    |
|    value_loss           | 0.0583       |
------------------------------------------
  step  305000/500000 ( 61.0%)  mean_rew=+0.000
------------------------------------------
| time/                   |              |
|    fps                  | 1166         |
|    iterations           | 75           |
|    time_elapsed         | 263          |
|    total_timesteps      | 307200       |
| train/                  |              |
|    approx_kl            | 0.0012410819 |
|    clip_fraction        | 0.00903      |
|    clip_range           | 0.2          |
|    entropy_loss         | -0.112       |
|    explained_variance   | 0.516        |
|    learning_rate        | 0.0003       |
|    loss                 | 0.0469       |
|    n_updates            | 740          |
|    policy_gradient_loss | -3.36e-05    |
|    value_loss           | 0.182        |
------------------------------------------
  step  310000/500000 ( 62.0%)  mean_rew=+0.000
-------------------------------------------
| time/                   |               |
|    fps                  | 1167          |
|    iterations           | 76            |
|    time_elapsed         | 266           |
|    total_timesteps      | 311296        |
| train/                  |               |
|    approx_kl            | 0.00027161534 |
|    clip_fraction        | 0.00583       |
|    clip_range           | 0.2           |
|    entropy_loss         | -0.104        |
|    explained_variance   | 0.838         |
|    learning_rate        | 0.0003        |
|    loss                 | 0.0265        |
|    n_updates            | 750           |
|    policy_gradient_loss | -0.000187     |
|    value_loss           | 0.0348        |
-------------------------------------------
  step  315000/500000 ( 63.0%)  mean_rew=-0.015
------------------------------------------
| time/                   |              |
|    fps                  | 1167         |
|    iterations           | 77           |
|    time_elapsed         | 270          |
|    total_timesteps      | 315392       |
| train/                  |              |
|    approx_kl            | 0.0011559456 |
|    clip_fraction        | 0.00959      |
|    clip_range           | 0.2          |
|    entropy_loss         | -0.0981      |
|    explained_variance   | 0.863        |
|    learning_rate        | 0.0003       |
|    loss                 | 0.00678      |
|    n_updates            | 760          |
|    policy_gradient_loss | -0.000156    |
|    value_loss           | 0.0225       |
------------------------------------------
------------------------------------------
| time/                   |              |
|    fps                  | 1167         |
|    iterations           | 78           |
|    time_elapsed         | 273          |
|    total_timesteps      | 319488       |
| train/                  |              |
|    approx_kl            | 0.0008167018 |
|    clip_fraction        | 0.0085       |
|    clip_range           | 0.2          |
|    entropy_loss         | -0.0956      |
|    explained_variance   | 0.85         |
|    learning_rate        | 0.0003       |
|    loss                 | 0.0134       |
|    n_updates            | 770          |
|    policy_gradient_loss | -0.000137    |
|    value_loss           | 0.0304       |
------------------------------------------
  step  320000/500000 ( 64.0%)  mean_rew=-0.004
------------------------------------------
| time/                   |              |
|    fps                  | 1167         |
|    iterations           | 79           |
|    time_elapsed         | 277          |
|    total_timesteps      | 323584       |
| train/                  |              |
|    approx_kl            | 0.0005180962 |
|    clip_fraction        | 0.0074       |
|    clip_range           | 0.2          |
|    entropy_loss         | -0.0945      |
|    explained_variance   | 0.728        |
|    learning_rate        | 0.0003       |
|    loss                 | 0.00866      |
|    n_updates            | 780          |
|    policy_gradient_loss | -0.00025     |
|    value_loss           | 0.0673       |
------------------------------------------
  step  325000/500000 ( 65.0%)  mean_rew=-0.001
------------------------------------------
| time/                   |              |
|    fps                  | 1167         |
|    iterations           | 80           |
|    time_elapsed         | 280          |
|    total_timesteps      | 327680       |
| train/                  |              |
|    approx_kl            | 0.0019177177 |
|    clip_fraction        | 0.0148       |
|    clip_range           | 0.2          |
|    entropy_loss         | -0.0985      |
|    explained_variance   | 0.908        |
|    learning_rate        | 0.0003       |
|    loss                 | 0.00895      |
|    n_updates            | 790          |
|    policy_gradient_loss | -0.00019     |
|    value_loss           | 0.013        |
------------------------------------------
  step  330000/500000 ( 66.0%)  mean_rew=-0.004
------------------------------------------
| time/                   |              |
|    fps                  | 1167         |
|    iterations           | 81           |
|    time_elapsed         | 284          |
|    total_timesteps      | 331776       |
| train/                  |              |
|    approx_kl            | 0.0009973024 |
|    clip_fraction        | 0.0107       |
|    clip_range           | 0.2          |
|    entropy_loss         | -0.107       |
|    explained_variance   | 0.87         |
|    learning_rate        | 0.0003       |
|    loss                 | 0.0113       |
|    n_updates            | 800          |
|    policy_gradient_loss | -0.000154    |
|    value_loss           | 0.0252       |
------------------------------------------
  step  335000/500000 ( 67.0%)  mean_rew=-0.001
-------------------------------------------
| time/                   |               |
|    fps                  | 1168          |
|    iterations           | 82            |
|    time_elapsed         | 287           |
|    total_timesteps      | 335872        |
| train/                  |               |
|    approx_kl            | 0.00020446772 |
|    clip_fraction        | 0.00439       |
|    clip_range           | 0.2           |
|    entropy_loss         | -0.107        |
|    explained_variance   | 0.898         |
|    learning_rate        | 0.0003        |
|    loss                 | 0.014         |
|    n_updates            | 810           |
|    policy_gradient_loss | 0.000164      |
|    value_loss           | 0.0175        |
-------------------------------------------
------------------------------------------
| time/                   |              |
|    fps                  | 1169         |
|    iterations           | 83           |
|    time_elapsed         | 290          |
|    total_timesteps      | 339968       |
| train/                  |              |
|    approx_kl            | 0.0004103006 |
|    clip_fraction        | 0.00764      |
|    clip_range           | 0.2          |
|    entropy_loss         | -0.111       |
|    explained_variance   | 0.772        |
|    learning_rate        | 0.0003       |
|    loss                 | 0.0508       |
|    n_updates            | 820          |
|    policy_gradient_loss | 2.95e-05     |
|    value_loss           | 0.0482       |
------------------------------------------
  step  340000/500000 ( 68.0%)  mean_rew=+0.000
------------------------------------------
| time/                   |              |
|    fps                  | 1170         |
|    iterations           | 84           |
|    time_elapsed         | 293          |
|    total_timesteps      | 344064       |
| train/                  |              |
|    approx_kl            | 0.0019782663 |
|    clip_fraction        | 0.0147       |
|    clip_range           | 0.2          |
|    entropy_loss         | -0.108       |
|    explained_variance   | 0.9          |
|    learning_rate        | 0.0003       |
|    loss                 | 0.00142      |
|    n_updates            | 830          |
|    policy_gradient_loss | -0.000792    |
|    value_loss           | 0.0153       |
------------------------------------------
  step  345000/500000 ( 69.0%)  mean_rew=+0.000
-------------------------------------------
| time/                   |               |
|    fps                  | 1171          |
|    iterations           | 85            |
|    time_elapsed         | 297           |
|    total_timesteps      | 348160        |
| train/                  |               |
|    approx_kl            | 0.00085954776 |
|    clip_fraction        | 0.00713       |
|    clip_range           | 0.2           |
|    entropy_loss         | -0.111        |
|    explained_variance   | 0.907         |
|    learning_rate        | 0.0003        |
|    loss                 | 0.00491       |
|    n_updates            | 840           |
|    policy_gradient_loss | -7.53e-05     |
|    value_loss           | 0.0159        |
-------------------------------------------
  step  350000/500000 ( 70.0%)  mean_rew=-0.009
------------------------------------------
| time/                   |              |
|    fps                  | 1173         |
|    iterations           | 86           |
|    time_elapsed         | 300          |
|    total_timesteps      | 352256       |
| train/                  |              |
|    approx_kl            | 0.0011814556 |
|    clip_fraction        | 0.0106       |
|    clip_range           | 0.2          |
|    entropy_loss         | -0.116       |
|    explained_variance   | 0.717        |
|    learning_rate        | 0.0003       |
|    loss                 | 0.0308       |
|    n_updates            | 850          |
|    policy_gradient_loss | -0.000179    |
|    value_loss           | 0.066        |
------------------------------------------
  step  355000/500000 ( 71.0%)  mean_rew=+0.000
------------------------------------------
| time/                   |              |
|    fps                  | 1175         |
|    iterations           | 87           |
|    time_elapsed         | 303          |
|    total_timesteps      | 356352       |
| train/                  |              |
|    approx_kl            | 0.0026765035 |
|    clip_fraction        | 0.0389       |
|    clip_range           | 0.2          |
|    entropy_loss         | -0.113       |
|    explained_variance   | 0.869        |
|    learning_rate        | 0.0003       |
|    loss                 | 0.00625      |
|    n_updates            | 860          |
|    policy_gradient_loss | -0.00053     |
|    value_loss           | 0.0208       |
------------------------------------------
  step  360000/500000 ( 72.0%)  mean_rew=-0.001
------------------------------------------
| time/                   |              |
|    fps                  | 1176         |
|    iterations           | 88           |
|    time_elapsed         | 306          |
|    total_timesteps      | 360448       |
| train/                  |              |
|    approx_kl            | 0.0013696295 |
|    clip_fraction        | 0.012        |
|    clip_range           | 0.2          |
|    entropy_loss         | -0.116       |
|    explained_variance   | 0.937        |
|    learning_rate        | 0.0003       |
|    loss                 | 0.00563      |
|    n_updates            | 870          |
|    policy_gradient_loss | -0.000473    |
|    value_loss           | 0.0103       |
------------------------------------------
-----------------------------------------
| time/                   |             |
|    fps                  | 1178        |
|    iterations           | 89          |
|    time_elapsed         | 309         |
|    total_timesteps      | 364544      |
| train/                  |             |
|    approx_kl            | 0.001287518 |
|    clip_fraction        | 0.00952     |
|    clip_range           | 0.2         |
|    entropy_loss         | -0.115      |
|    explained_variance   | 0.891       |
|    learning_rate        | 0.0003      |
|    loss                 | 0.0123      |
|    n_updates            | 880         |
|    policy_gradient_loss | -0.000148   |
|    value_loss           | 0.0184      |
-----------------------------------------
  step  365000/500000 ( 73.0%)  mean_rew=-0.001
-------------------------------------------
| time/                   |               |
|    fps                  | 1180          |
|    iterations           | 90            |
|    time_elapsed         | 312           |
|    total_timesteps      | 368640        |
| train/                  |               |
|    approx_kl            | 0.00044640945 |
|    clip_fraction        | 0.0146        |
|    clip_range           | 0.2           |
|    entropy_loss         | -0.11         |
|    explained_variance   | 0.895         |
|    learning_rate        | 0.0003        |
|    loss                 | 0.00797       |
|    n_updates            | 890           |
|    policy_gradient_loss | -0.000129     |
|    value_loss           | 0.0169        |
-------------------------------------------
  step  370000/500000 ( 74.0%)  mean_rew=-0.006
-------------------------------------------
| time/                   |               |
|    fps                  | 1182          |
|    iterations           | 91            |
|    time_elapsed         | 315           |
|    total_timesteps      | 372736        |
| train/                  |               |
|    approx_kl            | 0.00060076674 |
|    clip_fraction        | 0.00874       |
|    clip_range           | 0.2           |
|    entropy_loss         | -0.102        |
|    explained_variance   | 0.899         |
|    learning_rate        | 0.0003        |
|    loss                 | 0.0131        |
|    n_updates            | 900           |
|    policy_gradient_loss | -0.000387     |
|    value_loss           | 0.0145        |
-------------------------------------------
  step  375000/500000 ( 75.0%)  mean_rew=-0.004
------------------------------------------
| time/                   |              |
|    fps                  | 1184         |
|    iterations           | 92           |
|    time_elapsed         | 318          |
|    total_timesteps      | 376832       |
| train/                  |              |
|    approx_kl            | 0.0014236377 |
|    clip_fraction        | 0.0124       |
|    clip_range           | 0.2          |
|    entropy_loss         | -0.1         |
|    explained_variance   | 0.934        |
|    learning_rate        | 0.0003       |
|    loss                 | 0.000716     |
|    n_updates            | 910          |
|    policy_gradient_loss | -0.000513    |
|    value_loss           | 0.0097       |
------------------------------------------
  step  380000/500000 ( 76.0%)  mean_rew=-0.001
------------------------------------------
| time/                   |              |
|    fps                  | 1187         |
|    iterations           | 93           |
|    time_elapsed         | 320          |
|    total_timesteps      | 380928       |
| train/                  |              |
|    approx_kl            | 0.0011692983 |
|    clip_fraction        | 0.00593      |
|    clip_range           | 0.2          |
|    entropy_loss         | -0.0963      |
|    explained_variance   | 0.9          |
|    learning_rate        | 0.0003       |
|    loss                 | 0.00574      |
|    n_updates            | 920          |
|    policy_gradient_loss | 2.28e-05     |
|    value_loss           | 0.0148       |
------------------------------------------
  step  385000/500000 ( 77.0%)  mean_rew=-0.014
------------------------------------------
| time/                   |              |
|    fps                  | 1189         |
|    iterations           | 94           |
|    time_elapsed         | 323          |
|    total_timesteps      | 385024       |
| train/                  |              |
|    approx_kl            | 0.0007070194 |
|    clip_fraction        | 0.00862      |
|    clip_range           | 0.2          |
|    entropy_loss         | -0.0988      |
|    explained_variance   | 0.905        |
|    learning_rate        | 0.0003       |
|    loss                 | 0.00489      |
|    n_updates            | 930          |
|    policy_gradient_loss | -7.08e-05    |
|    value_loss           | 0.0109       |
------------------------------------------
-------------------------------------------
| time/                   |               |
|    fps                  | 1190          |
|    iterations           | 95            |
|    time_elapsed         | 326           |
|    total_timesteps      | 389120        |
| train/                  |               |
|    approx_kl            | 0.00049863243 |
|    clip_fraction        | 0.00461       |
|    clip_range           | 0.2           |
|    entropy_loss         | -0.104        |
|    explained_variance   | 0.918         |
|    learning_rate        | 0.0003        |
|    loss                 | 0.00656       |
|    n_updates            | 940           |
|    policy_gradient_loss | -0.000181     |
|    value_loss           | 0.0108        |
-------------------------------------------
  step  390000/500000 ( 78.0%)  mean_rew=-0.006
------------------------------------------
| time/                   |              |
|    fps                  | 1192         |
|    iterations           | 96           |
|    time_elapsed         | 329          |
|    total_timesteps      | 393216       |
| train/                  |              |
|    approx_kl            | 0.0012013491 |
|    clip_fraction        | 0.0152       |
|    clip_range           | 0.2          |
|    entropy_loss         | -0.1         |
|    explained_variance   | 0.875        |
|    learning_rate        | 0.0003       |
|    loss                 | 0.00629      |
|    n_updates            | 950          |
|    policy_gradient_loss | -0.000657    |
|    value_loss           | 0.0181       |
------------------------------------------
  step  395000/500000 ( 79.0%)  mean_rew=-0.009
-----------------------------------------
| time/                   |             |
|    fps                  | 1194        |
|    iterations           | 97          |
|    time_elapsed         | 332         |
|    total_timesteps      | 397312      |
| train/                  |             |
|    approx_kl            | 0.001903078 |
|    clip_fraction        | 0.0294      |
|    clip_range           | 0.2         |
|    entropy_loss         | -0.1        |
|    explained_variance   | 0.9         |
|    learning_rate        | 0.0003      |
|    loss                 | 0.00836     |
|    n_updates            | 960         |
|    policy_gradient_loss | -0.000402   |
|    value_loss           | 0.0133      |
-----------------------------------------
  step  400000/500000 ( 80.0%)  mean_rew=+0.000
------------------------------------------
| time/                   |              |
|    fps                  | 1196         |
|    iterations           | 98           |
|    time_elapsed         | 335          |
|    total_timesteps      | 401408       |
| train/                  |              |
|    approx_kl            | 0.0015370415 |
|    clip_fraction        | 0.0288       |
|    clip_range           | 0.2          |
|    entropy_loss         | -0.0973      |
|    explained_variance   | 0.938        |
|    learning_rate        | 0.0003       |
|    loss                 | 0.00227      |
|    n_updates            | 970          |
|    policy_gradient_loss | -0.000463    |
|    value_loss           | 0.00802      |
------------------------------------------
  step  405000/500000 ( 81.0%)  mean_rew=-0.023
------------------------------------------
| time/                   |              |
|    fps                  | 1198         |
|    iterations           | 99           |
|    time_elapsed         | 338          |
|    total_timesteps      | 405504       |
| train/                  |              |
|    approx_kl            | 0.0004383964 |
|    clip_fraction        | 0.0202       |
|    clip_range           | 0.2          |
|    entropy_loss         | -0.0943      |
|    explained_variance   | 0.814        |
|    learning_rate        | 0.0003       |
|    loss                 | 0.0155       |
|    n_updates            | 980          |
|    policy_gradient_loss | -9.14e-05    |
|    value_loss           | 0.0315       |
------------------------------------------
------------------------------------------
| time/                   |              |
|    fps                  | 1200         |
|    iterations           | 100          |
|    time_elapsed         | 341          |
|    total_timesteps      | 409600       |
| train/                  |              |
|    approx_kl            | 0.0006682119 |
|    clip_fraction        | 0.0105       |
|    clip_range           | 0.2          |
|    entropy_loss         | -0.099       |
|    explained_variance   | 0.868        |
|    learning_rate        | 0.0003       |
|    loss                 | 0.0122       |
|    n_updates            | 990          |
|    policy_gradient_loss | -0.000137    |
|    value_loss           | 0.0207       |
------------------------------------------
  step  410000/500000 ( 82.0%)  mean_rew=-0.006
-------------------------------------------
| time/                   |               |
|    fps                  | 1202          |
|    iterations           | 101           |
|    time_elapsed         | 344           |
|    total_timesteps      | 413696        |
| train/                  |               |
|    approx_kl            | 0.00058990595 |
|    clip_fraction        | 0.0112        |
|    clip_range           | 0.2           |
|    entropy_loss         | -0.0923       |
|    explained_variance   | 0.909         |
|    learning_rate        | 0.0003        |
|    loss                 | 0.00671       |
|    n_updates            | 1000          |
|    policy_gradient_loss | -0.00027      |
|    value_loss           | 0.0113        |
-------------------------------------------
  step  415000/500000 ( 83.0%)  mean_rew=-0.005
-------------------------------------------
| time/                   |               |
|    fps                  | 1203          |
|    iterations           | 102           |
|    time_elapsed         | 347           |
|    total_timesteps      | 417792        |
| train/                  |               |
|    approx_kl            | 0.00091130275 |
|    clip_fraction        | 0.0254        |
|    clip_range           | 0.2           |
|    entropy_loss         | -0.0862       |
|    explained_variance   | 0.926         |
|    learning_rate        | 0.0003        |
|    loss                 | 0.0086        |
|    n_updates            | 1010          |
|    policy_gradient_loss | 1.44e-06      |
|    value_loss           | 0.0103        |
-------------------------------------------
  step  420000/500000 ( 84.0%)  mean_rew=-0.010
------------------------------------------
| time/                   |              |
|    fps                  | 1205         |
|    iterations           | 103          |
|    time_elapsed         | 349          |
|    total_timesteps      | 421888       |
| train/                  |              |
|    approx_kl            | 0.0018912393 |
|    clip_fraction        | 0.0185       |
|    clip_range           | 0.2          |
|    entropy_loss         | -0.0843      |
|    explained_variance   | 0.878        |
|    learning_rate        | 0.0003       |
|    loss                 | 0.00547      |
|    n_updates            | 1020         |
|    policy_gradient_loss | -0.000349    |
|    value_loss           | 0.0179       |
------------------------------------------
  step  425000/500000 ( 85.0%)  mean_rew=-0.005
-------------------------------------------
| time/                   |               |
|    fps                  | 1207          |
|    iterations           | 104           |
|    time_elapsed         | 352           |
|    total_timesteps      | 425984        |
| train/                  |               |
|    approx_kl            | 0.00090361346 |
|    clip_fraction        | 0.0137        |
|    clip_range           | 0.2           |
|    entropy_loss         | -0.0879       |
|    explained_variance   | 0.903         |
|    learning_rate        | 0.0003        |
|    loss                 | 0.00756       |
|    n_updates            | 1030          |
|    policy_gradient_loss | -0.000214     |
|    value_loss           | 0.0124        |
-------------------------------------------
  step  430000/500000 ( 86.0%)  mean_rew=-0.005
------------------------------------------
| time/                   |              |
|    fps                  | 1208         |
|    iterations           | 105          |
|    time_elapsed         | 355          |
|    total_timesteps      | 430080       |
| train/                  |              |
|    approx_kl            | 0.0012006515 |
|    clip_fraction        | 0.0245       |
|    clip_range           | 0.2          |
|    entropy_loss         | -0.081       |
|    explained_variance   | 0.933        |
|    learning_rate        | 0.0003       |
|    loss                 | 0.0023       |
|    n_updates            | 1040         |
|    policy_gradient_loss | -0.000175    |
|    value_loss           | 0.00876      |
------------------------------------------
----------------------------------------
| time/                   |            |
|    fps                  | 1210       |
|    iterations           | 106        |
|    time_elapsed         | 358        |
|    total_timesteps      | 434176     |
| train/                  |            |
|    approx_kl            | 0.00891898 |
|    clip_fraction        | 0.0328     |
|    clip_range           | 0.2        |
|    entropy_loss         | -0.0613    |
|    explained_variance   | 0.862      |
|    learning_rate        | 0.0003     |
|    loss                 | 0.0117     |
|    n_updates            | 1050       |
|    policy_gradient_loss | -0.000525  |
|    value_loss           | 0.0203     |
----------------------------------------
  step  435000/500000 ( 87.0%)  mean_rew=-0.004
-------------------------------------------
| time/                   |               |
|    fps                  | 1212          |
|    iterations           | 107           |
|    time_elapsed         | 361           |
|    total_timesteps      | 438272        |
| train/                  |               |
|    approx_kl            | 0.00053573376 |
|    clip_fraction        | 0.00466       |
|    clip_range           | 0.2           |
|    entropy_loss         | -0.0661       |
|    explained_variance   | 0.878         |
|    learning_rate        | 0.0003        |
|    loss                 | 0.0111        |
|    n_updates            | 1060          |
|    policy_gradient_loss | -6.86e-05     |
|    value_loss           | 0.0178        |
-------------------------------------------
  step  440000/500000 ( 88.0%)  mean_rew=-0.007
-------------------------------------------
| time/                   |               |
|    fps                  | 1213          |
|    iterations           | 108           |
|    time_elapsed         | 364           |
|    total_timesteps      | 442368        |
| train/                  |               |
|    approx_kl            | 0.00016209883 |
|    clip_fraction        | 0.00481       |
|    clip_range           | 0.2           |
|    entropy_loss         | -0.0568       |
|    explained_variance   | 0.89          |
|    learning_rate        | 0.0003        |
|    loss                 | 0.00765       |
|    n_updates            | 1070          |
|    policy_gradient_loss | -2.27e-05     |
|    value_loss           | 0.0139        |
-------------------------------------------
  step  445000/500000 ( 89.0%)  mean_rew=-0.002
------------------------------------------
| time/                   |              |
|    fps                  | 1214         |
|    iterations           | 109          |
|    time_elapsed         | 367          |
|    total_timesteps      | 446464       |
| train/                  |              |
|    approx_kl            | 0.0044251024 |
|    clip_fraction        | 0.00859      |
|    clip_range           | 0.2          |
|    entropy_loss         | -0.0433      |
|    explained_variance   | 0.863        |
|    learning_rate        | 0.0003       |
|    loss                 | 0.0044       |
|    n_updates            | 1080         |
|    policy_gradient_loss | -0.000247    |
|    value_loss           | 0.0211       |
------------------------------------------
  step  450000/500000 ( 90.0%)  mean_rew=-0.004
-------------------------------------------
| time/                   |               |
|    fps                  | 1216          |
|    iterations           | 110           |
|    time_elapsed         | 370           |
|    total_timesteps      | 450560        |
| train/                  |               |
|    approx_kl            | 0.00013547254 |
|    clip_fraction        | 0.00171       |
|    clip_range           | 0.2           |
|    entropy_loss         | -0.0369       |
|    explained_variance   | 0.874         |
|    learning_rate        | 0.0003        |
|    loss                 | 0.0073        |
|    n_updates            | 1090          |
|    policy_gradient_loss | -0.000131     |
|    value_loss           | 0.0191        |
-------------------------------------------
-------------------------------------------
| time/                   |               |
|    fps                  | 1218          |
|    iterations           | 111           |
|    time_elapsed         | 373           |
|    total_timesteps      | 454656        |
| train/                  |               |
|    approx_kl            | 0.00021892307 |
|    clip_fraction        | 0.00449       |
|    clip_range           | 0.2           |
|    entropy_loss         | -0.0349       |
|    explained_variance   | 0.896         |
|    learning_rate        | 0.0003        |
|    loss                 | 0.0108        |
|    n_updates            | 1100          |
|    policy_gradient_loss | -0.000256     |
|    value_loss           | 0.0132        |
-------------------------------------------
  step  455000/500000 ( 91.0%)  mean_rew=+0.000
------------------------------------------
| time/                   |              |
|    fps                  | 1219         |
|    iterations           | 112          |
|    time_elapsed         | 376          |
|    total_timesteps      | 458752       |
| train/                  |              |
|    approx_kl            | 9.371803e-05 |
|    clip_fraction        | 0.00229      |
|    clip_range           | 0.2          |
|    entropy_loss         | -0.0319      |
|    explained_variance   | 0.928        |
|    learning_rate        | 0.0003       |
|    loss                 | 0.00231      |
|    n_updates            | 1110         |
|    policy_gradient_loss | -8.34e-05    |
|    value_loss           | 0.0102       |
------------------------------------------
  step  460000/500000 ( 92.0%)  mean_rew=-0.006
------------------------------------------
| time/                   |              |
|    fps                  | 1220         |
|    iterations           | 113          |
|    time_elapsed         | 379          |
|    total_timesteps      | 462848       |
| train/                  |              |
|    approx_kl            | 9.254692e-05 |
|    clip_fraction        | 0.00286      |
|    clip_range           | 0.2          |
|    entropy_loss         | -0.0324      |
|    explained_variance   | 0.868        |
|    learning_rate        | 0.0003       |
|    loss                 | 0.00628      |
|    n_updates            | 1120         |
|    policy_gradient_loss | 0.000138     |
|    value_loss           | 0.0208       |
------------------------------------------
  step  465000/500000 ( 93.0%)  mean_rew=-0.002
-------------------------------------------
| time/                   |               |
|    fps                  | 1222          |
|    iterations           | 114           |
|    time_elapsed         | 381           |
|    total_timesteps      | 466944        |
| train/                  |               |
|    approx_kl            | 0.00012267822 |
|    clip_fraction        | 0.00151       |
|    clip_range           | 0.2           |
|    entropy_loss         | -0.0272       |
|    explained_variance   | 0.888         |
|    learning_rate        | 0.0003        |
|    loss                 | 0.00951       |
|    n_updates            | 1130          |
|    policy_gradient_loss | -6.09e-05     |
|    value_loss           | 0.017         |
-------------------------------------------
  step  470000/500000 ( 94.0%)  mean_rew=-0.014
-------------------------------------------
| time/                   |               |
|    fps                  | 1223          |
|    iterations           | 115           |
|    time_elapsed         | 384           |
|    total_timesteps      | 471040        |
| train/                  |               |
|    approx_kl            | 0.00031424337 |
|    clip_fraction        | 0.00403       |
|    clip_range           | 0.2           |
|    entropy_loss         | -0.0286       |
|    explained_variance   | 0.878         |
|    learning_rate        | 0.0003        |
|    loss                 | 0.00926       |
|    n_updates            | 1140          |
|    policy_gradient_loss | -4.65e-05     |
|    value_loss           | 0.0165        |
-------------------------------------------
  step  475000/500000 ( 95.0%)  mean_rew=+0.000
------------------------------------------
| time/                   |              |
|    fps                  | 1225         |
|    iterations           | 116          |
|    time_elapsed         | 387          |
|    total_timesteps      | 475136       |
| train/                  |              |
|    approx_kl            | 0.0018536252 |
|    clip_fraction        | 0.00757      |
|    clip_range           | 0.2          |
|    entropy_loss         | -0.0397      |
|    explained_variance   | 0.919        |
|    learning_rate        | 0.0003       |
|    loss                 | 0.000484     |
|    n_updates            | 1150         |
|    policy_gradient_loss | -0.000461    |
|    value_loss           | 0.0117       |
------------------------------------------
------------------------------------------
| time/                   |              |
|    fps                  | 1226         |
|    iterations           | 117          |
|    time_elapsed         | 390          |
|    total_timesteps      | 479232       |
| train/                  |              |
|    approx_kl            | 0.0018468619 |
|    clip_fraction        | 0.0155       |
|    clip_range           | 0.2          |
|    entropy_loss         | -0.058       |
|    explained_variance   | 0.766        |
|    learning_rate        | 0.0003       |
|    loss                 | 0.0141       |
|    n_updates            | 1160         |
|    policy_gradient_loss | -0.000453    |
|    value_loss           | 0.0452       |
------------------------------------------
  step  480000/500000 ( 96.0%)  mean_rew=-0.009
-------------------------------------------
| time/                   |               |
|    fps                  | 1228          |
|    iterations           | 118           |
|    time_elapsed         | 393           |
|    total_timesteps      | 483328        |
| train/                  |               |
|    approx_kl            | 0.00039880292 |
|    clip_fraction        | 0.00642       |
|    clip_range           | 0.2           |
|    entropy_loss         | -0.0515       |
|    explained_variance   | 0.907         |
|    learning_rate        | 0.0003        |
|    loss                 | 0.00684       |
|    n_updates            | 1170          |
|    policy_gradient_loss | 0.000275      |
|    value_loss           | 0.0115        |
-------------------------------------------
  step  485000/500000 ( 97.0%)  mean_rew=-0.006
------------------------------------------
| time/                   |              |
|    fps                  | 1229         |
|    iterations           | 119          |
|    time_elapsed         | 396          |
|    total_timesteps      | 487424       |
| train/                  |              |
|    approx_kl            | 0.0012728083 |
|    clip_fraction        | 0.00657      |
|    clip_range           | 0.2          |
|    entropy_loss         | -0.0433      |
|    explained_variance   | 0.931        |
|    learning_rate        | 0.0003       |
|    loss                 | 0.0049       |
|    n_updates            | 1180         |
|    policy_gradient_loss | -0.000174    |
|    value_loss           | 0.00999      |
------------------------------------------
  step  490000/500000 ( 98.0%)  mean_rew=+0.000
------------------------------------------
| time/                   |              |
|    fps                  | 1230         |
|    iterations           | 120          |
|    time_elapsed         | 399          |
|    total_timesteps      | 491520       |
| train/                  |              |
|    approx_kl            | 0.0010223634 |
|    clip_fraction        | 0.00571      |
|    clip_range           | 0.2          |
|    entropy_loss         | -0.0325      |
|    explained_variance   | 0.773        |
|    learning_rate        | 0.0003       |
|    loss                 | 0.0213       |
|    n_updates            | 1190         |
|    policy_gradient_loss | -0.000157    |
|    value_loss           | 0.0426       |
------------------------------------------
  step  495000/500000 ( 99.0%)  mean_rew=+0.000
-------------------------------------------
| time/                   |               |
|    fps                  | 1231          |
|    iterations           | 121           |
|    time_elapsed         | 402           |
|    total_timesteps      | 495616        |
| train/                  |               |
|    approx_kl            | 0.00017661466 |
|    clip_fraction        | 0.0032        |
|    clip_range           | 0.2           |
|    entropy_loss         | -0.0321       |
|    explained_variance   | 0.896         |
|    learning_rate        | 0.0003        |
|    loss                 | 0.00705       |
|    n_updates            | 1200          |
|    policy_gradient_loss | -5.25e-05     |
|    value_loss           | 0.0164        |
-------------------------------------------
------------------------------------------
| time/                   |              |
|    fps                  | 1232         |
|    iterations           | 122          |
|    time_elapsed         | 405          |
|    total_timesteps      | 499712       |
| train/                  |              |
|    approx_kl            | 0.0002673515 |
|    clip_fraction        | 0.00278      |
|    clip_range           | 0.2          |
|    entropy_loss         | -0.0327      |
|    explained_variance   | 0.905        |
|    learning_rate        | 0.0003       |
|    loss                 | 0.00481      |
|    n_updates            | 1210         |
|    policy_gradient_loss | 0.000155     |
|    value_loss           | 0.0131       |
------------------------------------------
  step  500000/500000 (100.0%)  mean_rew=+0.000
-------------------------------------------
| time/                   |               |
|    fps                  | 1233          |
|    iterations           | 123           |
|    time_elapsed         | 408           |
|    total_timesteps      | 503808        |
| train/                  |               |
|    approx_kl            | 0.00047472853 |
|    clip_fraction        | 0.0032        |
|    clip_range           | 0.2           |
|    entropy_loss         | -0.0355       |
|    explained_variance   | 0.921         |
|    learning_rate        | 0.0003        |
|    loss                 | 0.00378       |
|    n_updates            | 1220          |
|    policy_gradient_loss | 3.28e-05      |
|    value_loss           | 0.012         |
-------------------------------------------
[cologne8-PPO] Done. Saved -> /workspace/rl-traffic/exp_cologne8_real/ppo_wait-clip_s999
